/root/miniconda3/envs/reason/lib/python3.10/site-packages/transformers/utils/hub.py:111: FutureWarning: Using `TRANSFORMERS_CACHE` is deprecated and will be removed in v5 of Transformers. Use `HF_HOME` instead.
  warnings.warn(
[15:14:15] Using device: cuda, seed: 55
[15:14:15] Parsing model identifier. Schema: None, Identifier: convnext_large_d_320
[15:14:15] Loaded built-in convnext_large_d_320 model config.
[15:14:16] Instantiating model architecture: CLIP
[15:14:19] Loading full pretrained weights from: /root/autodl-tmp/hf_cache/models--laion--CLIP-convnext_large_d_320.laion2B-s29B-b131K-ft/snapshots/3e5f19be095f2e5426dd88a74ec8b6e21e32883f/open_clip_pytorch_model.bin
[15:14:20] Final image preprocessing configuration set: {'size': (320, 320), 'mode': 'RGB', 'mean': (0.48145466, 0.4578275, 0.40821073), 'std': (0.26862954, 0.26130258, 0.27577711), 'interpolation': 'bicubic', 'resize_mode': 'shortest', 'fill_color': 0}
[15:14:20] Model convnext_large_d_320 creation process complete.
[15:14:20] Detected ConvNeXt with 39 layers.
[15:14:20] Model convnext_large_d_320 loaded (39 layers detected).
[15:14:20] Using ConvNeXt forward_func for convnext_large_d_320
[15:14:22] [FER2013] Column 'Usage' not found, using all rows.
[15:14:22] [FER2013] Loaded 28709 images from /root/autodl-tmp/modelselection/datasets/datasets/fer2013/train.csv
[15:14:22] [OxfordFlowers] Loaded split='test' with 6149 images from /root/autodl-tmp/modelselection/datasets/datasets/oxford_flowers
[15:14:22] [OxfordPet] Loaded split='test' with 3669 samples from /root/autodl-tmp/modelselection/datasets/datasets/oxford-pet/annotations/test.txt
[15:14:22] [RenderedSST2] Loaded 1821 images from /root/autodl-tmp/modelselection/datasets/datasets/renderedsst2/rendered-sst2/test
[15:14:22] [STL10] Loaded split='test' with 8000 images from /root/autodl-tmp/modelselection/datasets/datasets/stl10/stl10_binary/test_X.bin
[15:14:22] [SUN397] Loaded split='test' with 19850 images
[15:14:22] [SVHN] Loaded 26032 images from /root/autodl-tmp/modelselection/datasets/datasets/svhn/test.txt
[15:14:23] [VOC] Loaded 9963 images from annotations
[15:14:23] === Reaching milestone N=1 ===
[15:14:23] 
🔍 Processing task: car (delta=1)
[15:14:23] [Cars] Loaded 1 samples, tensor torch.Size([1, 3, 320, 320])
/root/autodl-tmp/modelselection/frame_v2/framework/conductance.py:20: FutureWarning: `torch.cuda.amp.autocast(args...)` is deprecated. Please use `torch.amp.autocast('cuda', args...)` instead.
  with torch.cuda.amp.autocast(enabled=use_amp):
[15:14:28] Layer stage0_block0: mean=0.000000444
[15:14:29] Layer stage0_block1: mean=0.000000370
[15:14:30] Layer stage0_block2: mean=0.000000506
[15:14:30] Layer stage1_downsample: mean=0.000000641
[15:14:31] Layer stage1_block0: mean=0.000000728
[15:14:32] Layer stage1_block1: mean=0.000000913
[15:14:32] Layer stage1_block2: mean=0.000000634
[15:14:33] Layer stage2_downsample: mean=0.000001430
[15:14:34] Layer stage2_block0: mean=0.000001778
[15:14:34] Layer stage2_block1: mean=0.000001631
[15:14:35] Layer stage2_block2: mean=0.000001361
[15:14:35] Layer stage2_block3: mean=0.000001750
[15:14:36] Layer stage2_block4: mean=0.000001680
[15:14:36] Layer stage2_block5: mean=0.000001602
[15:14:37] Layer stage2_block6: mean=0.000001754
[15:14:38] Layer stage2_block7: mean=0.000001731
[15:14:38] Layer stage2_block8: mean=0.000001521
[15:14:39] Layer stage2_block9: mean=0.000001750
[15:14:40] Layer stage2_block10: mean=0.000001798
[15:14:40] Layer stage2_block11: mean=0.000001608
[15:14:41] Layer stage2_block12: mean=0.000001838
[15:14:41] Layer stage2_block13: mean=0.000001852
[15:14:42] Layer stage2_block14: mean=0.000001649
[15:14:42] Layer stage2_block15: mean=0.000001763
[15:14:43] Layer stage2_block16: mean=0.000001637
[15:14:43] Layer stage2_block17: mean=0.000001787
[15:14:44] Layer stage2_block18: mean=0.000001880
[15:14:44] Layer stage2_block19: mean=0.000001877
[15:14:45] Layer stage2_block20: mean=0.000001986
[15:14:45] Layer stage2_block21: mean=0.000002109
[15:14:46] Layer stage2_block22: mean=0.000001889
[15:14:46] Layer stage2_block23: mean=0.000001845
[15:14:47] Layer stage2_block24: mean=0.000002205
[15:14:47] Layer stage2_block25: mean=0.000002318
[15:14:48] Layer stage2_block26: mean=0.000002358
[15:14:48] Layer stage3_downsample: mean=0.000003255
[15:14:48] Layer stage3_block0: mean=0.000003329
[15:14:49] Layer stage3_block1: mean=0.000004930
[15:14:49] Layer stage3_block2: mean=0.000002686
[15:14:49] ✅ car updated (N=1).
[15:14:49] 
🔍 Processing task: cifar (delta=1)
[15:14:49] [CIFAR] Loaded 1 samples, tensor torch.Size([1, 3, 320, 320])
[15:14:49] Layer stage0_block0: mean=0.000000449
[15:14:50] Layer stage0_block1: mean=0.000000280
[15:14:51] Layer stage0_block2: mean=0.000000251
[15:14:51] Layer stage1_downsample: mean=0.000000480
[15:14:52] Layer stage1_block0: mean=0.000000805
[15:14:52] Layer stage1_block1: mean=0.000000611
[15:14:53] Layer stage1_block2: mean=0.000001272
[15:14:53] Layer stage2_downsample: mean=0.000002334
[15:14:54] Layer stage2_block0: mean=0.000001189
[15:14:54] Layer stage2_block1: mean=0.000001939
[15:14:55] Layer stage2_block2: mean=0.000003249
[15:14:55] Layer stage2_block3: mean=0.000003276
[15:14:56] Layer stage2_block4: mean=0.000002465
[15:14:56] Layer stage2_block5: mean=0.000002555
[15:14:57] Layer stage2_block6: mean=0.000002450
[15:14:57] Layer stage2_block7: mean=0.000002255
[15:14:58] Layer stage2_block8: mean=0.000002553
[15:14:58] Layer stage2_block9: mean=0.000002123
[15:14:59] Layer stage2_block10: mean=0.000002223
[15:14:59] Layer stage2_block11: mean=0.000002624
[15:15:00] Layer stage2_block12: mean=0.000002300
[15:15:00] Layer stage2_block13: mean=0.000002755
[15:15:01] Layer stage2_block14: mean=0.000002288
[15:15:01] Layer stage2_block15: mean=0.000002325
[15:15:01] Layer stage2_block16: mean=0.000002502
[15:15:02] Layer stage2_block17: mean=0.000002401
[15:15:02] Layer stage2_block18: mean=0.000002571
[15:15:03] Layer stage2_block19: mean=0.000002510
[15:15:03] Layer stage2_block20: mean=0.000002162
[15:15:03] Layer stage2_block21: mean=0.000002517
[15:15:04] Layer stage2_block22: mean=0.000002601
[15:15:04] Layer stage2_block23: mean=0.000002062
[15:15:04] Layer stage2_block24: mean=0.000002364
[15:15:05] Layer stage2_block25: mean=0.000002065
[15:15:05] Layer stage2_block26: mean=0.000001916
[15:15:05] Layer stage3_downsample: mean=0.000003229
[15:15:06] Layer stage3_block0: mean=0.000003389
[15:15:06] Layer stage3_block1: mean=0.000004483
[15:15:06] Layer stage3_block2: mean=0.000002158
[15:15:06] ✅ cifar updated (N=1).
[15:15:06] 
🔍 Processing task: clevr (delta=1)
[15:15:06] [CLEVR] 15000 samples from /root/autodl-tmp/modelselection/datasets/datasets/clevr_count/test
[15:15:06] [CLEVR] Loaded 1 samples, tensor torch.Size([1, 3, 320, 320])
[15:15:07] Layer stage0_block0: mean=0.000000160
[15:15:07] Layer stage0_block1: mean=0.000000139
[15:15:07] Layer stage0_block2: mean=0.000000229
[15:15:08] Layer stage1_downsample: mean=0.000000247
[15:15:08] Layer stage1_block0: mean=0.000000727
[15:15:08] Layer stage1_block1: mean=0.000000417
[15:15:09] Layer stage1_block2: mean=0.000000443
[15:15:09] Layer stage2_downsample: mean=0.000000769
[15:15:09] Layer stage2_block0: mean=0.000000831
[15:15:10] Layer stage2_block1: mean=0.000000829
[15:15:10] Layer stage2_block2: mean=0.000000932
[15:15:10] Layer stage2_block3: mean=0.000000826
[15:15:11] Layer stage2_block4: mean=0.000000889
[15:15:11] Layer stage2_block5: mean=0.000000834
[15:15:11] Layer stage2_block6: mean=0.000000888
[15:15:12] Layer stage2_block7: mean=0.000000987
[15:15:12] Layer stage2_block8: mean=0.000001044
[15:15:12] Layer stage2_block9: mean=0.000000915
[15:15:13] Layer stage2_block10: mean=0.000001011
[15:15:13] Layer stage2_block11: mean=0.000001031
[15:15:13] Layer stage2_block12: mean=0.000001077
[15:15:13] Layer stage2_block13: mean=0.000001245
[15:15:14] Layer stage2_block14: mean=0.000001217
[15:15:14] Layer stage2_block15: mean=0.000001040
[15:15:14] Layer stage2_block16: mean=0.000001175
[15:15:15] Layer stage2_block17: mean=0.000001211
[15:15:15] Layer stage2_block18: mean=0.000001131
[15:15:15] Layer stage2_block19: mean=0.000001017
[15:15:15] Layer stage2_block20: mean=0.000001116
[15:15:16] Layer stage2_block21: mean=0.000001085
[15:15:16] Layer stage2_block22: mean=0.000001062
[15:15:16] Layer stage2_block23: mean=0.000000935
[15:15:16] Layer stage2_block24: mean=0.000001034
[15:15:17] Layer stage2_block25: mean=0.000001086
[15:15:17] Layer stage2_block26: mean=0.000001119
[15:15:17] Layer stage3_downsample: mean=0.000002034
[15:15:17] Layer stage3_block0: mean=0.000002294
[15:15:18] Layer stage3_block1: mean=0.000002553
[15:15:18] Layer stage3_block2: mean=0.000002178
[15:15:18] ✅ clevr updated (N=1).
[15:15:18] 
🔍 Processing task: country (delta=1)
[15:15:18] [Country211] Loaded 1 samples, tensor torch.Size([1, 3, 320, 320])
[15:15:18] Layer stage0_block0: mean=0.000000514
[15:15:19] Layer stage0_block1: mean=0.000000353
[15:15:19] Layer stage0_block2: mean=0.000000316
[15:15:19] Layer stage1_downsample: mean=0.000000583
[15:15:20] Layer stage1_block0: mean=0.000000709
[15:15:20] Layer stage1_block1: mean=0.000000699
[15:15:21] Layer stage1_block2: mean=0.000000663
[15:15:21] Layer stage2_downsample: mean=0.000001762
[15:15:21] Layer stage2_block0: mean=0.000001340
[15:15:22] Layer stage2_block1: mean=0.000001778
[15:15:22] Layer stage2_block2: mean=0.000001819
[15:15:22] Layer stage2_block3: mean=0.000001349
[15:15:22] Layer stage2_block4: mean=0.000001569
[15:15:23] Layer stage2_block5: mean=0.000001740
[15:15:23] Layer stage2_block6: mean=0.000001637
[15:15:23] Layer stage2_block7: mean=0.000001384
[15:15:24] Layer stage2_block8: mean=0.000001316
[15:15:24] Layer stage2_block9: mean=0.000001547
[15:15:24] Layer stage2_block10: mean=0.000001346
[15:15:25] Layer stage2_block11: mean=0.000001577
[15:15:25] Layer stage2_block12: mean=0.000001482
[15:15:25] Layer stage2_block13: mean=0.000001743
[15:15:26] Layer stage2_block14: mean=0.000001664
[15:15:26] Layer stage2_block15: mean=0.000001469
[15:15:26] Layer stage2_block16: mean=0.000001563
[15:15:27] Layer stage2_block17: mean=0.000001579
[15:15:27] Layer stage2_block18: mean=0.000001552
[15:15:27] Layer stage2_block19: mean=0.000001767
[15:15:27] Layer stage2_block20: mean=0.000001565
[15:15:28] Layer stage2_block21: mean=0.000001542
[15:15:28] Layer stage2_block22: mean=0.000001686
[15:15:28] Layer stage2_block23: mean=0.000001884
[15:15:29] Layer stage2_block24: mean=0.000001547
[15:15:29] Layer stage2_block25: mean=0.000001600
[15:15:29] Layer stage2_block26: mean=0.000001621
[15:15:29] Layer stage3_downsample: mean=0.000002558
[15:15:30] Layer stage3_block0: mean=0.000004201
[15:15:30] Layer stage3_block1: mean=0.000002944
[15:15:30] Layer stage3_block2: mean=0.000002037
[15:15:30] ✅ country updated (N=1).
[15:15:30] 
🔍 Processing task: dmlab (delta=1)
[15:15:31] [DMLab] Loaded 1 samples (skipped 0), tensor torch.Size([1, 3, 320, 320])
[15:15:31] Layer stage0_block0: mean=0.000000348
[15:15:31] Layer stage0_block1: mean=0.000000220
[15:15:32] Layer stage0_block2: mean=0.000000204
[15:15:32] Layer stage1_downsample: mean=0.000000351
[15:15:32] Layer stage1_block0: mean=0.000000586
[15:15:33] Layer stage1_block1: mean=0.000000596
[15:15:33] Layer stage1_block2: mean=0.000000421
[15:15:33] Layer stage2_downsample: mean=0.000001033
[15:15:34] Layer stage2_block0: mean=0.000001231
[15:15:34] Layer stage2_block1: mean=0.000001155
[15:15:34] Layer stage2_block2: mean=0.000001107
[15:15:35] Layer stage2_block3: mean=0.000000888
[15:15:35] Layer stage2_block4: mean=0.000001257
[15:15:35] Layer stage2_block5: mean=0.000001368
[15:15:36] Layer stage2_block6: mean=0.000001117
[15:15:36] Layer stage2_block7: mean=0.000001221
[15:15:36] Layer stage2_block8: mean=0.000001698
[15:15:37] Layer stage2_block9: mean=0.000001521
[15:15:37] Layer stage2_block10: mean=0.000001200
[15:15:37] Layer stage2_block11: mean=0.000001172
[15:15:37] Layer stage2_block12: mean=0.000001252
[15:15:38] Layer stage2_block13: mean=0.000001392
[15:15:38] Layer stage2_block14: mean=0.000001508
[15:15:38] Layer stage2_block15: mean=0.000001618
[15:15:39] Layer stage2_block16: mean=0.000001673
[15:15:39] Layer stage2_block17: mean=0.000001461
[15:15:39] Layer stage2_block18: mean=0.000001279
[15:15:40] Layer stage2_block19: mean=0.000001313
[15:15:40] Layer stage2_block20: mean=0.000001479
[15:15:40] Layer stage2_block21: mean=0.000001654
[15:15:40] Layer stage2_block22: mean=0.000001309
[15:15:41] Layer stage2_block23: mean=0.000001316
[15:15:41] Layer stage2_block24: mean=0.000001596
[15:15:41] Layer stage2_block25: mean=0.000001435
[15:15:41] Layer stage2_block26: mean=0.000001449
[15:15:42] Layer stage3_downsample: mean=0.000002192
[15:15:42] Layer stage3_block0: mean=0.000002778
[15:15:42] Layer stage3_block1: mean=0.000002446
[15:15:42] Layer stage3_block2: mean=0.000001825
[15:15:42] ✅ dmlab updated (N=1).
[15:15:42] 
🔍 Processing task: dr (delta=1)
[15:15:42] [DR] Loaded 42670 paths from /root/autodl-tmp/modelselection/datasets/datasets/diabetic_retinopathy/test.txt
[15:15:42] [DR] Loaded 1 samples (skipped 0), tensor torch.Size([1, 3, 320, 320])
[15:15:43] Layer stage0_block0: mean=0.000000258
[15:15:43] Layer stage0_block1: mean=0.000000241
[15:15:44] Layer stage0_block2: mean=0.000000224
[15:15:44] Layer stage1_downsample: mean=0.000000552
[15:15:44] Layer stage1_block0: mean=0.000000479
[15:15:45] Layer stage1_block1: mean=0.000000426
[15:15:45] Layer stage1_block2: mean=0.000000450
[15:15:45] Layer stage2_downsample: mean=0.000000986
[15:15:46] Layer stage2_block0: mean=0.000000932
[15:15:46] Layer stage2_block1: mean=0.000001185
[15:15:46] Layer stage2_block2: mean=0.000000801
[15:15:47] Layer stage2_block3: mean=0.000001061
[15:15:47] Layer stage2_block4: mean=0.000001211
[15:15:47] Layer stage2_block5: mean=0.000000985
[15:15:48] Layer stage2_block6: mean=0.000001247
[15:15:48] Layer stage2_block7: mean=0.000001037
[15:15:48] Layer stage2_block8: mean=0.000001051
[15:15:48] Layer stage2_block9: mean=0.000001167
[15:15:49] Layer stage2_block10: mean=0.000001219
[15:15:49] Layer stage2_block11: mean=0.000001185
[15:15:49] Layer stage2_block12: mean=0.000000962
[15:15:50] Layer stage2_block13: mean=0.000000966
[15:15:50] Layer stage2_block14: mean=0.000001047
[15:15:50] Layer stage2_block15: mean=0.000001250
[15:15:50] Layer stage2_block16: mean=0.000001032
[15:15:51] Layer stage2_block17: mean=0.000001212
[15:15:51] Layer stage2_block18: mean=0.000001282
[15:15:51] Layer stage2_block19: mean=0.000001094
[15:15:51] Layer stage2_block20: mean=0.000001067
[15:15:52] Layer stage2_block21: mean=0.000001142
[15:15:52] Layer stage2_block22: mean=0.000001192
[15:15:52] Layer stage2_block23: mean=0.000001162
[15:15:53] Layer stage2_block24: mean=0.000001078
[15:15:53] Layer stage2_block25: mean=0.000001207
[15:15:53] Layer stage2_block26: mean=0.000001203
[15:15:53] Layer stage3_downsample: mean=0.000001933
[15:15:54] Layer stage3_block0: mean=0.000002119
[15:15:54] Layer stage3_block1: mean=0.000002100
[15:15:54] Layer stage3_block2: mean=0.000002472
[15:15:54] ✅ dr updated (N=1).
[15:15:54] 
🔍 Processing task: dtd (delta=1)
[15:15:54] [DTD] Collected 5640 image paths from /root/autodl-tmp/modelselection/datasets/datasets/dtd/labels
[15:15:54] [DTD] Loaded 1 samples (skipped 0), tensor torch.Size([1, 3, 320, 320])
[15:15:55] Layer stage0_block0: mean=0.000000305
[15:15:55] Layer stage0_block1: mean=0.000000212
[15:15:55] Layer stage0_block2: mean=0.000000172
[15:15:56] Layer stage1_downsample: mean=0.000000287
[15:15:56] Layer stage1_block0: mean=0.000000368
[15:15:56] Layer stage1_block1: mean=0.000000716
[15:15:57] Layer stage1_block2: mean=0.000000498
[15:15:57] Layer stage2_downsample: mean=0.000000681
[15:15:57] Layer stage2_block0: mean=0.000000606
[15:15:58] Layer stage2_block1: mean=0.000000552
[15:15:58] Layer stage2_block2: mean=0.000000493
[15:15:58] Layer stage2_block3: mean=0.000000656
[15:15:59] Layer stage2_block4: mean=0.000000560
[15:15:59] Layer stage2_block5: mean=0.000000671
[15:15:59] Layer stage2_block6: mean=0.000000697
[15:16:00] Layer stage2_block7: mean=0.000000880
[15:16:00] Layer stage2_block8: mean=0.000000718
[15:16:00] Layer stage2_block9: mean=0.000000546
[15:16:01] Layer stage2_block10: mean=0.000000580
[15:16:01] Layer stage2_block11: mean=0.000000631
[15:16:01] Layer stage2_block12: mean=0.000000621
[15:16:01] Layer stage2_block13: mean=0.000000680
[15:16:02] Layer stage2_block14: mean=0.000000700
[15:16:02] Layer stage2_block15: mean=0.000000646
[15:16:02] Layer stage2_block16: mean=0.000000736
[15:16:02] Layer stage2_block17: mean=0.000000936
[15:16:03] Layer stage2_block18: mean=0.000000636
[15:16:03] Layer stage2_block19: mean=0.000000616
[15:16:03] Layer stage2_block20: mean=0.000000786
[15:16:04] Layer stage2_block21: mean=0.000000646
[15:16:04] Layer stage2_block22: mean=0.000000712
[15:16:04] Layer stage2_block23: mean=0.000000774
[15:16:04] Layer stage2_block24: mean=0.000000690
[15:16:05] Layer stage2_block25: mean=0.000000695
[15:16:05] Layer stage2_block26: mean=0.000000642
[15:16:05] Layer stage3_downsample: mean=0.000001100
[15:16:05] Layer stage3_block0: mean=0.000001749
[15:16:06] Layer stage3_block1: mean=0.000001685
[15:16:06] Layer stage3_block2: mean=0.000001200
[15:16:06] ✅ dtd updated (N=1).
[15:16:06] 
🔍 Processing task: eurosat (delta=1)
[15:16:06] [EuroSAT] Collected 27000 images from 10 classes under /root/autodl-tmp/modelselection/datasets/datasets/eurosat/2750
[15:16:06] [EuroSAT] Loaded 1 samples (skipped 0), tensor torch.Size([1, 3, 320, 320])
[15:16:07] Layer stage0_block0: mean=0.000000263
[15:16:07] Layer stage0_block1: mean=0.000000193
[15:16:07] Layer stage0_block2: mean=0.000000170
[15:16:07] Layer stage1_downsample: mean=0.000000306
[15:16:08] Layer stage1_block0: mean=0.000000886
[15:16:08] Layer stage1_block1: mean=0.000001297
[15:16:09] Layer stage1_block2: mean=0.000001213
[15:16:09] Layer stage2_downsample: mean=0.000000773
[15:16:09] Layer stage2_block0: mean=0.000001258
[15:16:10] Layer stage2_block1: mean=0.000001230
[15:16:10] Layer stage2_block2: mean=0.000001635
[15:16:11] Layer stage2_block3: mean=0.000001546
[15:16:11] Layer stage2_block4: mean=0.000001500
[15:16:11] Layer stage2_block5: mean=0.000001415
[15:16:11] Layer stage2_block6: mean=0.000001766
[15:16:12] Layer stage2_block7: mean=0.000001640
[15:16:12] Layer stage2_block8: mean=0.000001400
[15:16:12] Layer stage2_block9: mean=0.000001671
[15:16:13] Layer stage2_block10: mean=0.000001405
[15:16:13] Layer stage2_block11: mean=0.000001218
[15:16:13] Layer stage2_block12: mean=0.000001571
[15:16:14] Layer stage2_block13: mean=0.000001663
[15:16:14] Layer stage2_block14: mean=0.000001668
[15:16:14] Layer stage2_block15: mean=0.000001516
[15:16:14] Layer stage2_block16: mean=0.000001313
[15:16:15] Layer stage2_block17: mean=0.000001569
[15:16:15] Layer stage2_block18: mean=0.000001564
[15:16:15] Layer stage2_block19: mean=0.000001457
[15:16:16] Layer stage2_block20: mean=0.000001300
[15:16:16] Layer stage2_block21: mean=0.000001507
[15:16:16] Layer stage2_block22: mean=0.000001443
[15:16:16] Layer stage2_block23: mean=0.000001323
[15:16:17] Layer stage2_block24: mean=0.000001313
[15:16:17] Layer stage2_block25: mean=0.000001224
[15:16:17] Layer stage2_block26: mean=0.000001205
[15:16:17] Layer stage3_downsample: mean=0.000002116
[15:16:17] Layer stage3_block0: mean=0.000002046
[15:16:18] Layer stage3_block1: mean=0.000002291
[15:16:18] Layer stage3_block2: mean=0.000001443
[15:16:18] ✅ eurosat updated (N=1).
[15:16:18] 
🔍 Processing task: fer2013 (delta=1)
[15:16:18] [FER2013] Loaded 1 samples (skipped 0), tensor torch.Size([1, 3, 320, 320])
[15:16:18] Layer stage0_block0: mean=0.000000324
[15:16:19] Layer stage0_block1: mean=0.000000199
[15:16:19] Layer stage0_block2: mean=0.000000403
[15:16:19] Layer stage1_downsample: mean=0.000000473
[15:16:20] Layer stage1_block0: mean=0.000000921
[15:16:20] Layer stage1_block1: mean=0.000000614
[15:16:21] Layer stage1_block2: mean=0.000000582
[15:16:21] Layer stage2_downsample: mean=0.000001561
[15:16:21] Layer stage2_block0: mean=0.000001040
[15:16:22] Layer stage2_block1: mean=0.000001210
[15:16:22] Layer stage2_block2: mean=0.000001581
[15:16:22] Layer stage2_block3: mean=0.000001201
[15:16:23] Layer stage2_block4: mean=0.000001428
[15:16:23] Layer stage2_block5: mean=0.000001000
[15:16:23] Layer stage2_block6: mean=0.000001665
[15:16:23] Layer stage2_block7: mean=0.000001484
[15:16:24] Layer stage2_block8: mean=0.000001705
[15:16:24] Layer stage2_block9: mean=0.000001588
[15:16:24] Layer stage2_block10: mean=0.000001331
[15:16:25] Layer stage2_block11: mean=0.000001583
[15:16:25] Layer stage2_block12: mean=0.000001456
[15:16:25] Layer stage2_block13: mean=0.000001476
[15:16:25] Layer stage2_block14: mean=0.000001713
[15:16:26] Layer stage2_block15: mean=0.000001672
[15:16:26] Layer stage2_block16: mean=0.000001605
[15:16:26] Layer stage2_block17: mean=0.000001698
[15:16:27] Layer stage2_block18: mean=0.000001592
[15:16:27] Layer stage2_block19: mean=0.000001495
[15:16:27] Layer stage2_block20: mean=0.000001504
[15:16:27] Layer stage2_block21: mean=0.000001533
[15:16:28] Layer stage2_block22: mean=0.000001598
[15:16:28] Layer stage2_block23: mean=0.000001385
[15:16:28] Layer stage2_block24: mean=0.000001716
[15:16:28] Layer stage2_block25: mean=0.000001403
[15:16:29] Layer stage2_block26: mean=0.000001677
[15:16:29] Layer stage3_downsample: mean=0.000002711
[15:16:29] Layer stage3_block0: mean=0.000002940
[15:16:29] Layer stage3_block1: mean=0.000003147
[15:16:30] Layer stage3_block2: mean=0.000001524
[15:16:30] ✅ fer2013 updated (N=1).
[15:16:30] 
🔍 Processing task: gtsrb (delta=1)
[15:16:30] [GTSRB] Collected 12630 test images.
[15:16:30] [GTSRB] Loaded 1 samples (skipped 0), tensor torch.Size([1, 3, 320, 320])
[15:16:30] Layer stage0_block0: mean=0.000000987
[15:16:31] Layer stage0_block1: mean=0.000000194
[15:16:31] Layer stage0_block2: mean=0.000000169
[15:16:31] Layer stage1_downsample: mean=0.000000879
[15:16:32] Layer stage1_block0: mean=0.000000401
[15:16:32] Layer stage1_block1: mean=0.000000353
[15:16:32] Layer stage1_block2: mean=0.000000333
[15:16:33] Layer stage2_downsample: mean=0.000000645
[15:16:33] Layer stage2_block0: mean=0.000001667
[15:16:33] Layer stage2_block1: mean=0.000000602
[15:16:34] Layer stage2_block2: mean=0.000001467
[15:16:34] Layer stage2_block3: mean=0.000001262
[15:16:34] Layer stage2_block4: mean=0.000001342
[15:16:35] Layer stage2_block5: mean=0.000001387
[15:16:35] Layer stage2_block6: mean=0.000001460
[15:16:35] Layer stage2_block7: mean=0.000001349
[15:16:36] Layer stage2_block8: mean=0.000001153
[15:16:36] Layer stage2_block9: mean=0.000001423
[15:16:36] Layer stage2_block10: mean=0.000001809
[15:16:36] Layer stage2_block11: mean=0.000001560
[15:16:37] Layer stage2_block12: mean=0.000001854
[15:16:37] Layer stage2_block13: mean=0.000001835
[15:16:37] Layer stage2_block14: mean=0.000001627
[15:16:38] Layer stage2_block15: mean=0.000001654
[15:16:38] Layer stage2_block16: mean=0.000001507
[15:16:38] Layer stage2_block17: mean=0.000001669
[15:16:38] Layer stage2_block18: mean=0.000001469
[15:16:39] Layer stage2_block19: mean=0.000001620
[15:16:39] Layer stage2_block20: mean=0.000001454
[15:16:39] Layer stage2_block21: mean=0.000001945
[15:16:40] Layer stage2_block22: mean=0.000001584
[15:16:40] Layer stage2_block23: mean=0.000001655
[15:16:40] Layer stage2_block24: mean=0.000001635
[15:16:40] Layer stage2_block25: mean=0.000001999
[15:16:41] Layer stage2_block26: mean=0.000001438
[15:16:41] Layer stage3_downsample: mean=0.000002325
[15:16:41] Layer stage3_block0: mean=0.000002595
[15:16:41] Layer stage3_block1: mean=0.000003056
[15:16:41] Layer stage3_block2: mean=0.000001411
[15:16:41] ✅ gtsrb updated (N=1).
[15:16:41] 
🔍 Processing task: kitti (delta=1)
[15:16:41] [KITTI] Collected 711 images from /root/autodl-tmp/modelselection/datasets/datasets/kitti/test.txt
[15:16:41] [KITTI] Loaded 1 samples (skipped 0), tensor torch.Size([1, 3, 320, 320])
[15:16:42] Layer stage0_block0: mean=0.000000519
[15:16:42] Layer stage0_block1: mean=0.000000351
[15:16:42] Layer stage0_block2: mean=0.000000705
[15:16:43] Layer stage1_downsample: mean=0.000000731
[15:16:43] Layer stage1_block0: mean=0.000000872
[15:16:44] Layer stage1_block1: mean=0.000000589
[15:16:44] Layer stage1_block2: mean=0.000000865
[15:16:44] Layer stage2_downsample: mean=0.000001580
[15:16:45] Layer stage2_block0: mean=0.000001297
[15:16:45] Layer stage2_block1: mean=0.000001332
[15:16:45] Layer stage2_block2: mean=0.000001328
[15:16:46] Layer stage2_block3: mean=0.000001252
[15:16:46] Layer stage2_block4: mean=0.000001313
[15:16:46] Layer stage2_block5: mean=0.000001317
[15:16:47] Layer stage2_block6: mean=0.000001172
[15:16:47] Layer stage2_block7: mean=0.000001201
[15:16:47] Layer stage2_block8: mean=0.000001209
[15:16:48] Layer stage2_block9: mean=0.000001326
[15:16:48] Layer stage2_block10: mean=0.000001272
[15:16:48] Layer stage2_block11: mean=0.000001299
[15:16:48] Layer stage2_block12: mean=0.000001319
[15:16:49] Layer stage2_block13: mean=0.000001250
[15:16:49] Layer stage2_block14: mean=0.000001263
[15:16:49] Layer stage2_block15: mean=0.000001296
[15:16:50] Layer stage2_block16: mean=0.000001423
[15:16:50] Layer stage2_block17: mean=0.000001388
[15:16:50] Layer stage2_block18: mean=0.000001330
[15:16:51] Layer stage2_block19: mean=0.000001390
[15:16:51] Layer stage2_block20: mean=0.000001304
[15:16:51] Layer stage2_block21: mean=0.000001437
[15:16:51] Layer stage2_block22: mean=0.000001401
[15:16:52] Layer stage2_block23: mean=0.000001497
[15:16:52] Layer stage2_block24: mean=0.000001597
[15:16:52] Layer stage2_block25: mean=0.000001465
[15:16:52] Layer stage2_block26: mean=0.000001489
[15:16:53] Layer stage3_downsample: mean=0.000002248
[15:16:53] Layer stage3_block0: mean=0.000002806
[15:16:53] Layer stage3_block1: mean=0.000002488
[15:16:53] Layer stage3_block2: mean=0.000001659
[15:16:53] ✅ kitti updated (N=1).
[15:16:53] 
🔍 Processing task: mnist (delta=1)
[15:16:53] [MNIST] Loaded split='test' with 10000 samples from data/mnist
[15:16:53] [MNIST] Loaded 1 samples, tensor torch.Size([1, 3, 320, 320])
[15:16:54] Layer stage0_block0: mean=0.000000189
[15:16:54] Layer stage0_block1: mean=0.000000084
[15:16:54] Layer stage0_block2: mean=0.000000075
[15:16:55] Layer stage1_downsample: mean=0.000000229
[15:16:55] Layer stage1_block0: mean=0.000000560
[15:16:55] Layer stage1_block1: mean=0.000000325
[15:16:56] Layer stage1_block2: mean=0.000000285
[15:16:56] Layer stage2_downsample: mean=0.000000394
[15:16:56] Layer stage2_block0: mean=0.000000643
[15:16:57] Layer stage2_block1: mean=0.000000455
[15:16:57] Layer stage2_block2: mean=0.000000521
[15:16:57] Layer stage2_block3: mean=0.000000700
[15:16:58] Layer stage2_block4: mean=0.000000979
[15:16:58] Layer stage2_block5: mean=0.000000730
[15:16:58] Layer stage2_block6: mean=0.000000794
[15:16:59] Layer stage2_block7: mean=0.000000674
[15:16:59] Layer stage2_block8: mean=0.000000797
[15:16:59] Layer stage2_block9: mean=0.000000895
[15:16:59] Layer stage2_block10: mean=0.000000821
[15:17:00] Layer stage2_block11: mean=0.000000860
[15:17:00] Layer stage2_block12: mean=0.000001006
[15:17:00] Layer stage2_block13: mean=0.000000880
[15:17:01] Layer stage2_block14: mean=0.000001107
[15:17:01] Layer stage2_block15: mean=0.000000886
[15:17:01] Layer stage2_block16: mean=0.000001080
[15:17:02] Layer stage2_block17: mean=0.000001057
[15:17:02] Layer stage2_block18: mean=0.000001059
[15:17:02] Layer stage2_block19: mean=0.000001007
[15:17:02] Layer stage2_block20: mean=0.000001130
[15:17:03] Layer stage2_block21: mean=0.000000865
[15:17:03] Layer stage2_block22: mean=0.000001177
[15:17:03] Layer stage2_block23: mean=0.000001213
[15:17:04] Layer stage2_block24: mean=0.000001083
[15:17:04] Layer stage2_block25: mean=0.000001124
[15:17:04] Layer stage2_block26: mean=0.000001073
[15:17:04] Layer stage3_downsample: mean=0.000001684
[15:17:04] Layer stage3_block0: mean=0.000001976
[15:17:05] Layer stage3_block1: mean=0.000002410
[15:17:05] Layer stage3_block2: mean=0.000001570
[15:17:05] ✅ mnist updated (N=1).
[15:17:05] 
🔍 Processing task: oxford_flowers (delta=1)
[15:17:05] [OxfordFlowers] Loaded 1 samples (skipped 0), tensor torch.Size([1, 3, 320, 320])
[15:17:05] Layer stage0_block0: mean=0.000000346
[15:17:06] Layer stage0_block1: mean=0.000000278
[15:17:06] Layer stage0_block2: mean=0.000000410
[15:17:06] Layer stage1_downsample: mean=0.000000684
[15:17:07] Layer stage1_block0: mean=0.000000572
[15:17:07] Layer stage1_block1: mean=0.000000524
[15:17:07] Layer stage1_block2: mean=0.000000501
[15:17:08] Layer stage2_downsample: mean=0.000001421
[15:17:08] Layer stage2_block0: mean=0.000001306
[15:17:08] Layer stage2_block1: mean=0.000001122
[15:17:08] Layer stage2_block2: mean=0.000001307
[15:17:09] Layer stage2_block3: mean=0.000001198
[15:17:09] Layer stage2_block4: mean=0.000001531
[15:17:09] Layer stage2_block5: mean=0.000001304
[15:17:09] Layer stage2_block6: mean=0.000001196
[15:17:10] Layer stage2_block7: mean=0.000001417
[15:17:10] Layer stage2_block8: mean=0.000001606
[15:17:10] Layer stage2_block9: mean=0.000001307
[15:17:11] Layer stage2_block10: mean=0.000001163
[15:17:11] Layer stage2_block11: mean=0.000001396
[15:17:11] Layer stage2_block12: mean=0.000001303
[15:17:11] Layer stage2_block13: mean=0.000001240
[15:17:11] Layer stage2_block14: mean=0.000001219
[15:17:12] Layer stage2_block15: mean=0.000001287
[15:17:12] Layer stage2_block16: mean=0.000001325
[15:17:12] Layer stage2_block17: mean=0.000001299
[15:17:12] Layer stage2_block18: mean=0.000001451
[15:17:13] Layer stage2_block19: mean=0.000001456
[15:17:13] Layer stage2_block20: mean=0.000001309
[15:17:13] Layer stage2_block21: mean=0.000001497
[15:17:13] Layer stage2_block22: mean=0.000001410
[15:17:13] Layer stage2_block23: mean=0.000001285
[15:17:13] Layer stage2_block24: mean=0.000001371
[15:17:14] Layer stage2_block25: mean=0.000001236
[15:17:14] Layer stage2_block26: mean=0.000001235
[15:17:14] Layer stage3_downsample: mean=0.000002118
[15:17:14] Layer stage3_block0: mean=0.000003065
[15:17:14] Layer stage3_block1: mean=0.000002772
[15:17:15] Layer stage3_block2: mean=0.000001828
[15:17:15] ✅ oxford_flowers updated (N=1).
[15:17:15] 
🔍 Processing task: oxford_pet (delta=1)
[15:17:15] [OxfordPet] Loaded 1 samples (skipped 0), tensor torch.Size([1, 3, 320, 320])
[15:17:15] Layer stage0_block0: mean=0.000000393
[15:17:15] Layer stage0_block1: mean=0.000000334
[15:17:16] Layer stage0_block2: mean=0.000000430
[15:17:16] Layer stage1_downsample: mean=0.000000478
[15:17:16] Layer stage1_block0: mean=0.000000779
[15:17:17] Layer stage1_block1: mean=0.000000600
[15:17:17] Layer stage1_block2: mean=0.000000546
[15:17:17] Layer stage2_downsample: mean=0.000001224
[15:17:17] Layer stage2_block0: mean=0.000001007
[15:17:18] Layer stage2_block1: mean=0.000000965
[15:17:18] Layer stage2_block2: mean=0.000001193
[15:17:18] Layer stage2_block3: mean=0.000001121
[15:17:18] Layer stage2_block4: mean=0.000001164
[15:17:19] Layer stage2_block5: mean=0.000001189
[15:17:19] Layer stage2_block6: mean=0.000001168
[15:17:19] Layer stage2_block7: mean=0.000001098
[15:17:19] Layer stage2_block8: mean=0.000001296
[15:17:20] Layer stage2_block9: mean=0.000001250
[15:17:20] Layer stage2_block10: mean=0.000001291
[15:17:20] Layer stage2_block11: mean=0.000001017
[15:17:20] Layer stage2_block12: mean=0.000001331
[15:17:21] Layer stage2_block13: mean=0.000001321
[15:17:21] Layer stage2_block14: mean=0.000001237
[15:17:21] Layer stage2_block15: mean=0.000001258
[15:17:21] Layer stage2_block16: mean=0.000001258
[15:17:22] Layer stage2_block17: mean=0.000001257
[15:17:22] Layer stage2_block18: mean=0.000001428
[15:17:22] Layer stage2_block19: mean=0.000001294
[15:17:22] Layer stage2_block20: mean=0.000001428
[15:17:22] Layer stage2_block21: mean=0.000001443
[15:17:23] Layer stage2_block22: mean=0.000001415
[15:17:23] Layer stage2_block23: mean=0.000001491
[15:17:23] Layer stage2_block24: mean=0.000001425
[15:17:23] Layer stage2_block25: mean=0.000001439
[15:17:23] Layer stage2_block26: mean=0.000001284
[15:17:24] Layer stage3_downsample: mean=0.000002406
[15:17:24] Layer stage3_block0: mean=0.000003232
[15:17:24] Layer stage3_block1: mean=0.000003023
[15:17:24] Layer stage3_block2: mean=0.000001909
[15:17:24] ✅ oxford_pet updated (N=1).
[15:17:24] 
🔍 Processing task: patch_camelyon (delta=1)
[15:17:24] [PatchCamelyon] Collected 32768 image paths from /root/autodl-tmp/modelselection/datasets/datasets/patch_camelyon/test.txt
[15:17:24] [PatchCamelyon] Loaded 1 samples (skipped 0), tensor torch.Size([1, 3, 320, 320])
[15:17:25] Layer stage0_block0: mean=0.000000390
[15:17:25] Layer stage0_block1: mean=0.000001195
[15:17:25] Layer stage0_block2: mean=0.000000253
[15:17:26] Layer stage1_downsample: mean=0.000000468
[15:17:26] Layer stage1_block0: mean=0.000000967
[15:17:26] Layer stage1_block1: mean=0.000000505
[15:17:26] Layer stage1_block2: mean=0.000000571
[15:17:27] Layer stage2_downsample: mean=0.000000991
[15:17:27] Layer stage2_block0: mean=0.000000998
[15:17:27] Layer stage2_block1: mean=0.000001006
[15:17:27] Layer stage2_block2: mean=0.000001331
[15:17:28] Layer stage2_block3: mean=0.000001217
[15:17:28] Layer stage2_block4: mean=0.000001219
[15:17:28] Layer stage2_block5: mean=0.000001222
[15:17:29] Layer stage2_block6: mean=0.000001108
[15:17:29] Layer stage2_block7: mean=0.000001335
[15:17:29] Layer stage2_block8: mean=0.000001385
[15:17:29] Layer stage2_block9: mean=0.000001367
[15:17:29] Layer stage2_block10: mean=0.000001345
[15:17:30] Layer stage2_block11: mean=0.000001076
[15:17:30] Layer stage2_block12: mean=0.000000967
[15:17:30] Layer stage2_block13: mean=0.000001251
[15:17:30] Layer stage2_block14: mean=0.000001387
[15:17:31] Layer stage2_block15: mean=0.000001158
[15:17:31] Layer stage2_block16: mean=0.000001236
[15:17:31] Layer stage2_block17: mean=0.000001458
[15:17:31] Layer stage2_block18: mean=0.000001379
[15:17:31] Layer stage2_block19: mean=0.000001282
[15:17:32] Layer stage2_block20: mean=0.000001518
[15:17:32] Layer stage2_block21: mean=0.000001226
[15:17:32] Layer stage2_block22: mean=0.000001221
[15:17:32] Layer stage2_block23: mean=0.000001494
[15:17:32] Layer stage2_block24: mean=0.000001185
[15:17:33] Layer stage2_block25: mean=0.000001148
[15:17:33] Layer stage2_block26: mean=0.000001129
[15:17:33] Layer stage3_downsample: mean=0.000001896
[15:17:33] Layer stage3_block0: mean=0.000002427
[15:17:33] Layer stage3_block1: mean=0.000002386
[15:17:34] Layer stage3_block2: mean=0.000001493
[15:17:34] ✅ patch_camelyon updated (N=1).
[15:17:34] 
🔍 Processing task: renderedsst2 (delta=1)
[15:17:34] [RenderedSST2] Loaded 1 samples (skipped 0), tensor torch.Size([1, 3, 320, 320])
[15:17:34] Layer stage0_block0: mean=0.000000192
[15:17:34] Layer stage0_block1: mean=0.000000253
[15:17:34] Layer stage0_block2: mean=0.000000104
[15:17:35] Layer stage1_downsample: mean=0.000000244
[15:17:35] Layer stage1_block0: mean=0.000000393
[15:17:35] Layer stage1_block1: mean=0.000000201
[15:17:35] Layer stage1_block2: mean=0.000000223
[15:17:36] Layer stage2_downsample: mean=0.000000350
[15:17:36] Layer stage2_block0: mean=0.000000546
[15:17:36] Layer stage2_block1: mean=0.000000689
[15:17:37] Layer stage2_block2: mean=0.000000611
[15:17:37] Layer stage2_block3: mean=0.000000667
[15:17:37] Layer stage2_block4: mean=0.000000567
[15:17:37] Layer stage2_block5: mean=0.000000725
[15:17:38] Layer stage2_block6: mean=0.000000742
[15:17:38] Layer stage2_block7: mean=0.000000644
[15:17:38] Layer stage2_block8: mean=0.000000793
[15:17:38] Layer stage2_block9: mean=0.000000782
[15:17:39] Layer stage2_block10: mean=0.000000841
[15:17:39] Layer stage2_block11: mean=0.000001063
[15:17:39] Layer stage2_block12: mean=0.000000891
[15:17:39] Layer stage2_block13: mean=0.000001145
[15:17:39] Layer stage2_block14: mean=0.000001049
[15:17:40] Layer stage2_block15: mean=0.000001028
[15:17:40] Layer stage2_block16: mean=0.000001175
[15:17:40] Layer stage2_block17: mean=0.000000995
[15:17:40] Layer stage2_block18: mean=0.000001568
[15:17:41] Layer stage2_block19: mean=0.000001186
[15:17:41] Layer stage2_block20: mean=0.000001277
[15:17:41] Layer stage2_block21: mean=0.000001349
[15:17:41] Layer stage2_block22: mean=0.000001342
[15:17:42] Layer stage2_block23: mean=0.000001907
[15:17:42] Layer stage2_block24: mean=0.000001752
[15:17:42] Layer stage2_block25: mean=0.000002143
[15:17:42] Layer stage2_block26: mean=0.000002167
[15:17:42] Layer stage3_downsample: mean=0.000003040
[15:17:43] Layer stage3_block0: mean=0.000002872
[15:17:43] Layer stage3_block1: mean=0.000003778
[15:17:43] Layer stage3_block2: mean=0.000003168
[15:17:43] ✅ renderedsst2 updated (N=1).
[15:17:43] 
🔍 Processing task: resisc45 (delta=1)
[15:17:43] [RESISC45] Collected 6300 images from /root/autodl-tmp/modelselection/datasets/datasets/resisc45/test.txt
[15:17:43] [RESISC45] Loaded 1 samples (skipped 0), tensor torch.Size([1, 3, 320, 320])
[15:17:43] Layer stage0_block0: mean=0.000000408
[15:17:44] Layer stage0_block1: mean=0.000000305
[15:17:44] Layer stage0_block2: mean=0.000000767
[15:17:44] Layer stage1_downsample: mean=0.000000657
[15:17:45] Layer stage1_block0: mean=0.000000583
[15:17:45] Layer stage1_block1: mean=0.000000869
[15:17:45] Layer stage1_block2: mean=0.000000719
[15:17:45] Layer stage2_downsample: mean=0.000001308
[15:17:46] Layer stage2_block0: mean=0.000001498
[15:17:46] Layer stage2_block1: mean=0.000001171
[15:17:46] Layer stage2_block2: mean=0.000001652
[15:17:46] Layer stage2_block3: mean=0.000001531
[15:17:47] Layer stage2_block4: mean=0.000001174
[15:17:47] Layer stage2_block5: mean=0.000001316
[15:17:47] Layer stage2_block6: mean=0.000001385
[15:17:47] Layer stage2_block7: mean=0.000001429
[15:17:48] Layer stage2_block8: mean=0.000001168
[15:17:48] Layer stage2_block9: mean=0.000001648
[15:17:48] Layer stage2_block10: mean=0.000001213
[15:17:48] Layer stage2_block11: mean=0.000001324
[15:17:49] Layer stage2_block12: mean=0.000001267
[15:17:49] Layer stage2_block13: mean=0.000001565
[15:17:49] Layer stage2_block14: mean=0.000001304
[15:17:49] Layer stage2_block15: mean=0.000001261
[15:17:49] Layer stage2_block16: mean=0.000001387
[15:17:50] Layer stage2_block17: mean=0.000001274
[15:17:50] Layer stage2_block18: mean=0.000001328
[15:17:50] Layer stage2_block19: mean=0.000001593
[15:17:50] Layer stage2_block20: mean=0.000001385
[15:17:51] Layer stage2_block21: mean=0.000001441
[15:17:51] Layer stage2_block22: mean=0.000001315
[15:17:51] Layer stage2_block23: mean=0.000001486
[15:17:51] Layer stage2_block24: mean=0.000001642
[15:17:51] Layer stage2_block25: mean=0.000001464
[15:17:52] Layer stage2_block26: mean=0.000001346
[15:17:52] Layer stage3_downsample: mean=0.000002268
[15:17:52] Layer stage3_block0: mean=0.000001955
[15:17:52] Layer stage3_block1: mean=0.000002675
[15:17:52] Layer stage3_block2: mean=0.000002538
[15:17:52] ✅ resisc45 updated (N=1).
[15:17:52] 
🔍 Processing task: stl10 (delta=1)
[15:17:52] [STL10] Loaded 1 samples, tensor torch.Size([1, 3, 320, 320])
[15:17:53] Layer stage0_block0: mean=0.000000378
[15:17:53] Layer stage0_block1: mean=0.000000358
[15:17:53] Layer stage0_block2: mean=0.000000789
[15:17:53] Layer stage1_downsample: mean=0.000000590
[15:17:54] Layer stage1_block0: mean=0.000000689
[15:17:54] Layer stage1_block1: mean=0.000001061
[15:17:54] Layer stage1_block2: mean=0.000000714
[15:17:54] Layer stage2_downsample: mean=0.000001264
[15:17:55] Layer stage2_block0: mean=0.000001570
[15:17:55] Layer stage2_block1: mean=0.000002226
[15:17:55] Layer stage2_block2: mean=0.000001952
[15:17:56] Layer stage2_block3: mean=0.000001869
[15:17:56] Layer stage2_block4: mean=0.000001742
[15:17:56] Layer stage2_block5: mean=0.000001924
[15:17:56] Layer stage2_block6: mean=0.000001950
[15:17:57] Layer stage2_block7: mean=0.000001831
[15:17:57] Layer stage2_block8: mean=0.000001521
[15:17:57] Layer stage2_block9: mean=0.000001596
[15:17:57] Layer stage2_block10: mean=0.000001894
[15:17:57] Layer stage2_block11: mean=0.000001626
[15:17:58] Layer stage2_block12: mean=0.000002642
[15:17:58] Layer stage2_block13: mean=0.000001640
[15:17:58] Layer stage2_block14: mean=0.000001690
[15:17:58] Layer stage2_block15: mean=0.000001635
[15:17:59] Layer stage2_block16: mean=0.000001845
[15:17:59] Layer stage2_block17: mean=0.000001625
[15:17:59] Layer stage2_block18: mean=0.000001794
[15:17:59] Layer stage2_block19: mean=0.000001941
[15:17:59] Layer stage2_block20: mean=0.000001721
[15:18:00] Layer stage2_block21: mean=0.000002155
[15:18:00] Layer stage2_block22: mean=0.000001882
[15:18:00] Layer stage2_block23: mean=0.000001900
[15:18:00] Layer stage2_block24: mean=0.000001840
[15:18:01] Layer stage2_block25: mean=0.000001664
[15:18:01] Layer stage2_block26: mean=0.000001768
[15:18:01] Layer stage3_downsample: mean=0.000002881
[15:18:01] Layer stage3_block0: mean=0.000003608
[15:18:01] Layer stage3_block1: mean=0.000003211
[15:18:01] Layer stage3_block2: mean=0.000002116
[15:18:01] ✅ stl10 updated (N=1).
[15:18:01] 
🔍 Processing task: sun397 (delta=1)
[15:18:01] [SUN397] Loaded 1 samples (skipped 0), tensor torch.Size([1, 3, 320, 320])
[15:18:02] Layer stage0_block0: mean=0.000000339
[15:18:02] Layer stage0_block1: mean=0.000000268
[15:18:02] Layer stage0_block2: mean=0.000000333
[15:18:03] Layer stage1_downsample: mean=0.000000555
[15:18:03] Layer stage1_block0: mean=0.000000543
[15:18:03] Layer stage1_block1: mean=0.000000521
[15:18:03] Layer stage1_block2: mean=0.000000394
[15:18:04] Layer stage2_downsample: mean=0.000001036
[15:18:04] Layer stage2_block0: mean=0.000001211
[15:18:04] Layer stage2_block1: mean=0.000000758
[15:18:05] Layer stage2_block2: mean=0.000000828
[15:18:05] Layer stage2_block3: mean=0.000000944
[15:18:05] Layer stage2_block4: mean=0.000000886
[15:18:05] Layer stage2_block5: mean=0.000001067
[15:18:06] Layer stage2_block6: mean=0.000000967
[15:18:06] Layer stage2_block7: mean=0.000001221
[15:18:06] Layer stage2_block8: mean=0.000001206
[15:18:06] Layer stage2_block9: mean=0.000000965
[15:18:07] Layer stage2_block10: mean=0.000001219
[15:18:07] Layer stage2_block11: mean=0.000001294
[15:18:07] Layer stage2_block12: mean=0.000001184
[15:18:07] Layer stage2_block13: mean=0.000001326
[15:18:07] Layer stage2_block14: mean=0.000001212
[15:18:08] Layer stage2_block15: mean=0.000001188
[15:18:08] Layer stage2_block16: mean=0.000001237
[15:18:08] Layer stage2_block17: mean=0.000001113
[15:18:08] Layer stage2_block18: mean=0.000001276
[15:18:09] Layer stage2_block19: mean=0.000001286
[15:18:09] Layer stage2_block20: mean=0.000001205
[15:18:09] Layer stage2_block21: mean=0.000001310
[15:18:09] Layer stage2_block22: mean=0.000001130
[15:18:09] Layer stage2_block23: mean=0.000001134
[15:18:10] Layer stage2_block24: mean=0.000001307
[15:18:10] Layer stage2_block25: mean=0.000001288
[15:18:10] Layer stage2_block26: mean=0.000001567
[15:18:10] Layer stage3_downsample: mean=0.000002155
[15:18:11] Layer stage3_block0: mean=0.000002344
[15:18:11] Layer stage3_block1: mean=0.000002693
[15:18:11] Layer stage3_block2: mean=0.000001407
[15:18:11] ✅ sun397 updated (N=1).
[15:18:11] 
🔍 Processing task: svhn (delta=1)
[15:18:11] [SVHN] Loaded 1 samples (skipped 0), tensor torch.Size([1, 3, 320, 320])
[15:18:11] Layer stage0_block0: mean=0.000000197
[15:18:12] Layer stage0_block1: mean=0.000000073
[15:18:12] Layer stage0_block2: mean=0.000000277
[15:18:12] Layer stage1_downsample: mean=0.000000100
[15:18:13] Layer stage1_block0: mean=0.000000166
[15:18:13] Layer stage1_block1: mean=0.000000272
[15:18:13] Layer stage1_block2: mean=0.000000483
[15:18:13] Layer stage2_downsample: mean=0.000000525
[15:18:14] Layer stage2_block0: mean=0.000000825
[15:18:14] Layer stage2_block1: mean=0.000000673
[15:18:14] Layer stage2_block2: mean=0.000000689
[15:18:14] Layer stage2_block3: mean=0.000000946
[15:18:15] Layer stage2_block4: mean=0.000000843
[15:18:15] Layer stage2_block5: mean=0.000001045
[15:18:15] Layer stage2_block6: mean=0.000000994
[15:18:15] Layer stage2_block7: mean=0.000001252
[15:18:16] Layer stage2_block8: mean=0.000000785
[15:18:16] Layer stage2_block9: mean=0.000000870
[15:18:16] Layer stage2_block10: mean=0.000000749
[15:18:16] Layer stage2_block11: mean=0.000000917
[15:18:17] Layer stage2_block12: mean=0.000000950
[15:18:17] Layer stage2_block13: mean=0.000001056
[15:18:17] Layer stage2_block14: mean=0.000001080
[15:18:17] Layer stage2_block15: mean=0.000000692
[15:18:17] Layer stage2_block16: mean=0.000001043
[15:18:18] Layer stage2_block17: mean=0.000000977
[15:18:18] Layer stage2_block18: mean=0.000001012
[15:18:18] Layer stage2_block19: mean=0.000001138
[15:18:18] Layer stage2_block20: mean=0.000001122
[15:18:19] Layer stage2_block21: mean=0.000001093
[15:18:19] Layer stage2_block22: mean=0.000001085
[15:18:19] Layer stage2_block23: mean=0.000001115
[15:18:19] Layer stage2_block24: mean=0.000000891
[15:18:19] Layer stage2_block25: mean=0.000001058
[15:18:19] Layer stage2_block26: mean=0.000000886
[15:18:20] Layer stage3_downsample: mean=0.000001804
[15:18:20] Layer stage3_block0: mean=0.000002044
[15:18:20] Layer stage3_block1: mean=0.000002159
[15:18:20] Layer stage3_block2: mean=0.000001859
[15:18:20] ✅ svhn updated (N=1).
[15:18:20] 
🔍 Processing task: voc_pose (delta=1)
[15:18:20] [VOC] Loaded 1 samples (skipped 0), tensor torch.Size([1, 3, 320, 320])
[15:18:21] Layer stage0_block0: mean=0.000000298
[15:18:21] Layer stage0_block1: mean=0.000000282
[15:18:21] Layer stage0_block2: mean=0.000000415
[15:18:22] Layer stage1_downsample: mean=0.000000473
[15:18:22] Layer stage1_block0: mean=0.000000721
[15:18:22] Layer stage1_block1: mean=0.000000737
[15:18:22] Layer stage1_block2: mean=0.000000675
[15:18:23] Layer stage2_downsample: mean=0.000001251
[15:18:23] Layer stage2_block0: mean=0.000001147
[15:18:23] Layer stage2_block1: mean=0.000001243
[15:18:23] Layer stage2_block2: mean=0.000001488
[15:18:24] Layer stage2_block3: mean=0.000001592
[15:18:24] Layer stage2_block4: mean=0.000001226
[15:18:24] Layer stage2_block5: mean=0.000001485
[15:18:24] Layer stage2_block6: mean=0.000001225
[15:18:25] Layer stage2_block7: mean=0.000001336
[15:18:25] Layer stage2_block8: mean=0.000001289
[15:18:25] Layer stage2_block9: mean=0.000001421
[15:18:25] Layer stage2_block10: mean=0.000001342
[15:18:26] Layer stage2_block11: mean=0.000001481
[15:18:26] Layer stage2_block12: mean=0.000001413
[15:18:26] Layer stage2_block13: mean=0.000001385
[15:18:26] Layer stage2_block14: mean=0.000001529
[15:18:27] Layer stage2_block15: mean=0.000001369
[15:18:27] Layer stage2_block16: mean=0.000001471
[15:18:27] Layer stage2_block17: mean=0.000001320
[15:18:27] Layer stage2_block18: mean=0.000001277
[15:18:28] Layer stage2_block19: mean=0.000001315
[15:18:28] Layer stage2_block20: mean=0.000001311
[15:18:28] Layer stage2_block21: mean=0.000001436
[15:18:28] Layer stage2_block22: mean=0.000001606
[15:18:28] Layer stage2_block23: mean=0.000001527
[15:18:29] Layer stage2_block24: mean=0.000001453
[15:18:29] Layer stage2_block25: mean=0.000001487
[15:18:29] Layer stage2_block26: mean=0.000001147
[15:18:29] Layer stage3_downsample: mean=0.000002387
[15:18:29] Layer stage3_block0: mean=0.000002405
[15:18:30] Layer stage3_block1: mean=0.000002744
[15:18:30] Layer stage3_block2: mean=0.000002131
[15:18:30] ✅ voc_pose updated (N=1).
[15:18:30] ✅ Results saved for milestone 1.
