/root/miniconda3/envs/reason/lib/python3.10/site-packages/transformers/utils/hub.py:111: FutureWarning: Using `TRANSFORMERS_CACHE` is deprecated and will be removed in v5 of Transformers. Use `HF_HOME` instead.
  warnings.warn(
[16:04:19] Using device: cuda, seed: 55
[16:04:19] Parsing model identifier. Schema: None, Identifier: convnext_base_w_320
[16:04:19] Loaded built-in convnext_base_w_320 model config.
[16:04:20] Instantiating model architecture: CLIP
[16:04:22] Loading full pretrained weights from: /root/autodl-tmp/hf_cache/models--laion--CLIP-convnext_base_w_320-laion_aesthetic-s13B-b82K/snapshots/02dbcad4596a5fa4ee71a16d35c701e7b12943f0/open_clip_model.safetensors
[16:04:22] Final image preprocessing configuration set: {'size': (320, 320), 'mode': 'RGB', 'mean': (0.48145466, 0.4578275, 0.40821073), 'std': (0.26862954, 0.26130258, 0.27577711), 'interpolation': 'bicubic', 'resize_mode': 'shortest', 'fill_color': 0}
[16:04:22] Model convnext_base_w_320 creation process complete.
[16:04:22] Detected ConvNeXt with 39 layers.
[16:04:22] Model convnext_base_w_320 loaded (39 layers detected).
[16:04:22] Using ConvNeXt forward_func for convnext_base_w_320
[16:04:24] [FER2013] Column 'Usage' not found, using all rows.
[16:04:24] [FER2013] Loaded 28709 images from /root/autodl-tmp/modelselection/datasets/datasets/fer2013/train.csv
[16:04:24] [OxfordFlowers] Loaded split='test' with 6149 images from /root/autodl-tmp/modelselection/datasets/datasets/oxford_flowers
[16:04:24] [OxfordPet] Loaded split='test' with 3669 samples from /root/autodl-tmp/modelselection/datasets/datasets/oxford-pet/annotations/test.txt
[16:04:24] [RenderedSST2] Loaded 1821 images from /root/autodl-tmp/modelselection/datasets/datasets/renderedsst2/rendered-sst2/test
[16:04:24] [STL10] Loaded split='test' with 8000 images from /root/autodl-tmp/modelselection/datasets/datasets/stl10/stl10_binary/test_X.bin
[16:04:24] [SUN397] Loaded split='test' with 19850 images
[16:04:24] [SVHN] Loaded 26032 images from /root/autodl-tmp/modelselection/datasets/datasets/svhn/test.txt
[16:04:25] [VOC] Loaded 9963 images from annotations
[16:04:25] === Reaching milestone N=1 ===
[16:04:25] 
🔍 Processing task: car (delta=1)
[16:04:25] [Cars] Loaded 1 samples, tensor torch.Size([1, 3, 320, 320])
/root/autodl-tmp/modelselection/frame_v2/framework/conductance.py:20: FutureWarning: `torch.cuda.amp.autocast(args...)` is deprecated. Please use `torch.amp.autocast('cuda', args...)` instead.
  with torch.cuda.amp.autocast(enabled=use_amp):
[16:04:30] Layer stage0_block0: mean=0.000001718
[16:04:30] Layer stage0_block1: mean=0.000001468
[16:04:31] Layer stage0_block2: mean=0.000002423
[16:04:31] Layer stage1_downsample: mean=0.000001920
[16:04:31] Layer stage1_block0: mean=0.000001877
[16:04:32] Layer stage1_block1: mean=0.000004541
[16:04:32] Layer stage1_block2: mean=0.000001967
[16:04:33] Layer stage2_downsample: mean=0.000007899
[16:04:33] Layer stage2_block0: mean=0.000009398
[16:04:33] Layer stage2_block1: mean=0.000018409
[16:04:34] Layer stage2_block2: mean=0.000005426
[16:04:34] Layer stage2_block3: mean=0.000013248
[16:04:34] Layer stage2_block4: mean=0.000007801
[16:04:35] Layer stage2_block5: mean=0.000022037
[16:04:35] Layer stage2_block6: mean=0.000011918
[16:04:35] Layer stage2_block7: mean=0.000014652
[16:04:36] Layer stage2_block8: mean=0.000009770
[16:04:36] Layer stage2_block9: mean=0.000012345
[16:04:37] Layer stage2_block10: mean=0.000011803
[16:04:37] Layer stage2_block11: mean=0.000012262
[16:04:37] Layer stage2_block12: mean=0.000014638
[16:04:38] Layer stage2_block13: mean=0.000014565
[16:04:38] Layer stage2_block14: mean=0.000012637
[16:04:38] Layer stage2_block15: mean=0.000016099
[16:04:39] Layer stage2_block16: mean=0.000015876
[16:04:39] Layer stage2_block17: mean=0.000017786
[16:04:39] Layer stage2_block18: mean=0.000016932
[16:04:40] Layer stage2_block19: mean=0.000014355
[16:04:40] Layer stage2_block20: mean=0.000017554
[16:04:41] Layer stage2_block21: mean=0.000017138
[16:04:41] Layer stage2_block22: mean=0.000017019
[16:04:41] Layer stage2_block23: mean=0.000016816
[16:04:42] Layer stage2_block24: mean=0.000018817
[16:04:42] Layer stage2_block25: mean=0.000021444
[16:04:42] Layer stage2_block26: mean=0.000021342
[16:04:43] Layer stage3_downsample: mean=0.000037171
[16:04:43] Layer stage3_block0: mean=0.000035856
[16:04:43] Layer stage3_block1: mean=0.000033862
[16:04:44] Layer stage3_block2: mean=0.000029456
[16:04:44] ✅ car updated (N=1).
[16:04:44] 
🔍 Processing task: cifar (delta=1)
[16:04:44] [CIFAR] Loaded 1 samples, tensor torch.Size([1, 3, 320, 320])
[16:04:44] Layer stage0_block0: mean=0.000001052
[16:04:45] Layer stage0_block1: mean=0.000000695
[16:04:45] Layer stage0_block2: mean=0.000000466
[16:04:46] Layer stage1_downsample: mean=0.000000954
[16:04:46] Layer stage1_block0: mean=0.000000852
[16:04:46] Layer stage1_block1: mean=0.000001102
[16:04:47] Layer stage1_block2: mean=0.000003828
[16:04:47] Layer stage2_downsample: mean=0.000010833
[16:04:48] Layer stage2_block0: mean=0.000001860
[16:04:48] Layer stage2_block1: mean=0.000010489
[16:04:49] Layer stage2_block2: mean=0.000021002
[16:04:49] Layer stage2_block3: mean=0.000019879
[16:04:49] Layer stage2_block4: mean=0.000012211
[16:04:50] Layer stage2_block5: mean=0.000012199
[16:04:50] Layer stage2_block6: mean=0.000017126
[16:04:51] Layer stage2_block7: mean=0.000013339
[16:04:51] Layer stage2_block8: mean=0.000016065
[16:04:51] Layer stage2_block9: mean=0.000014794
[16:04:52] Layer stage2_block10: mean=0.000015510
[16:04:52] Layer stage2_block11: mean=0.000015851
[16:04:52] Layer stage2_block12: mean=0.000024840
[16:04:53] Layer stage2_block13: mean=0.000017016
[16:04:53] Layer stage2_block14: mean=0.000020466
[16:04:53] Layer stage2_block15: mean=0.000022051
[16:04:54] Layer stage2_block16: mean=0.000021060
[16:04:54] Layer stage2_block17: mean=0.000022005
[16:04:54] Layer stage2_block18: mean=0.000019077
[16:04:55] Layer stage2_block19: mean=0.000020878
[16:04:55] Layer stage2_block20: mean=0.000018766
[16:04:56] Layer stage2_block21: mean=0.000020335
[16:04:56] Layer stage2_block22: mean=0.000016782
[16:04:56] Layer stage2_block23: mean=0.000016244
[16:04:56] Layer stage2_block24: mean=0.000017850
[16:04:56] Layer stage2_block25: mean=0.000015660
[16:04:57] Layer stage2_block26: mean=0.000015567
[16:04:57] Layer stage3_downsample: mean=0.000038315
[16:04:57] Layer stage3_block0: mean=0.000035757
[16:04:57] Layer stage3_block1: mean=0.000024262
[16:04:58] Layer stage3_block2: mean=0.000016515
[16:04:58] ✅ cifar updated (N=1).
[16:04:58] 
🔍 Processing task: clevr (delta=1)
[16:04:58] [CLEVR] 15000 samples from /root/autodl-tmp/modelselection/datasets/datasets/clevr_count/test
[16:04:58] [CLEVR] Loaded 1 samples, tensor torch.Size([1, 3, 320, 320])
[16:04:58] Layer stage0_block0: mean=0.000000682
[16:04:59] Layer stage0_block1: mean=0.000000527
[16:04:59] Layer stage0_block2: mean=0.000001770
[16:04:59] Layer stage1_downsample: mean=0.000000740
[16:05:00] Layer stage1_block0: mean=0.000002148
[16:05:00] Layer stage1_block1: mean=0.000001768
[16:05:00] Layer stage1_block2: mean=0.000002358
[16:05:01] Layer stage2_downsample: mean=0.000009858
[16:05:01] Layer stage2_block0: mean=0.000003981
[16:05:01] Layer stage2_block1: mean=0.000003202
[16:05:01] Layer stage2_block2: mean=0.000007599
[16:05:02] Layer stage2_block3: mean=0.000008370
[16:05:02] Layer stage2_block4: mean=0.000003526
[16:05:02] Layer stage2_block5: mean=0.000005349
[16:05:03] Layer stage2_block6: mean=0.000007012
[16:05:03] Layer stage2_block7: mean=0.000006764
[16:05:03] Layer stage2_block8: mean=0.000010463
[16:05:03] Layer stage2_block9: mean=0.000008947
[16:05:03] Layer stage2_block10: mean=0.000007045
[16:05:04] Layer stage2_block11: mean=0.000008995
[16:05:04] Layer stage2_block12: mean=0.000010981
[16:05:04] Layer stage2_block13: mean=0.000009735
[16:05:04] Layer stage2_block14: mean=0.000010675
[16:05:05] Layer stage2_block15: mean=0.000009220
[16:05:05] Layer stage2_block16: mean=0.000012064
[16:05:05] Layer stage2_block17: mean=0.000012821
[16:05:05] Layer stage2_block18: mean=0.000012962
[16:05:05] Layer stage2_block19: mean=0.000010934
[16:05:06] Layer stage2_block20: mean=0.000010415
[16:05:06] Layer stage2_block21: mean=0.000010094
[16:05:06] Layer stage2_block22: mean=0.000010637
[16:05:06] Layer stage2_block23: mean=0.000009781
[16:05:06] Layer stage2_block24: mean=0.000010752
[16:05:07] Layer stage2_block25: mean=0.000010409
[16:05:07] Layer stage2_block26: mean=0.000013040
[16:05:07] Layer stage3_downsample: mean=0.000028788
[16:05:07] Layer stage3_block0: mean=0.000024100
[16:05:07] Layer stage3_block1: mean=0.000021305
[16:05:07] Layer stage3_block2: mean=0.000021071
[16:05:07] ✅ clevr updated (N=1).
[16:05:07] 
🔍 Processing task: country (delta=1)
[16:05:07] [Country211] Loaded 1 samples, tensor torch.Size([1, 3, 320, 320])
[16:05:08] Layer stage0_block0: mean=0.000002193
[16:05:08] Layer stage0_block1: mean=0.000001519
[16:05:08] Layer stage0_block2: mean=0.000001165
[16:05:08] Layer stage1_downsample: mean=0.000002236
[16:05:09] Layer stage1_block0: mean=0.000002034
[16:05:09] Layer stage1_block1: mean=0.000003145
[16:05:09] Layer stage1_block2: mean=0.000002645
[16:05:09] Layer stage2_downsample: mean=0.000022702
[16:05:09] Layer stage2_block0: mean=0.000006533
[16:05:10] Layer stage2_block1: mean=0.000011481
[16:05:10] Layer stage2_block2: mean=0.000017158
[16:05:10] Layer stage2_block3: mean=0.000007353
[16:05:10] Layer stage2_block4: mean=0.000012466
[16:05:10] Layer stage2_block5: mean=0.000010087
[16:05:11] Layer stage2_block6: mean=0.000011394
[16:05:11] Layer stage2_block7: mean=0.000008641
[16:05:11] Layer stage2_block8: mean=0.000009141
[16:05:11] Layer stage2_block9: mean=0.000014710
[16:05:11] Layer stage2_block10: mean=0.000009631
[16:05:11] Layer stage2_block11: mean=0.000013353
[16:05:11] Layer stage2_block12: mean=0.000015278
[16:05:11] Layer stage2_block13: mean=0.000018275
[16:05:12] Layer stage2_block14: mean=0.000015964
[16:05:12] Layer stage2_block15: mean=0.000013754
[16:05:12] Layer stage2_block16: mean=0.000015577
[16:05:12] Layer stage2_block17: mean=0.000018191
[16:05:12] Layer stage2_block18: mean=0.000016077
[16:05:12] Layer stage2_block19: mean=0.000016673
[16:05:13] Layer stage2_block20: mean=0.000016350
[16:05:13] Layer stage2_block21: mean=0.000015440
[16:05:13] Layer stage2_block22: mean=0.000014196
[16:05:13] Layer stage2_block23: mean=0.000018183
[16:05:13] Layer stage2_block24: mean=0.000014623
[16:05:13] Layer stage2_block25: mean=0.000017628
[16:05:13] Layer stage2_block26: mean=0.000017420
[16:05:13] Layer stage3_downsample: mean=0.000034833
[16:05:14] Layer stage3_block0: mean=0.000030272
[16:05:14] Layer stage3_block1: mean=0.000025528
[16:05:14] Layer stage3_block2: mean=0.000021548
[16:05:14] ✅ country updated (N=1).
[16:05:14] 
🔍 Processing task: dmlab (delta=1)
[16:05:14] [DMLab] Loaded 1 samples (skipped 0), tensor torch.Size([1, 3, 320, 320])
[16:05:14] Layer stage0_block0: mean=0.000001890
[16:05:14] Layer stage0_block1: mean=0.000001148
[16:05:14] Layer stage0_block2: mean=0.000000739
[16:05:15] Layer stage1_downsample: mean=0.000001456
[16:05:15] Layer stage1_block0: mean=0.000003358
[16:05:15] Layer stage1_block1: mean=0.000003811
[16:05:15] Layer stage1_block2: mean=0.000001510
[16:05:15] Layer stage2_downsample: mean=0.000010510
[16:05:16] Layer stage2_block0: mean=0.000011982
[16:05:16] Layer stage2_block1: mean=0.000017057
[16:05:16] Layer stage2_block2: mean=0.000010113
[16:05:16] Layer stage2_block3: mean=0.000005681
[16:05:16] Layer stage2_block4: mean=0.000006427
[16:05:16] Layer stage2_block5: mean=0.000010724
[16:05:17] Layer stage2_block6: mean=0.000008209
[16:05:17] Layer stage2_block7: mean=0.000010936
[16:05:17] Layer stage2_block8: mean=0.000013134
[16:05:17] Layer stage2_block9: mean=0.000010559
[16:05:17] Layer stage2_block10: mean=0.000011672
[16:05:17] Layer stage2_block11: mean=0.000008852
[16:05:17] Layer stage2_block12: mean=0.000012065
[16:05:18] Layer stage2_block13: mean=0.000010875
[16:05:18] Layer stage2_block14: mean=0.000012645
[16:05:18] Layer stage2_block15: mean=0.000015877
[16:05:18] Layer stage2_block16: mean=0.000016631
[16:05:18] Layer stage2_block17: mean=0.000015363
[16:05:18] Layer stage2_block18: mean=0.000014305
[16:05:18] Layer stage2_block19: mean=0.000014613
[16:05:19] Layer stage2_block20: mean=0.000013460
[16:05:19] Layer stage2_block21: mean=0.000013790
[16:05:19] Layer stage2_block22: mean=0.000013134
[16:05:19] Layer stage2_block23: mean=0.000012620
[16:05:19] Layer stage2_block24: mean=0.000012780
[16:05:19] Layer stage2_block25: mean=0.000013368
[16:05:19] Layer stage2_block26: mean=0.000015687
[16:05:19] Layer stage3_downsample: mean=0.000026795
[16:05:20] Layer stage3_block0: mean=0.000031281
[16:05:20] Layer stage3_block1: mean=0.000021795
[16:05:20] Layer stage3_block2: mean=0.000019551
[16:05:20] ✅ dmlab updated (N=1).
[16:05:20] 
🔍 Processing task: dr (delta=1)
[16:05:20] [DR] Loaded 42670 paths from /root/autodl-tmp/modelselection/datasets/datasets/diabetic_retinopathy/test.txt
[16:05:20] [DR] Loaded 1 samples (skipped 0), tensor torch.Size([1, 3, 320, 320])
[16:05:20] Layer stage0_block0: mean=0.000001200
[16:05:20] Layer stage0_block1: mean=0.000001174
[16:05:21] Layer stage0_block2: mean=0.000000997
[16:05:21] Layer stage1_downsample: mean=0.000004541
[16:05:21] Layer stage1_block0: mean=0.000001670
[16:05:21] Layer stage1_block1: mean=0.000001704
[16:05:21] Layer stage1_block2: mean=0.000002685
[16:05:21] Layer stage2_downsample: mean=0.000007924
[16:05:22] Layer stage2_block0: mean=0.000009047
[16:05:22] Layer stage2_block1: mean=0.000007060
[16:05:22] Layer stage2_block2: mean=0.000005045
[16:05:22] Layer stage2_block3: mean=0.000008590
[16:05:22] Layer stage2_block4: mean=0.000014210
[16:05:22] Layer stage2_block5: mean=0.000008446
[16:05:22] Layer stage2_block6: mean=0.000012878
[16:05:23] Layer stage2_block7: mean=0.000010970
[16:05:23] Layer stage2_block8: mean=0.000012834
[16:05:23] Layer stage2_block9: mean=0.000009637
[16:05:23] Layer stage2_block10: mean=0.000014295
[16:05:23] Layer stage2_block11: mean=0.000012104
[16:05:23] Layer stage2_block12: mean=0.000010310
[16:05:23] Layer stage2_block13: mean=0.000012163
[16:05:24] Layer stage2_block14: mean=0.000011689
[16:05:24] Layer stage2_block15: mean=0.000015364
[16:05:24] Layer stage2_block16: mean=0.000014044
[16:05:24] Layer stage2_block17: mean=0.000015698
[16:05:24] Layer stage2_block18: mean=0.000017515
[16:05:24] Layer stage2_block19: mean=0.000016587
[16:05:24] Layer stage2_block20: mean=0.000013912
[16:05:25] Layer stage2_block21: mean=0.000014111
[16:05:25] Layer stage2_block22: mean=0.000014255
[16:05:25] Layer stage2_block23: mean=0.000014089
[16:05:25] Layer stage2_block24: mean=0.000012496
[16:05:25] Layer stage2_block25: mean=0.000014866
[16:05:25] Layer stage2_block26: mean=0.000014012
[16:05:25] Layer stage3_downsample: mean=0.000027689
[16:05:26] Layer stage3_block0: mean=0.000027853
[16:05:26] Layer stage3_block1: mean=0.000025831
[16:05:26] Layer stage3_block2: mean=0.000028493
[16:05:26] ✅ dr updated (N=1).
[16:05:26] 
🔍 Processing task: dtd (delta=1)
[16:05:26] [DTD] Collected 5640 image paths from /root/autodl-tmp/modelselection/datasets/datasets/dtd/labels
[16:05:26] [DTD] Loaded 1 samples (skipped 0), tensor torch.Size([1, 3, 320, 320])
[16:05:26] Layer stage0_block0: mean=0.000001324
[16:05:26] Layer stage0_block1: mean=0.000000916
[16:05:26] Layer stage0_block2: mean=0.000000742
[16:05:27] Layer stage1_downsample: mean=0.000001196
[16:05:27] Layer stage1_block0: mean=0.000000927
[16:05:27] Layer stage1_block1: mean=0.000002284
[16:05:27] Layer stage1_block2: mean=0.000004351
[16:05:27] Layer stage2_downsample: mean=0.000007027
[16:05:27] Layer stage2_block0: mean=0.000006951
[16:05:28] Layer stage2_block1: mean=0.000003943
[16:05:28] Layer stage2_block2: mean=0.000001763
[16:05:28] Layer stage2_block3: mean=0.000004306
[16:05:28] Layer stage2_block4: mean=0.000003398
[16:05:28] Layer stage2_block5: mean=0.000005632
[16:05:28] Layer stage2_block6: mean=0.000004464
[16:05:29] Layer stage2_block7: mean=0.000009000
[16:05:29] Layer stage2_block8: mean=0.000007604
[16:05:29] Layer stage2_block9: mean=0.000004178
[16:05:29] Layer stage2_block10: mean=0.000005524
[16:05:29] Layer stage2_block11: mean=0.000006664
[16:05:29] Layer stage2_block12: mean=0.000007701
[16:05:29] Layer stage2_block13: mean=0.000006978
[16:05:30] Layer stage2_block14: mean=0.000007365
[16:05:30] Layer stage2_block15: mean=0.000008190
[16:05:30] Layer stage2_block16: mean=0.000008974
[16:05:30] Layer stage2_block17: mean=0.000009662
[16:05:30] Layer stage2_block18: mean=0.000008382
[16:05:30] Layer stage2_block19: mean=0.000008326
[16:05:30] Layer stage2_block20: mean=0.000007937
[16:05:31] Layer stage2_block21: mean=0.000006924
[16:05:31] Layer stage2_block22: mean=0.000007950
[16:05:31] Layer stage2_block23: mean=0.000007428
[16:05:31] Layer stage2_block24: mean=0.000007295
[16:05:31] Layer stage2_block25: mean=0.000007405
[16:05:31] Layer stage2_block26: mean=0.000010011
[16:05:31] Layer stage3_downsample: mean=0.000020663
[16:05:32] Layer stage3_block0: mean=0.000021418
[16:05:32] Layer stage3_block1: mean=0.000015239
[16:05:32] Layer stage3_block2: mean=0.000014011
[16:05:32] ✅ dtd updated (N=1).
[16:05:32] 
🔍 Processing task: eurosat (delta=1)
[16:05:32] [EuroSAT] Collected 27000 images from 10 classes under /root/autodl-tmp/modelselection/datasets/datasets/eurosat/2750
[16:05:32] [EuroSAT] Loaded 1 samples (skipped 0), tensor torch.Size([1, 3, 320, 320])
[16:05:32] Layer stage0_block0: mean=0.000000622
[16:05:33] Layer stage0_block1: mean=0.000000405
[16:05:33] Layer stage0_block2: mean=0.000000294
[16:05:33] Layer stage1_downsample: mean=0.000000574
[16:05:33] Layer stage1_block0: mean=0.000002945
[16:05:33] Layer stage1_block1: mean=0.000001910
[16:05:33] Layer stage1_block2: mean=0.000005158
[16:05:34] Layer stage2_downsample: mean=0.000001288
[16:05:34] Layer stage2_block0: mean=0.000008462
[16:05:34] Layer stage2_block1: mean=0.000008309
[16:05:34] Layer stage2_block2: mean=0.000009337
[16:05:34] Layer stage2_block3: mean=0.000008624
[16:05:34] Layer stage2_block4: mean=0.000008382
[16:05:35] Layer stage2_block5: mean=0.000006660
[16:05:35] Layer stage2_block6: mean=0.000007798
[16:05:35] Layer stage2_block7: mean=0.000010997
[16:05:35] Layer stage2_block8: mean=0.000010260
[16:05:35] Layer stage2_block9: mean=0.000011342
[16:05:36] Layer stage2_block10: mean=0.000009821
[16:05:36] Layer stage2_block11: mean=0.000009387
[16:05:36] Layer stage2_block12: mean=0.000016435
[16:05:36] Layer stage2_block13: mean=0.000012511
[16:05:36] Layer stage2_block14: mean=0.000013592
[16:05:36] Layer stage2_block15: mean=0.000016470
[16:05:36] Layer stage2_block16: mean=0.000014989
[16:05:37] Layer stage2_block17: mean=0.000014923
[16:05:37] Layer stage2_block18: mean=0.000015287
[16:05:37] Layer stage2_block19: mean=0.000014332
[16:05:37] Layer stage2_block20: mean=0.000011112
[16:05:37] Layer stage2_block21: mean=0.000012707
[16:05:37] Layer stage2_block22: mean=0.000013253
[16:05:37] Layer stage2_block23: mean=0.000012451
[16:05:37] Layer stage2_block24: mean=0.000012049
[16:05:38] Layer stage2_block25: mean=0.000011112
[16:05:38] Layer stage2_block26: mean=0.000011849
[16:05:38] Layer stage3_downsample: mean=0.000026494
[16:05:38] Layer stage3_block0: mean=0.000025586
[16:05:38] Layer stage3_block1: mean=0.000020335
[16:05:38] Layer stage3_block2: mean=0.000027160
[16:05:38] ✅ eurosat updated (N=1).
[16:05:38] 
🔍 Processing task: fer2013 (delta=1)
[16:05:38] [FER2013] Loaded 1 samples (skipped 0), tensor torch.Size([1, 3, 320, 320])
[16:05:38] Layer stage0_block0: mean=0.000000827
[16:05:39] Layer stage0_block1: mean=0.000000535
[16:05:39] Layer stage0_block2: mean=0.000001170
[16:05:39] Layer stage1_downsample: mean=0.000002858
[16:05:39] Layer stage1_block0: mean=0.000001094
[16:05:39] Layer stage1_block1: mean=0.000001941
[16:05:39] Layer stage1_block2: mean=0.000001442
[16:05:40] Layer stage2_downsample: mean=0.000007950
[16:05:40] Layer stage2_block0: mean=0.000002816
[16:05:40] Layer stage2_block1: mean=0.000007185
[16:05:40] Layer stage2_block2: mean=0.000007857
[16:05:40] Layer stage2_block3: mean=0.000009912
[16:05:41] Layer stage2_block4: mean=0.000010757
[16:05:41] Layer stage2_block5: mean=0.000004498
[16:05:41] Layer stage2_block6: mean=0.000011315
[16:05:41] Layer stage2_block7: mean=0.000013401
[16:05:41] Layer stage2_block8: mean=0.000011992
[16:05:41] Layer stage2_block9: mean=0.000012937
[16:05:41] Layer stage2_block10: mean=0.000010653
[16:05:42] Layer stage2_block11: mean=0.000015064
[16:05:42] Layer stage2_block12: mean=0.000013880
[16:05:42] Layer stage2_block13: mean=0.000017305
[16:05:42] Layer stage2_block14: mean=0.000018439
[16:05:42] Layer stage2_block15: mean=0.000017894
[16:05:42] Layer stage2_block16: mean=0.000018068
[16:05:42] Layer stage2_block17: mean=0.000019828
[16:05:43] Layer stage2_block18: mean=0.000017398
[16:05:43] Layer stage2_block19: mean=0.000015316
[16:05:43] Layer stage2_block20: mean=0.000016338
[16:05:43] Layer stage2_block21: mean=0.000018876
[16:05:43] Layer stage2_block22: mean=0.000015616
[16:05:43] Layer stage2_block23: mean=0.000015769
[16:05:43] Layer stage2_block24: mean=0.000014597
[16:05:43] Layer stage2_block25: mean=0.000015488
[16:05:44] Layer stage2_block26: mean=0.000015510
[16:05:44] Layer stage3_downsample: mean=0.000037268
[16:05:44] Layer stage3_block0: mean=0.000032746
[16:05:44] Layer stage3_block1: mean=0.000025476
[16:05:44] Layer stage3_block2: mean=0.000012112
[16:05:44] ✅ fer2013 updated (N=1).
[16:05:44] 
🔍 Processing task: gtsrb (delta=1)
[16:05:44] [GTSRB] Collected 12630 test images.
[16:05:44] [GTSRB] Loaded 1 samples (skipped 0), tensor torch.Size([1, 3, 320, 320])
[16:05:44] Layer stage0_block0: mean=0.000002499
[16:05:45] Layer stage0_block1: mean=0.000000688
[16:05:45] Layer stage0_block2: mean=0.000000520
[16:05:45] Layer stage1_downsample: mean=0.000003949
[16:05:45] Layer stage1_block0: mean=0.000001021
[16:05:45] Layer stage1_block1: mean=0.000001250
[16:05:46] Layer stage1_block2: mean=0.000000780
[16:05:46] Layer stage2_downsample: mean=0.000001952
[16:05:46] Layer stage2_block0: mean=0.000007566
[16:05:46] Layer stage2_block1: mean=0.000001465
[16:05:46] Layer stage2_block2: mean=0.000007953
[16:05:46] Layer stage2_block3: mean=0.000008740
[16:05:47] Layer stage2_block4: mean=0.000006084
[16:05:47] Layer stage2_block5: mean=0.000009326
[16:05:47] Layer stage2_block6: mean=0.000014808
[16:05:47] Layer stage2_block7: mean=0.000009074
[16:05:47] Layer stage2_block8: mean=0.000008512
[16:05:47] Layer stage2_block9: mean=0.000010753
[16:05:47] Layer stage2_block10: mean=0.000011758
[16:05:48] Layer stage2_block11: mean=0.000007983
[16:05:48] Layer stage2_block12: mean=0.000013126
[16:05:48] Layer stage2_block13: mean=0.000011504
[16:05:48] Layer stage2_block14: mean=0.000011783
[16:05:48] Layer stage2_block15: mean=0.000014254
[16:05:48] Layer stage2_block16: mean=0.000014281
[16:05:48] Layer stage2_block17: mean=0.000013021
[16:05:49] Layer stage2_block18: mean=0.000011050
[16:05:49] Layer stage2_block19: mean=0.000014315
[16:05:49] Layer stage2_block20: mean=0.000012721
[16:05:49] Layer stage2_block21: mean=0.000012645
[16:05:49] Layer stage2_block22: mean=0.000013259
[16:05:49] Layer stage2_block23: mean=0.000013899
[16:05:49] Layer stage2_block24: mean=0.000011008
[16:05:49] Layer stage2_block25: mean=0.000012001
[16:05:50] Layer stage2_block26: mean=0.000010791
[16:05:50] Layer stage3_downsample: mean=0.000025374
[16:05:50] Layer stage3_block0: mean=0.000029162
[16:05:50] Layer stage3_block1: mean=0.000020674
[16:05:50] Layer stage3_block2: mean=0.000014083
[16:05:50] ✅ gtsrb updated (N=1).
[16:05:50] 
🔍 Processing task: kitti (delta=1)
[16:05:50] [KITTI] Collected 711 images from /root/autodl-tmp/modelselection/datasets/datasets/kitti/test.txt
[16:05:50] [KITTI] Loaded 1 samples (skipped 0), tensor torch.Size([1, 3, 320, 320])
[16:05:50] Layer stage0_block0: mean=0.000001674
[16:05:51] Layer stage0_block1: mean=0.000001253
[16:05:51] Layer stage0_block2: mean=0.000002953
[16:05:51] Layer stage1_downsample: mean=0.000003492
[16:05:51] Layer stage1_block0: mean=0.000001995
[16:05:51] Layer stage1_block1: mean=0.000001504
[16:05:52] Layer stage1_block2: mean=0.000003156
[16:05:52] Layer stage2_downsample: mean=0.000018246
[16:05:52] Layer stage2_block0: mean=0.000006064
[16:05:52] Layer stage2_block1: mean=0.000010276
[16:05:52] Layer stage2_block2: mean=0.000005493
[16:05:52] Layer stage2_block3: mean=0.000006723
[16:05:52] Layer stage2_block4: mean=0.000005626
[16:05:53] Layer stage2_block5: mean=0.000006539
[16:05:53] Layer stage2_block6: mean=0.000007020
[16:05:53] Layer stage2_block7: mean=0.000006558
[16:05:53] Layer stage2_block8: mean=0.000007194
[16:05:53] Layer stage2_block9: mean=0.000008070
[16:05:53] Layer stage2_block10: mean=0.000008877
[16:05:54] Layer stage2_block11: mean=0.000009219
[16:05:54] Layer stage2_block12: mean=0.000011073
[16:05:54] Layer stage2_block13: mean=0.000008974
[16:05:54] Layer stage2_block14: mean=0.000011695
[16:05:54] Layer stage2_block15: mean=0.000010230
[16:05:54] Layer stage2_block16: mean=0.000014113
[16:05:54] Layer stage2_block17: mean=0.000010672
[16:05:55] Layer stage2_block18: mean=0.000010086
[16:05:55] Layer stage2_block19: mean=0.000012618
[16:05:55] Layer stage2_block20: mean=0.000011436
[16:05:55] Layer stage2_block21: mean=0.000011459
[16:05:55] Layer stage2_block22: mean=0.000010296
[16:05:55] Layer stage2_block23: mean=0.000010435
[16:05:55] Layer stage2_block24: mean=0.000013484
[16:05:56] Layer stage2_block25: mean=0.000013109
[16:05:56] Layer stage2_block26: mean=0.000013260
[16:05:56] Layer stage3_downsample: mean=0.000023911
[16:05:56] Layer stage3_block0: mean=0.000025563
[16:05:56] Layer stage3_block1: mean=0.000019488
[16:05:56] Layer stage3_block2: mean=0.000015381
[16:05:56] ✅ kitti updated (N=1).
[16:05:56] 
🔍 Processing task: mnist (delta=1)
[16:05:56] [MNIST] Loaded split='test' with 10000 samples from data/mnist
[16:05:56] [MNIST] Loaded 1 samples, tensor torch.Size([1, 3, 320, 320])
[16:05:56] Layer stage0_block0: mean=0.000001369
[16:05:57] Layer stage0_block1: mean=0.000000497
[16:05:57] Layer stage0_block2: mean=0.000000356
[16:05:57] Layer stage1_downsample: mean=0.000003059
[16:05:57] Layer stage1_block0: mean=0.000001876
[16:05:57] Layer stage1_block1: mean=0.000002705
[16:05:57] Layer stage1_block2: mean=0.000000926
[16:05:58] Layer stage2_downsample: mean=0.000002472
[16:05:58] Layer stage2_block0: mean=0.000002653
[16:05:58] Layer stage2_block1: mean=0.000004648
[16:05:58] Layer stage2_block2: mean=0.000008300
[16:05:58] Layer stage2_block3: mean=0.000005203
[16:05:58] Layer stage2_block4: mean=0.000007582
[16:05:59] Layer stage2_block5: mean=0.000006854
[16:05:59] Layer stage2_block6: mean=0.000008760
[16:05:59] Layer stage2_block7: mean=0.000007079
[16:05:59] Layer stage2_block8: mean=0.000012835
[16:05:59] Layer stage2_block9: mean=0.000009090
[16:05:59] Layer stage2_block10: mean=0.000008649
[16:05:59] Layer stage2_block11: mean=0.000008540
[16:06:00] Layer stage2_block12: mean=0.000013053
[16:06:00] Layer stage2_block13: mean=0.000011736
[16:06:00] Layer stage2_block14: mean=0.000013469
[16:06:00] Layer stage2_block15: mean=0.000011347
[16:06:00] Layer stage2_block16: mean=0.000014066
[16:06:00] Layer stage2_block17: mean=0.000015417
[16:06:01] Layer stage2_block18: mean=0.000014061
[16:06:01] Layer stage2_block19: mean=0.000012766
[16:06:01] Layer stage2_block20: mean=0.000011826
[16:06:01] Layer stage2_block21: mean=0.000011879
[16:06:01] Layer stage2_block22: mean=0.000011243
[16:06:01] Layer stage2_block23: mean=0.000011744
[16:06:01] Layer stage2_block24: mean=0.000012549
[16:06:02] Layer stage2_block25: mean=0.000012054
[16:06:02] Layer stage2_block26: mean=0.000014030
[16:06:02] Layer stage3_downsample: mean=0.000026366
[16:06:02] Layer stage3_block0: mean=0.000025315
[16:06:02] Layer stage3_block1: mean=0.000023117
[16:06:02] Layer stage3_block2: mean=0.000018283
[16:06:02] ✅ mnist updated (N=1).
[16:06:02] 
🔍 Processing task: oxford_flowers (delta=1)
[16:06:02] [OxfordFlowers] Loaded 1 samples (skipped 0), tensor torch.Size([1, 3, 320, 320])
[16:06:02] Layer stage0_block0: mean=0.000001350
[16:06:02] Layer stage0_block1: mean=0.000001206
[16:06:03] Layer stage0_block2: mean=0.000002789
[16:06:03] Layer stage1_downsample: mean=0.000004607
[16:06:03] Layer stage1_block0: mean=0.000001459
[16:06:03] Layer stage1_block1: mean=0.000001714
[16:06:03] Layer stage1_block2: mean=0.000001434
[16:06:04] Layer stage2_downsample: mean=0.000011244
[16:06:04] Layer stage2_block0: mean=0.000009067
[16:06:04] Layer stage2_block1: mean=0.000006841
[16:06:04] Layer stage2_block2: mean=0.000010240
[16:06:04] Layer stage2_block3: mean=0.000007897
[16:06:04] Layer stage2_block4: mean=0.000009184
[16:06:04] Layer stage2_block5: mean=0.000009856
[16:06:05] Layer stage2_block6: mean=0.000009509
[16:06:05] Layer stage2_block7: mean=0.000011302
[16:06:05] Layer stage2_block8: mean=0.000014873
[16:06:05] Layer stage2_block9: mean=0.000011893
[16:06:05] Layer stage2_block10: mean=0.000009308
[16:06:06] Layer stage2_block11: mean=0.000011517
[16:06:06] Layer stage2_block12: mean=0.000010853
[16:06:06] Layer stage2_block13: mean=0.000010176
[16:06:06] Layer stage2_block14: mean=0.000010275
[16:06:06] Layer stage2_block15: mean=0.000011180
[16:06:06] Layer stage2_block16: mean=0.000013467
[16:06:06] Layer stage2_block17: mean=0.000013578
[16:06:07] Layer stage2_block18: mean=0.000015662
[16:06:07] Layer stage2_block19: mean=0.000014859
[16:06:07] Layer stage2_block20: mean=0.000015145
[16:06:07] Layer stage2_block21: mean=0.000011660
[16:06:07] Layer stage2_block22: mean=0.000014354
[16:06:07] Layer stage2_block23: mean=0.000013791
[16:06:07] Layer stage2_block24: mean=0.000013234
[16:06:07] Layer stage2_block25: mean=0.000011536
[16:06:08] Layer stage2_block26: mean=0.000013929
[16:06:08] Layer stage3_downsample: mean=0.000023963
[16:06:08] Layer stage3_block0: mean=0.000026402
[16:06:08] Layer stage3_block1: mean=0.000022628
[16:06:08] Layer stage3_block2: mean=0.000014500
[16:06:08] ✅ oxford_flowers updated (N=1).
[16:06:08] 
🔍 Processing task: oxford_pet (delta=1)
[16:06:08] [OxfordPet] Loaded 1 samples (skipped 0), tensor torch.Size([1, 3, 320, 320])
[16:06:08] Layer stage0_block0: mean=0.000001774
[16:06:08] Layer stage0_block1: mean=0.000001408
[16:06:09] Layer stage0_block2: mean=0.000003428
[16:06:09] Layer stage1_downsample: mean=0.000001805
[16:06:09] Layer stage1_block0: mean=0.000003329
[16:06:09] Layer stage1_block1: mean=0.000003041
[16:06:09] Layer stage1_block2: mean=0.000002611
[16:06:10] Layer stage2_downsample: mean=0.000014648
[16:06:10] Layer stage2_block0: mean=0.000004966
[16:06:10] Layer stage2_block1: mean=0.000007524
[16:06:10] Layer stage2_block2: mean=0.000013227
[16:06:10] Layer stage2_block3: mean=0.000007707
[16:06:11] Layer stage2_block4: mean=0.000007653
[16:06:11] Layer stage2_block5: mean=0.000008775
[16:06:11] Layer stage2_block6: mean=0.000007923
[16:06:11] Layer stage2_block7: mean=0.000008675
[16:06:11] Layer stage2_block8: mean=0.000008913
[16:06:11] Layer stage2_block9: mean=0.000008901
[16:06:12] Layer stage2_block10: mean=0.000012886
[16:06:12] Layer stage2_block11: mean=0.000009779
[16:06:12] Layer stage2_block12: mean=0.000014328
[16:06:12] Layer stage2_block13: mean=0.000011830
[16:06:12] Layer stage2_block14: mean=0.000012275
[16:06:12] Layer stage2_block15: mean=0.000010870
[16:06:12] Layer stage2_block16: mean=0.000011798
[16:06:13] Layer stage2_block17: mean=0.000015903
[16:06:13] Layer stage2_block18: mean=0.000015258
[16:06:13] Layer stage2_block19: mean=0.000015240
[16:06:13] Layer stage2_block20: mean=0.000016059
[16:06:13] Layer stage2_block21: mean=0.000014166
[16:06:13] Layer stage2_block22: mean=0.000012500
[16:06:13] Layer stage2_block23: mean=0.000014607
[16:06:13] Layer stage2_block24: mean=0.000013221
[16:06:14] Layer stage2_block25: mean=0.000014616
[16:06:14] Layer stage2_block26: mean=0.000013577
[16:06:14] Layer stage3_downsample: mean=0.000027699
[16:06:14] Layer stage3_block0: mean=0.000028289
[16:06:14] Layer stage3_block1: mean=0.000024966
[16:06:14] Layer stage3_block2: mean=0.000019211
[16:06:14] ✅ oxford_pet updated (N=1).
[16:06:14] 
🔍 Processing task: patch_camelyon (delta=1)
[16:06:14] [PatchCamelyon] Collected 32768 image paths from /root/autodl-tmp/modelselection/datasets/datasets/patch_camelyon/test.txt
[16:06:14] [PatchCamelyon] Loaded 1 samples (skipped 0), tensor torch.Size([1, 3, 320, 320])
[16:06:15] Layer stage0_block0: mean=0.000001881
[16:06:15] Layer stage0_block1: mean=0.000002950
[16:06:15] Layer stage0_block2: mean=0.000001005
[16:06:15] Layer stage1_downsample: mean=0.000001964
[16:06:15] Layer stage1_block0: mean=0.000002117
[16:06:16] Layer stage1_block1: mean=0.000002099
[16:06:16] Layer stage1_block2: mean=0.000002646
[16:06:16] Layer stage2_downsample: mean=0.000003937
[16:06:16] Layer stage2_block0: mean=0.000008213
[16:06:16] Layer stage2_block1: mean=0.000007843
[16:06:16] Layer stage2_block2: mean=0.000007701
[16:06:17] Layer stage2_block3: mean=0.000010285
[16:06:17] Layer stage2_block4: mean=0.000009452
[16:06:17] Layer stage2_block5: mean=0.000008980
[16:06:17] Layer stage2_block6: mean=0.000008126
[16:06:17] Layer stage2_block7: mean=0.000010356
[16:06:17] Layer stage2_block8: mean=0.000015776
[16:06:18] Layer stage2_block9: mean=0.000011743
[16:06:18] Layer stage2_block10: mean=0.000013167
[16:06:18] Layer stage2_block11: mean=0.000007751
[16:06:18] Layer stage2_block12: mean=0.000008107
[16:06:18] Layer stage2_block13: mean=0.000015726
[16:06:18] Layer stage2_block14: mean=0.000012666
[16:06:18] Layer stage2_block15: mean=0.000015492
[16:06:19] Layer stage2_block16: mean=0.000017228
[16:06:19] Layer stage2_block17: mean=0.000018318
[16:06:19] Layer stage2_block18: mean=0.000012245
[16:06:19] Layer stage2_block19: mean=0.000013154
[16:06:19] Layer stage2_block20: mean=0.000015847
[16:06:19] Layer stage2_block21: mean=0.000014932
[16:06:19] Layer stage2_block22: mean=0.000012574
[16:06:19] Layer stage2_block23: mean=0.000013844
[16:06:20] Layer stage2_block24: mean=0.000013918
[16:06:20] Layer stage2_block25: mean=0.000011195
[16:06:20] Layer stage2_block26: mean=0.000014488
[16:06:20] Layer stage3_downsample: mean=0.000021353
[16:06:20] Layer stage3_block0: mean=0.000032545
[16:06:20] Layer stage3_block1: mean=0.000030131
[16:06:20] Layer stage3_block2: mean=0.000021236
[16:06:20] ✅ patch_camelyon updated (N=1).
[16:06:20] 
🔍 Processing task: renderedsst2 (delta=1)
[16:06:20] [RenderedSST2] Loaded 1 samples (skipped 0), tensor torch.Size([1, 3, 320, 320])
[16:06:21] Layer stage0_block0: mean=0.000001403
[16:06:21] Layer stage0_block1: mean=0.000001935
[16:06:21] Layer stage0_block2: mean=0.000000577
[16:06:21] Layer stage1_downsample: mean=0.000001498
[16:06:21] Layer stage1_block0: mean=0.000001284
[16:06:22] Layer stage1_block1: mean=0.000000939
[16:06:22] Layer stage1_block2: mean=0.000001646
[16:06:22] Layer stage2_downsample: mean=0.000002345
[16:06:22] Layer stage2_block0: mean=0.000005551
[16:06:22] Layer stage2_block1: mean=0.000007697
[16:06:22] Layer stage2_block2: mean=0.000003033
[16:06:23] Layer stage2_block3: mean=0.000004453
[16:06:23] Layer stage2_block4: mean=0.000003566
[16:06:23] Layer stage2_block5: mean=0.000007803
[16:06:23] Layer stage2_block6: mean=0.000011828
[16:06:23] Layer stage2_block7: mean=0.000005541
[16:06:23] Layer stage2_block8: mean=0.000006403
[16:06:23] Layer stage2_block9: mean=0.000005332
[16:06:24] Layer stage2_block10: mean=0.000009567
[16:06:24] Layer stage2_block11: mean=0.000010512
[16:06:24] Layer stage2_block12: mean=0.000009709
[16:06:24] Layer stage2_block13: mean=0.000011250
[16:06:24] Layer stage2_block14: mean=0.000009488
[16:06:24] Layer stage2_block15: mean=0.000010709
[16:06:24] Layer stage2_block16: mean=0.000009772
[16:06:25] Layer stage2_block17: mean=0.000010173
[16:06:25] Layer stage2_block18: mean=0.000019125
[16:06:25] Layer stage2_block19: mean=0.000015902
[16:06:25] Layer stage2_block20: mean=0.000013821
[16:06:25] Layer stage2_block21: mean=0.000013524
[16:06:25] Layer stage2_block22: mean=0.000013259
[16:06:25] Layer stage2_block23: mean=0.000014858
[16:06:25] Layer stage2_block24: mean=0.000014310
[16:06:25] Layer stage2_block25: mean=0.000015924
[16:06:26] Layer stage2_block26: mean=0.000019778
[16:06:26] Layer stage3_downsample: mean=0.000033323
[16:06:26] Layer stage3_block0: mean=0.000037373
[16:06:26] Layer stage3_block1: mean=0.000034468
[16:06:26] Layer stage3_block2: mean=0.000034689
[16:06:26] ✅ renderedsst2 updated (N=1).
[16:06:26] 
🔍 Processing task: resisc45 (delta=1)
[16:06:26] [RESISC45] Collected 6300 images from /root/autodl-tmp/modelselection/datasets/datasets/resisc45/test.txt
[16:06:26] [RESISC45] Loaded 1 samples (skipped 0), tensor torch.Size([1, 3, 320, 320])
[16:06:26] Layer stage0_block0: mean=0.000001480
[16:06:26] Layer stage0_block1: mean=0.000001184
[16:06:26] Layer stage0_block2: mean=0.000002192
[16:06:26] Layer stage1_downsample: mean=0.000003118
[16:06:27] Layer stage1_block0: mean=0.000001645
[16:06:27] Layer stage1_block1: mean=0.000002613
[16:06:27] Layer stage1_block2: mean=0.000005397
[16:06:27] Layer stage2_downsample: mean=0.000017325
[16:06:27] Layer stage2_block0: mean=0.000016679
[16:06:27] Layer stage2_block1: mean=0.000015060
[16:06:27] Layer stage2_block2: mean=0.000010041
[16:06:27] Layer stage2_block3: mean=0.000013079
[16:06:27] Layer stage2_block4: mean=0.000008584
[16:06:27] Layer stage2_block5: mean=0.000006972
[16:06:28] Layer stage2_block6: mean=0.000010342
[16:06:28] Layer stage2_block7: mean=0.000013123
[16:06:28] Layer stage2_block8: mean=0.000010047
[16:06:28] Layer stage2_block9: mean=0.000016506
[16:06:28] Layer stage2_block10: mean=0.000011900
[16:06:28] Layer stage2_block11: mean=0.000014482
[16:06:28] Layer stage2_block12: mean=0.000015937
[16:06:28] Layer stage2_block13: mean=0.000018695
[16:06:28] Layer stage2_block14: mean=0.000014831
[16:06:28] Layer stage2_block15: mean=0.000014483
[16:06:28] Layer stage2_block16: mean=0.000016360
[16:06:29] Layer stage2_block17: mean=0.000015807
[16:06:29] Layer stage2_block18: mean=0.000021446
[16:06:29] Layer stage2_block19: mean=0.000019323
[16:06:29] Layer stage2_block20: mean=0.000017246
[16:06:29] Layer stage2_block21: mean=0.000015832
[16:06:29] Layer stage2_block22: mean=0.000018131
[16:06:29] Layer stage2_block23: mean=0.000016954
[16:06:29] Layer stage2_block24: mean=0.000015245
[16:06:29] Layer stage2_block25: mean=0.000016266
[16:06:29] Layer stage2_block26: mean=0.000015388
[16:06:29] Layer stage3_downsample: mean=0.000034430
[16:06:29] Layer stage3_block0: mean=0.000037173
[16:06:30] Layer stage3_block1: mean=0.000028571
[16:06:30] Layer stage3_block2: mean=0.000019123
[16:06:30] ✅ resisc45 updated (N=1).
[16:06:30] 
🔍 Processing task: stl10 (delta=1)
[16:06:30] [STL10] Loaded 1 samples, tensor torch.Size([1, 3, 320, 320])
[16:06:30] Layer stage0_block0: mean=0.000001247
[16:06:30] Layer stage0_block1: mean=0.000001025
[16:06:30] Layer stage0_block2: mean=0.000001803
[16:06:30] Layer stage1_downsample: mean=0.000001872
[16:06:30] Layer stage1_block0: mean=0.000001617
[16:06:30] Layer stage1_block1: mean=0.000005216
[16:06:31] Layer stage1_block2: mean=0.000002758
[16:06:31] Layer stage2_downsample: mean=0.000002553
[16:06:31] Layer stage2_block0: mean=0.000012074
[16:06:31] Layer stage2_block1: mean=0.000017920
[16:06:31] Layer stage2_block2: mean=0.000020628
[16:06:31] Layer stage2_block3: mean=0.000015309
[16:06:31] Layer stage2_block4: mean=0.000013061
[16:06:31] Layer stage2_block5: mean=0.000013448
[16:06:31] Layer stage2_block6: mean=0.000018690
[16:06:31] Layer stage2_block7: mean=0.000014334
[16:06:32] Layer stage2_block8: mean=0.000013060
[16:06:32] Layer stage2_block9: mean=0.000012269
[16:06:32] Layer stage2_block10: mean=0.000019290
[16:06:32] Layer stage2_block11: mean=0.000014846
[16:06:32] Layer stage2_block12: mean=0.000026688
[16:06:32] Layer stage2_block13: mean=0.000016867
[16:06:32] Layer stage2_block14: mean=0.000016487
[16:06:32] Layer stage2_block15: mean=0.000014291
[16:06:32] Layer stage2_block16: mean=0.000019779
[16:06:32] Layer stage2_block17: mean=0.000020131
[16:06:32] Layer stage2_block18: mean=0.000017678
[16:06:33] Layer stage2_block19: mean=0.000020459
[16:06:33] Layer stage2_block20: mean=0.000019688
[16:06:33] Layer stage2_block21: mean=0.000019105
[16:06:33] Layer stage2_block22: mean=0.000016778
[16:06:33] Layer stage2_block23: mean=0.000016717
[16:06:33] Layer stage2_block24: mean=0.000018275
[16:06:33] Layer stage2_block25: mean=0.000017870
[16:06:33] Layer stage2_block26: mean=0.000018134
[16:06:33] Layer stage3_downsample: mean=0.000038225
[16:06:33] Layer stage3_block0: mean=0.000037134
[16:06:33] Layer stage3_block1: mean=0.000027267
[16:06:33] Layer stage3_block2: mean=0.000022455
[16:06:33] ✅ stl10 updated (N=1).
[16:06:33] 
🔍 Processing task: sun397 (delta=1)
[16:06:33] [SUN397] Loaded 1 samples (skipped 0), tensor torch.Size([1, 3, 320, 320])
[16:06:34] Layer stage0_block0: mean=0.000001638
[16:06:34] Layer stage0_block1: mean=0.000001447
[16:06:34] Layer stage0_block2: mean=0.000002582
[16:06:34] Layer stage1_downsample: mean=0.000005028
[16:06:34] Layer stage1_block0: mean=0.000001449
[16:06:34] Layer stage1_block1: mean=0.000002262
[16:06:34] Layer stage1_block2: mean=0.000001430
[16:06:34] Layer stage2_downsample: mean=0.000007323
[16:06:34] Layer stage2_block0: mean=0.000010117
[16:06:35] Layer stage2_block1: mean=0.000005066
[16:06:35] Layer stage2_block2: mean=0.000004109
[16:06:35] Layer stage2_block3: mean=0.000003822
[16:06:35] Layer stage2_block4: mean=0.000005369
[16:06:35] Layer stage2_block5: mean=0.000005754
[16:06:35] Layer stage2_block6: mean=0.000006073
[16:06:35] Layer stage2_block7: mean=0.000013921
[16:06:35] Layer stage2_block8: mean=0.000012206
[16:06:35] Layer stage2_block9: mean=0.000009192
[16:06:36] Layer stage2_block10: mean=0.000010221
[16:06:36] Layer stage2_block11: mean=0.000013393
[16:06:36] Layer stage2_block12: mean=0.000013573
[16:06:36] Layer stage2_block13: mean=0.000011377
[16:06:36] Layer stage2_block14: mean=0.000011712
[16:06:36] Layer stage2_block15: mean=0.000011318
[16:06:36] Layer stage2_block16: mean=0.000014923
[16:06:36] Layer stage2_block17: mean=0.000013516
[16:06:36] Layer stage2_block18: mean=0.000014421
[16:06:36] Layer stage2_block19: mean=0.000014654
[16:06:36] Layer stage2_block20: mean=0.000014308
[16:06:37] Layer stage2_block21: mean=0.000013224
[16:06:37] Layer stage2_block22: mean=0.000012724
[16:06:37] Layer stage2_block23: mean=0.000012945
[16:06:37] Layer stage2_block24: mean=0.000014289
[16:06:37] Layer stage2_block25: mean=0.000015004
[16:06:37] Layer stage2_block26: mean=0.000016691
[16:06:37] Layer stage3_downsample: mean=0.000027939
[16:06:37] Layer stage3_block0: mean=0.000030948
[16:06:37] Layer stage3_block1: mean=0.000028121
[16:06:37] Layer stage3_block2: mean=0.000007359
[16:06:37] ✅ sun397 updated (N=1).
[16:06:37] 
🔍 Processing task: svhn (delta=1)
[16:06:37] [SVHN] Loaded 1 samples (skipped 0), tensor torch.Size([1, 3, 320, 320])
[16:06:37] Layer stage0_block0: mean=0.000000859
[16:06:37] Layer stage0_block1: mean=0.000000343
[16:06:38] Layer stage0_block2: mean=0.000000630
[16:06:38] Layer stage1_downsample: mean=0.000000474
[16:06:38] Layer stage1_block0: mean=0.000000333
[16:06:38] Layer stage1_block1: mean=0.000001680
[16:06:38] Layer stage1_block2: mean=0.000001891
[16:06:38] Layer stage2_downsample: mean=0.000002001
[16:06:38] Layer stage2_block0: mean=0.000008775
[16:06:38] Layer stage2_block1: mean=0.000005389
[16:06:38] Layer stage2_block2: mean=0.000003053
[16:06:39] Layer stage2_block3: mean=0.000007062
[16:06:39] Layer stage2_block4: mean=0.000008722
[16:06:39] Layer stage2_block5: mean=0.000008539
[16:06:39] Layer stage2_block6: mean=0.000007334
[16:06:39] Layer stage2_block7: mean=0.000013198
[16:06:39] Layer stage2_block8: mean=0.000007276
[16:06:39] Layer stage2_block9: mean=0.000008376
[16:06:39] Layer stage2_block10: mean=0.000006563
[16:06:39] Layer stage2_block11: mean=0.000010425
[16:06:39] Layer stage2_block12: mean=0.000010397
[16:06:39] Layer stage2_block13: mean=0.000014356
[16:06:40] Layer stage2_block14: mean=0.000011433
[16:06:40] Layer stage2_block15: mean=0.000008357
[16:06:40] Layer stage2_block16: mean=0.000010198
[16:06:40] Layer stage2_block17: mean=0.000011497
[16:06:40] Layer stage2_block18: mean=0.000010866
[16:06:40] Layer stage2_block19: mean=0.000011603
[16:06:40] Layer stage2_block20: mean=0.000010295
[16:06:40] Layer stage2_block21: mean=0.000010384
[16:06:40] Layer stage2_block22: mean=0.000009715
[16:06:40] Layer stage2_block23: mean=0.000008748
[16:06:41] Layer stage2_block24: mean=0.000007926
[16:06:41] Layer stage2_block25: mean=0.000010856
[16:06:41] Layer stage2_block26: mean=0.000010190
[16:06:41] Layer stage3_downsample: mean=0.000029330
[16:06:41] Layer stage3_block0: mean=0.000028281
[16:06:41] Layer stage3_block1: mean=0.000020042
[16:06:41] Layer stage3_block2: mean=0.000016307
[16:06:41] ✅ svhn updated (N=1).
[16:06:41] 
🔍 Processing task: voc_pose (delta=1)
[16:06:41] [VOC] Loaded 1 samples (skipped 0), tensor torch.Size([1, 3, 320, 320])
[16:06:41] Layer stage0_block0: mean=0.000001270
[16:06:41] Layer stage0_block1: mean=0.000001217
[16:06:41] Layer stage0_block2: mean=0.000002847
[16:06:42] Layer stage1_downsample: mean=0.000001904
[16:06:42] Layer stage1_block0: mean=0.000002775
[16:06:42] Layer stage1_block1: mean=0.000004698
[16:06:42] Layer stage1_block2: mean=0.000003461
[16:06:42] Layer stage2_downsample: mean=0.000004800
[16:06:42] Layer stage2_block0: mean=0.000010599
[16:06:42] Layer stage2_block1: mean=0.000008020
[16:06:42] Layer stage2_block2: mean=0.000010720
[16:06:42] Layer stage2_block3: mean=0.000011696
[16:06:42] Layer stage2_block4: mean=0.000005669
[16:06:43] Layer stage2_block5: mean=0.000012673
[16:06:43] Layer stage2_block6: mean=0.000007511
[16:06:43] Layer stage2_block7: mean=0.000012597
[16:06:43] Layer stage2_block8: mean=0.000012186
[16:06:43] Layer stage2_block9: mean=0.000013847
[16:06:43] Layer stage2_block10: mean=0.000011636
[16:06:43] Layer stage2_block11: mean=0.000011651
[16:06:43] Layer stage2_block12: mean=0.000014624
[16:06:43] Layer stage2_block13: mean=0.000012421
[16:06:43] Layer stage2_block14: mean=0.000013824
[16:06:43] Layer stage2_block15: mean=0.000016317
[16:06:44] Layer stage2_block16: mean=0.000014591
[16:06:44] Layer stage2_block17: mean=0.000015520
[16:06:44] Layer stage2_block18: mean=0.000011990
[16:06:44] Layer stage2_block19: mean=0.000014342
[16:06:44] Layer stage2_block20: mean=0.000014984
[16:06:44] Layer stage2_block21: mean=0.000017246
[16:06:44] Layer stage2_block22: mean=0.000013595
[16:06:44] Layer stage2_block23: mean=0.000014815
[16:06:44] Layer stage2_block24: mean=0.000014457
[16:06:44] Layer stage2_block25: mean=0.000014012
[16:06:44] Layer stage2_block26: mean=0.000012658
[16:06:44] Layer stage3_downsample: mean=0.000042265
[16:06:45] Layer stage3_block0: mean=0.000027723
[16:06:45] Layer stage3_block1: mean=0.000027327
[16:06:45] Layer stage3_block2: mean=0.000017862
[16:06:45] ✅ voc_pose updated (N=1).
[16:06:45] ✅ Results saved for milestone 1.
