/root/miniconda3/envs/reason/lib/python3.10/site-packages/transformers/utils/hub.py:111: FutureWarning: Using `TRANSFORMERS_CACHE` is deprecated and will be removed in v5 of Transformers. Use `HF_HOME` instead.
  warnings.warn(
[15:48:30] Using device: cuda, seed: 55
[15:48:30] Parsing model identifier. Schema: None, Identifier: convnext_xxlarge
[15:48:30] Loaded built-in convnext_xxlarge model config.
[15:48:31] Instantiating model architecture: CLIP
[15:48:40] Loading full pretrained weights from: /root/autodl-tmp/hf_cache/models--laion--CLIP-convnext_xxlarge-laion2B-s34B-b82K-augreg-soup/snapshots/9f3e8ee3f383c672388d9178afe70af9e63ac9df/open_clip_pytorch_model.bin
[15:48:42] Final image preprocessing configuration set: {'size': (256, 256), 'mode': 'RGB', 'mean': (0.48145466, 0.4578275, 0.40821073), 'std': (0.26862954, 0.26130258, 0.27577711), 'interpolation': 'bicubic', 'resize_mode': 'shortest', 'fill_color': 0}
[15:48:42] Model convnext_xxlarge creation process complete.
[15:48:44] Detected ConvNeXt with 43 layers.
[15:48:44] Model convnext_xxlarge loaded (43 layers detected).
[15:48:44] Using ConvNeXt forward_func for convnext_xxlarge
[15:48:45] [FER2013] Column 'Usage' not found, using all rows.
[15:48:45] [FER2013] Loaded 28709 images from /root/autodl-tmp/modelselection/datasets/datasets/fer2013/train.csv
[15:48:45] [OxfordFlowers] Loaded split='test' with 6149 images from /root/autodl-tmp/modelselection/datasets/datasets/oxford_flowers
[15:48:45] [OxfordPet] Loaded split='test' with 3669 samples from /root/autodl-tmp/modelselection/datasets/datasets/oxford-pet/annotations/test.txt
[15:48:45] [RenderedSST2] Loaded 1821 images from /root/autodl-tmp/modelselection/datasets/datasets/renderedsst2/rendered-sst2/test
[15:48:46] [STL10] Loaded split='test' with 8000 images from /root/autodl-tmp/modelselection/datasets/datasets/stl10/stl10_binary/test_X.bin
[15:48:46] [SUN397] Loaded split='test' with 19850 images
[15:48:46] [SVHN] Loaded 26032 images from /root/autodl-tmp/modelselection/datasets/datasets/svhn/test.txt
[15:48:46] [VOC] Loaded 9963 images from annotations
[15:48:46] === Reaching milestone N=1 ===
[15:48:46] 
🔍 Processing task: car (delta=1)
[15:48:47] [Cars] Loaded 1 samples, tensor torch.Size([1, 3, 256, 256])
/root/autodl-tmp/modelselection/frame_v2/framework/conductance.py:20: FutureWarning: `torch.cuda.amp.autocast(args...)` is deprecated. Please use `torch.amp.autocast('cuda', args...)` instead.
  with torch.cuda.amp.autocast(enabled=use_amp):
[15:48:51] Layer stage0_block0: mean=0.000001759
[15:48:52] Layer stage0_block1: mean=0.000001447
[15:48:52] Layer stage0_block2: mean=0.000001323
[15:48:53] Layer stage1_downsample: mean=0.000004957
[15:48:54] Layer stage1_block0: mean=0.000003492
[15:48:54] Layer stage1_block1: mean=0.000003032
[15:48:55] Layer stage1_block2: mean=0.000002943
[15:48:55] Layer stage1_block3: mean=0.000003677
[15:48:56] Layer stage2_downsample: mean=0.000005351
[15:48:56] Layer stage2_block0: mean=0.000004948
[15:48:57] Layer stage2_block1: mean=0.000005477
[15:48:57] Layer stage2_block2: mean=0.000006328
[15:48:58] Layer stage2_block3: mean=0.000006073
[15:48:58] Layer stage2_block4: mean=0.000006299
[15:48:59] Layer stage2_block5: mean=0.000006601
[15:48:59] Layer stage2_block6: mean=0.000006898
[15:49:00] Layer stage2_block7: mean=0.000006022
[15:49:00] Layer stage2_block8: mean=0.000005988
[15:49:01] Layer stage2_block9: mean=0.000007044
[15:49:01] Layer stage2_block10: mean=0.000006393
[15:49:01] Layer stage2_block11: mean=0.000006167
[15:49:02] Layer stage2_block12: mean=0.000006057
[15:49:02] Layer stage2_block13: mean=0.000005922
[15:49:03] Layer stage2_block14: mean=0.000006531
[15:49:03] Layer stage2_block15: mean=0.000006079
[15:49:03] Layer stage2_block16: mean=0.000007221
[15:49:04] Layer stage2_block17: mean=0.000006082
[15:49:04] Layer stage2_block18: mean=0.000006376
[15:49:05] Layer stage2_block19: mean=0.000007145
[15:49:05] Layer stage2_block20: mean=0.000006863
[15:49:06] Layer stage2_block21: mean=0.000006931
[15:49:06] Layer stage2_block22: mean=0.000008242
[15:49:07] Layer stage2_block23: mean=0.000006608
[15:49:07] Layer stage2_block24: mean=0.000008838
[15:49:07] Layer stage2_block25: mean=0.000008520
[15:49:08] Layer stage2_block26: mean=0.000008080
[15:49:08] Layer stage2_block27: mean=0.000008320
[15:49:08] Layer stage2_block28: mean=0.000007732
[15:49:09] Layer stage2_block29: mean=0.000007818
[15:49:09] Layer stage3_downsample: mean=0.000012261
[15:49:09] Layer stage3_block0: mean=0.000014070
[15:49:10] Layer stage3_block1: mean=0.000014396
[15:49:10] Layer stage3_block2: mean=0.000005550
[15:49:10] ✅ car updated (N=1).
[15:49:10] 
🔍 Processing task: cifar (delta=1)
[15:49:10] [CIFAR] Loaded 1 samples, tensor torch.Size([1, 3, 256, 256])
[15:49:11] Layer stage0_block0: mean=0.000001257
[15:49:11] Layer stage0_block1: mean=0.000000850
[15:49:12] Layer stage0_block2: mean=0.000002066
[15:49:12] Layer stage1_downsample: mean=0.000001953
[15:49:13] Layer stage1_block0: mean=0.000002114
[15:49:14] Layer stage1_block1: mean=0.000002157
[15:49:14] Layer stage1_block2: mean=0.000003088
[15:49:15] Layer stage1_block3: mean=0.000001803
[15:49:15] Layer stage2_downsample: mean=0.000005079
[15:49:16] Layer stage2_block0: mean=0.000005712
[15:49:16] Layer stage2_block1: mean=0.000006839
[15:49:17] Layer stage2_block2: mean=0.000007766
[15:49:17] Layer stage2_block3: mean=0.000004810
[15:49:18] Layer stage2_block4: mean=0.000006157
[15:49:18] Layer stage2_block5: mean=0.000007139
[15:49:18] Layer stage2_block6: mean=0.000006734
[15:49:19] Layer stage2_block7: mean=0.000007175
[15:49:19] Layer stage2_block8: mean=0.000006174
[15:49:20] Layer stage2_block9: mean=0.000006753
[15:49:20] Layer stage2_block10: mean=0.000006856
[15:49:21] Layer stage2_block11: mean=0.000006900
[15:49:21] Layer stage2_block12: mean=0.000007104
[15:49:22] Layer stage2_block13: mean=0.000008029
[15:49:22] Layer stage2_block14: mean=0.000006642
[15:49:23] Layer stage2_block15: mean=0.000007250
[15:49:23] Layer stage2_block16: mean=0.000007042
[15:49:23] Layer stage2_block17: mean=0.000006496
[15:49:24] Layer stage2_block18: mean=0.000006716
[15:49:24] Layer stage2_block19: mean=0.000007263
[15:49:25] Layer stage2_block20: mean=0.000007154
[15:49:25] Layer stage2_block21: mean=0.000007498
[15:49:25] Layer stage2_block22: mean=0.000006967
[15:49:26] Layer stage2_block23: mean=0.000006844
[15:49:26] Layer stage2_block24: mean=0.000006728
[15:49:27] Layer stage2_block25: mean=0.000006646
[15:49:27] Layer stage2_block26: mean=0.000007755
[15:49:27] Layer stage2_block27: mean=0.000006717
[15:49:28] Layer stage2_block28: mean=0.000006302
[15:49:28] Layer stage2_block29: mean=0.000006144
[15:49:28] Layer stage3_downsample: mean=0.000009467
[15:49:29] Layer stage3_block0: mean=0.000014086
[15:49:29] Layer stage3_block1: mean=0.000009225
[15:49:29] Layer stage3_block2: mean=0.000005278
[15:49:29] ✅ cifar updated (N=1).
[15:49:29] 
🔍 Processing task: clevr (delta=1)
[15:49:29] [CLEVR] 15000 samples from /root/autodl-tmp/modelselection/datasets/datasets/clevr_count/test
[15:49:29] [CLEVR] Loaded 1 samples, tensor torch.Size([1, 3, 256, 256])
[15:49:30] Layer stage0_block0: mean=0.000000603
[15:49:31] Layer stage0_block1: mean=0.000000578
[15:49:31] Layer stage0_block2: mean=0.000001031
[15:49:32] Layer stage1_downsample: mean=0.000001246
[15:49:32] Layer stage1_block0: mean=0.000001257
[15:49:33] Layer stage1_block1: mean=0.000001526
[15:49:33] Layer stage1_block2: mean=0.000001640
[15:49:34] Layer stage1_block3: mean=0.000001537
[15:49:34] Layer stage2_downsample: mean=0.000003140
[15:49:35] Layer stage2_block0: mean=0.000003065
[15:49:35] Layer stage2_block1: mean=0.000002776
[15:49:36] Layer stage2_block2: mean=0.000003127
[15:49:36] Layer stage2_block3: mean=0.000003130
[15:49:37] Layer stage2_block4: mean=0.000003336
[15:49:37] Layer stage2_block5: mean=0.000002791
[15:49:38] Layer stage2_block6: mean=0.000003700
[15:49:38] Layer stage2_block7: mean=0.000003990
[15:49:39] Layer stage2_block8: mean=0.000003863
[15:49:39] Layer stage2_block9: mean=0.000003544
[15:49:40] Layer stage2_block10: mean=0.000003417
[15:49:40] Layer stage2_block11: mean=0.000002922
[15:49:40] Layer stage2_block12: mean=0.000003216
[15:49:41] Layer stage2_block13: mean=0.000003601
[15:49:41] Layer stage2_block14: mean=0.000003446
[15:49:42] Layer stage2_block15: mean=0.000003627
[15:49:42] Layer stage2_block16: mean=0.000003833
[15:49:43] Layer stage2_block17: mean=0.000003570
[15:49:43] Layer stage2_block18: mean=0.000003744
[15:49:43] Layer stage2_block19: mean=0.000003640
[15:49:44] Layer stage2_block20: mean=0.000003781
[15:49:44] Layer stage2_block21: mean=0.000003722
[15:49:44] Layer stage2_block22: mean=0.000003735
[15:49:45] Layer stage2_block23: mean=0.000003970
[15:49:45] Layer stage2_block24: mean=0.000004850
[15:49:46] Layer stage2_block25: mean=0.000004449
[15:49:46] Layer stage2_block26: mean=0.000003614
[15:49:47] Layer stage2_block27: mean=0.000004533
[15:49:47] Layer stage2_block28: mean=0.000004201
[15:49:47] Layer stage2_block29: mean=0.000003854
[15:49:48] Layer stage3_downsample: mean=0.000006675
[15:49:48] Layer stage3_block0: mean=0.000010225
[15:49:48] Layer stage3_block1: mean=0.000007125
[15:49:49] Layer stage3_block2: mean=0.000005869
[15:49:49] ✅ clevr updated (N=1).
[15:49:49] 
🔍 Processing task: country (delta=1)
[15:49:49] [Country211] Loaded 1 samples, tensor torch.Size([1, 3, 256, 256])
[15:49:50] Layer stage0_block0: mean=0.000001364
[15:49:50] Layer stage0_block1: mean=0.000001058
[15:49:51] Layer stage0_block2: mean=0.000002005
[15:49:51] Layer stage1_downsample: mean=0.000002437
[15:49:52] Layer stage1_block0: mean=0.000002978
[15:49:52] Layer stage1_block1: mean=0.000003387
[15:49:53] Layer stage1_block2: mean=0.000003311
[15:49:53] Layer stage1_block3: mean=0.000002364
[15:49:54] Layer stage2_downsample: mean=0.000005153
[15:49:54] Layer stage2_block0: mean=0.000004825
[15:49:55] Layer stage2_block1: mean=0.000005221
[15:49:55] Layer stage2_block2: mean=0.000004757
[15:49:56] Layer stage2_block3: mean=0.000004544
[15:49:56] Layer stage2_block4: mean=0.000005416
[15:49:56] Layer stage2_block5: mean=0.000005696
[15:49:57] Layer stage2_block6: mean=0.000004876
[15:49:57] Layer stage2_block7: mean=0.000004433
[15:49:57] Layer stage2_block8: mean=0.000004858
[15:49:57] Layer stage2_block9: mean=0.000005194
[15:49:58] Layer stage2_block10: mean=0.000004614
[15:49:58] Layer stage2_block11: mean=0.000004886
[15:49:58] Layer stage2_block12: mean=0.000005007
[15:49:58] Layer stage2_block13: mean=0.000004929
[15:49:59] Layer stage2_block14: mean=0.000004879
[15:49:59] Layer stage2_block15: mean=0.000005168
[15:49:59] Layer stage2_block16: mean=0.000005563
[15:49:59] Layer stage2_block17: mean=0.000005084
[15:50:00] Layer stage2_block18: mean=0.000004790
[15:50:00] Layer stage2_block19: mean=0.000005327
[15:50:00] Layer stage2_block20: mean=0.000005965
[15:50:00] Layer stage2_block21: mean=0.000005844
[15:50:01] Layer stage2_block22: mean=0.000005535
[15:50:01] Layer stage2_block23: mean=0.000006171
[15:50:01] Layer stage2_block24: mean=0.000006296
[15:50:01] Layer stage2_block25: mean=0.000006281
[15:50:02] Layer stage2_block26: mean=0.000005885
[15:50:02] Layer stage2_block27: mean=0.000005776
[15:50:02] Layer stage2_block28: mean=0.000006062
[15:50:02] Layer stage2_block29: mean=0.000005005
[15:50:02] Layer stage3_downsample: mean=0.000008425
[15:50:03] Layer stage3_block0: mean=0.000009996
[15:50:03] Layer stage3_block1: mean=0.000008037
[15:50:03] Layer stage3_block2: mean=0.000005468
[15:50:03] ✅ country updated (N=1).
[15:50:03] 
🔍 Processing task: dmlab (delta=1)
[15:50:03] [DMLab] Loaded 1 samples (skipped 0), tensor torch.Size([1, 3, 256, 256])
[15:50:03] Layer stage0_block0: mean=0.000001005
[15:50:04] Layer stage0_block1: mean=0.000000781
[15:50:04] Layer stage0_block2: mean=0.000001436
[15:50:04] Layer stage1_downsample: mean=0.000002377
[15:50:05] Layer stage1_block0: mean=0.000001851
[15:50:05] Layer stage1_block1: mean=0.000001998
[15:50:05] Layer stage1_block2: mean=0.000002566
[15:50:06] Layer stage1_block3: mean=0.000002245
[15:50:06] Layer stage2_downsample: mean=0.000003876
[15:50:06] Layer stage2_block0: mean=0.000004435
[15:50:06] Layer stage2_block1: mean=0.000003439
[15:50:07] Layer stage2_block2: mean=0.000005069
[15:50:07] Layer stage2_block3: mean=0.000004064
[15:50:07] Layer stage2_block4: mean=0.000004090
[15:50:08] Layer stage2_block5: mean=0.000004019
[15:50:08] Layer stage2_block6: mean=0.000004438
[15:50:08] Layer stage2_block7: mean=0.000003751
[15:50:08] Layer stage2_block8: mean=0.000004510
[15:50:09] Layer stage2_block9: mean=0.000003925
[15:50:09] Layer stage2_block10: mean=0.000004395
[15:50:09] Layer stage2_block11: mean=0.000004634
[15:50:09] Layer stage2_block12: mean=0.000004011
[15:50:10] Layer stage2_block13: mean=0.000003871
[15:50:10] Layer stage2_block14: mean=0.000004250
[15:50:10] Layer stage2_block15: mean=0.000005095
[15:50:11] Layer stage2_block16: mean=0.000005162
[15:50:11] Layer stage2_block17: mean=0.000004749
[15:50:11] Layer stage2_block18: mean=0.000004565
[15:50:11] Layer stage2_block19: mean=0.000004515
[15:50:11] Layer stage2_block20: mean=0.000005288
[15:50:12] Layer stage2_block21: mean=0.000005222
[15:50:12] Layer stage2_block22: mean=0.000004824
[15:50:12] Layer stage2_block23: mean=0.000004900
[15:50:12] Layer stage2_block24: mean=0.000005466
[15:50:13] Layer stage2_block25: mean=0.000005491
[15:50:13] Layer stage2_block26: mean=0.000005607
[15:50:13] Layer stage2_block27: mean=0.000004956
[15:50:13] Layer stage2_block28: mean=0.000005912
[15:50:13] Layer stage2_block29: mean=0.000004739
[15:50:14] Layer stage3_downsample: mean=0.000008460
[15:50:14] Layer stage3_block0: mean=0.000012901
[15:50:14] Layer stage3_block1: mean=0.000009564
[15:50:14] Layer stage3_block2: mean=0.000006179
[15:50:14] ✅ dmlab updated (N=1).
[15:50:14] 
🔍 Processing task: dr (delta=1)
[15:50:14] [DR] Loaded 42670 paths from /root/autodl-tmp/modelselection/datasets/datasets/diabetic_retinopathy/test.txt
[15:50:14] [DR] Loaded 1 samples (skipped 0), tensor torch.Size([1, 3, 256, 256])
[15:50:15] Layer stage0_block0: mean=0.000001101
[15:50:15] Layer stage0_block1: mean=0.000001142
[15:50:15] Layer stage0_block2: mean=0.000002178
[15:50:16] Layer stage1_downsample: mean=0.000002236
[15:50:16] Layer stage1_block0: mean=0.000002227
[15:50:16] Layer stage1_block1: mean=0.000002978
[15:50:17] Layer stage1_block2: mean=0.000003813
[15:50:17] Layer stage1_block3: mean=0.000002359
[15:50:17] Layer stage2_downsample: mean=0.000004568
[15:50:18] Layer stage2_block0: mean=0.000005232
[15:50:18] Layer stage2_block1: mean=0.000004603
[15:50:18] Layer stage2_block2: mean=0.000004147
[15:50:18] Layer stage2_block3: mean=0.000003768
[15:50:19] Layer stage2_block4: mean=0.000003803
[15:50:19] Layer stage2_block5: mean=0.000004506
[15:50:19] Layer stage2_block6: mean=0.000004175
[15:50:20] Layer stage2_block7: mean=0.000003407
[15:50:20] Layer stage2_block8: mean=0.000004164
[15:50:20] Layer stage2_block9: mean=0.000003978
[15:50:20] Layer stage2_block10: mean=0.000004354
[15:50:21] Layer stage2_block11: mean=0.000003850
[15:50:21] Layer stage2_block12: mean=0.000003762
[15:50:21] Layer stage2_block13: mean=0.000004247
[15:50:21] Layer stage2_block14: mean=0.000003826
[15:50:22] Layer stage2_block15: mean=0.000004211
[15:50:22] Layer stage2_block16: mean=0.000004211
[15:50:22] Layer stage2_block17: mean=0.000003918
[15:50:22] Layer stage2_block18: mean=0.000003905
[15:50:23] Layer stage2_block19: mean=0.000004744
[15:50:23] Layer stage2_block20: mean=0.000004790
[15:50:23] Layer stage2_block21: mean=0.000004510
[15:50:23] Layer stage2_block22: mean=0.000004039
[15:50:23] Layer stage2_block23: mean=0.000004427
[15:50:24] Layer stage2_block24: mean=0.000005027
[15:50:24] Layer stage2_block25: mean=0.000004872
[15:50:24] Layer stage2_block26: mean=0.000005158
[15:50:24] Layer stage2_block27: mean=0.000004750
[15:50:25] Layer stage2_block28: mean=0.000005236
[15:50:25] Layer stage2_block29: mean=0.000004602
[15:50:25] Layer stage3_downsample: mean=0.000008376
[15:50:25] Layer stage3_block0: mean=0.000008241
[15:50:25] Layer stage3_block1: mean=0.000008076
[15:50:26] Layer stage3_block2: mean=0.000005378
[15:50:26] ✅ dr updated (N=1).
[15:50:26] 
🔍 Processing task: dtd (delta=1)
[15:50:26] [DTD] Collected 5640 image paths from /root/autodl-tmp/modelselection/datasets/datasets/dtd/labels
[15:50:26] [DTD] Loaded 1 samples (skipped 0), tensor torch.Size([1, 3, 256, 256])
[15:50:26] Layer stage0_block0: mean=0.000000998
[15:50:26] Layer stage0_block1: mean=0.000000717
[15:50:27] Layer stage0_block2: mean=0.000000661
[15:50:27] Layer stage1_downsample: mean=0.000002845
[15:50:27] Layer stage1_block0: mean=0.000001401
[15:50:28] Layer stage1_block1: mean=0.000002425
[15:50:28] Layer stage1_block2: mean=0.000001306
[15:50:28] Layer stage1_block3: mean=0.000001784
[15:50:28] Layer stage2_downsample: mean=0.000002423
[15:50:29] Layer stage2_block0: mean=0.000002739
[15:50:29] Layer stage2_block1: mean=0.000002488
[15:50:29] Layer stage2_block2: mean=0.000001883
[15:50:30] Layer stage2_block3: mean=0.000002637
[15:50:30] Layer stage2_block4: mean=0.000002522
[15:50:30] Layer stage2_block5: mean=0.000002973
[15:50:30] Layer stage2_block6: mean=0.000002922
[15:50:31] Layer stage2_block7: mean=0.000002514
[15:50:31] Layer stage2_block8: mean=0.000002336
[15:50:31] Layer stage2_block9: mean=0.000002144
[15:50:32] Layer stage2_block10: mean=0.000002137
[15:50:32] Layer stage2_block11: mean=0.000002702
[15:50:32] Layer stage2_block12: mean=0.000002443
[15:50:32] Layer stage2_block13: mean=0.000002622
[15:50:33] Layer stage2_block14: mean=0.000002531
[15:50:33] Layer stage2_block15: mean=0.000002370
[15:50:33] Layer stage2_block16: mean=0.000002469
[15:50:33] Layer stage2_block17: mean=0.000002929
[15:50:33] Layer stage2_block18: mean=0.000002624
[15:50:34] Layer stage2_block19: mean=0.000002807
[15:50:34] Layer stage2_block20: mean=0.000002568
[15:50:34] Layer stage2_block21: mean=0.000002687
[15:50:34] Layer stage2_block22: mean=0.000002944
[15:50:35] Layer stage2_block23: mean=0.000003509
[15:50:35] Layer stage2_block24: mean=0.000002940
[15:50:35] Layer stage2_block25: mean=0.000003538
[15:50:35] Layer stage2_block26: mean=0.000003202
[15:50:36] Layer stage2_block27: mean=0.000003149
[15:50:36] Layer stage2_block28: mean=0.000003289
[15:50:36] Layer stage2_block29: mean=0.000003116
[15:50:36] Layer stage3_downsample: mean=0.000004763
[15:50:36] Layer stage3_block0: mean=0.000006400
[15:50:37] Layer stage3_block1: mean=0.000006027
[15:50:37] Layer stage3_block2: mean=0.000003360
[15:50:37] ✅ dtd updated (N=1).
[15:50:37] 
🔍 Processing task: eurosat (delta=1)
[15:50:37] [EuroSAT] Collected 27000 images from 10 classes under /root/autodl-tmp/modelselection/datasets/datasets/eurosat/2750
[15:50:37] [EuroSAT] Loaded 1 samples (skipped 0), tensor torch.Size([1, 3, 256, 256])
[15:50:37] Layer stage0_block0: mean=0.000000954
[15:50:38] Layer stage0_block1: mean=0.000000799
[15:50:38] Layer stage0_block2: mean=0.000000831
[15:50:38] Layer stage1_downsample: mean=0.000001818
[15:50:39] Layer stage1_block0: mean=0.000002188
[15:50:39] Layer stage1_block1: mean=0.000003756
[15:50:39] Layer stage1_block2: mean=0.000003690
[15:50:40] Layer stage1_block3: mean=0.000003012
[15:50:40] Layer stage2_downsample: mean=0.000004657
[15:50:40] Layer stage2_block0: mean=0.000004117
[15:50:41] Layer stage2_block1: mean=0.000006322
[15:50:41] Layer stage2_block2: mean=0.000006007
[15:50:41] Layer stage2_block3: mean=0.000005250
[15:50:41] Layer stage2_block4: mean=0.000005035
[15:50:42] Layer stage2_block5: mean=0.000004155
[15:50:42] Layer stage2_block6: mean=0.000004268
[15:50:42] Layer stage2_block7: mean=0.000005142
[15:50:42] Layer stage2_block8: mean=0.000004128
[15:50:43] Layer stage2_block9: mean=0.000004844
[15:50:43] Layer stage2_block10: mean=0.000004949
[15:50:43] Layer stage2_block11: mean=0.000006896
[15:50:43] Layer stage2_block12: mean=0.000005492
[15:50:44] Layer stage2_block13: mean=0.000004348
[15:50:44] Layer stage2_block14: mean=0.000004528
[15:50:44] Layer stage2_block15: mean=0.000004640
[15:50:44] Layer stage2_block16: mean=0.000005346
[15:50:45] Layer stage2_block17: mean=0.000004711
[15:50:45] Layer stage2_block18: mean=0.000005158
[15:50:45] Layer stage2_block19: mean=0.000005519
[15:50:45] Layer stage2_block20: mean=0.000005355
[15:50:46] Layer stage2_block21: mean=0.000005442
[15:50:46] Layer stage2_block22: mean=0.000005379
[15:50:46] Layer stage2_block23: mean=0.000005279
[15:50:46] Layer stage2_block24: mean=0.000005654
[15:50:47] Layer stage2_block25: mean=0.000005334
[15:50:47] Layer stage2_block26: mean=0.000006146
[15:50:47] Layer stage2_block27: mean=0.000004841
[15:50:47] Layer stage2_block28: mean=0.000004470
[15:50:47] Layer stage2_block29: mean=0.000004704
[15:50:48] Layer stage3_downsample: mean=0.000007610
[15:50:48] Layer stage3_block0: mean=0.000010267
[15:50:48] Layer stage3_block1: mean=0.000008557
[15:50:48] Layer stage3_block2: mean=0.000003624
[15:50:48] ✅ eurosat updated (N=1).
[15:50:48] 
🔍 Processing task: fer2013 (delta=1)
[15:50:48] [FER2013] Loaded 1 samples (skipped 0), tensor torch.Size([1, 3, 256, 256])
[15:50:49] Layer stage0_block0: mean=0.000000906
[15:50:49] Layer stage0_block1: mean=0.000000650
[15:50:49] Layer stage0_block2: mean=0.000001063
[15:50:49] Layer stage1_downsample: mean=0.000001444
[15:50:50] Layer stage1_block0: mean=0.000001633
[15:50:50] Layer stage1_block1: mean=0.000001666
[15:50:50] Layer stage1_block2: mean=0.000002001
[15:50:51] Layer stage1_block3: mean=0.000001631
[15:50:51] Layer stage2_downsample: mean=0.000003293
[15:50:51] Layer stage2_block0: mean=0.000002953
[15:50:52] Layer stage2_block1: mean=0.000004317
[15:50:52] Layer stage2_block2: mean=0.000004392
[15:50:52] Layer stage2_block3: mean=0.000004068
[15:50:52] Layer stage2_block4: mean=0.000003834
[15:50:53] Layer stage2_block5: mean=0.000004062
[15:50:53] Layer stage2_block6: mean=0.000004105
[15:50:53] Layer stage2_block7: mean=0.000004230
[15:50:53] Layer stage2_block8: mean=0.000004143
[15:50:54] Layer stage2_block9: mean=0.000004550
[15:50:54] Layer stage2_block10: mean=0.000004093
[15:50:54] Layer stage2_block11: mean=0.000004688
[15:50:54] Layer stage2_block12: mean=0.000004138
[15:50:55] Layer stage2_block13: mean=0.000004444
[15:50:55] Layer stage2_block14: mean=0.000004927
[15:50:55] Layer stage2_block15: mean=0.000004656
[15:50:56] Layer stage2_block16: mean=0.000004511
[15:50:56] Layer stage2_block17: mean=0.000004417
[15:50:56] Layer stage2_block18: mean=0.000005693
[15:50:56] Layer stage2_block19: mean=0.000005472
[15:50:56] Layer stage2_block20: mean=0.000005230
[15:50:57] Layer stage2_block21: mean=0.000004953
[15:50:57] Layer stage2_block22: mean=0.000005528
[15:50:57] Layer stage2_block23: mean=0.000004880
[15:50:57] Layer stage2_block24: mean=0.000004579
[15:50:58] Layer stage2_block25: mean=0.000004905
[15:50:58] Layer stage2_block26: mean=0.000005311
[15:50:58] Layer stage2_block27: mean=0.000005852
[15:50:58] Layer stage2_block28: mean=0.000004815
[15:50:58] Layer stage2_block29: mean=0.000004879
[15:50:59] Layer stage3_downsample: mean=0.000008805
[15:50:59] Layer stage3_block0: mean=0.000010145
[15:50:59] Layer stage3_block1: mean=0.000009820
[15:50:59] Layer stage3_block2: mean=0.000007757
[15:50:59] ✅ fer2013 updated (N=1).
[15:50:59] 
🔍 Processing task: gtsrb (delta=1)
[15:50:59] [GTSRB] Collected 12630 test images.
[15:50:59] [GTSRB] Loaded 1 samples (skipped 0), tensor torch.Size([1, 3, 256, 256])
[15:51:00] Layer stage0_block0: mean=0.000002336
[15:51:00] Layer stage0_block1: mean=0.000000567
[15:51:00] Layer stage0_block2: mean=0.000002239
[15:51:01] Layer stage1_downsample: mean=0.000001270
[15:51:01] Layer stage1_block0: mean=0.000001296
[15:51:01] Layer stage1_block1: mean=0.000001290
[15:51:02] Layer stage1_block2: mean=0.000001771
[15:51:02] Layer stage1_block3: mean=0.000002181
[15:51:02] Layer stage2_downsample: mean=0.000003277
[15:51:02] Layer stage2_block0: mean=0.000005587
[15:51:03] Layer stage2_block1: mean=0.000003500
[15:51:03] Layer stage2_block2: mean=0.000003968
[15:51:03] Layer stage2_block3: mean=0.000003882
[15:51:03] Layer stage2_block4: mean=0.000005050
[15:51:04] Layer stage2_block5: mean=0.000004424
[15:51:04] Layer stage2_block6: mean=0.000003923
[15:51:04] Layer stage2_block7: mean=0.000003670
[15:51:05] Layer stage2_block8: mean=0.000005121
[15:51:05] Layer stage2_block9: mean=0.000004648
[15:51:05] Layer stage2_block10: mean=0.000005293
[15:51:05] Layer stage2_block11: mean=0.000004469
[15:51:06] Layer stage2_block12: mean=0.000004363
[15:51:06] Layer stage2_block13: mean=0.000004756
[15:51:06] Layer stage2_block14: mean=0.000004622
[15:51:06] Layer stage2_block15: mean=0.000005163
[15:51:07] Layer stage2_block16: mean=0.000005315
[15:51:07] Layer stage2_block17: mean=0.000005979
[15:51:07] Layer stage2_block18: mean=0.000004744
[15:51:07] Layer stage2_block19: mean=0.000005075
[15:51:08] Layer stage2_block20: mean=0.000006068
[15:51:08] Layer stage2_block21: mean=0.000006027
[15:51:08] Layer stage2_block22: mean=0.000006147
[15:51:08] Layer stage2_block23: mean=0.000005472
[15:51:08] Layer stage2_block24: mean=0.000005254
[15:51:09] Layer stage2_block25: mean=0.000006380
[15:51:09] Layer stage2_block26: mean=0.000005511
[15:51:09] Layer stage2_block27: mean=0.000005590
[15:51:09] Layer stage2_block28: mean=0.000005472
[15:51:10] Layer stage2_block29: mean=0.000004537
[15:51:10] Layer stage3_downsample: mean=0.000008572
[15:51:10] Layer stage3_block0: mean=0.000010712
[15:51:10] Layer stage3_block1: mean=0.000007024
[15:51:10] Layer stage3_block2: mean=0.000004789
[15:51:10] ✅ gtsrb updated (N=1).
[15:51:10] 
🔍 Processing task: kitti (delta=1)
[15:51:10] [KITTI] Collected 711 images from /root/autodl-tmp/modelselection/datasets/datasets/kitti/test.txt
[15:51:10] [KITTI] Loaded 1 samples (skipped 0), tensor torch.Size([1, 3, 256, 256])
[15:51:11] Layer stage0_block0: mean=0.000001501
[15:51:11] Layer stage0_block1: mean=0.000001164
[15:51:11] Layer stage0_block2: mean=0.000001083
[15:51:12] Layer stage1_downsample: mean=0.000002328
[15:51:12] Layer stage1_block0: mean=0.000003091
[15:51:12] Layer stage1_block1: mean=0.000002406
[15:51:12] Layer stage1_block2: mean=0.000002263
[15:51:13] Layer stage1_block3: mean=0.000002342
[15:51:13] Layer stage2_downsample: mean=0.000004373
[15:51:13] Layer stage2_block0: mean=0.000004075
[15:51:14] Layer stage2_block1: mean=0.000004298
[15:51:14] Layer stage2_block2: mean=0.000004654
[15:51:14] Layer stage2_block3: mean=0.000004731
[15:51:14] Layer stage2_block4: mean=0.000004532
[15:51:15] Layer stage2_block5: mean=0.000004608
[15:51:15] Layer stage2_block6: mean=0.000005357
[15:51:15] Layer stage2_block7: mean=0.000004680
[15:51:16] Layer stage2_block8: mean=0.000005373
[15:51:16] Layer stage2_block9: mean=0.000004495
[15:51:16] Layer stage2_block10: mean=0.000004316
[15:51:16] Layer stage2_block11: mean=0.000003854
[15:51:17] Layer stage2_block12: mean=0.000004435
[15:51:17] Layer stage2_block13: mean=0.000004587
[15:51:17] Layer stage2_block14: mean=0.000004564
[15:51:17] Layer stage2_block15: mean=0.000004513
[15:51:18] Layer stage2_block16: mean=0.000004251
[15:51:18] Layer stage2_block17: mean=0.000004345
[15:51:18] Layer stage2_block18: mean=0.000004460
[15:51:18] Layer stage2_block19: mean=0.000004999
[15:51:18] Layer stage2_block20: mean=0.000005272
[15:51:19] Layer stage2_block21: mean=0.000005289
[15:51:19] Layer stage2_block22: mean=0.000004735
[15:51:19] Layer stage2_block23: mean=0.000004713
[15:51:19] Layer stage2_block24: mean=0.000005363
[15:51:20] Layer stage2_block25: mean=0.000005358
[15:51:20] Layer stage2_block26: mean=0.000005352
[15:51:20] Layer stage2_block27: mean=0.000005684
[15:51:20] Layer stage2_block28: mean=0.000005728
[15:51:21] Layer stage2_block29: mean=0.000005127
[15:51:21] Layer stage3_downsample: mean=0.000007376
[15:51:21] Layer stage3_block0: mean=0.000009642
[15:51:21] Layer stage3_block1: mean=0.000007520
[15:51:21] Layer stage3_block2: mean=0.000007325
[15:51:21] ✅ kitti updated (N=1).
[15:51:21] 
🔍 Processing task: mnist (delta=1)
[15:51:21] [MNIST] Loaded split='test' with 10000 samples from data/mnist
[15:51:21] [MNIST] Loaded 1 samples, tensor torch.Size([1, 3, 256, 256])
[15:51:22] Layer stage0_block0: mean=0.000000538
[15:51:22] Layer stage0_block1: mean=0.000000250
[15:51:22] Layer stage0_block2: mean=0.000000236
[15:51:23] Layer stage1_downsample: mean=0.000000463
[15:51:23] Layer stage1_block0: mean=0.000001126
[15:51:23] Layer stage1_block1: mean=0.000001069
[15:51:24] Layer stage1_block2: mean=0.000000747
[15:51:24] Layer stage1_block3: mean=0.000000750
[15:51:24] Layer stage2_downsample: mean=0.000001112
[15:51:24] Layer stage2_block0: mean=0.000001977
[15:51:25] Layer stage2_block1: mean=0.000001559
[15:51:25] Layer stage2_block2: mean=0.000001677
[15:51:25] Layer stage2_block3: mean=0.000002189
[15:51:26] Layer stage2_block4: mean=0.000001677
[15:51:26] Layer stage2_block5: mean=0.000002291
[15:51:26] Layer stage2_block6: mean=0.000001852
[15:51:26] Layer stage2_block7: mean=0.000002333
[15:51:27] Layer stage2_block8: mean=0.000002151
[15:51:27] Layer stage2_block9: mean=0.000002088
[15:51:27] Layer stage2_block10: mean=0.000002566
[15:51:27] Layer stage2_block11: mean=0.000001971
[15:51:28] Layer stage2_block12: mean=0.000002803
[15:51:28] Layer stage2_block13: mean=0.000002695
[15:51:28] Layer stage2_block14: mean=0.000003591
[15:51:28] Layer stage2_block15: mean=0.000002979
[15:51:29] Layer stage2_block16: mean=0.000003016
[15:51:29] Layer stage2_block17: mean=0.000002980
[15:51:29] Layer stage2_block18: mean=0.000003319
[15:51:29] Layer stage2_block19: mean=0.000003684
[15:51:30] Layer stage2_block20: mean=0.000004170
[15:51:30] Layer stage2_block21: mean=0.000004126
[15:51:30] Layer stage2_block22: mean=0.000004110
[15:51:30] Layer stage2_block23: mean=0.000005014
[15:51:31] Layer stage2_block24: mean=0.000004607
[15:51:31] Layer stage2_block25: mean=0.000003921
[15:51:31] Layer stage2_block26: mean=0.000004630
[15:51:31] Layer stage2_block27: mean=0.000003693
[15:51:32] Layer stage2_block28: mean=0.000004284
[15:51:32] Layer stage2_block29: mean=0.000004078
[15:51:32] Layer stage3_downsample: mean=0.000008151
[15:51:32] Layer stage3_block0: mean=0.000009462
[15:51:32] Layer stage3_block1: mean=0.000009649
[15:51:33] Layer stage3_block2: mean=0.000005603
[15:51:33] ✅ mnist updated (N=1).
[15:51:33] 
🔍 Processing task: oxford_flowers (delta=1)
[15:51:33] [OxfordFlowers] Loaded 1 samples (skipped 0), tensor torch.Size([1, 3, 256, 256])
[15:51:33] Layer stage0_block0: mean=0.000001095
[15:51:33] Layer stage0_block1: mean=0.000000954
[15:51:33] Layer stage0_block2: mean=0.000000893
[15:51:34] Layer stage1_downsample: mean=0.000001842
[15:51:34] Layer stage1_block0: mean=0.000001845
[15:51:34] Layer stage1_block1: mean=0.000001946
[15:51:35] Layer stage1_block2: mean=0.000002188
[15:51:35] Layer stage1_block3: mean=0.000002299
[15:51:35] Layer stage2_downsample: mean=0.000003838
[15:51:36] Layer stage2_block0: mean=0.000003877
[15:51:36] Layer stage2_block1: mean=0.000002950
[15:51:36] Layer stage2_block2: mean=0.000004180
[15:51:36] Layer stage2_block3: mean=0.000004077
[15:51:37] Layer stage2_block4: mean=0.000003611
[15:51:37] Layer stage2_block5: mean=0.000005117
[15:51:37] Layer stage2_block6: mean=0.000004115
[15:51:37] Layer stage2_block7: mean=0.000004238
[15:51:38] Layer stage2_block8: mean=0.000004568
[15:51:38] Layer stage2_block9: mean=0.000004335
[15:51:38] Layer stage2_block10: mean=0.000003202
[15:51:38] Layer stage2_block11: mean=0.000003806
[15:51:39] Layer stage2_block12: mean=0.000004041
[15:51:39] Layer stage2_block13: mean=0.000003963
[15:51:39] Layer stage2_block14: mean=0.000003964
[15:51:39] Layer stage2_block15: mean=0.000003789
[15:51:40] Layer stage2_block16: mean=0.000004085
[15:51:40] Layer stage2_block17: mean=0.000004574
[15:51:40] Layer stage2_block18: mean=0.000004477
[15:51:40] Layer stage2_block19: mean=0.000004213
[15:51:41] Layer stage2_block20: mean=0.000004408
[15:51:41] Layer stage2_block21: mean=0.000004130
[15:51:41] Layer stage2_block22: mean=0.000004503
[15:51:41] Layer stage2_block23: mean=0.000004513
[15:51:42] Layer stage2_block24: mean=0.000004153
[15:51:42] Layer stage2_block25: mean=0.000004485
[15:51:42] Layer stage2_block26: mean=0.000004536
[15:51:42] Layer stage2_block27: mean=0.000004241
[15:51:42] Layer stage2_block28: mean=0.000004527
[15:51:43] Layer stage2_block29: mean=0.000003634
[15:51:43] Layer stage3_downsample: mean=0.000006602
[15:51:43] Layer stage3_block0: mean=0.000008054
[15:51:43] Layer stage3_block1: mean=0.000006300
[15:51:43] Layer stage3_block2: mean=0.000006010
[15:51:43] ✅ oxford_flowers updated (N=1).
[15:51:43] 
🔍 Processing task: oxford_pet (delta=1)
[15:51:43] [OxfordPet] Loaded 1 samples (skipped 0), tensor torch.Size([1, 3, 256, 256])
[15:51:44] Layer stage0_block0: mean=0.000001244
[15:51:44] Layer stage0_block1: mean=0.000000888
[15:51:44] Layer stage0_block2: mean=0.000000847
[15:51:45] Layer stage1_downsample: mean=0.000002226
[15:51:45] Layer stage1_block0: mean=0.000002178
[15:51:45] Layer stage1_block1: mean=0.000002022
[15:51:46] Layer stage1_block2: mean=0.000002104
[15:51:46] Layer stage1_block3: mean=0.000002035
[15:51:46] Layer stage2_downsample: mean=0.000003075
[15:51:47] Layer stage2_block0: mean=0.000003463
[15:51:47] Layer stage2_block1: mean=0.000004002
[15:51:47] Layer stage2_block2: mean=0.000003343
[15:51:47] Layer stage2_block3: mean=0.000003621
[15:51:48] Layer stage2_block4: mean=0.000003619
[15:51:48] Layer stage2_block5: mean=0.000003483
[15:51:48] Layer stage2_block6: mean=0.000003543
[15:51:48] Layer stage2_block7: mean=0.000003712
[15:51:49] Layer stage2_block8: mean=0.000003338
[15:51:49] Layer stage2_block9: mean=0.000003661
[15:51:49] Layer stage2_block10: mean=0.000003401
[15:51:49] Layer stage2_block11: mean=0.000003361
[15:51:50] Layer stage2_block12: mean=0.000003539
[15:51:50] Layer stage2_block13: mean=0.000003574
[15:51:50] Layer stage2_block14: mean=0.000003950
[15:51:50] Layer stage2_block15: mean=0.000004147
[15:51:51] Layer stage2_block16: mean=0.000004082
[15:51:51] Layer stage2_block17: mean=0.000003522
[15:51:51] Layer stage2_block18: mean=0.000003966
[15:51:51] Layer stage2_block19: mean=0.000004053
[15:51:52] Layer stage2_block20: mean=0.000004347
[15:51:52] Layer stage2_block21: mean=0.000004166
[15:51:52] Layer stage2_block22: mean=0.000005094
[15:51:52] Layer stage2_block23: mean=0.000004529
[15:51:53] Layer stage2_block24: mean=0.000004189
[15:51:53] Layer stage2_block25: mean=0.000004418
[15:51:53] Layer stage2_block26: mean=0.000004618
[15:51:53] Layer stage2_block27: mean=0.000004166
[15:51:53] Layer stage2_block28: mean=0.000004332
[15:51:54] Layer stage2_block29: mean=0.000004371
[15:51:54] Layer stage3_downsample: mean=0.000006990
[15:51:54] Layer stage3_block0: mean=0.000007991
[15:51:54] Layer stage3_block1: mean=0.000008137
[15:51:54] Layer stage3_block2: mean=0.000006011
[15:51:54] ✅ oxford_pet updated (N=1).
[15:51:54] 
🔍 Processing task: patch_camelyon (delta=1)
[15:51:55] [PatchCamelyon] Collected 32768 image paths from /root/autodl-tmp/modelselection/datasets/datasets/patch_camelyon/test.txt
[15:51:55] [PatchCamelyon] Loaded 1 samples (skipped 0), tensor torch.Size([1, 3, 256, 256])
[15:51:55] Layer stage0_block0: mean=0.000001393
[15:51:55] Layer stage0_block1: mean=0.000001115
[15:51:56] Layer stage0_block2: mean=0.000000949
[15:51:56] Layer stage1_downsample: mean=0.000003611
[15:51:56] Layer stage1_block0: mean=0.000002813
[15:51:56] Layer stage1_block1: mean=0.000001978
[15:51:57] Layer stage1_block2: mean=0.000002438
[15:51:57] Layer stage1_block3: mean=0.000003025
[15:51:57] Layer stage2_downsample: mean=0.000003843
[15:51:58] Layer stage2_block0: mean=0.000003205
[15:51:58] Layer stage2_block1: mean=0.000004835
[15:51:58] Layer stage2_block2: mean=0.000005140
[15:51:58] Layer stage2_block3: mean=0.000003712
[15:51:59] Layer stage2_block4: mean=0.000003851
[15:51:59] Layer stage2_block5: mean=0.000003375
[15:51:59] Layer stage2_block6: mean=0.000004149
[15:52:00] Layer stage2_block7: mean=0.000003600
[15:52:00] Layer stage2_block8: mean=0.000003937
[15:52:00] Layer stage2_block9: mean=0.000003634
[15:52:00] Layer stage2_block10: mean=0.000004227
[15:52:01] Layer stage2_block11: mean=0.000004167
[15:52:01] Layer stage2_block12: mean=0.000003635
[15:52:01] Layer stage2_block13: mean=0.000003670
[15:52:01] Layer stage2_block14: mean=0.000003658
[15:52:02] Layer stage2_block15: mean=0.000003845
[15:52:02] Layer stage2_block16: mean=0.000004262
[15:52:02] Layer stage2_block17: mean=0.000003840
[15:52:02] Layer stage2_block18: mean=0.000003549
[15:52:03] Layer stage2_block19: mean=0.000003762
[15:52:03] Layer stage2_block20: mean=0.000004313
[15:52:03] Layer stage2_block21: mean=0.000004141
[15:52:03] Layer stage2_block22: mean=0.000004422
[15:52:04] Layer stage2_block23: mean=0.000004677
[15:52:04] Layer stage2_block24: mean=0.000004479
[15:52:04] Layer stage2_block25: mean=0.000004569
[15:52:04] Layer stage2_block26: mean=0.000004497
[15:52:04] Layer stage2_block27: mean=0.000004776
[15:52:05] Layer stage2_block28: mean=0.000004633
[15:52:05] Layer stage2_block29: mean=0.000004310
[15:52:05] Layer stage3_downsample: mean=0.000006955
[15:52:05] Layer stage3_block0: mean=0.000008137
[15:52:06] Layer stage3_block1: mean=0.000007480
[15:52:06] Layer stage3_block2: mean=0.000004700
[15:52:06] ✅ patch_camelyon updated (N=1).
[15:52:06] 
🔍 Processing task: renderedsst2 (delta=1)
[15:52:06] [RenderedSST2] Loaded 1 samples (skipped 0), tensor torch.Size([1, 3, 256, 256])
[15:52:06] Layer stage0_block0: mean=0.000000684
[15:52:06] Layer stage0_block1: mean=0.000000487
[15:52:07] Layer stage0_block2: mean=0.000000494
[15:52:07] Layer stage1_downsample: mean=0.000001554
[15:52:07] Layer stage1_block0: mean=0.000001085
[15:52:08] Layer stage1_block1: mean=0.000001682
[15:52:08] Layer stage1_block2: mean=0.000001278
[15:52:08] Layer stage1_block3: mean=0.000001044
[15:52:08] Layer stage2_downsample: mean=0.000002084
[15:52:09] Layer stage2_block0: mean=0.000002383
[15:52:09] Layer stage2_block1: mean=0.000003624
[15:52:09] Layer stage2_block2: mean=0.000002582
[15:52:10] Layer stage2_block3: mean=0.000002754
[15:52:10] Layer stage2_block4: mean=0.000002727
[15:52:10] Layer stage2_block5: mean=0.000002759
[15:52:10] Layer stage2_block6: mean=0.000002666
[15:52:11] Layer stage2_block7: mean=0.000003626
[15:52:11] Layer stage2_block8: mean=0.000002702
[15:52:11] Layer stage2_block9: mean=0.000003776
[15:52:12] Layer stage2_block10: mean=0.000002878
[15:52:12] Layer stage2_block11: mean=0.000003599
[15:52:12] Layer stage2_block12: mean=0.000003405
[15:52:12] Layer stage2_block13: mean=0.000004176
[15:52:13] Layer stage2_block14: mean=0.000003675
[15:52:13] Layer stage2_block15: mean=0.000003816
[15:52:13] Layer stage2_block16: mean=0.000004205
[15:52:13] Layer stage2_block17: mean=0.000003597
[15:52:13] Layer stage2_block18: mean=0.000004223
[15:52:14] Layer stage2_block19: mean=0.000004531
[15:52:14] Layer stage2_block20: mean=0.000005166
[15:52:14] Layer stage2_block21: mean=0.000004456
[15:52:14] Layer stage2_block22: mean=0.000005008
[15:52:15] Layer stage2_block23: mean=0.000005968
[15:52:15] Layer stage2_block24: mean=0.000007698
[15:52:15] Layer stage2_block25: mean=0.000006390
[15:52:15] Layer stage2_block26: mean=0.000006311
[15:52:16] Layer stage2_block27: mean=0.000007632
[15:52:16] Layer stage2_block28: mean=0.000006164
[15:52:16] Layer stage2_block29: mean=0.000006905
[15:52:16] Layer stage3_downsample: mean=0.000010691
[15:52:16] Layer stage3_block0: mean=0.000011245
[15:52:17] Layer stage3_block1: mean=0.000013517
[15:52:17] Layer stage3_block2: mean=0.000008072
[15:52:17] ✅ renderedsst2 updated (N=1).
[15:52:17] 
🔍 Processing task: resisc45 (delta=1)
[15:52:17] [RESISC45] Collected 6300 images from /root/autodl-tmp/modelselection/datasets/datasets/resisc45/test.txt
[15:52:17] [RESISC45] Loaded 1 samples (skipped 0), tensor torch.Size([1, 3, 256, 256])
[15:52:17] Layer stage0_block0: mean=0.000001316
[15:52:17] Layer stage0_block1: mean=0.000001051
[15:52:18] Layer stage0_block2: mean=0.000001043
[15:52:18] Layer stage1_downsample: mean=0.000002216
[15:52:18] Layer stage1_block0: mean=0.000002024
[15:52:19] Layer stage1_block1: mean=0.000002903
[15:52:19] Layer stage1_block2: mean=0.000002860
[15:52:19] Layer stage1_block3: mean=0.000002753
[15:52:20] Layer stage2_downsample: mean=0.000003934
[15:52:20] Layer stage2_block0: mean=0.000004218
[15:52:20] Layer stage2_block1: mean=0.000004577
[15:52:20] Layer stage2_block2: mean=0.000004994
[15:52:21] Layer stage2_block3: mean=0.000005328
[15:52:21] Layer stage2_block4: mean=0.000005212
[15:52:21] Layer stage2_block5: mean=0.000004201
[15:52:22] Layer stage2_block6: mean=0.000005230
[15:52:22] Layer stage2_block7: mean=0.000004619
[15:52:22] Layer stage2_block8: mean=0.000004374
[15:52:22] Layer stage2_block9: mean=0.000004702
[15:52:23] Layer stage2_block10: mean=0.000004052
[15:52:23] Layer stage2_block11: mean=0.000005022
[15:52:23] Layer stage2_block12: mean=0.000005381
[15:52:23] Layer stage2_block13: mean=0.000005065
[15:52:24] Layer stage2_block14: mean=0.000005006
[15:52:24] Layer stage2_block15: mean=0.000004536
[15:52:24] Layer stage2_block16: mean=0.000005257
[15:52:24] Layer stage2_block17: mean=0.000004538
[15:52:25] Layer stage2_block18: mean=0.000005053
[15:52:25] Layer stage2_block19: mean=0.000005319
[15:52:25] Layer stage2_block20: mean=0.000005363
[15:52:25] Layer stage2_block21: mean=0.000006343
[15:52:26] Layer stage2_block22: mean=0.000005675
[15:52:26] Layer stage2_block23: mean=0.000006010
[15:52:26] Layer stage2_block24: mean=0.000006612
[15:52:26] Layer stage2_block25: mean=0.000006419
[15:52:26] Layer stage2_block26: mean=0.000006342
[15:52:27] Layer stage2_block27: mean=0.000006155
[15:52:27] Layer stage2_block28: mean=0.000006128
[15:52:27] Layer stage2_block29: mean=0.000005606
[15:52:27] Layer stage3_downsample: mean=0.000009288
[15:52:28] Layer stage3_block0: mean=0.000013207
[15:52:28] Layer stage3_block1: mean=0.000008008
[15:52:28] Layer stage3_block2: mean=0.000005568
[15:52:28] ✅ resisc45 updated (N=1).
[15:52:28] 
🔍 Processing task: stl10 (delta=1)
[15:52:28] [STL10] Loaded 1 samples, tensor torch.Size([1, 3, 256, 256])
[15:52:28] Layer stage0_block0: mean=0.000001240
[15:52:29] Layer stage0_block1: mean=0.000001111
[15:52:29] Layer stage0_block2: mean=0.000001769
[15:52:29] Layer stage1_downsample: mean=0.000002955
[15:52:29] Layer stage1_block0: mean=0.000003289
[15:52:30] Layer stage1_block1: mean=0.000003843
[15:52:30] Layer stage1_block2: mean=0.000003538
[15:52:30] Layer stage1_block3: mean=0.000002967
[15:52:31] Layer stage2_downsample: mean=0.000004248
[15:52:31] Layer stage2_block0: mean=0.000005576
[15:52:31] Layer stage2_block1: mean=0.000004360
[15:52:32] Layer stage2_block2: mean=0.000005393
[15:52:32] Layer stage2_block3: mean=0.000005376
[15:52:32] Layer stage2_block4: mean=0.000005264
[15:52:32] Layer stage2_block5: mean=0.000004875
[15:52:33] Layer stage2_block6: mean=0.000006248
[15:52:33] Layer stage2_block7: mean=0.000005202
[15:52:33] Layer stage2_block8: mean=0.000006480
[15:52:33] Layer stage2_block9: mean=0.000006097
[15:52:34] Layer stage2_block10: mean=0.000005464
[15:52:34] Layer stage2_block11: mean=0.000005165
[15:52:34] Layer stage2_block12: mean=0.000006806
[15:52:34] Layer stage2_block13: mean=0.000005873
[15:52:35] Layer stage2_block14: mean=0.000006818
[15:52:35] Layer stage2_block15: mean=0.000005895
[15:52:35] Layer stage2_block16: mean=0.000006007
[15:52:35] Layer stage2_block17: mean=0.000005837
[15:52:36] Layer stage2_block18: mean=0.000007618
[15:52:36] Layer stage2_block19: mean=0.000005509
[15:52:36] Layer stage2_block20: mean=0.000006665
[15:52:36] Layer stage2_block21: mean=0.000007039
[15:52:37] Layer stage2_block22: mean=0.000007083
[15:52:37] Layer stage2_block23: mean=0.000007216
[15:52:37] Layer stage2_block24: mean=0.000006967
[15:52:37] Layer stage2_block25: mean=0.000007794
[15:52:37] Layer stage2_block26: mean=0.000006882
[15:52:38] Layer stage2_block27: mean=0.000007248
[15:52:38] Layer stage2_block28: mean=0.000007363
[15:52:38] Layer stage2_block29: mean=0.000005729
[15:52:38] Layer stage3_downsample: mean=0.000008617
[15:52:39] Layer stage3_block0: mean=0.000014288
[15:52:39] Layer stage3_block1: mean=0.000012054
[15:52:39] Layer stage3_block2: mean=0.000005792
[15:52:39] ✅ stl10 updated (N=1).
[15:52:39] 
🔍 Processing task: sun397 (delta=1)
[15:52:39] [SUN397] Loaded 1 samples (skipped 0), tensor torch.Size([1, 3, 256, 256])
[15:52:39] Layer stage0_block0: mean=0.000001186
[15:52:40] Layer stage0_block1: mean=0.000000968
[15:52:40] Layer stage0_block2: mean=0.000000933
[15:52:40] Layer stage1_downsample: mean=0.000002016
[15:52:41] Layer stage1_block0: mean=0.000002460
[15:52:41] Layer stage1_block1: mean=0.000002195
[15:52:41] Layer stage1_block2: mean=0.000002170
[15:52:41] Layer stage1_block3: mean=0.000001671
[15:52:42] Layer stage2_downsample: mean=0.000003141
[15:52:42] Layer stage2_block0: mean=0.000003451
[15:52:42] Layer stage2_block1: mean=0.000003022
[15:52:43] Layer stage2_block2: mean=0.000003779
[15:52:43] Layer stage2_block3: mean=0.000004185
[15:52:43] Layer stage2_block4: mean=0.000003962
[15:52:43] Layer stage2_block5: mean=0.000003275
[15:52:44] Layer stage2_block6: mean=0.000004106
[15:52:44] Layer stage2_block7: mean=0.000003811
[15:52:44] Layer stage2_block8: mean=0.000003529
[15:52:44] Layer stage2_block9: mean=0.000003650
[15:52:45] Layer stage2_block10: mean=0.000003635
[15:52:45] Layer stage2_block11: mean=0.000003949
[15:52:45] Layer stage2_block12: mean=0.000003206
[15:52:45] Layer stage2_block13: mean=0.000003583
[15:52:46] Layer stage2_block14: mean=0.000003777
[15:52:46] Layer stage2_block15: mean=0.000003586
[15:52:46] Layer stage2_block16: mean=0.000003812
[15:52:46] Layer stage2_block17: mean=0.000003787
[15:52:47] Layer stage2_block18: mean=0.000004173
[15:52:47] Layer stage2_block19: mean=0.000003596
[15:52:47] Layer stage2_block20: mean=0.000004262
[15:52:47] Layer stage2_block21: mean=0.000004311
[15:52:48] Layer stage2_block22: mean=0.000004318
[15:52:48] Layer stage2_block23: mean=0.000004651
[15:52:48] Layer stage2_block24: mean=0.000003888
[15:52:48] Layer stage2_block25: mean=0.000004286
[15:52:48] Layer stage2_block26: mean=0.000004216
[15:52:49] Layer stage2_block27: mean=0.000004559
[15:52:49] Layer stage2_block28: mean=0.000005118
[15:52:49] Layer stage2_block29: mean=0.000003806
[15:52:49] Layer stage3_downsample: mean=0.000005933
[15:52:50] Layer stage3_block0: mean=0.000007783
[15:52:50] Layer stage3_block1: mean=0.000007887
[15:52:50] Layer stage3_block2: mean=0.000004859
[15:52:50] ✅ sun397 updated (N=1).
[15:52:50] 
🔍 Processing task: svhn (delta=1)
[15:52:50] [SVHN] Loaded 1 samples (skipped 0), tensor torch.Size([1, 3, 256, 256])
[15:52:50] Layer stage0_block0: mean=0.000000612
[15:52:51] Layer stage0_block1: mean=0.000000253
[15:52:51] Layer stage0_block2: mean=0.000000271
[15:52:51] Layer stage1_downsample: mean=0.000000595
[15:52:52] Layer stage1_block0: mean=0.000002449
[15:52:52] Layer stage1_block1: mean=0.000002279
[15:52:52] Layer stage1_block2: mean=0.000001772
[15:52:52] Layer stage1_block3: mean=0.000001448
[15:52:53] Layer stage2_downsample: mean=0.000002230
[15:52:53] Layer stage2_block0: mean=0.000003080
[15:52:53] Layer stage2_block1: mean=0.000003931
[15:52:54] Layer stage2_block2: mean=0.000002360
[15:52:54] Layer stage2_block3: mean=0.000002389
[15:52:54] Layer stage2_block4: mean=0.000003312
[15:52:54] Layer stage2_block5: mean=0.000002570
[15:52:55] Layer stage2_block6: mean=0.000003471
[15:52:55] Layer stage2_block7: mean=0.000003570
[15:52:55] Layer stage2_block8: mean=0.000002801
[15:52:55] Layer stage2_block9: mean=0.000003028
[15:52:56] Layer stage2_block10: mean=0.000003163
[15:52:56] Layer stage2_block11: mean=0.000002403
[15:52:56] Layer stage2_block12: mean=0.000002907
[15:52:56] Layer stage2_block13: mean=0.000003174
[15:52:57] Layer stage2_block14: mean=0.000003232
[15:52:57] Layer stage2_block15: mean=0.000003081
[15:52:57] Layer stage2_block16: mean=0.000003043
[15:52:57] Layer stage2_block17: mean=0.000003640
[15:52:58] Layer stage2_block18: mean=0.000003118
[15:52:58] Layer stage2_block19: mean=0.000003290
[15:52:58] Layer stage2_block20: mean=0.000003513
[15:52:58] Layer stage2_block21: mean=0.000003365
[15:52:59] Layer stage2_block22: mean=0.000003561
[15:52:59] Layer stage2_block23: mean=0.000003862
[15:52:59] Layer stage2_block24: mean=0.000003965
[15:52:59] Layer stage2_block25: mean=0.000003674
[15:53:00] Layer stage2_block26: mean=0.000003698
[15:53:00] Layer stage2_block27: mean=0.000003307
[15:53:00] Layer stage2_block28: mean=0.000003248
[15:53:00] Layer stage2_block29: mean=0.000002961
[15:53:00] Layer stage3_downsample: mean=0.000005544
[15:53:01] Layer stage3_block0: mean=0.000008501
[15:53:01] Layer stage3_block1: mean=0.000007227
[15:53:01] Layer stage3_block2: mean=0.000002957
[15:53:01] ✅ svhn updated (N=1).
[15:53:01] 
🔍 Processing task: voc_pose (delta=1)
[15:53:01] [VOC] Loaded 1 samples (skipped 0), tensor torch.Size([1, 3, 256, 256])
[15:53:01] Layer stage0_block0: mean=0.000000939
[15:53:02] Layer stage0_block1: mean=0.000001002
[15:53:02] Layer stage0_block2: mean=0.000001358
[15:53:02] Layer stage1_downsample: mean=0.000002067
[15:53:03] Layer stage1_block0: mean=0.000002072
[15:53:03] Layer stage1_block1: mean=0.000002609
[15:53:03] Layer stage1_block2: mean=0.000002446
[15:53:03] Layer stage1_block3: mean=0.000002094
[15:53:04] Layer stage2_downsample: mean=0.000003957
[15:53:04] Layer stage2_block0: mean=0.000004030
[15:53:04] Layer stage2_block1: mean=0.000004192
[15:53:05] Layer stage2_block2: mean=0.000003647
[15:53:05] Layer stage2_block3: mean=0.000004664
[15:53:05] Layer stage2_block4: mean=0.000003778
[15:53:05] Layer stage2_block5: mean=0.000004432
[15:53:06] Layer stage2_block6: mean=0.000004313
[15:53:06] Layer stage2_block7: mean=0.000004165
[15:53:06] Layer stage2_block8: mean=0.000004719
[15:53:07] Layer stage2_block9: mean=0.000004402
[15:53:07] Layer stage2_block10: mean=0.000003949
[15:53:07] Layer stage2_block11: mean=0.000003765
[15:53:07] Layer stage2_block12: mean=0.000004344
[15:53:08] Layer stage2_block13: mean=0.000003859
[15:53:08] Layer stage2_block14: mean=0.000004792
[15:53:08] Layer stage2_block15: mean=0.000004888
[15:53:08] Layer stage2_block16: mean=0.000004430
[15:53:09] Layer stage2_block17: mean=0.000004377
[15:53:09] Layer stage2_block18: mean=0.000004796
[15:53:09] Layer stage2_block19: mean=0.000004422
[15:53:09] Layer stage2_block20: mean=0.000005017
[15:53:09] Layer stage2_block21: mean=0.000005109
[15:53:10] Layer stage2_block22: mean=0.000004856
[15:53:10] Layer stage2_block23: mean=0.000004881
[15:53:10] Layer stage2_block24: mean=0.000005418
[15:53:10] Layer stage2_block25: mean=0.000005281
[15:53:11] Layer stage2_block26: mean=0.000005604
[15:53:11] Layer stage2_block27: mean=0.000004991
[15:53:11] Layer stage2_block28: mean=0.000005768
[15:53:11] Layer stage2_block29: mean=0.000005265
[15:53:12] Layer stage3_downsample: mean=0.000007673
[15:53:12] Layer stage3_block0: mean=0.000007999
[15:53:12] Layer stage3_block1: mean=0.000008443
[15:53:12] Layer stage3_block2: mean=0.000005732
[15:53:12] ✅ voc_pose updated (N=1).
[15:53:12] ✅ Results saved for milestone 1.
