/root/miniconda3/envs/reason/lib/python3.10/site-packages/transformers/utils/hub.py:111: FutureWarning: Using `TRANSFORMERS_CACHE` is deprecated and will be removed in v5 of Transformers. Use `HF_HOME` instead.
  warnings.warn(
[15:14:15] Using device: cuda, seed: 55
[15:14:15] Parsing model identifier. Schema: None, Identifier: convnext_base_w
[15:14:15] Loaded built-in convnext_base_w model config.
[15:14:16] Instantiating model architecture: CLIP
[15:14:17] Loading full pretrained weights from: /root/autodl-tmp/hf_cache/models--laion--CLIP-convnext_base_w-laion2B-s13B-b82K/snapshots/43cc4adea32de0ca94f71bfe1162eba29c824d6e/open_clip_model.safetensors
[15:14:17] Final image preprocessing configuration set: {'size': (256, 256), 'mode': 'RGB', 'mean': (0.48145466, 0.4578275, 0.40821073), 'std': (0.26862954, 0.26130258, 0.27577711), 'interpolation': 'bicubic', 'resize_mode': 'shortest', 'fill_color': 0}
[15:14:17] Model convnext_base_w creation process complete.
[15:14:18] Detected ConvNeXt with 39 layers.
[15:14:18] Model convnext_base_w loaded (39 layers detected).
[15:14:18] Using ConvNeXt forward_func for convnext_base_w
[15:14:19] [FER2013] Column 'Usage' not found, using all rows.
[15:14:19] [FER2013] Loaded 28709 images from /root/autodl-tmp/modelselection/datasets/datasets/fer2013/train.csv
[15:14:19] [OxfordFlowers] Loaded split='test' with 6149 images from /root/autodl-tmp/modelselection/datasets/datasets/oxford_flowers
[15:14:19] [OxfordPet] Loaded split='test' with 3669 samples from /root/autodl-tmp/modelselection/datasets/datasets/oxford-pet/annotations/test.txt
[15:14:19] [RenderedSST2] Loaded 1821 images from /root/autodl-tmp/modelselection/datasets/datasets/renderedsst2/rendered-sst2/test
[15:14:19] [STL10] Loaded split='test' with 8000 images from /root/autodl-tmp/modelselection/datasets/datasets/stl10/stl10_binary/test_X.bin
[15:14:20] [SUN397] Loaded split='test' with 19850 images
[15:14:20] [SVHN] Loaded 26032 images from /root/autodl-tmp/modelselection/datasets/datasets/svhn/test.txt
[15:14:20] [VOC] Loaded 9963 images from annotations
[15:14:20] === Reaching milestone N=1 ===
[15:14:20] 
🔍 Processing task: car (delta=1)
[15:14:21] [Cars] Loaded 1 samples, tensor torch.Size([1, 3, 256, 256])
/root/autodl-tmp/modelselection/frame_v2/framework/conductance.py:20: FutureWarning: `torch.cuda.amp.autocast(args...)` is deprecated. Please use `torch.amp.autocast('cuda', args...)` instead.
  with torch.cuda.amp.autocast(enabled=use_amp):
[15:14:26] Layer stage0_block0: mean=0.000002535
[15:14:26] Layer stage0_block1: mean=0.000002228
[15:14:26] Layer stage0_block2: mean=0.000004360
[15:14:26] Layer stage1_downsample: mean=0.000002995
[15:14:27] Layer stage1_block0: mean=0.000003144
[15:14:27] Layer stage1_block1: mean=0.000006079
[15:14:27] Layer stage1_block2: mean=0.000003272
[15:14:27] Layer stage2_downsample: mean=0.000013408
[15:14:28] Layer stage2_block0: mean=0.000017868
[15:14:28] Layer stage2_block1: mean=0.000041213
[15:14:28] Layer stage2_block2: mean=0.000008150
[15:14:29] Layer stage2_block3: mean=0.000036980
[15:14:29] Layer stage2_block4: mean=0.000011968
[15:14:29] Layer stage2_block5: mean=0.000054810
[15:14:30] Layer stage2_block6: mean=0.000032218
[15:14:30] Layer stage2_block7: mean=0.000024258
[15:14:30] Layer stage2_block8: mean=0.000012640
[15:14:31] Layer stage2_block9: mean=0.000016648
[15:14:31] Layer stage2_block10: mean=0.000014657
[15:14:31] Layer stage2_block11: mean=0.000021783
[15:14:32] Layer stage2_block12: mean=0.000019289
[15:14:32] Layer stage2_block13: mean=0.000023616
[15:14:32] Layer stage2_block14: mean=0.000014592
[15:14:33] Layer stage2_block15: mean=0.000023497
[15:14:33] Layer stage2_block16: mean=0.000021791
[15:14:33] Layer stage2_block17: mean=0.000020826
[15:14:33] Layer stage2_block18: mean=0.000022314
[15:14:34] Layer stage2_block19: mean=0.000019154
[15:14:34] Layer stage2_block20: mean=0.000023417
[15:14:34] Layer stage2_block21: mean=0.000022738
[15:14:34] Layer stage2_block22: mean=0.000024233
[15:14:35] Layer stage2_block23: mean=0.000022751
[15:14:35] Layer stage2_block24: mean=0.000025287
[15:14:35] Layer stage2_block25: mean=0.000030014
[15:14:36] Layer stage2_block26: mean=0.000030436
[15:14:36] Layer stage3_downsample: mean=0.000050641
[15:14:36] Layer stage3_block0: mean=0.000052689
[15:14:37] Layer stage3_block1: mean=0.000050327
[15:14:37] Layer stage3_block2: mean=0.000033608
[15:14:37] ✅ car updated (N=1).
[15:14:37] 
🔍 Processing task: cifar (delta=1)
[15:14:37] [CIFAR] Loaded 1 samples, tensor torch.Size([1, 3, 256, 256])
[15:14:37] Layer stage0_block0: mean=0.000001351
[15:14:38] Layer stage0_block1: mean=0.000001085
[15:14:38] Layer stage0_block2: mean=0.000000801
[15:14:39] Layer stage1_downsample: mean=0.000001694
[15:14:39] Layer stage1_block0: mean=0.000001716
[15:14:39] Layer stage1_block1: mean=0.000002009
[15:14:40] Layer stage1_block2: mean=0.000005280
[15:14:40] Layer stage2_downsample: mean=0.000034939
[15:14:41] Layer stage2_block0: mean=0.000003130
[15:14:41] Layer stage2_block1: mean=0.000025827
[15:14:41] Layer stage2_block2: mean=0.000049442
[15:14:42] Layer stage2_block3: mean=0.000031931
[15:14:42] Layer stage2_block4: mean=0.000024482
[15:14:42] Layer stage2_block5: mean=0.000035712
[15:14:43] Layer stage2_block6: mean=0.000031706
[15:14:43] Layer stage2_block7: mean=0.000021117
[15:14:43] Layer stage2_block8: mean=0.000017188
[15:14:44] Layer stage2_block9: mean=0.000021326
[15:14:44] Layer stage2_block10: mean=0.000023168
[15:14:44] Layer stage2_block11: mean=0.000017849
[15:14:44] Layer stage2_block12: mean=0.000034197
[15:14:45] Layer stage2_block13: mean=0.000018070
[15:14:45] Layer stage2_block14: mean=0.000020798
[15:14:45] Layer stage2_block15: mean=0.000031528
[15:14:46] Layer stage2_block16: mean=0.000024243
[15:14:46] Layer stage2_block17: mean=0.000023369
[15:14:46] Layer stage2_block18: mean=0.000021050
[15:14:47] Layer stage2_block19: mean=0.000024774
[15:14:47] Layer stage2_block20: mean=0.000020978
[15:14:47] Layer stage2_block21: mean=0.000025980
[15:14:47] Layer stage2_block22: mean=0.000021129
[15:14:48] Layer stage2_block23: mean=0.000020909
[15:14:48] Layer stage2_block24: mean=0.000023121
[15:14:48] Layer stage2_block25: mean=0.000019804
[15:14:49] Layer stage2_block26: mean=0.000019066
[15:14:49] Layer stage3_downsample: mean=0.000044728
[15:14:49] Layer stage3_block0: mean=0.000041855
[15:14:49] Layer stage3_block1: mean=0.000035503
[15:14:50] Layer stage3_block2: mean=0.000021499
[15:14:50] ✅ cifar updated (N=1).
[15:14:50] 
🔍 Processing task: clevr (delta=1)
[15:14:50] [CLEVR] 15000 samples from /root/autodl-tmp/modelselection/datasets/datasets/clevr_count/test
[15:14:50] [CLEVR] Loaded 1 samples, tensor torch.Size([1, 3, 256, 256])
[15:14:50] Layer stage0_block0: mean=0.000001638
[15:14:51] Layer stage0_block1: mean=0.000001195
[15:14:51] Layer stage0_block2: mean=0.000003449
[15:14:51] Layer stage1_downsample: mean=0.000001839
[15:14:52] Layer stage1_block0: mean=0.000004263
[15:14:52] Layer stage1_block1: mean=0.000003249
[15:14:52] Layer stage1_block2: mean=0.000004671
[15:14:53] Layer stage2_downsample: mean=0.000055220
[15:14:53] Layer stage2_block0: mean=0.000008584
[15:14:53] Layer stage2_block1: mean=0.000004653
[15:14:54] Layer stage2_block2: mean=0.000025414
[15:14:54] Layer stage2_block3: mean=0.000031357
[15:14:54] Layer stage2_block4: mean=0.000005687
[15:14:54] Layer stage2_block5: mean=0.000010189
[15:14:55] Layer stage2_block6: mean=0.000012209
[15:14:55] Layer stage2_block7: mean=0.000009433
[15:14:55] Layer stage2_block8: mean=0.000021312
[15:14:56] Layer stage2_block9: mean=0.000017513
[15:14:56] Layer stage2_block10: mean=0.000009504
[15:14:56] Layer stage2_block11: mean=0.000012005
[15:14:56] Layer stage2_block12: mean=0.000019149
[15:14:57] Layer stage2_block13: mean=0.000013559
[15:14:57] Layer stage2_block14: mean=0.000018043
[15:14:57] Layer stage2_block15: mean=0.000011500
[15:14:58] Layer stage2_block16: mean=0.000019060
[15:14:58] Layer stage2_block17: mean=0.000015902
[15:14:58] Layer stage2_block18: mean=0.000019048
[15:14:58] Layer stage2_block19: mean=0.000014945
[15:14:58] Layer stage2_block20: mean=0.000014048
[15:14:59] Layer stage2_block21: mean=0.000015129
[15:14:59] Layer stage2_block22: mean=0.000017352
[15:14:59] Layer stage2_block23: mean=0.000014870
[15:14:59] Layer stage2_block24: mean=0.000014708
[15:15:00] Layer stage2_block25: mean=0.000015824
[15:15:00] Layer stage2_block26: mean=0.000018361
[15:15:00] Layer stage3_downsample: mean=0.000045323
[15:15:00] Layer stage3_block0: mean=0.000041594
[15:15:01] Layer stage3_block1: mean=0.000030353
[15:15:01] Layer stage3_block2: mean=0.000025985
[15:15:01] ✅ clevr updated (N=1).
[15:15:01] 
🔍 Processing task: country (delta=1)
[15:15:01] [Country211] Loaded 1 samples, tensor torch.Size([1, 3, 256, 256])
[15:15:01] Layer stage0_block0: mean=0.000002758
[15:15:01] Layer stage0_block1: mean=0.000002199
[15:15:02] Layer stage0_block2: mean=0.000001785
[15:15:02] Layer stage1_downsample: mean=0.000003095
[15:15:02] Layer stage1_block0: mean=0.000003357
[15:15:03] Layer stage1_block1: mean=0.000006038
[15:15:03] Layer stage1_block2: mean=0.000003708
[15:15:03] Layer stage2_downsample: mean=0.000060582
[15:15:03] Layer stage2_block0: mean=0.000009255
[15:15:04] Layer stage2_block1: mean=0.000014749
[15:15:04] Layer stage2_block2: mean=0.000038320
[15:15:04] Layer stage2_block3: mean=0.000008743
[15:15:04] Layer stage2_block4: mean=0.000028307
[15:15:05] Layer stage2_block5: mean=0.000012895
[15:15:05] Layer stage2_block6: mean=0.000020253
[15:15:05] Layer stage2_block7: mean=0.000009731
[15:15:05] Layer stage2_block8: mean=0.000011113
[15:15:06] Layer stage2_block9: mean=0.000022171
[15:15:06] Layer stage2_block10: mean=0.000011740
[15:15:06] Layer stage2_block11: mean=0.000018779
[15:15:06] Layer stage2_block12: mean=0.000020780
[15:15:06] Layer stage2_block13: mean=0.000024914
[15:15:06] Layer stage2_block14: mean=0.000019268
[15:15:06] Layer stage2_block15: mean=0.000016216
[15:15:07] Layer stage2_block16: mean=0.000016656
[15:15:07] Layer stage2_block17: mean=0.000021097
[15:15:07] Layer stage2_block18: mean=0.000017496
[15:15:07] Layer stage2_block19: mean=0.000019974
[15:15:07] Layer stage2_block20: mean=0.000018224
[15:15:08] Layer stage2_block21: mean=0.000017801
[15:15:08] Layer stage2_block22: mean=0.000019662
[15:15:08] Layer stage2_block23: mean=0.000022182
[15:15:08] Layer stage2_block24: mean=0.000017465
[15:15:08] Layer stage2_block25: mean=0.000020467
[15:15:08] Layer stage2_block26: mean=0.000020498
[15:15:08] Layer stage3_downsample: mean=0.000047319
[15:15:09] Layer stage3_block0: mean=0.000039818
[15:15:09] Layer stage3_block1: mean=0.000033710
[15:15:09] Layer stage3_block2: mean=0.000029245
[15:15:09] ✅ country updated (N=1).
[15:15:09] 
🔍 Processing task: dmlab (delta=1)
[15:15:09] [DMLab] Loaded 1 samples (skipped 0), tensor torch.Size([1, 3, 256, 256])
[15:15:09] Layer stage0_block0: mean=0.000001917
[15:15:09] Layer stage0_block1: mean=0.000001335
[15:15:09] Layer stage0_block2: mean=0.000001008
[15:15:10] Layer stage1_downsample: mean=0.000001944
[15:15:10] Layer stage1_block0: mean=0.000006696
[15:15:10] Layer stage1_block1: mean=0.000005175
[15:15:10] Layer stage1_block2: mean=0.000001879
[15:15:11] Layer stage2_downsample: mean=0.000020563
[15:15:11] Layer stage2_block0: mean=0.000014427
[15:15:11] Layer stage2_block1: mean=0.000057070
[15:15:11] Layer stage2_block2: mean=0.000023865
[15:15:11] Layer stage2_block3: mean=0.000006464
[15:15:12] Layer stage2_block4: mean=0.000006946
[15:15:12] Layer stage2_block5: mean=0.000012832
[15:15:12] Layer stage2_block6: mean=0.000010519
[15:15:12] Layer stage2_block7: mean=0.000019380
[15:15:12] Layer stage2_block8: mean=0.000018250
[15:15:12] Layer stage2_block9: mean=0.000011497
[15:15:13] Layer stage2_block10: mean=0.000017387
[15:15:13] Layer stage2_block11: mean=0.000009956
[15:15:13] Layer stage2_block12: mean=0.000013990
[15:15:13] Layer stage2_block13: mean=0.000012264
[15:15:13] Layer stage2_block14: mean=0.000014640
[15:15:13] Layer stage2_block15: mean=0.000018863
[15:15:14] Layer stage2_block16: mean=0.000022374
[15:15:14] Layer stage2_block17: mean=0.000019378
[15:15:14] Layer stage2_block18: mean=0.000016623
[15:15:14] Layer stage2_block19: mean=0.000017640
[15:15:14] Layer stage2_block20: mean=0.000015726
[15:15:14] Layer stage2_block21: mean=0.000017766
[15:15:15] Layer stage2_block22: mean=0.000016017
[15:15:15] Layer stage2_block23: mean=0.000016272
[15:15:15] Layer stage2_block24: mean=0.000017264
[15:15:15] Layer stage2_block25: mean=0.000016909
[15:15:15] Layer stage2_block26: mean=0.000017786
[15:15:16] Layer stage3_downsample: mean=0.000035466
[15:15:16] Layer stage3_block0: mean=0.000040610
[15:15:16] Layer stage3_block1: mean=0.000029553
[15:15:16] Layer stage3_block2: mean=0.000022561
[15:15:16] ✅ dmlab updated (N=1).
[15:15:16] 
🔍 Processing task: dr (delta=1)
[15:15:16] [DR] Loaded 42670 paths from /root/autodl-tmp/modelselection/datasets/datasets/diabetic_retinopathy/test.txt
[15:15:16] [DR] Loaded 1 samples (skipped 0), tensor torch.Size([1, 3, 256, 256])
[15:15:16] Layer stage0_block0: mean=0.000001898
[15:15:17] Layer stage0_block1: mean=0.000001973
[15:15:17] Layer stage0_block2: mean=0.000001780
[15:15:17] Layer stage1_downsample: mean=0.000006057
[15:15:17] Layer stage1_block0: mean=0.000002845
[15:15:17] Layer stage1_block1: mean=0.000002360
[15:15:18] Layer stage1_block2: mean=0.000004106
[15:15:18] Layer stage2_downsample: mean=0.000010456
[15:15:18] Layer stage2_block0: mean=0.000009935
[15:15:18] Layer stage2_block1: mean=0.000007303
[15:15:18] Layer stage2_block2: mean=0.000006510
[15:15:18] Layer stage2_block3: mean=0.000010128
[15:15:19] Layer stage2_block4: mean=0.000029788
[15:15:19] Layer stage2_block5: mean=0.000008583
[15:15:19] Layer stage2_block6: mean=0.000021193
[15:15:19] Layer stage2_block7: mean=0.000010919
[15:15:19] Layer stage2_block8: mean=0.000025195
[15:15:19] Layer stage2_block9: mean=0.000013362
[15:15:20] Layer stage2_block10: mean=0.000023243
[15:15:20] Layer stage2_block11: mean=0.000014795
[15:15:20] Layer stage2_block12: mean=0.000012158
[15:15:20] Layer stage2_block13: mean=0.000013014
[15:15:20] Layer stage2_block14: mean=0.000013746
[15:15:21] Layer stage2_block15: mean=0.000017798
[15:15:21] Layer stage2_block16: mean=0.000016230
[15:15:21] Layer stage2_block17: mean=0.000017838
[15:15:21] Layer stage2_block18: mean=0.000019347
[15:15:21] Layer stage2_block19: mean=0.000018695
[15:15:21] Layer stage2_block20: mean=0.000015768
[15:15:21] Layer stage2_block21: mean=0.000016771
[15:15:22] Layer stage2_block22: mean=0.000019304
[15:15:22] Layer stage2_block23: mean=0.000018134
[15:15:22] Layer stage2_block24: mean=0.000015727
[15:15:22] Layer stage2_block25: mean=0.000018413
[15:15:22] Layer stage2_block26: mean=0.000018879
[15:15:22] Layer stage3_downsample: mean=0.000036040
[15:15:22] Layer stage3_block0: mean=0.000045571
[15:15:23] Layer stage3_block1: mean=0.000032927
[15:15:23] Layer stage3_block2: mean=0.000029342
[15:15:23] ✅ dr updated (N=1).
[15:15:23] 
🔍 Processing task: dtd (delta=1)
[15:15:23] [DTD] Collected 5640 image paths from /root/autodl-tmp/modelselection/datasets/datasets/dtd/labels
[15:15:23] [DTD] Loaded 1 samples (skipped 0), tensor torch.Size([1, 3, 256, 256])
[15:15:23] Layer stage0_block0: mean=0.000002093
[15:15:23] Layer stage0_block1: mean=0.000001437
[15:15:23] Layer stage0_block2: mean=0.000001270
[15:15:24] Layer stage1_downsample: mean=0.000001471
[15:15:24] Layer stage1_block0: mean=0.000001761
[15:15:24] Layer stage1_block1: mean=0.000002594
[15:15:24] Layer stage1_block2: mean=0.000004379
[15:15:24] Layer stage2_downsample: mean=0.000020178
[15:15:25] Layer stage2_block0: mean=0.000021899
[15:15:25] Layer stage2_block1: mean=0.000004365
[15:15:25] Layer stage2_block2: mean=0.000002402
[15:15:25] Layer stage2_block3: mean=0.000005039
[15:15:25] Layer stage2_block4: mean=0.000004527
[15:15:26] Layer stage2_block5: mean=0.000009970
[15:15:26] Layer stage2_block6: mean=0.000005409
[15:15:26] Layer stage2_block7: mean=0.000019287
[15:15:26] Layer stage2_block8: mean=0.000008182
[15:15:26] Layer stage2_block9: mean=0.000004818
[15:15:26] Layer stage2_block10: mean=0.000006719
[15:15:27] Layer stage2_block11: mean=0.000010233
[15:15:27] Layer stage2_block12: mean=0.000009755
[15:15:27] Layer stage2_block13: mean=0.000008326
[15:15:27] Layer stage2_block14: mean=0.000010290
[15:15:27] Layer stage2_block15: mean=0.000008585
[15:15:27] Layer stage2_block16: mean=0.000009641
[15:15:28] Layer stage2_block17: mean=0.000011296
[15:15:28] Layer stage2_block18: mean=0.000009536
[15:15:28] Layer stage2_block19: mean=0.000009670
[15:15:28] Layer stage2_block20: mean=0.000009114
[15:15:28] Layer stage2_block21: mean=0.000009857
[15:15:28] Layer stage2_block22: mean=0.000012005
[15:15:29] Layer stage2_block23: mean=0.000009416
[15:15:29] Layer stage2_block24: mean=0.000009422
[15:15:29] Layer stage2_block25: mean=0.000010278
[15:15:29] Layer stage2_block26: mean=0.000013274
[15:15:29] Layer stage3_downsample: mean=0.000024689
[15:15:29] Layer stage3_block0: mean=0.000030959
[15:15:30] Layer stage3_block1: mean=0.000022870
[15:15:30] Layer stage3_block2: mean=0.000015068
[15:15:30] ✅ dtd updated (N=1).
[15:15:30] 
🔍 Processing task: eurosat (delta=1)
[15:15:30] [EuroSAT] Collected 27000 images from 10 classes under /root/autodl-tmp/modelselection/datasets/datasets/eurosat/2750
[15:15:30] [EuroSAT] Loaded 1 samples (skipped 0), tensor torch.Size([1, 3, 256, 256])
[15:15:31] Layer stage0_block0: mean=0.000001026
[15:15:31] Layer stage0_block1: mean=0.000000830
[15:15:31] Layer stage0_block2: mean=0.000000617
[15:15:31] Layer stage1_downsample: mean=0.000001138
[15:15:31] Layer stage1_block0: mean=0.000004932
[15:15:32] Layer stage1_block1: mean=0.000003671
[15:15:32] Layer stage1_block2: mean=0.000009521
[15:15:32] Layer stage2_downsample: mean=0.000002311
[15:15:32] Layer stage2_block0: mean=0.000008440
[15:15:32] Layer stage2_block1: mean=0.000023663
[15:15:32] Layer stage2_block2: mean=0.000010597
[15:15:33] Layer stage2_block3: mean=0.000022395
[15:15:33] Layer stage2_block4: mean=0.000013097
[15:15:33] Layer stage2_block5: mean=0.000008938
[15:15:33] Layer stage2_block6: mean=0.000010621
[15:15:33] Layer stage2_block7: mean=0.000010654
[15:15:33] Layer stage2_block8: mean=0.000019524
[15:15:34] Layer stage2_block9: mean=0.000012359
[15:15:34] Layer stage2_block10: mean=0.000012445
[15:15:34] Layer stage2_block11: mean=0.000010762
[15:15:34] Layer stage2_block12: mean=0.000017629
[15:15:34] Layer stage2_block13: mean=0.000014865
[15:15:34] Layer stage2_block14: mean=0.000014651
[15:15:35] Layer stage2_block15: mean=0.000022074
[15:15:35] Layer stage2_block16: mean=0.000017209
[15:15:35] Layer stage2_block17: mean=0.000014594
[15:15:35] Layer stage2_block18: mean=0.000016297
[15:15:35] Layer stage2_block19: mean=0.000015872
[15:15:35] Layer stage2_block20: mean=0.000012890
[15:15:36] Layer stage2_block21: mean=0.000015372
[15:15:36] Layer stage2_block22: mean=0.000015892
[15:15:36] Layer stage2_block23: mean=0.000014591
[15:15:36] Layer stage2_block24: mean=0.000014144
[15:15:36] Layer stage2_block25: mean=0.000015828
[15:15:36] Layer stage2_block26: mean=0.000013432
[15:15:37] Layer stage3_downsample: mean=0.000031882
[15:15:37] Layer stage3_block0: mean=0.000032039
[15:15:37] Layer stage3_block1: mean=0.000027716
[15:15:37] Layer stage3_block2: mean=0.000023101
[15:15:37] ✅ eurosat updated (N=1).
[15:15:37] 
🔍 Processing task: fer2013 (delta=1)
[15:15:37] [FER2013] Loaded 1 samples (skipped 0), tensor torch.Size([1, 3, 256, 256])
[15:15:37] Layer stage0_block0: mean=0.000000960
[15:15:37] Layer stage0_block1: mean=0.000000980
[15:15:38] Layer stage0_block2: mean=0.000001698
[15:15:38] Layer stage1_downsample: mean=0.000003793
[15:15:38] Layer stage1_block0: mean=0.000001915
[15:15:38] Layer stage1_block1: mean=0.000002397
[15:15:38] Layer stage1_block2: mean=0.000002462
[15:15:38] Layer stage2_downsample: mean=0.000008365
[15:15:39] Layer stage2_block0: mean=0.000004108
[15:15:39] Layer stage2_block1: mean=0.000024648
[15:15:39] Layer stage2_block2: mean=0.000009541
[15:15:39] Layer stage2_block3: mean=0.000027875
[15:15:39] Layer stage2_block4: mean=0.000022768
[15:15:40] Layer stage2_block5: mean=0.000005078
[15:15:40] Layer stage2_block6: mean=0.000016032
[15:15:40] Layer stage2_block7: mean=0.000022389
[15:15:40] Layer stage2_block8: mean=0.000012886
[15:15:40] Layer stage2_block9: mean=0.000012938
[15:15:41] Layer stage2_block10: mean=0.000012701
[15:15:41] Layer stage2_block11: mean=0.000018582
[15:15:41] Layer stage2_block12: mean=0.000015929
[15:15:41] Layer stage2_block13: mean=0.000015808
[15:15:41] Layer stage2_block14: mean=0.000025108
[15:15:42] Layer stage2_block15: mean=0.000020407
[15:15:42] Layer stage2_block16: mean=0.000019423
[15:15:42] Layer stage2_block17: mean=0.000022756
[15:15:42] Layer stage2_block18: mean=0.000017947
[15:15:42] Layer stage2_block19: mean=0.000018937
[15:15:42] Layer stage2_block20: mean=0.000021773
[15:15:43] Layer stage2_block21: mean=0.000024457
[15:15:43] Layer stage2_block22: mean=0.000020292
[15:15:43] Layer stage2_block23: mean=0.000020121
[15:15:43] Layer stage2_block24: mean=0.000019640
[15:15:43] Layer stage2_block25: mean=0.000019532
[15:15:43] Layer stage2_block26: mean=0.000019368
[15:15:43] Layer stage3_downsample: mean=0.000053440
[15:15:44] Layer stage3_block0: mean=0.000045593
[15:15:44] Layer stage3_block1: mean=0.000035375
[15:15:44] Layer stage3_block2: mean=0.000017447
[15:15:44] ✅ fer2013 updated (N=1).
[15:15:44] 
🔍 Processing task: gtsrb (delta=1)
[15:15:44] [GTSRB] Collected 12630 test images.
[15:15:44] [GTSRB] Loaded 1 samples (skipped 0), tensor torch.Size([1, 3, 256, 256])
[15:15:44] Layer stage0_block0: mean=0.000001829
[15:15:44] Layer stage0_block1: mean=0.000000914
[15:15:45] Layer stage0_block2: mean=0.000000737
[15:15:45] Layer stage1_downsample: mean=0.000004526
[15:15:45] Layer stage1_block0: mean=0.000001330
[15:15:45] Layer stage1_block1: mean=0.000001913
[15:15:45] Layer stage1_block2: mean=0.000001115
[15:15:46] Layer stage2_downsample: mean=0.000002189
[15:15:46] Layer stage2_block0: mean=0.000010846
[15:15:46] Layer stage2_block1: mean=0.000002235
[15:15:46] Layer stage2_block2: mean=0.000010506
[15:15:46] Layer stage2_block3: mean=0.000038669
[15:15:46] Layer stage2_block4: mean=0.000008543
[15:15:47] Layer stage2_block5: mean=0.000022741
[15:15:47] Layer stage2_block6: mean=0.000035836
[15:15:47] Layer stage2_block7: mean=0.000011094
[15:15:47] Layer stage2_block8: mean=0.000009190
[15:15:47] Layer stage2_block9: mean=0.000012561
[15:15:48] Layer stage2_block10: mean=0.000013610
[15:15:48] Layer stage2_block11: mean=0.000009634
[15:15:48] Layer stage2_block12: mean=0.000015875
[15:15:48] Layer stage2_block13: mean=0.000014763
[15:15:48] Layer stage2_block14: mean=0.000015655
[15:15:48] Layer stage2_block15: mean=0.000016724
[15:15:49] Layer stage2_block16: mean=0.000016174
[15:15:49] Layer stage2_block17: mean=0.000015764
[15:15:49] Layer stage2_block18: mean=0.000015374
[15:15:49] Layer stage2_block19: mean=0.000017992
[15:15:49] Layer stage2_block20: mean=0.000015552
[15:15:49] Layer stage2_block21: mean=0.000018102
[15:15:50] Layer stage2_block22: mean=0.000018771
[15:15:50] Layer stage2_block23: mean=0.000019578
[15:15:50] Layer stage2_block24: mean=0.000016128
[15:15:50] Layer stage2_block25: mean=0.000016233
[15:15:50] Layer stage2_block26: mean=0.000014622
[15:15:50] Layer stage3_downsample: mean=0.000032681
[15:15:51] Layer stage3_block0: mean=0.000040134
[15:15:51] Layer stage3_block1: mean=0.000028865
[15:15:51] Layer stage3_block2: mean=0.000017720
[15:15:51] ✅ gtsrb updated (N=1).
[15:15:51] 
🔍 Processing task: kitti (delta=1)
[15:15:51] [KITTI] Collected 711 images from /root/autodl-tmp/modelselection/datasets/datasets/kitti/test.txt
[15:15:51] [KITTI] Loaded 1 samples (skipped 0), tensor torch.Size([1, 3, 256, 256])
[15:15:51] Layer stage0_block0: mean=0.000002307
[15:15:51] Layer stage0_block1: mean=0.000002180
[15:15:51] Layer stage0_block2: mean=0.000003989
[15:15:52] Layer stage1_downsample: mean=0.000004512
[15:15:52] Layer stage1_block0: mean=0.000003066
[15:15:52] Layer stage1_block1: mean=0.000002410
[15:15:52] Layer stage1_block2: mean=0.000005258
[15:15:52] Layer stage2_downsample: mean=0.000057322
[15:15:52] Layer stage2_block0: mean=0.000008510
[15:15:53] Layer stage2_block1: mean=0.000025444
[15:15:53] Layer stage2_block2: mean=0.000007024
[15:15:53] Layer stage2_block3: mean=0.000008998
[15:15:53] Layer stage2_block4: mean=0.000008249
[15:15:53] Layer stage2_block5: mean=0.000009593
[15:15:54] Layer stage2_block6: mean=0.000019154
[15:15:54] Layer stage2_block7: mean=0.000009087
[15:15:54] Layer stage2_block8: mean=0.000008991
[15:15:54] Layer stage2_block9: mean=0.000015031
[15:15:54] Layer stage2_block10: mean=0.000013225
[15:15:54] Layer stage2_block11: mean=0.000015669
[15:15:55] Layer stage2_block12: mean=0.000014467
[15:15:55] Layer stage2_block13: mean=0.000011233
[15:15:55] Layer stage2_block14: mean=0.000019450
[15:15:55] Layer stage2_block15: mean=0.000016697
[15:15:55] Layer stage2_block16: mean=0.000020740
[15:15:55] Layer stage2_block17: mean=0.000014979
[15:15:56] Layer stage2_block18: mean=0.000014816
[15:15:56] Layer stage2_block19: mean=0.000017286
[15:15:56] Layer stage2_block20: mean=0.000016762
[15:15:56] Layer stage2_block21: mean=0.000018576
[15:15:56] Layer stage2_block22: mean=0.000015932
[15:15:56] Layer stage2_block23: mean=0.000019118
[15:15:57] Layer stage2_block24: mean=0.000019738
[15:15:57] Layer stage2_block25: mean=0.000020791
[15:15:57] Layer stage2_block26: mean=0.000020829
[15:15:57] Layer stage3_downsample: mean=0.000037840
[15:15:57] Layer stage3_block0: mean=0.000039654
[15:15:57] Layer stage3_block1: mean=0.000024412
[15:15:57] Layer stage3_block2: mean=0.000015927
[15:15:57] ✅ kitti updated (N=1).
[15:15:57] 
🔍 Processing task: mnist (delta=1)
[15:15:57] [MNIST] Loaded split='test' with 10000 samples from data/mnist
[15:15:57] [MNIST] Loaded 1 samples, tensor torch.Size([1, 3, 256, 256])
[15:15:58] Layer stage0_block0: mean=0.000001097
[15:15:58] Layer stage0_block1: mean=0.000000762
[15:15:58] Layer stage0_block2: mean=0.000000455
[15:15:58] Layer stage1_downsample: mean=0.000002440
[15:15:58] Layer stage1_block0: mean=0.000003315
[15:15:59] Layer stage1_block1: mean=0.000003608
[15:15:59] Layer stage1_block2: mean=0.000001234
[15:15:59] Layer stage2_downsample: mean=0.000002249
[15:15:59] Layer stage2_block0: mean=0.000003147
[15:15:59] Layer stage2_block1: mean=0.000005115
[15:16:00] Layer stage2_block2: mean=0.000025624
[15:16:00] Layer stage2_block3: mean=0.000006043
[15:16:00] Layer stage2_block4: mean=0.000008461
[15:16:00] Layer stage2_block5: mean=0.000009350
[15:16:01] Layer stage2_block6: mean=0.000015050
[15:16:01] Layer stage2_block7: mean=0.000008138
[15:16:01] Layer stage2_block8: mean=0.000025183
[15:16:01] Layer stage2_block9: mean=0.000009373
[15:16:01] Layer stage2_block10: mean=0.000009088
[15:16:01] Layer stage2_block11: mean=0.000011180
[15:16:02] Layer stage2_block12: mean=0.000020746
[15:16:02] Layer stage2_block13: mean=0.000013868
[15:16:02] Layer stage2_block14: mean=0.000014896
[15:16:02] Layer stage2_block15: mean=0.000013711
[15:16:02] Layer stage2_block16: mean=0.000018619
[15:16:02] Layer stage2_block17: mean=0.000017379
[15:16:03] Layer stage2_block18: mean=0.000015615
[15:16:03] Layer stage2_block19: mean=0.000015337
[15:16:03] Layer stage2_block20: mean=0.000014381
[15:16:03] Layer stage2_block21: mean=0.000017395
[15:16:03] Layer stage2_block22: mean=0.000016339
[15:16:04] Layer stage2_block23: mean=0.000017377
[15:16:04] Layer stage2_block24: mean=0.000019299
[15:16:04] Layer stage2_block25: mean=0.000017102
[15:16:04] Layer stage2_block26: mean=0.000020885
[15:16:04] Layer stage3_downsample: mean=0.000044558
[15:16:04] Layer stage3_block0: mean=0.000048457
[15:16:05] Layer stage3_block1: mean=0.000036698
[15:16:05] Layer stage3_block2: mean=0.000022885
[15:16:05] ✅ mnist updated (N=1).
[15:16:05] 
🔍 Processing task: oxford_flowers (delta=1)
[15:16:05] [OxfordFlowers] Loaded 1 samples (skipped 0), tensor torch.Size([1, 3, 256, 256])
[15:16:05] Layer stage0_block0: mean=0.000001852
[15:16:05] Layer stage0_block1: mean=0.000002036
[15:16:05] Layer stage0_block2: mean=0.000004041
[15:16:06] Layer stage1_downsample: mean=0.000009033
[15:16:06] Layer stage1_block0: mean=0.000002306
[15:16:06] Layer stage1_block1: mean=0.000002723
[15:16:06] Layer stage1_block2: mean=0.000002286
[15:16:06] Layer stage2_downsample: mean=0.000048253
[15:16:07] Layer stage2_block0: mean=0.000028132
[15:16:07] Layer stage2_block1: mean=0.000009799
[15:16:07] Layer stage2_block2: mean=0.000028615
[15:16:07] Layer stage2_block3: mean=0.000009622
[15:16:07] Layer stage2_block4: mean=0.000011168
[15:16:07] Layer stage2_block5: mean=0.000019645
[15:16:08] Layer stage2_block6: mean=0.000021470
[15:16:08] Layer stage2_block7: mean=0.000028580
[15:16:08] Layer stage2_block8: mean=0.000021825
[15:16:08] Layer stage2_block9: mean=0.000014075
[15:16:08] Layer stage2_block10: mean=0.000015242
[15:16:08] Layer stage2_block11: mean=0.000015264
[15:16:09] Layer stage2_block12: mean=0.000016990
[15:16:09] Layer stage2_block13: mean=0.000011909
[15:16:09] Layer stage2_block14: mean=0.000014595
[15:16:09] Layer stage2_block15: mean=0.000015348
[15:16:09] Layer stage2_block16: mean=0.000019613
[15:16:09] Layer stage2_block17: mean=0.000017041
[15:16:09] Layer stage2_block18: mean=0.000019298
[15:16:10] Layer stage2_block19: mean=0.000017393
[15:16:10] Layer stage2_block20: mean=0.000019471
[15:16:10] Layer stage2_block21: mean=0.000017321
[15:16:10] Layer stage2_block22: mean=0.000021664
[15:16:10] Layer stage2_block23: mean=0.000019758
[15:16:11] Layer stage2_block24: mean=0.000017462
[15:16:11] Layer stage2_block25: mean=0.000018751
[15:16:11] Layer stage2_block26: mean=0.000020170
[15:16:11] Layer stage3_downsample: mean=0.000034021
[15:16:11] Layer stage3_block0: mean=0.000044365
[15:16:11] Layer stage3_block1: mean=0.000031766
[15:16:11] Layer stage3_block2: mean=0.000018616
[15:16:11] ✅ oxford_flowers updated (N=1).
[15:16:11] 
🔍 Processing task: oxford_pet (delta=1)
[15:16:11] [OxfordPet] Loaded 1 samples (skipped 0), tensor torch.Size([1, 3, 256, 256])
[15:16:12] Layer stage0_block0: mean=0.000002613
[15:16:12] Layer stage0_block1: mean=0.000002960
[15:16:12] Layer stage0_block2: mean=0.000003999
[15:16:12] Layer stage1_downsample: mean=0.000003397
[15:16:12] Layer stage1_block0: mean=0.000007388
[15:16:13] Layer stage1_block1: mean=0.000004449
[15:16:13] Layer stage1_block2: mean=0.000005415
[15:16:13] Layer stage2_downsample: mean=0.000042162
[15:16:13] Layer stage2_block0: mean=0.000007788
[15:16:13] Layer stage2_block1: mean=0.000032207
[15:16:14] Layer stage2_block2: mean=0.000040812
[15:16:14] Layer stage2_block3: mean=0.000026092
[15:16:14] Layer stage2_block4: mean=0.000010830
[15:16:14] Layer stage2_block5: mean=0.000012525
[15:16:14] Layer stage2_block6: mean=0.000010798
[15:16:14] Layer stage2_block7: mean=0.000014820
[15:16:15] Layer stage2_block8: mean=0.000011622
[15:16:15] Layer stage2_block9: mean=0.000013355
[15:16:15] Layer stage2_block10: mean=0.000016552
[15:16:15] Layer stage2_block11: mean=0.000013834
[15:16:15] Layer stage2_block12: mean=0.000022616
[15:16:16] Layer stage2_block13: mean=0.000020654
[15:16:16] Layer stage2_block14: mean=0.000023261
[15:16:16] Layer stage2_block15: mean=0.000015108
[15:16:16] Layer stage2_block16: mean=0.000017056
[15:16:16] Layer stage2_block17: mean=0.000018133
[15:16:16] Layer stage2_block18: mean=0.000020759
[15:16:17] Layer stage2_block19: mean=0.000020185
[15:16:17] Layer stage2_block20: mean=0.000022296
[15:16:17] Layer stage2_block21: mean=0.000022808
[15:16:17] Layer stage2_block22: mean=0.000017818
[15:16:17] Layer stage2_block23: mean=0.000021576
[15:16:18] Layer stage2_block24: mean=0.000018475
[15:16:18] Layer stage2_block25: mean=0.000019368
[15:16:18] Layer stage2_block26: mean=0.000018479
[15:16:18] Layer stage3_downsample: mean=0.000042497
[15:16:18] Layer stage3_block0: mean=0.000043600
[15:16:18] Layer stage3_block1: mean=0.000035719
[15:16:18] Layer stage3_block2: mean=0.000022484
[15:16:18] ✅ oxford_pet updated (N=1).
[15:16:18] 
🔍 Processing task: patch_camelyon (delta=1)
[15:16:18] [PatchCamelyon] Collected 32768 image paths from /root/autodl-tmp/modelselection/datasets/datasets/patch_camelyon/test.txt
[15:16:18] [PatchCamelyon] Loaded 1 samples (skipped 0), tensor torch.Size([1, 3, 256, 256])
[15:16:19] Layer stage0_block0: mean=0.000002118
[15:16:19] Layer stage0_block1: mean=0.000003340
[15:16:19] Layer stage0_block2: mean=0.000001424
[15:16:19] Layer stage1_downsample: mean=0.000002301
[15:16:20] Layer stage1_block0: mean=0.000003216
[15:16:20] Layer stage1_block1: mean=0.000002587
[15:16:20] Layer stage1_block2: mean=0.000003396
[15:16:20] Layer stage2_downsample: mean=0.000004474
[15:16:20] Layer stage2_block0: mean=0.000006580
[15:16:21] Layer stage2_block1: mean=0.000010582
[15:16:21] Layer stage2_block2: mean=0.000009026
[15:16:21] Layer stage2_block3: mean=0.000017996
[15:16:21] Layer stage2_block4: mean=0.000011203
[15:16:21] Layer stage2_block5: mean=0.000009369
[15:16:21] Layer stage2_block6: mean=0.000012700
[15:16:22] Layer stage2_block7: mean=0.000010816
[15:16:22] Layer stage2_block8: mean=0.000020220
[15:16:22] Layer stage2_block9: mean=0.000012620
[15:16:22] Layer stage2_block10: mean=0.000013846
[15:16:22] Layer stage2_block11: mean=0.000008648
[15:16:22] Layer stage2_block12: mean=0.000008776
[15:16:23] Layer stage2_block13: mean=0.000016503
[15:16:23] Layer stage2_block14: mean=0.000015443
[15:16:23] Layer stage2_block15: mean=0.000019154
[15:16:23] Layer stage2_block16: mean=0.000018555
[15:16:23] Layer stage2_block17: mean=0.000020545
[15:16:23] Layer stage2_block18: mean=0.000014253
[15:16:24] Layer stage2_block19: mean=0.000015208
[15:16:24] Layer stage2_block20: mean=0.000017734
[15:16:24] Layer stage2_block21: mean=0.000016803
[15:16:24] Layer stage2_block22: mean=0.000015485
[15:16:24] Layer stage2_block23: mean=0.000017702
[15:16:24] Layer stage2_block24: mean=0.000016408
[15:16:25] Layer stage2_block25: mean=0.000013773
[15:16:25] Layer stage2_block26: mean=0.000017929
[15:16:25] Layer stage3_downsample: mean=0.000026540
[15:16:25] Layer stage3_block0: mean=0.000034859
[15:16:25] Layer stage3_block1: mean=0.000032724
[15:16:25] Layer stage3_block2: mean=0.000020793
[15:16:25] ✅ patch_camelyon updated (N=1).
[15:16:25] 
🔍 Processing task: renderedsst2 (delta=1)
[15:16:25] [RenderedSST2] Loaded 1 samples (skipped 0), tensor torch.Size([1, 3, 256, 256])
[15:16:26] Layer stage0_block0: mean=0.000001242
[15:16:26] Layer stage0_block1: mean=0.000002379
[15:16:26] Layer stage0_block2: mean=0.000000887
[15:16:26] Layer stage1_downsample: mean=0.000001539
[15:16:26] Layer stage1_block0: mean=0.000001838
[15:16:27] Layer stage1_block1: mean=0.000001458
[15:16:27] Layer stage1_block2: mean=0.000003119
[15:16:27] Layer stage2_downsample: mean=0.000003993
[15:16:27] Layer stage2_block0: mean=0.000009209
[15:16:27] Layer stage2_block1: mean=0.000023195
[15:16:28] Layer stage2_block2: mean=0.000004212
[15:16:28] Layer stage2_block3: mean=0.000005901
[15:16:28] Layer stage2_block4: mean=0.000005894
[15:16:28] Layer stage2_block5: mean=0.000013997
[15:16:28] Layer stage2_block6: mean=0.000023887
[15:16:28] Layer stage2_block7: mean=0.000007761
[15:16:29] Layer stage2_block8: mean=0.000009545
[15:16:29] Layer stage2_block9: mean=0.000008306
[15:16:29] Layer stage2_block10: mean=0.000016821
[15:16:29] Layer stage2_block11: mean=0.000019790
[15:16:29] Layer stage2_block12: mean=0.000014089
[15:16:29] Layer stage2_block13: mean=0.000016372
[15:16:30] Layer stage2_block14: mean=0.000011488
[15:16:30] Layer stage2_block15: mean=0.000012785
[15:16:30] Layer stage2_block16: mean=0.000012927
[15:16:30] Layer stage2_block17: mean=0.000011794
[15:16:30] Layer stage2_block18: mean=0.000024527
[15:16:31] Layer stage2_block19: mean=0.000017763
[15:16:31] Layer stage2_block20: mean=0.000019094
[15:16:31] Layer stage2_block21: mean=0.000015889
[15:16:31] Layer stage2_block22: mean=0.000017198
[15:16:31] Layer stage2_block23: mean=0.000018957
[15:16:31] Layer stage2_block24: mean=0.000019248
[15:16:31] Layer stage2_block25: mean=0.000020835
[15:16:32] Layer stage2_block26: mean=0.000028238
[15:16:32] Layer stage3_downsample: mean=0.000053154
[15:16:32] Layer stage3_block0: mean=0.000056170
[15:16:32] Layer stage3_block1: mean=0.000038739
[15:16:32] Layer stage3_block2: mean=0.000050153
[15:16:32] ✅ renderedsst2 updated (N=1).
[15:16:32] 
🔍 Processing task: resisc45 (delta=1)
[15:16:32] [RESISC45] Collected 6300 images from /root/autodl-tmp/modelselection/datasets/datasets/resisc45/test.txt
[15:16:32] [RESISC45] Loaded 1 samples (skipped 0), tensor torch.Size([1, 3, 256, 256])
[15:16:32] Layer stage0_block0: mean=0.000001587
[15:16:33] Layer stage0_block1: mean=0.000001580
[15:16:33] Layer stage0_block2: mean=0.000002338
[15:16:33] Layer stage1_downsample: mean=0.000003675
[15:16:33] Layer stage1_block0: mean=0.000002404
[15:16:33] Layer stage1_block1: mean=0.000003481
[15:16:34] Layer stage1_block2: mean=0.000006230
[15:16:34] Layer stage2_downsample: mean=0.000061576
[15:16:34] Layer stage2_block0: mean=0.000035857
[15:16:34] Layer stage2_block1: mean=0.000032959
[15:16:34] Layer stage2_block2: mean=0.000022200
[15:16:34] Layer stage2_block3: mean=0.000032707
[15:16:35] Layer stage2_block4: mean=0.000008044
[15:16:35] Layer stage2_block5: mean=0.000008657
[15:16:35] Layer stage2_block6: mean=0.000024526
[15:16:35] Layer stage2_block7: mean=0.000015476
[15:16:35] Layer stage2_block8: mean=0.000011791
[15:16:36] Layer stage2_block9: mean=0.000020653
[15:16:36] Layer stage2_block10: mean=0.000017660
[15:16:36] Layer stage2_block11: mean=0.000015489
[15:16:36] Layer stage2_block12: mean=0.000023821
[15:16:36] Layer stage2_block13: mean=0.000024838
[15:16:36] Layer stage2_block14: mean=0.000016987
[15:16:37] Layer stage2_block15: mean=0.000014592
[15:16:37] Layer stage2_block16: mean=0.000016650
[15:16:37] Layer stage2_block17: mean=0.000018211
[15:16:37] Layer stage2_block18: mean=0.000022006
[15:16:37] Layer stage2_block19: mean=0.000022008
[15:16:37] Layer stage2_block20: mean=0.000018994
[15:16:37] Layer stage2_block21: mean=0.000018887
[15:16:38] Layer stage2_block22: mean=0.000021419
[15:16:38] Layer stage2_block23: mean=0.000021745
[15:16:38] Layer stage2_block24: mean=0.000020620
[15:16:38] Layer stage2_block25: mean=0.000020450
[15:16:38] Layer stage2_block26: mean=0.000019874
[15:16:38] Layer stage3_downsample: mean=0.000049630
[15:16:39] Layer stage3_block0: mean=0.000046503
[15:16:39] Layer stage3_block1: mean=0.000036536
[15:16:39] Layer stage3_block2: mean=0.000024149
[15:16:39] ✅ resisc45 updated (N=1).
[15:16:39] 
🔍 Processing task: stl10 (delta=1)
[15:16:39] [STL10] Loaded 1 samples, tensor torch.Size([1, 3, 256, 256])
[15:16:39] Layer stage0_block0: mean=0.000001596
[15:16:39] Layer stage0_block1: mean=0.000001538
[15:16:39] Layer stage0_block2: mean=0.000002037
[15:16:40] Layer stage1_downsample: mean=0.000002344
[15:16:40] Layer stage1_block0: mean=0.000002339
[15:16:40] Layer stage1_block1: mean=0.000005919
[15:16:40] Layer stage1_block2: mean=0.000004244
[15:16:41] Layer stage2_downsample: mean=0.000003882
[15:16:41] Layer stage2_block0: mean=0.000034718
[15:16:41] Layer stage2_block1: mean=0.000036710
[15:16:41] Layer stage2_block2: mean=0.000037377
[15:16:41] Layer stage2_block3: mean=0.000034527
[15:16:41] Layer stage2_block4: mean=0.000015334
[15:16:42] Layer stage2_block5: mean=0.000020750
[15:16:42] Layer stage2_block6: mean=0.000020582
[15:16:42] Layer stage2_block7: mean=0.000025488
[15:16:42] Layer stage2_block8: mean=0.000019857
[15:16:42] Layer stage2_block9: mean=0.000011792
[15:16:42] Layer stage2_block10: mean=0.000020700
[15:16:43] Layer stage2_block11: mean=0.000019603
[15:16:43] Layer stage2_block12: mean=0.000035663
[15:16:43] Layer stage2_block13: mean=0.000016269
[15:16:43] Layer stage2_block14: mean=0.000017981
[15:16:43] Layer stage2_block15: mean=0.000016273
[15:16:43] Layer stage2_block16: mean=0.000023373
[15:16:44] Layer stage2_block17: mean=0.000019343
[15:16:44] Layer stage2_block18: mean=0.000019532
[15:16:44] Layer stage2_block19: mean=0.000021882
[15:16:44] Layer stage2_block20: mean=0.000021826
[15:16:44] Layer stage2_block21: mean=0.000024458
[15:16:44] Layer stage2_block22: mean=0.000023223
[15:16:44] Layer stage2_block23: mean=0.000021167
[15:16:45] Layer stage2_block24: mean=0.000022028
[15:16:45] Layer stage2_block25: mean=0.000022254
[15:16:45] Layer stage2_block26: mean=0.000022655
[15:16:45] Layer stage3_downsample: mean=0.000056180
[15:16:45] Layer stage3_block0: mean=0.000044694
[15:16:45] Layer stage3_block1: mean=0.000035966
[15:16:46] Layer stage3_block2: mean=0.000029545
[15:16:46] ✅ stl10 updated (N=1).
[15:16:46] 
🔍 Processing task: sun397 (delta=1)
[15:16:46] [SUN397] Loaded 1 samples (skipped 0), tensor torch.Size([1, 3, 256, 256])
[15:16:46] Layer stage0_block0: mean=0.000002467
[15:16:46] Layer stage0_block1: mean=0.000002200
[15:16:46] Layer stage0_block2: mean=0.000003809
[15:16:46] Layer stage1_downsample: mean=0.000006445
[15:16:47] Layer stage1_block0: mean=0.000002378
[15:16:47] Layer stage1_block1: mean=0.000003555
[15:16:47] Layer stage1_block2: mean=0.000002415
[15:16:47] Layer stage2_downsample: mean=0.000010095
[15:16:47] Layer stage2_block0: mean=0.000024128
[15:16:48] Layer stage2_block1: mean=0.000006727
[15:16:48] Layer stage2_block2: mean=0.000008208
[15:16:48] Layer stage2_block3: mean=0.000004933
[15:16:48] Layer stage2_block4: mean=0.000007532
[15:16:48] Layer stage2_block5: mean=0.000008745
[15:16:48] Layer stage2_block6: mean=0.000008089
[15:16:49] Layer stage2_block7: mean=0.000037143
[15:16:49] Layer stage2_block8: mean=0.000022061
[15:16:49] Layer stage2_block9: mean=0.000011412
[15:16:49] Layer stage2_block10: mean=0.000014383
[15:16:49] Layer stage2_block11: mean=0.000022144
[15:16:49] Layer stage2_block12: mean=0.000022778
[15:16:50] Layer stage2_block13: mean=0.000015588
[15:16:50] Layer stage2_block14: mean=0.000016963
[15:16:50] Layer stage2_block15: mean=0.000015703
[15:16:50] Layer stage2_block16: mean=0.000020117
[15:16:50] Layer stage2_block17: mean=0.000018046
[15:16:51] Layer stage2_block18: mean=0.000017274
[15:16:51] Layer stage2_block19: mean=0.000018891
[15:16:51] Layer stage2_block20: mean=0.000018911
[15:16:51] Layer stage2_block21: mean=0.000018463
[15:16:51] Layer stage2_block22: mean=0.000017938
[15:16:51] Layer stage2_block23: mean=0.000016920
[15:16:52] Layer stage2_block24: mean=0.000018254
[15:16:52] Layer stage2_block25: mean=0.000019187
[15:16:52] Layer stage2_block26: mean=0.000025265
[15:16:52] Layer stage3_downsample: mean=0.000047537
[15:16:52] Layer stage3_block0: mean=0.000041598
[15:16:52] Layer stage3_block1: mean=0.000038130
[15:16:52] Layer stage3_block2: mean=0.000009142
[15:16:52] ✅ sun397 updated (N=1).
[15:16:52] 
🔍 Processing task: svhn (delta=1)
[15:16:52] [SVHN] Loaded 1 samples (skipped 0), tensor torch.Size([1, 3, 256, 256])
[15:16:53] Layer stage0_block0: mean=0.000000655
[15:16:53] Layer stage0_block1: mean=0.000000426
[15:16:53] Layer stage0_block2: mean=0.000000725
[15:16:53] Layer stage1_downsample: mean=0.000000646
[15:16:53] Layer stage1_block0: mean=0.000000522
[15:16:54] Layer stage1_block1: mean=0.000001988
[15:16:54] Layer stage1_block2: mean=0.000003126
[15:16:54] Layer stage2_downsample: mean=0.000003120
[15:16:54] Layer stage2_block0: mean=0.000023642
[15:16:54] Layer stage2_block1: mean=0.000006161
[15:16:55] Layer stage2_block2: mean=0.000003842
[15:16:55] Layer stage2_block3: mean=0.000014755
[15:16:55] Layer stage2_block4: mean=0.000022114
[15:16:55] Layer stage2_block5: mean=0.000016867
[15:16:55] Layer stage2_block6: mean=0.000009479
[15:16:56] Layer stage2_block7: mean=0.000021303
[15:16:56] Layer stage2_block8: mean=0.000017827
[15:16:56] Layer stage2_block9: mean=0.000018804
[15:16:56] Layer stage2_block10: mean=0.000007635
[15:16:56] Layer stage2_block11: mean=0.000012246
[15:16:56] Layer stage2_block12: mean=0.000013371
[15:16:57] Layer stage2_block13: mean=0.000019739
[15:16:57] Layer stage2_block14: mean=0.000014070
[15:16:57] Layer stage2_block15: mean=0.000010333
[15:16:57] Layer stage2_block16: mean=0.000012680
[15:16:57] Layer stage2_block17: mean=0.000016542
[15:16:57] Layer stage2_block18: mean=0.000014339
[15:16:58] Layer stage2_block19: mean=0.000013297
[15:16:58] Layer stage2_block20: mean=0.000011924
[15:16:58] Layer stage2_block21: mean=0.000013829
[15:16:58] Layer stage2_block22: mean=0.000013192
[15:16:58] Layer stage2_block23: mean=0.000011406
[15:16:58] Layer stage2_block24: mean=0.000011375
[15:16:58] Layer stage2_block25: mean=0.000012803
[15:16:59] Layer stage2_block26: mean=0.000012375
[15:16:59] Layer stage3_downsample: mean=0.000044608
[15:16:59] Layer stage3_block0: mean=0.000038463
[15:16:59] Layer stage3_block1: mean=0.000024926
[15:16:59] Layer stage3_block2: mean=0.000024048
[15:16:59] ✅ svhn updated (N=1).
[15:16:59] 
🔍 Processing task: voc_pose (delta=1)
[15:16:59] [VOC] Loaded 1 samples (skipped 0), tensor torch.Size([1, 3, 256, 256])
[15:16:59] Layer stage0_block0: mean=0.000001736
[15:17:00] Layer stage0_block1: mean=0.000001909
[15:17:00] Layer stage0_block2: mean=0.000003377
[15:17:00] Layer stage1_downsample: mean=0.000002672
[15:17:00] Layer stage1_block0: mean=0.000003370
[15:17:01] Layer stage1_block1: mean=0.000006765
[15:17:01] Layer stage1_block2: mean=0.000005535
[15:17:01] Layer stage2_downsample: mean=0.000005383
[15:17:01] Layer stage2_block0: mean=0.000031957
[15:17:01] Layer stage2_block1: mean=0.000010548
[15:17:01] Layer stage2_block2: mean=0.000022623
[15:17:02] Layer stage2_block3: mean=0.000023194
[15:17:02] Layer stage2_block4: mean=0.000006739
[15:17:02] Layer stage2_block5: mean=0.000026053
[15:17:02] Layer stage2_block6: mean=0.000009542
[15:17:02] Layer stage2_block7: mean=0.000019574
[15:17:02] Layer stage2_block8: mean=0.000014618
[15:17:03] Layer stage2_block9: mean=0.000025697
[15:17:03] Layer stage2_block10: mean=0.000018722
[15:17:03] Layer stage2_block11: mean=0.000012959
[15:17:03] Layer stage2_block12: mean=0.000017487
[15:17:03] Layer stage2_block13: mean=0.000019260
[15:17:03] Layer stage2_block14: mean=0.000018498
[15:17:04] Layer stage2_block15: mean=0.000019796
[15:17:04] Layer stage2_block16: mean=0.000015917
[15:17:04] Layer stage2_block17: mean=0.000018093
[15:17:04] Layer stage2_block18: mean=0.000013195
[15:17:04] Layer stage2_block19: mean=0.000015831
[15:17:04] Layer stage2_block20: mean=0.000016817
[15:17:05] Layer stage2_block21: mean=0.000021370
[15:17:05] Layer stage2_block22: mean=0.000017721
[15:17:05] Layer stage2_block23: mean=0.000020191
[15:17:05] Layer stage2_block24: mean=0.000019424
[15:17:05] Layer stage2_block25: mean=0.000019085
[15:17:06] Layer stage2_block26: mean=0.000018056
[15:17:06] Layer stage3_downsample: mean=0.000070971
[15:17:06] Layer stage3_block0: mean=0.000038387
[15:17:06] Layer stage3_block1: mean=0.000040650
[15:17:06] Layer stage3_block2: mean=0.000023563
[15:17:06] ✅ voc_pose updated (N=1).
[15:17:06] ✅ Results saved for milestone 1.
