/root/miniconda3/envs/reason/lib/python3.10/site-packages/transformers/utils/hub.py:111: FutureWarning: Using `TRANSFORMERS_CACHE` is deprecated and will be removed in v5 of Transformers. Use `HF_HOME` instead.
  warnings.warn(
[16:00:37] Using device: cuda, seed: 55
[16:00:37] Parsing model identifier. Schema: None, Identifier: convnext_large_d
[16:00:37] Loaded built-in convnext_large_d model config.
[16:00:38] Instantiating model architecture: CLIP
[16:00:41] Loading full pretrained weights from: /root/autodl-tmp/hf_cache/models--laion--CLIP-convnext_large_d.laion2B-s26B-b102K-augreg/snapshots/5b2b0daa712b546eddc16d7e03e737aa48e7d4d3/open_clip_model.safetensors
[16:00:41] Final image preprocessing configuration set: {'size': (256, 256), 'mode': 'RGB', 'mean': (0.48145466, 0.4578275, 0.40821073), 'std': (0.26862954, 0.26130258, 0.27577711), 'interpolation': 'bicubic', 'resize_mode': 'shortest', 'fill_color': 0}
[16:00:41] Model convnext_large_d creation process complete.
[16:00:41] Detected ConvNeXt with 39 layers.
[16:00:41] Model convnext_large_d loaded (39 layers detected).
[16:00:41] Using ConvNeXt forward_func for convnext_large_d
[16:00:43] [FER2013] Column 'Usage' not found, using all rows.
[16:00:43] [FER2013] Loaded 28709 images from /root/autodl-tmp/modelselection/datasets/datasets/fer2013/train.csv
[16:00:43] [OxfordFlowers] Loaded split='test' with 6149 images from /root/autodl-tmp/modelselection/datasets/datasets/oxford_flowers
[16:00:43] [OxfordPet] Loaded split='test' with 3669 samples from /root/autodl-tmp/modelselection/datasets/datasets/oxford-pet/annotations/test.txt
[16:00:43] [RenderedSST2] Loaded 1821 images from /root/autodl-tmp/modelselection/datasets/datasets/renderedsst2/rendered-sst2/test
[16:00:43] [STL10] Loaded split='test' with 8000 images from /root/autodl-tmp/modelselection/datasets/datasets/stl10/stl10_binary/test_X.bin
[16:00:43] [SUN397] Loaded split='test' with 19850 images
[16:00:43] [SVHN] Loaded 26032 images from /root/autodl-tmp/modelselection/datasets/datasets/svhn/test.txt
[16:00:44] [VOC] Loaded 9963 images from annotations
[16:00:44] === Reaching milestone N=1 ===
[16:00:44] 
🔍 Processing task: car (delta=1)
[16:00:44] [Cars] Loaded 1 samples, tensor torch.Size([1, 3, 256, 256])
/root/autodl-tmp/modelselection/frame_v2/framework/conductance.py:20: FutureWarning: `torch.cuda.amp.autocast(args...)` is deprecated. Please use `torch.amp.autocast('cuda', args...)` instead.
  with torch.cuda.amp.autocast(enabled=use_amp):
[16:00:49] Layer stage0_block0: mean=0.000000698
[16:00:49] Layer stage0_block1: mean=0.000000545
[16:00:50] Layer stage0_block2: mean=0.000000655
[16:00:50] Layer stage1_downsample: mean=0.000000923
[16:00:50] Layer stage1_block0: mean=0.000001067
[16:00:51] Layer stage1_block1: mean=0.000001494
[16:00:51] Layer stage1_block2: mean=0.000001006
[16:00:51] Layer stage2_downsample: mean=0.000002160
[16:00:51] Layer stage2_block0: mean=0.000002529
[16:00:51] Layer stage2_block1: mean=0.000002577
[16:00:52] Layer stage2_block2: mean=0.000002015
[16:00:52] Layer stage2_block3: mean=0.000002423
[16:00:52] Layer stage2_block4: mean=0.000002419
[16:00:52] Layer stage2_block5: mean=0.000002474
[16:00:52] Layer stage2_block6: mean=0.000002584
[16:00:53] Layer stage2_block7: mean=0.000002549
[16:00:53] Layer stage2_block8: mean=0.000002346
[16:00:53] Layer stage2_block9: mean=0.000002655
[16:00:53] Layer stage2_block10: mean=0.000002549
[16:00:53] Layer stage2_block11: mean=0.000002314
[16:00:54] Layer stage2_block12: mean=0.000002805
[16:00:54] Layer stage2_block13: mean=0.000002789
[16:00:54] Layer stage2_block14: mean=0.000002446
[16:00:54] Layer stage2_block15: mean=0.000002578
[16:00:54] Layer stage2_block16: mean=0.000002414
[16:00:54] Layer stage2_block17: mean=0.000002710
[16:00:55] Layer stage2_block18: mean=0.000002839
[16:00:55] Layer stage2_block19: mean=0.000002870
[16:00:55] Layer stage2_block20: mean=0.000003079
[16:00:55] Layer stage2_block21: mean=0.000003290
[16:00:56] Layer stage2_block22: mean=0.000002940
[16:00:56] Layer stage2_block23: mean=0.000002918
[16:00:56] Layer stage2_block24: mean=0.000003566
[16:00:56] Layer stage2_block25: mean=0.000003782
[16:00:56] Layer stage2_block26: mean=0.000003753
[16:00:57] Layer stage3_downsample: mean=0.000004854
[16:00:57] Layer stage3_block0: mean=0.000005043
[16:00:57] Layer stage3_block1: mean=0.000008196
[16:00:57] Layer stage3_block2: mean=0.000004720
[16:00:57] ✅ car updated (N=1).
[16:00:57] 
🔍 Processing task: cifar (delta=1)
[16:00:57] [CIFAR] Loaded 1 samples, tensor torch.Size([1, 3, 256, 256])
[16:00:57] Layer stage0_block0: mean=0.000000751
[16:00:58] Layer stage0_block1: mean=0.000000508
[16:00:58] Layer stage0_block2: mean=0.000000444
[16:00:58] Layer stage1_downsample: mean=0.000000846
[16:00:58] Layer stage1_block0: mean=0.000001447
[16:00:59] Layer stage1_block1: mean=0.000000988
[16:00:59] Layer stage1_block2: mean=0.000001786
[16:00:59] Layer stage2_downsample: mean=0.000003484
[16:01:00] Layer stage2_block0: mean=0.000001877
[16:01:00] Layer stage2_block1: mean=0.000003022
[16:01:00] Layer stage2_block2: mean=0.000004522
[16:01:00] Layer stage2_block3: mean=0.000004998
[16:01:00] Layer stage2_block4: mean=0.000003990
[16:01:01] Layer stage2_block5: mean=0.000003841
[16:01:01] Layer stage2_block6: mean=0.000003798
[16:01:01] Layer stage2_block7: mean=0.000003377
[16:01:01] Layer stage2_block8: mean=0.000003922
[16:01:02] Layer stage2_block9: mean=0.000003042
[16:01:02] Layer stage2_block10: mean=0.000003192
[16:01:02] Layer stage2_block11: mean=0.000003901
[16:01:02] Layer stage2_block12: mean=0.000003441
[16:01:02] Layer stage2_block13: mean=0.000003870
[16:01:03] Layer stage2_block14: mean=0.000003576
[16:01:03] Layer stage2_block15: mean=0.000003559
[16:01:03] Layer stage2_block16: mean=0.000003799
[16:01:03] Layer stage2_block17: mean=0.000003536
[16:01:04] Layer stage2_block18: mean=0.000003986
[16:01:04] Layer stage2_block19: mean=0.000003785
[16:01:04] Layer stage2_block20: mean=0.000003340
[16:01:04] Layer stage2_block21: mean=0.000003930
[16:01:04] Layer stage2_block22: mean=0.000004011
[16:01:05] Layer stage2_block23: mean=0.000003225
[16:01:05] Layer stage2_block24: mean=0.000003638
[16:01:05] Layer stage2_block25: mean=0.000003246
[16:01:05] Layer stage2_block26: mean=0.000003029
[16:01:05] Layer stage3_downsample: mean=0.000004993
[16:01:06] Layer stage3_block0: mean=0.000005142
[16:01:06] Layer stage3_block1: mean=0.000006974
[16:01:06] Layer stage3_block2: mean=0.000003322
[16:01:06] ✅ cifar updated (N=1).
[16:01:06] 
🔍 Processing task: clevr (delta=1)
[16:01:06] [CLEVR] 15000 samples from /root/autodl-tmp/modelselection/datasets/datasets/clevr_count/test
[16:01:06] [CLEVR] Loaded 1 samples, tensor torch.Size([1, 3, 256, 256])
[16:01:06] Layer stage0_block0: mean=0.000000285
[16:01:07] Layer stage0_block1: mean=0.000000263
[16:01:07] Layer stage0_block2: mean=0.000000506
[16:01:07] Layer stage1_downsample: mean=0.000000468
[16:01:07] Layer stage1_block0: mean=0.000001197
[16:01:08] Layer stage1_block1: mean=0.000000683
[16:01:08] Layer stage1_block2: mean=0.000000773
[16:01:08] Layer stage2_downsample: mean=0.000001389
[16:01:08] Layer stage2_block0: mean=0.000001352
[16:01:09] Layer stage2_block1: mean=0.000001470
[16:01:09] Layer stage2_block2: mean=0.000001474
[16:01:09] Layer stage2_block3: mean=0.000001393
[16:01:10] Layer stage2_block4: mean=0.000001423
[16:01:10] Layer stage2_block5: mean=0.000001306
[16:01:10] Layer stage2_block6: mean=0.000001476
[16:01:11] Layer stage2_block7: mean=0.000001666
[16:01:11] Layer stage2_block8: mean=0.000001678
[16:01:11] Layer stage2_block9: mean=0.000001535
[16:01:11] Layer stage2_block10: mean=0.000001605
[16:01:11] Layer stage2_block11: mean=0.000001643
[16:01:12] Layer stage2_block12: mean=0.000001649
[16:01:12] Layer stage2_block13: mean=0.000001940
[16:01:12] Layer stage2_block14: mean=0.000001969
[16:01:12] Layer stage2_block15: mean=0.000001646
[16:01:13] Layer stage2_block16: mean=0.000001816
[16:01:13] Layer stage2_block17: mean=0.000001977
[16:01:13] Layer stage2_block18: mean=0.000001842
[16:01:13] Layer stage2_block19: mean=0.000001652
[16:01:13] Layer stage2_block20: mean=0.000001802
[16:01:14] Layer stage2_block21: mean=0.000001781
[16:01:14] Layer stage2_block22: mean=0.000001732
[16:01:14] Layer stage2_block23: mean=0.000001519
[16:01:14] Layer stage2_block24: mean=0.000001664
[16:01:14] Layer stage2_block25: mean=0.000001728
[16:01:15] Layer stage2_block26: mean=0.000001812
[16:01:15] Layer stage3_downsample: mean=0.000003223
[16:01:15] Layer stage3_block0: mean=0.000003744
[16:01:15] Layer stage3_block1: mean=0.000004159
[16:01:15] Layer stage3_block2: mean=0.000003746
[16:01:15] ✅ clevr updated (N=1).
[16:01:15] 
🔍 Processing task: country (delta=1)
[16:01:15] [Country211] Loaded 1 samples, tensor torch.Size([1, 3, 256, 256])
[16:01:16] Layer stage0_block0: mean=0.000000775
[16:01:16] Layer stage0_block1: mean=0.000000544
[16:01:16] Layer stage0_block2: mean=0.000000478
[16:01:17] Layer stage1_downsample: mean=0.000000853
[16:01:17] Layer stage1_block0: mean=0.000001092
[16:01:17] Layer stage1_block1: mean=0.000000999
[16:01:17] Layer stage1_block2: mean=0.000001021
[16:01:18] Layer stage2_downsample: mean=0.000002548
[16:01:18] Layer stage2_block0: mean=0.000002038
[16:01:18] Layer stage2_block1: mean=0.000002753
[16:01:18] Layer stage2_block2: mean=0.000002878
[16:01:19] Layer stage2_block3: mean=0.000002101
[16:01:19] Layer stage2_block4: mean=0.000002287
[16:01:19] Layer stage2_block5: mean=0.000002571
[16:01:19] Layer stage2_block6: mean=0.000002290
[16:01:19] Layer stage2_block7: mean=0.000002073
[16:01:20] Layer stage2_block8: mean=0.000001880
[16:01:20] Layer stage2_block9: mean=0.000002314
[16:01:20] Layer stage2_block10: mean=0.000001932
[16:01:20] Layer stage2_block11: mean=0.000002365
[16:01:21] Layer stage2_block12: mean=0.000002197
[16:01:21] Layer stage2_block13: mean=0.000002452
[16:01:21] Layer stage2_block14: mean=0.000002386
[16:01:21] Layer stage2_block15: mean=0.000002246
[16:01:22] Layer stage2_block16: mean=0.000002281
[16:01:22] Layer stage2_block17: mean=0.000002326
[16:01:22] Layer stage2_block18: mean=0.000002310
[16:01:22] Layer stage2_block19: mean=0.000002500
[16:01:23] Layer stage2_block20: mean=0.000002273
[16:01:23] Layer stage2_block21: mean=0.000002230
[16:01:23] Layer stage2_block22: mean=0.000002482
[16:01:23] Layer stage2_block23: mean=0.000002866
[16:01:23] Layer stage2_block24: mean=0.000002196
[16:01:24] Layer stage2_block25: mean=0.000002369
[16:01:24] Layer stage2_block26: mean=0.000002374
[16:01:24] Layer stage3_downsample: mean=0.000003828
[16:01:24] Layer stage3_block0: mean=0.000006475
[16:01:24] Layer stage3_block1: mean=0.000004622
[16:01:25] Layer stage3_block2: mean=0.000003406
[16:01:25] ✅ country updated (N=1).
[16:01:25] 
🔍 Processing task: dmlab (delta=1)
[16:01:25] [DMLab] Loaded 1 samples (skipped 0), tensor torch.Size([1, 3, 256, 256])
[16:01:25] Layer stage0_block0: mean=0.000000630
[16:01:25] Layer stage0_block1: mean=0.000000409
[16:01:26] Layer stage0_block2: mean=0.000000368
[16:01:26] Layer stage1_downsample: mean=0.000000675
[16:01:26] Layer stage1_block0: mean=0.000000977
[16:01:26] Layer stage1_block1: mean=0.000001005
[16:01:27] Layer stage1_block2: mean=0.000000745
[16:01:27] Layer stage2_downsample: mean=0.000001714
[16:01:27] Layer stage2_block0: mean=0.000002020
[16:01:27] Layer stage2_block1: mean=0.000001940
[16:01:28] Layer stage2_block2: mean=0.000001812
[16:01:28] Layer stage2_block3: mean=0.000001521
[16:01:28] Layer stage2_block4: mean=0.000001954
[16:01:28] Layer stage2_block5: mean=0.000002212
[16:01:29] Layer stage2_block6: mean=0.000001721
[16:01:29] Layer stage2_block7: mean=0.000001891
[16:01:29] Layer stage2_block8: mean=0.000002658
[16:01:29] Layer stage2_block9: mean=0.000002310
[16:01:30] Layer stage2_block10: mean=0.000001832
[16:01:30] Layer stage2_block11: mean=0.000001712
[16:01:30] Layer stage2_block12: mean=0.000001867
[16:01:30] Layer stage2_block13: mean=0.000002131
[16:01:30] Layer stage2_block14: mean=0.000002267
[16:01:31] Layer stage2_block15: mean=0.000002399
[16:01:31] Layer stage2_block16: mean=0.000002387
[16:01:31] Layer stage2_block17: mean=0.000002154
[16:01:31] Layer stage2_block18: mean=0.000001922
[16:01:31] Layer stage2_block19: mean=0.000002012
[16:01:32] Layer stage2_block20: mean=0.000002210
[16:01:32] Layer stage2_block21: mean=0.000002445
[16:01:32] Layer stage2_block22: mean=0.000001952
[16:01:32] Layer stage2_block23: mean=0.000001990
[16:01:32] Layer stage2_block24: mean=0.000002408
[16:01:33] Layer stage2_block25: mean=0.000002113
[16:01:33] Layer stage2_block26: mean=0.000002163
[16:01:33] Layer stage3_downsample: mean=0.000003258
[16:01:33] Layer stage3_block0: mean=0.000004134
[16:01:33] Layer stage3_block1: mean=0.000003765
[16:01:33] Layer stage3_block2: mean=0.000003033
[16:01:33] ✅ dmlab updated (N=1).
[16:01:33] 
🔍 Processing task: dr (delta=1)
[16:01:34] [DR] Loaded 42670 paths from /root/autodl-tmp/modelselection/datasets/datasets/diabetic_retinopathy/test.txt
[16:01:34] [DR] Loaded 1 samples (skipped 0), tensor torch.Size([1, 3, 256, 256])
[16:01:34] Layer stage0_block0: mean=0.000000437
[16:01:34] Layer stage0_block1: mean=0.000000411
[16:01:35] Layer stage0_block2: mean=0.000000390
[16:01:35] Layer stage1_downsample: mean=0.000000884
[16:01:35] Layer stage1_block0: mean=0.000000809
[16:01:35] Layer stage1_block1: mean=0.000000746
[16:01:36] Layer stage1_block2: mean=0.000000706
[16:01:36] Layer stage2_downsample: mean=0.000001498
[16:01:36] Layer stage2_block0: mean=0.000001374
[16:01:36] Layer stage2_block1: mean=0.000001749
[16:01:36] Layer stage2_block2: mean=0.000001227
[16:01:37] Layer stage2_block3: mean=0.000001488
[16:01:37] Layer stage2_block4: mean=0.000001758
[16:01:37] Layer stage2_block5: mean=0.000001459
[16:01:37] Layer stage2_block6: mean=0.000001754
[16:01:38] Layer stage2_block7: mean=0.000001503
[16:01:38] Layer stage2_block8: mean=0.000001458
[16:01:38] Layer stage2_block9: mean=0.000001465
[16:01:38] Layer stage2_block10: mean=0.000001668
[16:01:38] Layer stage2_block11: mean=0.000001590
[16:01:39] Layer stage2_block12: mean=0.000001342
[16:01:39] Layer stage2_block13: mean=0.000001390
[16:01:39] Layer stage2_block14: mean=0.000001474
[16:01:39] Layer stage2_block15: mean=0.000001781
[16:01:40] Layer stage2_block16: mean=0.000001494
[16:01:40] Layer stage2_block17: mean=0.000001696
[16:01:40] Layer stage2_block18: mean=0.000001867
[16:01:40] Layer stage2_block19: mean=0.000001547
[16:01:40] Layer stage2_block20: mean=0.000001562
[16:01:41] Layer stage2_block21: mean=0.000001623
[16:01:41] Layer stage2_block22: mean=0.000001807
[16:01:41] Layer stage2_block23: mean=0.000001715
[16:01:41] Layer stage2_block24: mean=0.000001564
[16:01:41] Layer stage2_block25: mean=0.000001782
[16:01:42] Layer stage2_block26: mean=0.000001781
[16:01:42] Layer stage3_downsample: mean=0.000002851
[16:01:42] Layer stage3_block0: mean=0.000003147
[16:01:42] Layer stage3_block1: mean=0.000003176
[16:01:42] Layer stage3_block2: mean=0.000004101
[16:01:42] ✅ dr updated (N=1).
[16:01:42] 
🔍 Processing task: dtd (delta=1)
[16:01:42] [DTD] Collected 5640 image paths from /root/autodl-tmp/modelselection/datasets/datasets/dtd/labels
[16:01:42] [DTD] Loaded 1 samples (skipped 0), tensor torch.Size([1, 3, 256, 256])
[16:01:43] Layer stage0_block0: mean=0.000000480
[16:01:43] Layer stage0_block1: mean=0.000000331
[16:01:43] Layer stage0_block2: mean=0.000000268
[16:01:43] Layer stage1_downsample: mean=0.000000440
[16:01:44] Layer stage1_block0: mean=0.000000526
[16:01:44] Layer stage1_block1: mean=0.000001162
[16:01:44] Layer stage1_block2: mean=0.000000873
[16:01:44] Layer stage2_downsample: mean=0.000000945
[16:01:45] Layer stage2_block0: mean=0.000000915
[16:01:45] Layer stage2_block1: mean=0.000000901
[16:01:45] Layer stage2_block2: mean=0.000000710
[16:01:45] Layer stage2_block3: mean=0.000000917
[16:01:46] Layer stage2_block4: mean=0.000000805
[16:01:46] Layer stage2_block5: mean=0.000000952
[16:01:46] Layer stage2_block6: mean=0.000001014
[16:01:46] Layer stage2_block7: mean=0.000001355
[16:01:47] Layer stage2_block8: mean=0.000001042
[16:01:47] Layer stage2_block9: mean=0.000000800
[16:01:47] Layer stage2_block10: mean=0.000000879
[16:01:47] Layer stage2_block11: mean=0.000000987
[16:01:47] Layer stage2_block12: mean=0.000000941
[16:01:48] Layer stage2_block13: mean=0.000001036
[16:01:48] Layer stage2_block14: mean=0.000001065
[16:01:48] Layer stage2_block15: mean=0.000000974
[16:01:48] Layer stage2_block16: mean=0.000001146
[16:01:48] Layer stage2_block17: mean=0.000001642
[16:01:49] Layer stage2_block18: mean=0.000001006
[16:01:49] Layer stage2_block19: mean=0.000000966
[16:01:49] Layer stage2_block20: mean=0.000001212
[16:01:49] Layer stage2_block21: mean=0.000001027
[16:01:49] Layer stage2_block22: mean=0.000001124
[16:01:50] Layer stage2_block23: mean=0.000001251
[16:01:50] Layer stage2_block24: mean=0.000001124
[16:01:50] Layer stage2_block25: mean=0.000001096
[16:01:50] Layer stage2_block26: mean=0.000001032
[16:01:51] Layer stage3_downsample: mean=0.000001745
[16:01:51] Layer stage3_block0: mean=0.000002815
[16:01:51] Layer stage3_block1: mean=0.000002730
[16:01:51] Layer stage3_block2: mean=0.000002081
[16:01:51] ✅ dtd updated (N=1).
[16:01:51] 
🔍 Processing task: eurosat (delta=1)
[16:01:51] [EuroSAT] Collected 27000 images from 10 classes under /root/autodl-tmp/modelselection/datasets/datasets/eurosat/2750
[16:01:51] [EuroSAT] Loaded 1 samples (skipped 0), tensor torch.Size([1, 3, 256, 256])
[16:01:52] Layer stage0_block0: mean=0.000000470
[16:01:52] Layer stage0_block1: mean=0.000000372
[16:01:52] Layer stage0_block2: mean=0.000000309
[16:01:52] Layer stage1_downsample: mean=0.000000618
[16:01:53] Layer stage1_block0: mean=0.000001331
[16:01:53] Layer stage1_block1: mean=0.000001782
[16:01:53] Layer stage1_block2: mean=0.000001889
[16:01:53] Layer stage2_downsample: mean=0.000001393
[16:01:53] Layer stage2_block0: mean=0.000001915
[16:01:54] Layer stage2_block1: mean=0.000001949
[16:01:54] Layer stage2_block2: mean=0.000002350
[16:01:54] Layer stage2_block3: mean=0.000002172
[16:01:54] Layer stage2_block4: mean=0.000002108
[16:01:54] Layer stage2_block5: mean=0.000002177
[16:01:55] Layer stage2_block6: mean=0.000002450
[16:01:55] Layer stage2_block7: mean=0.000002146
[16:01:55] Layer stage2_block8: mean=0.000002095
[16:01:55] Layer stage2_block9: mean=0.000002179
[16:01:55] Layer stage2_block10: mean=0.000001931
[16:01:56] Layer stage2_block11: mean=0.000001740
[16:01:56] Layer stage2_block12: mean=0.000002080
[16:01:56] Layer stage2_block13: mean=0.000002325
[16:01:56] Layer stage2_block14: mean=0.000002306
[16:01:56] Layer stage2_block15: mean=0.000002162
[16:01:56] Layer stage2_block16: mean=0.000001875
[16:01:57] Layer stage2_block17: mean=0.000002148
[16:01:57] Layer stage2_block18: mean=0.000002273
[16:01:57] Layer stage2_block19: mean=0.000002119
[16:01:57] Layer stage2_block20: mean=0.000001886
[16:01:57] Layer stage2_block21: mean=0.000002206
[16:01:57] Layer stage2_block22: mean=0.000002136
[16:01:57] Layer stage2_block23: mean=0.000001938
[16:01:58] Layer stage2_block24: mean=0.000001964
[16:01:58] Layer stage2_block25: mean=0.000001898
[16:01:58] Layer stage2_block26: mean=0.000001786
[16:01:58] Layer stage3_downsample: mean=0.000003191
[16:01:58] Layer stage3_block0: mean=0.000003179
[16:01:58] Layer stage3_block1: mean=0.000003693
[16:01:58] Layer stage3_block2: mean=0.000002411
[16:01:58] ✅ eurosat updated (N=1).
[16:01:58] 
🔍 Processing task: fer2013 (delta=1)
[16:01:58] [FER2013] Loaded 1 samples (skipped 0), tensor torch.Size([1, 3, 256, 256])
[16:01:58] Layer stage0_block0: mean=0.000000517
[16:01:59] Layer stage0_block1: mean=0.000000339
[16:01:59] Layer stage0_block2: mean=0.000000614
[16:01:59] Layer stage1_downsample: mean=0.000000770
[16:01:59] Layer stage1_block0: mean=0.000001383
[16:01:59] Layer stage1_block1: mean=0.000001010
[16:02:00] Layer stage1_block2: mean=0.000000931
[16:02:00] Layer stage2_downsample: mean=0.000002436
[16:02:00] Layer stage2_block0: mean=0.000001646
[16:02:00] Layer stage2_block1: mean=0.000001692
[16:02:01] Layer stage2_block2: mean=0.000002427
[16:02:01] Layer stage2_block3: mean=0.000001790
[16:02:01] Layer stage2_block4: mean=0.000002178
[16:02:01] Layer stage2_block5: mean=0.000001501
[16:02:01] Layer stage2_block6: mean=0.000002482
[16:02:01] Layer stage2_block7: mean=0.000002113
[16:02:02] Layer stage2_block8: mean=0.000002338
[16:02:02] Layer stage2_block9: mean=0.000002365
[16:02:02] Layer stage2_block10: mean=0.000001852
[16:02:02] Layer stage2_block11: mean=0.000002249
[16:02:02] Layer stage2_block12: mean=0.000002151
[16:02:02] Layer stage2_block13: mean=0.000002148
[16:02:02] Layer stage2_block14: mean=0.000002477
[16:02:03] Layer stage2_block15: mean=0.000002374
[16:02:03] Layer stage2_block16: mean=0.000002234
[16:02:03] Layer stage2_block17: mean=0.000002327
[16:02:03] Layer stage2_block18: mean=0.000002391
[16:02:03] Layer stage2_block19: mean=0.000002186
[16:02:03] Layer stage2_block20: mean=0.000002230
[16:02:03] Layer stage2_block21: mean=0.000002254
[16:02:04] Layer stage2_block22: mean=0.000002485
[16:02:04] Layer stage2_block23: mean=0.000002112
[16:02:04] Layer stage2_block24: mean=0.000002694
[16:02:04] Layer stage2_block25: mean=0.000002087
[16:02:04] Layer stage2_block26: mean=0.000002437
[16:02:04] Layer stage3_downsample: mean=0.000004003
[16:02:04] Layer stage3_block0: mean=0.000004506
[16:02:05] Layer stage3_block1: mean=0.000005127
[16:02:05] Layer stage3_block2: mean=0.000002543
[16:02:05] ✅ fer2013 updated (N=1).
[16:02:05] 
🔍 Processing task: gtsrb (delta=1)
[16:02:05] [GTSRB] Collected 12630 test images.
[16:02:05] [GTSRB] Loaded 1 samples (skipped 0), tensor torch.Size([1, 3, 256, 256])
[16:02:05] Layer stage0_block0: mean=0.000001285
[16:02:05] Layer stage0_block1: mean=0.000000276
[16:02:06] Layer stage0_block2: mean=0.000000252
[16:02:06] Layer stage1_downsample: mean=0.000001387
[16:02:06] Layer stage1_block0: mean=0.000000619
[16:02:06] Layer stage1_block1: mean=0.000000554
[16:02:06] Layer stage1_block2: mean=0.000000478
[16:02:06] Layer stage2_downsample: mean=0.000000934
[16:02:07] Layer stage2_block0: mean=0.000002350
[16:02:07] Layer stage2_block1: mean=0.000000892
[16:02:07] Layer stage2_block2: mean=0.000002046
[16:02:07] Layer stage2_block3: mean=0.000002021
[16:02:07] Layer stage2_block4: mean=0.000002015
[16:02:07] Layer stage2_block5: mean=0.000002061
[16:02:08] Layer stage2_block6: mean=0.000002144
[16:02:08] Layer stage2_block7: mean=0.000002096
[16:02:08] Layer stage2_block8: mean=0.000001847
[16:02:08] Layer stage2_block9: mean=0.000002014
[16:02:08] Layer stage2_block10: mean=0.000002677
[16:02:09] Layer stage2_block11: mean=0.000002336
[16:02:09] Layer stage2_block12: mean=0.000002527
[16:02:09] Layer stage2_block13: mean=0.000002706
[16:02:09] Layer stage2_block14: mean=0.000002403
[16:02:09] Layer stage2_block15: mean=0.000002485
[16:02:09] Layer stage2_block16: mean=0.000002274
[16:02:09] Layer stage2_block17: mean=0.000002448
[16:02:10] Layer stage2_block18: mean=0.000002258
[16:02:10] Layer stage2_block19: mean=0.000002629
[16:02:10] Layer stage2_block20: mean=0.000002202
[16:02:10] Layer stage2_block21: mean=0.000003004
[16:02:10] Layer stage2_block22: mean=0.000002616
[16:02:10] Layer stage2_block23: mean=0.000002694
[16:02:11] Layer stage2_block24: mean=0.000002697
[16:02:11] Layer stage2_block25: mean=0.000003191
[16:02:11] Layer stage2_block26: mean=0.000002358
[16:02:11] Layer stage3_downsample: mean=0.000003722
[16:02:11] Layer stage3_block0: mean=0.000004078
[16:02:11] Layer stage3_block1: mean=0.000004752
[16:02:11] Layer stage3_block2: mean=0.000002244
[16:02:11] ✅ gtsrb updated (N=1).
[16:02:11] 
🔍 Processing task: kitti (delta=1)
[16:02:11] [KITTI] Collected 711 images from /root/autodl-tmp/modelselection/datasets/datasets/kitti/test.txt
[16:02:11] [KITTI] Loaded 1 samples (skipped 0), tensor torch.Size([1, 3, 256, 256])
[16:02:12] Layer stage0_block0: mean=0.000000875
[16:02:12] Layer stage0_block1: mean=0.000000546
[16:02:12] Layer stage0_block2: mean=0.000001189
[16:02:13] Layer stage1_downsample: mean=0.000001000
[16:02:13] Layer stage1_block0: mean=0.000001214
[16:02:13] Layer stage1_block1: mean=0.000000862
[16:02:13] Layer stage1_block2: mean=0.000001290
[16:02:13] Layer stage2_downsample: mean=0.000002279
[16:02:13] Layer stage2_block0: mean=0.000002022
[16:02:14] Layer stage2_block1: mean=0.000002031
[16:02:14] Layer stage2_block2: mean=0.000001893
[16:02:14] Layer stage2_block3: mean=0.000001888
[16:02:14] Layer stage2_block4: mean=0.000001842
[16:02:14] Layer stage2_block5: mean=0.000001890
[16:02:15] Layer stage2_block6: mean=0.000001700
[16:02:15] Layer stage2_block7: mean=0.000001724
[16:02:15] Layer stage2_block8: mean=0.000001813
[16:02:15] Layer stage2_block9: mean=0.000001960
[16:02:15] Layer stage2_block10: mean=0.000001830
[16:02:16] Layer stage2_block11: mean=0.000001892
[16:02:16] Layer stage2_block12: mean=0.000002017
[16:02:16] Layer stage2_block13: mean=0.000001872
[16:02:16] Layer stage2_block14: mean=0.000001830
[16:02:16] Layer stage2_block15: mean=0.000001898
[16:02:16] Layer stage2_block16: mean=0.000002108
[16:02:16] Layer stage2_block17: mean=0.000002087
[16:02:17] Layer stage2_block18: mean=0.000001989
[16:02:17] Layer stage2_block19: mean=0.000002136
[16:02:17] Layer stage2_block20: mean=0.000002029
[16:02:17] Layer stage2_block21: mean=0.000002230
[16:02:17] Layer stage2_block22: mean=0.000002139
[16:02:17] Layer stage2_block23: mean=0.000002274
[16:02:18] Layer stage2_block24: mean=0.000002426
[16:02:18] Layer stage2_block25: mean=0.000002208
[16:02:18] Layer stage2_block26: mean=0.000002225
[16:02:18] Layer stage3_downsample: mean=0.000003430
[16:02:18] Layer stage3_block0: mean=0.000004314
[16:02:18] Layer stage3_block1: mean=0.000003838
[16:02:18] Layer stage3_block2: mean=0.000002726
[16:02:18] ✅ kitti updated (N=1).
[16:02:18] 
🔍 Processing task: mnist (delta=1)
[16:02:18] [MNIST] Loaded split='test' with 10000 samples from data/mnist
[16:02:18] [MNIST] Loaded 1 samples, tensor torch.Size([1, 3, 256, 256])
[16:02:18] Layer stage0_block0: mean=0.000000293
[16:02:19] Layer stage0_block1: mean=0.000000144
[16:02:19] Layer stage0_block2: mean=0.000000128
[16:02:19] Layer stage1_downsample: mean=0.000000356
[16:02:19] Layer stage1_block0: mean=0.000000792
[16:02:19] Layer stage1_block1: mean=0.000000503
[16:02:20] Layer stage1_block2: mean=0.000000438
[16:02:20] Layer stage2_downsample: mean=0.000000605
[16:02:20] Layer stage2_block0: mean=0.000000864
[16:02:20] Layer stage2_block1: mean=0.000000707
[16:02:20] Layer stage2_block2: mean=0.000000831
[16:02:20] Layer stage2_block3: mean=0.000000986
[16:02:21] Layer stage2_block4: mean=0.000001347
[16:02:21] Layer stage2_block5: mean=0.000001066
[16:02:21] Layer stage2_block6: mean=0.000001154
[16:02:21] Layer stage2_block7: mean=0.000000989
[16:02:21] Layer stage2_block8: mean=0.000001132
[16:02:22] Layer stage2_block9: mean=0.000001261
[16:02:22] Layer stage2_block10: mean=0.000001206
[16:02:22] Layer stage2_block11: mean=0.000001201
[16:02:22] Layer stage2_block12: mean=0.000001457
[16:02:22] Layer stage2_block13: mean=0.000001336
[16:02:22] Layer stage2_block14: mean=0.000001482
[16:02:22] Layer stage2_block15: mean=0.000001323
[16:02:23] Layer stage2_block16: mean=0.000001621
[16:02:23] Layer stage2_block17: mean=0.000001639
[16:02:23] Layer stage2_block18: mean=0.000001552
[16:02:23] Layer stage2_block19: mean=0.000001588
[16:02:23] Layer stage2_block20: mean=0.000001732
[16:02:23] Layer stage2_block21: mean=0.000001363
[16:02:24] Layer stage2_block22: mean=0.000001884
[16:02:24] Layer stage2_block23: mean=0.000001839
[16:02:24] Layer stage2_block24: mean=0.000001701
[16:02:24] Layer stage2_block25: mean=0.000001736
[16:02:24] Layer stage2_block26: mean=0.000001670
[16:02:24] Layer stage3_downsample: mean=0.000002654
[16:02:24] Layer stage3_block0: mean=0.000003013
[16:02:24] Layer stage3_block1: mean=0.000003890
[16:02:25] Layer stage3_block2: mean=0.000002695
[16:02:25] ✅ mnist updated (N=1).
[16:02:25] 
🔍 Processing task: oxford_flowers (delta=1)
[16:02:25] [OxfordFlowers] Loaded 1 samples (skipped 0), tensor torch.Size([1, 3, 256, 256])
[16:02:25] Layer stage0_block0: mean=0.000000510
[16:02:25] Layer stage0_block1: mean=0.000000420
[16:02:25] Layer stage0_block2: mean=0.000000601
[16:02:25] Layer stage1_downsample: mean=0.000001018
[16:02:26] Layer stage1_block0: mean=0.000000921
[16:02:26] Layer stage1_block1: mean=0.000000735
[16:02:26] Layer stage1_block2: mean=0.000000728
[16:02:26] Layer stage2_downsample: mean=0.000001945
[16:02:26] Layer stage2_block0: mean=0.000001768
[16:02:27] Layer stage2_block1: mean=0.000001694
[16:02:27] Layer stage2_block2: mean=0.000001817
[16:02:27] Layer stage2_block3: mean=0.000001723
[16:02:27] Layer stage2_block4: mean=0.000002098
[16:02:27] Layer stage2_block5: mean=0.000001895
[16:02:27] Layer stage2_block6: mean=0.000001710
[16:02:28] Layer stage2_block7: mean=0.000001961
[16:02:28] Layer stage2_block8: mean=0.000002101
[16:02:28] Layer stage2_block9: mean=0.000001792
[16:02:28] Layer stage2_block10: mean=0.000001661
[16:02:28] Layer stage2_block11: mean=0.000002022
[16:02:28] Layer stage2_block12: mean=0.000001836
[16:02:29] Layer stage2_block13: mean=0.000001746
[16:02:29] Layer stage2_block14: mean=0.000001763
[16:02:29] Layer stage2_block15: mean=0.000001855
[16:02:29] Layer stage2_block16: mean=0.000001914
[16:02:29] Layer stage2_block17: mean=0.000001836
[16:02:29] Layer stage2_block18: mean=0.000002088
[16:02:29] Layer stage2_block19: mean=0.000002078
[16:02:30] Layer stage2_block20: mean=0.000001943
[16:02:30] Layer stage2_block21: mean=0.000002173
[16:02:30] Layer stage2_block22: mean=0.000002054
[16:02:30] Layer stage2_block23: mean=0.000001874
[16:02:30] Layer stage2_block24: mean=0.000002013
[16:02:30] Layer stage2_block25: mean=0.000001798
[16:02:31] Layer stage2_block26: mean=0.000001818
[16:02:31] Layer stage3_downsample: mean=0.000003193
[16:02:31] Layer stage3_block0: mean=0.000004705
[16:02:31] Layer stage3_block1: mean=0.000004255
[16:02:31] Layer stage3_block2: mean=0.000002990
[16:02:31] ✅ oxford_flowers updated (N=1).
[16:02:31] 
🔍 Processing task: oxford_pet (delta=1)
[16:02:31] [OxfordPet] Loaded 1 samples (skipped 0), tensor torch.Size([1, 3, 256, 256])
[16:02:31] Layer stage0_block0: mean=0.000000534
[16:02:32] Layer stage0_block1: mean=0.000000475
[16:02:32] Layer stage0_block2: mean=0.000000530
[16:02:32] Layer stage1_downsample: mean=0.000000676
[16:02:32] Layer stage1_block0: mean=0.000001107
[16:02:32] Layer stage1_block1: mean=0.000000841
[16:02:33] Layer stage1_block2: mean=0.000000831
[16:02:33] Layer stage2_downsample: mean=0.000001773
[16:02:33] Layer stage2_block0: mean=0.000001423
[16:02:33] Layer stage2_block1: mean=0.000001344
[16:02:33] Layer stage2_block2: mean=0.000001748
[16:02:33] Layer stage2_block3: mean=0.000001589
[16:02:34] Layer stage2_block4: mean=0.000001605
[16:02:34] Layer stage2_block5: mean=0.000001597
[16:02:34] Layer stage2_block6: mean=0.000001601
[16:02:34] Layer stage2_block7: mean=0.000001629
[16:02:34] Layer stage2_block8: mean=0.000001922
[16:02:34] Layer stage2_block9: mean=0.000001793
[16:02:35] Layer stage2_block10: mean=0.000001808
[16:02:35] Layer stage2_block11: mean=0.000001472
[16:02:35] Layer stage2_block12: mean=0.000001907
[16:02:35] Layer stage2_block13: mean=0.000001832
[16:02:35] Layer stage2_block14: mean=0.000001768
[16:02:35] Layer stage2_block15: mean=0.000001797
[16:02:36] Layer stage2_block16: mean=0.000001907
[16:02:36] Layer stage2_block17: mean=0.000001830
[16:02:36] Layer stage2_block18: mean=0.000002118
[16:02:36] Layer stage2_block19: mean=0.000001881
[16:02:36] Layer stage2_block20: mean=0.000002058
[16:02:36] Layer stage2_block21: mean=0.000002110
[16:02:37] Layer stage2_block22: mean=0.000002099
[16:02:37] Layer stage2_block23: mean=0.000002260
[16:02:37] Layer stage2_block24: mean=0.000002082
[16:02:37] Layer stage2_block25: mean=0.000002104
[16:02:37] Layer stage2_block26: mean=0.000001946
[16:02:37] Layer stage3_downsample: mean=0.000003626
[16:02:37] Layer stage3_block0: mean=0.000004822
[16:02:38] Layer stage3_block1: mean=0.000004703
[16:02:38] Layer stage3_block2: mean=0.000003156
[16:02:38] ✅ oxford_pet updated (N=1).
[16:02:38] 
🔍 Processing task: patch_camelyon (delta=1)
[16:02:38] [PatchCamelyon] Collected 32768 image paths from /root/autodl-tmp/modelselection/datasets/datasets/patch_camelyon/test.txt
[16:02:38] [PatchCamelyon] Loaded 1 samples (skipped 0), tensor torch.Size([1, 3, 256, 256])
[16:02:38] Layer stage0_block0: mean=0.000000675
[16:02:38] Layer stage0_block1: mean=0.000001932
[16:02:38] Layer stage0_block2: mean=0.000000432
[16:02:38] Layer stage1_downsample: mean=0.000000798
[16:02:39] Layer stage1_block0: mean=0.000001679
[16:02:39] Layer stage1_block1: mean=0.000000828
[16:02:39] Layer stage1_block2: mean=0.000000929
[16:02:39] Layer stage2_downsample: mean=0.000001563
[16:02:39] Layer stage2_block0: mean=0.000001598
[16:02:40] Layer stage2_block1: mean=0.000001499
[16:02:40] Layer stage2_block2: mean=0.000001906
[16:02:40] Layer stage2_block3: mean=0.000001779
[16:02:40] Layer stage2_block4: mean=0.000001772
[16:02:40] Layer stage2_block5: mean=0.000001768
[16:02:41] Layer stage2_block6: mean=0.000001693
[16:02:41] Layer stage2_block7: mean=0.000001965
[16:02:41] Layer stage2_block8: mean=0.000002036
[16:02:41] Layer stage2_block9: mean=0.000001884
[16:02:41] Layer stage2_block10: mean=0.000001955
[16:02:41] Layer stage2_block11: mean=0.000001619
[16:02:42] Layer stage2_block12: mean=0.000001464
[16:02:42] Layer stage2_block13: mean=0.000001802
[16:02:42] Layer stage2_block14: mean=0.000002123
[16:02:42] Layer stage2_block15: mean=0.000001791
[16:02:42] Layer stage2_block16: mean=0.000001853
[16:02:42] Layer stage2_block17: mean=0.000002248
[16:02:43] Layer stage2_block18: mean=0.000002098
[16:02:43] Layer stage2_block19: mean=0.000002026
[16:02:43] Layer stage2_block20: mean=0.000002302
[16:02:43] Layer stage2_block21: mean=0.000001935
[16:02:43] Layer stage2_block22: mean=0.000001871
[16:02:43] Layer stage2_block23: mean=0.000002297
[16:02:43] Layer stage2_block24: mean=0.000001884
[16:02:44] Layer stage2_block25: mean=0.000001803
[16:02:44] Layer stage2_block26: mean=0.000001766
[16:02:44] Layer stage3_downsample: mean=0.000003055
[16:02:44] Layer stage3_block0: mean=0.000003904
[16:02:44] Layer stage3_block1: mean=0.000003886
[16:02:44] Layer stage3_block2: mean=0.000002388
[16:02:44] ✅ patch_camelyon updated (N=1).
[16:02:44] 
🔍 Processing task: renderedsst2 (delta=1)
[16:02:44] [RenderedSST2] Loaded 1 samples (skipped 0), tensor torch.Size([1, 3, 256, 256])
[16:02:45] Layer stage0_block0: mean=0.000000508
[16:02:45] Layer stage0_block1: mean=0.000000740
[16:02:45] Layer stage0_block2: mean=0.000000446
[16:02:45] Layer stage1_downsample: mean=0.000000940
[16:02:45] Layer stage1_block0: mean=0.000001185
[16:02:46] Layer stage1_block1: mean=0.000000880
[16:02:46] Layer stage1_block2: mean=0.000000922
[16:02:46] Layer stage2_downsample: mean=0.000001728
[16:02:46] Layer stage2_block0: mean=0.000001835
[16:02:46] Layer stage2_block1: mean=0.000001487
[16:02:47] Layer stage2_block2: mean=0.000001523
[16:02:47] Layer stage2_block3: mean=0.000001738
[16:02:47] Layer stage2_block4: mean=0.000001371
[16:02:47] Layer stage2_block5: mean=0.000001928
[16:02:47] Layer stage2_block6: mean=0.000001664
[16:02:47] Layer stage2_block7: mean=0.000001335
[16:02:48] Layer stage2_block8: mean=0.000001682
[16:02:48] Layer stage2_block9: mean=0.000001621
[16:02:48] Layer stage2_block10: mean=0.000001687
[16:02:48] Layer stage2_block11: mean=0.000002040
[16:02:48] Layer stage2_block12: mean=0.000001679
[16:02:48] Layer stage2_block13: mean=0.000002262
[16:02:49] Layer stage2_block14: mean=0.000001925
[16:02:49] Layer stage2_block15: mean=0.000001751
[16:02:49] Layer stage2_block16: mean=0.000002093
[16:02:49] Layer stage2_block17: mean=0.000001730
[16:02:49] Layer stage2_block18: mean=0.000002479
[16:02:49] Layer stage2_block19: mean=0.000002020
[16:02:50] Layer stage2_block20: mean=0.000002162
[16:02:50] Layer stage2_block21: mean=0.000002249
[16:02:50] Layer stage2_block22: mean=0.000002361
[16:02:50] Layer stage2_block23: mean=0.000003164
[16:02:50] Layer stage2_block24: mean=0.000002909
[16:02:50] Layer stage2_block25: mean=0.000003377
[16:02:50] Layer stage2_block26: mean=0.000003576
[16:02:51] Layer stage3_downsample: mean=0.000004824
[16:02:51] Layer stage3_block0: mean=0.000004901
[16:02:51] Layer stage3_block1: mean=0.000006142
[16:02:51] Layer stage3_block2: mean=0.000005636
[16:02:51] ✅ renderedsst2 updated (N=1).
[16:02:51] 
🔍 Processing task: resisc45 (delta=1)
[16:02:51] [RESISC45] Collected 6300 images from /root/autodl-tmp/modelselection/datasets/datasets/resisc45/test.txt
[16:02:51] [RESISC45] Loaded 1 samples (skipped 0), tensor torch.Size([1, 3, 256, 256])
[16:02:51] Layer stage0_block0: mean=0.000000690
[16:02:51] Layer stage0_block1: mean=0.000000542
[16:02:52] Layer stage0_block2: mean=0.000001027
[16:02:52] Layer stage1_downsample: mean=0.000001171
[16:02:52] Layer stage1_block0: mean=0.000000993
[16:02:52] Layer stage1_block1: mean=0.000001643
[16:02:52] Layer stage1_block2: mean=0.000001310
[16:02:53] Layer stage2_downsample: mean=0.000002269
[16:02:53] Layer stage2_block0: mean=0.000002520
[16:02:53] Layer stage2_block1: mean=0.000001960
[16:02:53] Layer stage2_block2: mean=0.000002412
[16:02:53] Layer stage2_block3: mean=0.000002179
[16:02:54] Layer stage2_block4: mean=0.000001885
[16:02:54] Layer stage2_block5: mean=0.000002020
[16:02:54] Layer stage2_block6: mean=0.000001922
[16:02:54] Layer stage2_block7: mean=0.000002227
[16:02:54] Layer stage2_block8: mean=0.000001872
[16:02:54] Layer stage2_block9: mean=0.000002621
[16:02:55] Layer stage2_block10: mean=0.000001818
[16:02:55] Layer stage2_block11: mean=0.000001979
[16:02:55] Layer stage2_block12: mean=0.000001918
[16:02:55] Layer stage2_block13: mean=0.000002305
[16:02:55] Layer stage2_block14: mean=0.000001937
[16:02:55] Layer stage2_block15: mean=0.000001954
[16:02:56] Layer stage2_block16: mean=0.000002028
[16:02:56] Layer stage2_block17: mean=0.000001989
[16:02:56] Layer stage2_block18: mean=0.000002078
[16:02:56] Layer stage2_block19: mean=0.000002444
[16:02:56] Layer stage2_block20: mean=0.000002070
[16:02:56] Layer stage2_block21: mean=0.000002200
[16:02:56] Layer stage2_block22: mean=0.000001993
[16:02:57] Layer stage2_block23: mean=0.000002296
[16:02:57] Layer stage2_block24: mean=0.000002500
[16:02:57] Layer stage2_block25: mean=0.000002224
[16:02:57] Layer stage2_block26: mean=0.000002048
[16:02:57] Layer stage3_downsample: mean=0.000003438
[16:02:57] Layer stage3_block0: mean=0.000003167
[16:02:57] Layer stage3_block1: mean=0.000004202
[16:02:58] Layer stage3_block2: mean=0.000004042
[16:02:58] ✅ resisc45 updated (N=1).
[16:02:58] 
🔍 Processing task: stl10 (delta=1)
[16:02:58] [STL10] Loaded 1 samples, tensor torch.Size([1, 3, 256, 256])
[16:02:58] Layer stage0_block0: mean=0.000000671
[16:02:58] Layer stage0_block1: mean=0.000000618
[16:02:58] Layer stage0_block2: mean=0.000001140
[16:02:58] Layer stage1_downsample: mean=0.000001071
[16:02:59] Layer stage1_block0: mean=0.000001227
[16:02:59] Layer stage1_block1: mean=0.000001563
[16:02:59] Layer stage1_block2: mean=0.000001267
[16:02:59] Layer stage2_downsample: mean=0.000002220
[16:02:59] Layer stage2_block0: mean=0.000002661
[16:03:00] Layer stage2_block1: mean=0.000003073
[16:03:00] Layer stage2_block2: mean=0.000002987
[16:03:00] Layer stage2_block3: mean=0.000002842
[16:03:00] Layer stage2_block4: mean=0.000002713
[16:03:00] Layer stage2_block5: mean=0.000002986
[16:03:01] Layer stage2_block6: mean=0.000003093
[16:03:01] Layer stage2_block7: mean=0.000002866
[16:03:01] Layer stage2_block8: mean=0.000002604
[16:03:01] Layer stage2_block9: mean=0.000002540
[16:03:01] Layer stage2_block10: mean=0.000002983
[16:03:01] Layer stage2_block11: mean=0.000002473
[16:03:02] Layer stage2_block12: mean=0.000003943
[16:03:02] Layer stage2_block13: mean=0.000002510
[16:03:02] Layer stage2_block14: mean=0.000002649
[16:03:02] Layer stage2_block15: mean=0.000002643
[16:03:02] Layer stage2_block16: mean=0.000002876
[16:03:02] Layer stage2_block17: mean=0.000002563
[16:03:03] Layer stage2_block18: mean=0.000002818
[16:03:03] Layer stage2_block19: mean=0.000003119
[16:03:03] Layer stage2_block20: mean=0.000002726
[16:03:03] Layer stage2_block21: mean=0.000003407
[16:03:03] Layer stage2_block22: mean=0.000003026
[16:03:03] Layer stage2_block23: mean=0.000003025
[16:03:03] Layer stage2_block24: mean=0.000002943
[16:03:04] Layer stage2_block25: mean=0.000002538
[16:03:04] Layer stage2_block26: mean=0.000002723
[16:03:04] Layer stage3_downsample: mean=0.000004512
[16:03:04] Layer stage3_block0: mean=0.000005891
[16:03:04] Layer stage3_block1: mean=0.000004939
[16:03:04] Layer stage3_block2: mean=0.000003637
[16:03:04] ✅ stl10 updated (N=1).
[16:03:04] 
🔍 Processing task: sun397 (delta=1)
[16:03:04] [SUN397] Loaded 1 samples (skipped 0), tensor torch.Size([1, 3, 256, 256])
[16:03:04] Layer stage0_block0: mean=0.000000639
[16:03:05] Layer stage0_block1: mean=0.000000469
[16:03:05] Layer stage0_block2: mean=0.000000591
[16:03:05] Layer stage1_downsample: mean=0.000000966
[16:03:05] Layer stage1_block0: mean=0.000000939
[16:03:06] Layer stage1_block1: mean=0.000000847
[16:03:06] Layer stage1_block2: mean=0.000000677
[16:03:06] Layer stage2_downsample: mean=0.000001850
[16:03:06] Layer stage2_block0: mean=0.000001966
[16:03:06] Layer stage2_block1: mean=0.000001331
[16:03:06] Layer stage2_block2: mean=0.000001435
[16:03:07] Layer stage2_block3: mean=0.000001657
[16:03:07] Layer stage2_block4: mean=0.000001522
[16:03:07] Layer stage2_block5: mean=0.000001824
[16:03:07] Layer stage2_block6: mean=0.000001619
[16:03:07] Layer stage2_block7: mean=0.000001947
[16:03:08] Layer stage2_block8: mean=0.000001900
[16:03:08] Layer stage2_block9: mean=0.000001624
[16:03:08] Layer stage2_block10: mean=0.000002004
[16:03:08] Layer stage2_block11: mean=0.000002107
[16:03:08] Layer stage2_block12: mean=0.000001860
[16:03:08] Layer stage2_block13: mean=0.000002059
[16:03:09] Layer stage2_block14: mean=0.000001929
[16:03:09] Layer stage2_block15: mean=0.000001872
[16:03:09] Layer stage2_block16: mean=0.000001959
[16:03:09] Layer stage2_block17: mean=0.000001807
[16:03:09] Layer stage2_block18: mean=0.000002051
[16:03:09] Layer stage2_block19: mean=0.000002098
[16:03:09] Layer stage2_block20: mean=0.000001950
[16:03:10] Layer stage2_block21: mean=0.000002159
[16:03:10] Layer stage2_block22: mean=0.000001813
[16:03:10] Layer stage2_block23: mean=0.000001895
[16:03:10] Layer stage2_block24: mean=0.000002105
[16:03:10] Layer stage2_block25: mean=0.000002117
[16:03:10] Layer stage2_block26: mean=0.000002479
[16:03:11] Layer stage3_downsample: mean=0.000003493
[16:03:11] Layer stage3_block0: mean=0.000003712
[16:03:11] Layer stage3_block1: mean=0.000004195
[16:03:11] Layer stage3_block2: mean=0.000002368
[16:03:11] ✅ sun397 updated (N=1).
[16:03:11] 
🔍 Processing task: svhn (delta=1)
[16:03:11] [SVHN] Loaded 1 samples (skipped 0), tensor torch.Size([1, 3, 256, 256])
[16:03:11] Layer stage0_block0: mean=0.000000306
[16:03:11] Layer stage0_block1: mean=0.000000114
[16:03:12] Layer stage0_block2: mean=0.000000316
[16:03:12] Layer stage1_downsample: mean=0.000000184
[16:03:12] Layer stage1_block0: mean=0.000000264
[16:03:12] Layer stage1_block1: mean=0.000000416
[16:03:12] Layer stage1_block2: mean=0.000000789
[16:03:13] Layer stage2_downsample: mean=0.000000709
[16:03:13] Layer stage2_block0: mean=0.000001265
[16:03:13] Layer stage2_block1: mean=0.000001076
[16:03:13] Layer stage2_block2: mean=0.000001154
[16:03:13] Layer stage2_block3: mean=0.000001421
[16:03:13] Layer stage2_block4: mean=0.000001353
[16:03:14] Layer stage2_block5: mean=0.000001620
[16:03:14] Layer stage2_block6: mean=0.000001518
[16:03:14] Layer stage2_block7: mean=0.000002046
[16:03:14] Layer stage2_block8: mean=0.000001244
[16:03:14] Layer stage2_block9: mean=0.000001325
[16:03:14] Layer stage2_block10: mean=0.000001212
[16:03:15] Layer stage2_block11: mean=0.000001490
[16:03:15] Layer stage2_block12: mean=0.000001587
[16:03:15] Layer stage2_block13: mean=0.000001694
[16:03:15] Layer stage2_block14: mean=0.000001733
[16:03:15] Layer stage2_block15: mean=0.000001149
[16:03:15] Layer stage2_block16: mean=0.000001680
[16:03:16] Layer stage2_block17: mean=0.000001651
[16:03:16] Layer stage2_block18: mean=0.000001708
[16:03:16] Layer stage2_block19: mean=0.000001949
[16:03:16] Layer stage2_block20: mean=0.000001863
[16:03:16] Layer stage2_block21: mean=0.000001748
[16:03:16] Layer stage2_block22: mean=0.000001793
[16:03:17] Layer stage2_block23: mean=0.000001840
[16:03:17] Layer stage2_block24: mean=0.000001459
[16:03:17] Layer stage2_block25: mean=0.000001700
[16:03:17] Layer stage2_block26: mean=0.000001438
[16:03:17] Layer stage3_downsample: mean=0.000003010
[16:03:17] Layer stage3_block0: mean=0.000003258
[16:03:17] Layer stage3_block1: mean=0.000003291
[16:03:18] Layer stage3_block2: mean=0.000002949
[16:03:18] ✅ svhn updated (N=1).
[16:03:18] 
🔍 Processing task: voc_pose (delta=1)
[16:03:18] [VOC] Loaded 1 samples (skipped 0), tensor torch.Size([1, 3, 256, 256])
[16:03:18] Layer stage0_block0: mean=0.000000470
[16:03:18] Layer stage0_block1: mean=0.000000452
[16:03:18] Layer stage0_block2: mean=0.000000646
[16:03:18] Layer stage1_downsample: mean=0.000000770
[16:03:18] Layer stage1_block0: mean=0.000001024
[16:03:19] Layer stage1_block1: mean=0.000001164
[16:03:19] Layer stage1_block2: mean=0.000000984
[16:03:19] Layer stage2_downsample: mean=0.000001841
[16:03:19] Layer stage2_block0: mean=0.000001632
[16:03:19] Layer stage2_block1: mean=0.000001880
[16:03:20] Layer stage2_block2: mean=0.000001957
[16:03:20] Layer stage2_block3: mean=0.000002225
[16:03:20] Layer stage2_block4: mean=0.000001831
[16:03:20] Layer stage2_block5: mean=0.000002194
[16:03:20] Layer stage2_block6: mean=0.000001914
[16:03:20] Layer stage2_block7: mean=0.000001992
[16:03:21] Layer stage2_block8: mean=0.000001930
[16:03:21] Layer stage2_block9: mean=0.000002076
[16:03:21] Layer stage2_block10: mean=0.000001998
[16:03:21] Layer stage2_block11: mean=0.000002025
[16:03:21] Layer stage2_block12: mean=0.000002032
[16:03:21] Layer stage2_block13: mean=0.000002035
[16:03:22] Layer stage2_block14: mean=0.000002306
[16:03:22] Layer stage2_block15: mean=0.000002054
[16:03:22] Layer stage2_block16: mean=0.000002192
[16:03:22] Layer stage2_block17: mean=0.000001937
[16:03:22] Layer stage2_block18: mean=0.000002013
[16:03:22] Layer stage2_block19: mean=0.000001922
[16:03:23] Layer stage2_block20: mean=0.000001917
[16:03:23] Layer stage2_block21: mean=0.000002152
[16:03:23] Layer stage2_block22: mean=0.000002403
[16:03:23] Layer stage2_block23: mean=0.000002304
[16:03:23] Layer stage2_block24: mean=0.000002182
[16:03:23] Layer stage2_block25: mean=0.000002194
[16:03:23] Layer stage2_block26: mean=0.000001736
[16:03:24] Layer stage3_downsample: mean=0.000003677
[16:03:24] Layer stage3_block0: mean=0.000003610
[16:03:24] Layer stage3_block1: mean=0.000004275
[16:03:24] Layer stage3_block2: mean=0.000003596
[16:03:24] ✅ voc_pose updated (N=1).
[16:03:24] ✅ Results saved for milestone 1.
