/root/miniconda3/envs/reason/lib/python3.10/site-packages/transformers/utils/hub.py:111: FutureWarning: Using `TRANSFORMERS_CACHE` is deprecated and will be removed in v5 of Transformers. Use `HF_HOME` instead.
  warnings.warn(
[15:19:25] Using device: cuda, seed: 55
[15:19:25] Parsing model identifier. Schema: None, Identifier: EVA02-B-16
[15:19:25] Loaded built-in EVA02-B-16 model config.
[15:19:26] Instantiating model architecture: CustomTextCLIP
[15:19:27] Loading full pretrained weights from: /root/autodl-tmp/hf_cache/models--timm--eva02_base_patch16_clip_224.merged2b_s8b_b131k/snapshots/1db484c6a022ce66497420e0f60800aeffae5fe3/open_clip_model.safetensors
[15:19:27] Final image preprocessing configuration set: {'size': (224, 224), 'mode': 'RGB', 'mean': (0.48145466, 0.4578275, 0.40821073), 'std': (0.26862954, 0.26130258, 0.27577711), 'interpolation': 'bicubic', 'resize_mode': 'shortest', 'fill_color': 0}
[15:19:27] Model EVA02-B-16 creation process complete.
[15:19:28] Detected EVA backbone (Eva) with 13 layers.
[15:19:28] Model EVA02-B-16 loaded (13 layers detected).
[15:19:28] Using EVA forward_func for EVA02-B-16
[15:19:29] [FER2013] Column 'Usage' not found, using all rows.
[15:19:29] [FER2013] Loaded 28709 images from /root/autodl-tmp/modelselection/datasets/datasets/fer2013/train.csv
[15:19:29] [OxfordFlowers] Loaded split='test' with 6149 images from /root/autodl-tmp/modelselection/datasets/datasets/oxford_flowers
[15:19:29] [OxfordPet] Loaded split='test' with 3669 samples from /root/autodl-tmp/modelselection/datasets/datasets/oxford-pet/annotations/test.txt
[15:19:29] [RenderedSST2] Loaded 1821 images from /root/autodl-tmp/modelselection/datasets/datasets/renderedsst2/rendered-sst2/test
[15:19:29] [STL10] Loaded split='test' with 8000 images from /root/autodl-tmp/modelselection/datasets/datasets/stl10/stl10_binary/test_X.bin
[15:19:30] [SUN397] Loaded split='test' with 19850 images
[15:19:30] [SVHN] Loaded 26032 images from /root/autodl-tmp/modelselection/datasets/datasets/svhn/test.txt
[15:19:30] [VOC] Loaded 9963 images from annotations
[15:19:30] === Reaching milestone N=1 ===
[15:19:30] 
🔍 Processing task: car (delta=1)
[15:19:31] [Cars] Loaded 1 samples, tensor torch.Size([1, 3, 224, 224])
/root/autodl-tmp/modelselection/frame_v2/framework/conductance.py:20: FutureWarning: `torch.cuda.amp.autocast(args...)` is deprecated. Please use `torch.amp.autocast('cuda', args...)` instead.
  with torch.cuda.amp.autocast(enabled=use_amp):
[15:19:31] Layer block_0: mean=0.000000150
[15:19:31] Layer block_1: mean=0.000000128
[15:19:31] Layer block_2: mean=0.000000137
[15:19:31] Layer block_3: mean=0.000000146
[15:19:32] Layer block_4: mean=0.000000162
[15:19:32] Layer block_5: mean=0.000000188
[15:19:32] Layer block_6: mean=0.000000218
[15:19:32] Layer block_7: mean=0.000000243
[15:19:32] Layer block_8: mean=0.000000258
[15:19:33] Layer block_9: mean=0.000000246
[15:19:33] Layer block_10: mean=0.000000180
[15:19:33] Layer block_11: mean=0.000000031
[15:19:33] Layer head: mean=0.000011718
[15:19:33] ✅ car updated (N=1).
[15:19:33] 
🔍 Processing task: cifar (delta=1)
[15:19:33] [CIFAR] Loaded 1 samples, tensor torch.Size([1, 3, 224, 224])
[15:19:34] Layer block_0: mean=0.000000085
[15:19:34] Layer block_1: mean=0.000000072
[15:19:34] Layer block_2: mean=0.000000076
[15:19:35] Layer block_3: mean=0.000000078
[15:19:35] Layer block_4: mean=0.000000086
[15:19:35] Layer block_5: mean=0.000000100
[15:19:36] Layer block_6: mean=0.000000121
[15:19:36] Layer block_7: mean=0.000000136
[15:19:36] Layer block_8: mean=0.000000150
[15:19:37] Layer block_9: mean=0.000000154
[15:19:37] Layer block_10: mean=0.000000118
[15:19:37] Layer block_11: mean=0.000000030
[15:19:37] Layer head: mean=0.000010461
[15:19:37] ✅ cifar updated (N=1).
[15:19:37] 
🔍 Processing task: clevr (delta=1)
[15:19:37] [CLEVR] 15000 samples from /root/autodl-tmp/modelselection/datasets/datasets/clevr_count/test
[15:19:37] [CLEVR] Loaded 1 samples, tensor torch.Size([1, 3, 224, 224])
[15:19:38] Layer block_0: mean=0.000000049
[15:19:38] Layer block_1: mean=0.000000046
[15:19:39] Layer block_2: mean=0.000000058
[15:19:39] Layer block_3: mean=0.000000069
[15:19:39] Layer block_4: mean=0.000000074
[15:19:40] Layer block_5: mean=0.000000085
[15:19:40] Layer block_6: mean=0.000000099
[15:19:40] Layer block_7: mean=0.000000107
[15:19:41] Layer block_8: mean=0.000000112
[15:19:41] Layer block_9: mean=0.000000112
[15:19:41] Layer block_10: mean=0.000000090
[15:19:42] Layer block_11: mean=0.000000025
[15:19:42] Layer head: mean=0.000009431
[15:19:42] ✅ clevr updated (N=1).
[15:19:42] 
🔍 Processing task: country (delta=1)
[15:19:42] [Country211] Loaded 1 samples, tensor torch.Size([1, 3, 224, 224])
[15:19:42] Layer block_0: mean=0.000000148
[15:19:43] Layer block_1: mean=0.000000111
[15:19:43] Layer block_2: mean=0.000000111
[15:19:43] Layer block_3: mean=0.000000112
[15:19:44] Layer block_4: mean=0.000000119
[15:19:44] Layer block_5: mean=0.000000132
[15:19:44] Layer block_6: mean=0.000000156
[15:19:45] Layer block_7: mean=0.000000176
[15:19:45] Layer block_8: mean=0.000000191
[15:19:45] Layer block_9: mean=0.000000185
[15:19:46] Layer block_10: mean=0.000000143
[15:19:46] Layer block_11: mean=0.000000026
[15:19:46] Layer head: mean=0.000009979
[15:19:46] ✅ country updated (N=1).
[15:19:46] 
🔍 Processing task: dmlab (delta=1)
[15:19:47] [DMLab] Loaded 1 samples (skipped 0), tensor torch.Size([1, 3, 224, 224])
[15:19:47] Layer block_0: mean=0.000000095
[15:19:47] Layer block_1: mean=0.000000068
[15:19:48] Layer block_2: mean=0.000000073
[15:19:48] Layer block_3: mean=0.000000084
[15:19:48] Layer block_4: mean=0.000000094
[15:19:49] Layer block_5: mean=0.000000111
[15:19:49] Layer block_6: mean=0.000000131
[15:19:49] Layer block_7: mean=0.000000148
[15:19:50] Layer block_8: mean=0.000000159
[15:19:50] Layer block_9: mean=0.000000157
[15:19:50] Layer block_10: mean=0.000000119
[15:19:50] Layer block_11: mean=0.000000027
[15:19:51] Layer head: mean=0.000009477
[15:19:51] ✅ dmlab updated (N=1).
[15:19:51] 
🔍 Processing task: dr (delta=1)
[15:19:51] [DR] Loaded 42670 paths from /root/autodl-tmp/modelselection/datasets/datasets/diabetic_retinopathy/test.txt
[15:19:51] [DR] Loaded 1 samples (skipped 0), tensor torch.Size([1, 3, 224, 224])
[15:19:51] Layer block_0: mean=0.000000059
[15:19:52] Layer block_1: mean=0.000000047
[15:19:52] Layer block_2: mean=0.000000055
[15:19:52] Layer block_3: mean=0.000000062
[15:19:53] Layer block_4: mean=0.000000068
[15:19:53] Layer block_5: mean=0.000000078
[15:19:53] Layer block_6: mean=0.000000092
[15:19:54] Layer block_7: mean=0.000000101
[15:19:54] Layer block_8: mean=0.000000103
[15:19:54] Layer block_9: mean=0.000000102
[15:19:54] Layer block_10: mean=0.000000081
[15:19:55] Layer block_11: mean=0.000000026
[15:19:55] Layer head: mean=0.000009545
[15:19:55] ✅ dr updated (N=1).
[15:19:55] 
🔍 Processing task: dtd (delta=1)
[15:19:55] [DTD] Collected 5640 image paths from /root/autodl-tmp/modelselection/datasets/datasets/dtd/labels
[15:19:55] [DTD] Loaded 1 samples (skipped 0), tensor torch.Size([1, 3, 224, 224])
[15:19:56] Layer block_0: mean=0.000000097
[15:19:56] Layer block_1: mean=0.000000068
[15:19:56] Layer block_2: mean=0.000000060
[15:19:57] Layer block_3: mean=0.000000059
[15:19:57] Layer block_4: mean=0.000000055
[15:19:57] Layer block_5: mean=0.000000057
[15:19:58] Layer block_6: mean=0.000000067
[15:19:58] Layer block_7: mean=0.000000076
[15:19:58] Layer block_8: mean=0.000000081
[15:19:58] Layer block_9: mean=0.000000086
[15:19:59] Layer block_10: mean=0.000000072
[15:19:59] Layer block_11: mean=0.000000025
[15:19:59] Layer head: mean=0.000008201
[15:19:59] ✅ dtd updated (N=1).
[15:19:59] 
🔍 Processing task: eurosat (delta=1)
[15:19:59] [EuroSAT] Collected 27000 images from 10 classes under /root/autodl-tmp/modelselection/datasets/datasets/eurosat/2750
[15:19:59] [EuroSAT] Loaded 1 samples (skipped 0), tensor torch.Size([1, 3, 224, 224])
[15:20:00] Layer block_0: mean=0.000000077
[15:20:00] Layer block_1: mean=0.000000064
[15:20:00] Layer block_2: mean=0.000000062
[15:20:01] Layer block_3: mean=0.000000064
[15:20:01] Layer block_4: mean=0.000000070
[15:20:01] Layer block_5: mean=0.000000078
[15:20:01] Layer block_6: mean=0.000000094
[15:20:02] Layer block_7: mean=0.000000105
[15:20:02] Layer block_8: mean=0.000000116
[15:20:02] Layer block_9: mean=0.000000126
[15:20:02] Layer block_10: mean=0.000000098
[15:20:02] Layer block_11: mean=0.000000027
[15:20:02] Layer head: mean=0.000009336
[15:20:02] ✅ eurosat updated (N=1).
[15:20:02] 
🔍 Processing task: fer2013 (delta=1)
[15:20:02] [FER2013] Loaded 1 samples (skipped 0), tensor torch.Size([1, 3, 224, 224])
[15:20:03] Layer block_0: mean=0.000000066
[15:20:03] Layer block_1: mean=0.000000065
[15:20:03] Layer block_2: mean=0.000000072
[15:20:03] Layer block_3: mean=0.000000080
[15:20:04] Layer block_4: mean=0.000000090
[15:20:04] Layer block_5: mean=0.000000105
[15:20:04] Layer block_6: mean=0.000000133
[15:20:04] Layer block_7: mean=0.000000151
[15:20:05] Layer block_8: mean=0.000000164
[15:20:05] Layer block_9: mean=0.000000167
[15:20:05] Layer block_10: mean=0.000000121
[15:20:05] Layer block_11: mean=0.000000026
[15:20:05] Layer head: mean=0.000010472
[15:20:05] ✅ fer2013 updated (N=1).
[15:20:05] 
🔍 Processing task: gtsrb (delta=1)
[15:20:05] [GTSRB] Collected 12630 test images.
[15:20:05] [GTSRB] Loaded 1 samples (skipped 0), tensor torch.Size([1, 3, 224, 224])
[15:20:06] Layer block_0: mean=0.000000083
[15:20:06] Layer block_1: mean=0.000000047
[15:20:06] Layer block_2: mean=0.000000043
[15:20:07] Layer block_3: mean=0.000000044
[15:20:07] Layer block_4: mean=0.000000047
[15:20:07] Layer block_5: mean=0.000000053
[15:20:07] Layer block_6: mean=0.000000063
[15:20:07] Layer block_7: mean=0.000000071
[15:20:08] Layer block_8: mean=0.000000081
[15:20:08] Layer block_9: mean=0.000000088
[15:20:08] Layer block_10: mean=0.000000079
[15:20:08] Layer block_11: mean=0.000000024
[15:20:08] Layer head: mean=0.000008369
[15:20:08] ✅ gtsrb updated (N=1).
[15:20:08] 
🔍 Processing task: kitti (delta=1)
[15:20:08] [KITTI] Collected 711 images from /root/autodl-tmp/modelselection/datasets/datasets/kitti/test.txt
[15:20:08] [KITTI] Loaded 1 samples (skipped 0), tensor torch.Size([1, 3, 224, 224])
[15:20:09] Layer block_0: mean=0.000000121
[15:20:09] Layer block_1: mean=0.000000094
[15:20:09] Layer block_2: mean=0.000000108
[15:20:09] Layer block_3: mean=0.000000119
[15:20:09] Layer block_4: mean=0.000000128
[15:20:10] Layer block_5: mean=0.000000150
[15:20:10] Layer block_6: mean=0.000000179
[15:20:10] Layer block_7: mean=0.000000200
[15:20:10] Layer block_8: mean=0.000000208
[15:20:11] Layer block_9: mean=0.000000199
[15:20:11] Layer block_10: mean=0.000000139
[15:20:11] Layer block_11: mean=0.000000028
[15:20:11] Layer head: mean=0.000009709
[15:20:11] ✅ kitti updated (N=1).
[15:20:11] 
🔍 Processing task: mnist (delta=1)
[15:20:11] [MNIST] Loaded split='test' with 10000 samples from data/mnist
[15:20:11] [MNIST] Loaded 1 samples, tensor torch.Size([1, 3, 224, 224])
[15:20:11] Layer block_0: mean=0.000000482
[15:20:11] Layer block_1: mean=0.000000233
[15:20:12] Layer block_2: mean=0.000000172
[15:20:12] Layer block_3: mean=0.000000164
[15:20:12] Layer block_4: mean=0.000000163
[15:20:12] Layer block_5: mean=0.000000183
[15:20:13] Layer block_6: mean=0.000000221
[15:20:13] Layer block_7: mean=0.000000250
[15:20:13] Layer block_8: mean=0.000000264
[15:20:13] Layer block_9: mean=0.000000236
[15:20:13] Layer block_10: mean=0.000000145
[15:20:13] Layer block_11: mean=0.000000025
[15:20:13] Layer head: mean=0.000008014
[15:20:13] ✅ mnist updated (N=1).
[15:20:13] 
🔍 Processing task: oxford_flowers (delta=1)
[15:20:13] [OxfordFlowers] Loaded 1 samples (skipped 0), tensor torch.Size([1, 3, 224, 224])
[15:20:14] Layer block_0: mean=0.000000085
[15:20:14] Layer block_1: mean=0.000000066
[15:20:14] Layer block_2: mean=0.000000070
[15:20:14] Layer block_3: mean=0.000000074
[15:20:14] Layer block_4: mean=0.000000082
[15:20:15] Layer block_5: mean=0.000000091
[15:20:15] Layer block_6: mean=0.000000105
[15:20:15] Layer block_7: mean=0.000000119
[15:20:15] Layer block_8: mean=0.000000132
[15:20:16] Layer block_9: mean=0.000000137
[15:20:16] Layer block_10: mean=0.000000109
[15:20:16] Layer block_11: mean=0.000000028
[15:20:16] Layer head: mean=0.000009694
[15:20:16] ✅ oxford_flowers updated (N=1).
[15:20:16] 
🔍 Processing task: oxford_pet (delta=1)
[15:20:16] [OxfordPet] Loaded 1 samples (skipped 0), tensor torch.Size([1, 3, 224, 224])
[15:20:16] Layer block_0: mean=0.000000069
[15:20:16] Layer block_1: mean=0.000000057
[15:20:17] Layer block_2: mean=0.000000063
[15:20:17] Layer block_3: mean=0.000000071
[15:20:17] Layer block_4: mean=0.000000077
[15:20:17] Layer block_5: mean=0.000000088
[15:20:17] Layer block_6: mean=0.000000102
[15:20:17] Layer block_7: mean=0.000000111
[15:20:17] Layer block_8: mean=0.000000116
[15:20:18] Layer block_9: mean=0.000000119
[15:20:18] Layer block_10: mean=0.000000096
[15:20:18] Layer block_11: mean=0.000000028
[15:20:18] Layer head: mean=0.000010400
[15:20:18] ✅ oxford_pet updated (N=1).
[15:20:18] 
🔍 Processing task: patch_camelyon (delta=1)
[15:20:18] [PatchCamelyon] Collected 32768 image paths from /root/autodl-tmp/modelselection/datasets/datasets/patch_camelyon/test.txt
[15:20:18] [PatchCamelyon] Loaded 1 samples (skipped 0), tensor torch.Size([1, 3, 224, 224])
[15:20:18] Layer block_0: mean=0.000000130
[15:20:19] Layer block_1: mean=0.000000093
[15:20:19] Layer block_2: mean=0.000000084
[15:20:19] Layer block_3: mean=0.000000084
[15:20:19] Layer block_4: mean=0.000000091
[15:20:19] Layer block_5: mean=0.000000104
[15:20:19] Layer block_6: mean=0.000000120
[15:20:20] Layer block_7: mean=0.000000136
[15:20:20] Layer block_8: mean=0.000000157
[15:20:20] Layer block_9: mean=0.000000161
[15:20:20] Layer block_10: mean=0.000000122
[15:20:21] Layer block_11: mean=0.000000029
[15:20:21] Layer head: mean=0.000010686
[15:20:21] ✅ patch_camelyon updated (N=1).
[15:20:21] 
🔍 Processing task: renderedsst2 (delta=1)
[15:20:21] [RenderedSST2] Loaded 1 samples (skipped 0), tensor torch.Size([1, 3, 224, 224])
[15:20:21] Layer block_0: mean=0.000000268
[15:20:21] Layer block_1: mean=0.000000160
[15:20:21] Layer block_2: mean=0.000000125
[15:20:22] Layer block_3: mean=0.000000115
[15:20:22] Layer block_4: mean=0.000000106
[15:20:22] Layer block_5: mean=0.000000117
[15:20:22] Layer block_6: mean=0.000000133
[15:20:22] Layer block_7: mean=0.000000141
[15:20:22] Layer block_8: mean=0.000000148
[15:20:23] Layer block_9: mean=0.000000154
[15:20:23] Layer block_10: mean=0.000000125
[15:20:23] Layer block_11: mean=0.000000025
[15:20:23] Layer head: mean=0.000009199
[15:20:23] ✅ renderedsst2 updated (N=1).
[15:20:23] 
🔍 Processing task: resisc45 (delta=1)
[15:20:23] [RESISC45] Collected 6300 images from /root/autodl-tmp/modelselection/datasets/datasets/resisc45/test.txt
[15:20:23] [RESISC45] Loaded 1 samples (skipped 0), tensor torch.Size([1, 3, 224, 224])
[15:20:23] Layer block_0: mean=0.000000128
[15:20:23] Layer block_1: mean=0.000000090
[15:20:24] Layer block_2: mean=0.000000088
[15:20:24] Layer block_3: mean=0.000000085
[15:20:24] Layer block_4: mean=0.000000092
[15:20:24] Layer block_5: mean=0.000000104
[15:20:24] Layer block_6: mean=0.000000126
[15:20:24] Layer block_7: mean=0.000000143
[15:20:25] Layer block_8: mean=0.000000164
[15:20:25] Layer block_9: mean=0.000000170
[15:20:25] Layer block_10: mean=0.000000129
[15:20:25] Layer block_11: mean=0.000000029
[15:20:25] Layer head: mean=0.000009954
[15:20:25] ✅ resisc45 updated (N=1).
[15:20:25] 
🔍 Processing task: stl10 (delta=1)
[15:20:25] [STL10] Loaded 1 samples, tensor torch.Size([1, 3, 224, 224])
[15:20:26] Layer block_0: mean=0.000000111
[15:20:26] Layer block_1: mean=0.000000089
[15:20:26] Layer block_2: mean=0.000000087
[15:20:26] Layer block_3: mean=0.000000089
[15:20:26] Layer block_4: mean=0.000000099
[15:20:27] Layer block_5: mean=0.000000108
[15:20:27] Layer block_6: mean=0.000000128
[15:20:27] Layer block_7: mean=0.000000144
[15:20:27] Layer block_8: mean=0.000000153
[15:20:27] Layer block_9: mean=0.000000157
[15:20:27] Layer block_10: mean=0.000000128
[15:20:28] Layer block_11: mean=0.000000028
[15:20:28] Layer head: mean=0.000010609
[15:20:28] ✅ stl10 updated (N=1).
[15:20:28] 
🔍 Processing task: sun397 (delta=1)
[15:20:28] [SUN397] Loaded 1 samples (skipped 0), tensor torch.Size([1, 3, 224, 224])
[15:20:28] Layer block_0: mean=0.000000179
[15:20:28] Layer block_1: mean=0.000000156
[15:20:28] Layer block_2: mean=0.000000170
[15:20:29] Layer block_3: mean=0.000000176
[15:20:29] Layer block_4: mean=0.000000176
[15:20:29] Layer block_5: mean=0.000000195
[15:20:29] Layer block_6: mean=0.000000229
[15:20:29] Layer block_7: mean=0.000000267
[15:20:30] Layer block_8: mean=0.000000282
[15:20:30] Layer block_9: mean=0.000000269
[15:20:30] Layer block_10: mean=0.000000185
[15:20:30] Layer block_11: mean=0.000000028
[15:20:30] Layer head: mean=0.000010663
[15:20:30] ✅ sun397 updated (N=1).
[15:20:30] 
🔍 Processing task: svhn (delta=1)
[15:20:30] [SVHN] Loaded 1 samples (skipped 0), tensor torch.Size([1, 3, 224, 224])
[15:20:30] Layer block_0: mean=0.000000081
[15:20:31] Layer block_1: mean=0.000000074
[15:20:31] Layer block_2: mean=0.000000085
[15:20:31] Layer block_3: mean=0.000000095
[15:20:31] Layer block_4: mean=0.000000095
[15:20:32] Layer block_5: mean=0.000000099
[15:20:32] Layer block_6: mean=0.000000109
[15:20:32] Layer block_7: mean=0.000000124
[15:20:32] Layer block_8: mean=0.000000133
[15:20:32] Layer block_9: mean=0.000000130
[15:20:32] Layer block_10: mean=0.000000100
[15:20:33] Layer block_11: mean=0.000000024
[15:20:33] Layer head: mean=0.000008034
[15:20:33] ✅ svhn updated (N=1).
[15:20:33] 
🔍 Processing task: voc_pose (delta=1)
[15:20:33] [VOC] Loaded 1 samples (skipped 0), tensor torch.Size([1, 3, 224, 224])
[15:20:33] Layer block_0: mean=0.000000110
[15:20:33] Layer block_1: mean=0.000000084
[15:20:33] Layer block_2: mean=0.000000086
[15:20:34] Layer block_3: mean=0.000000090
[15:20:34] Layer block_4: mean=0.000000098
[15:20:34] Layer block_5: mean=0.000000112
[15:20:34] Layer block_6: mean=0.000000129
[15:20:34] Layer block_7: mean=0.000000141
[15:20:34] Layer block_8: mean=0.000000147
[15:20:35] Layer block_9: mean=0.000000151
[15:20:35] Layer block_10: mean=0.000000124
[15:20:35] Layer block_11: mean=0.000000027
[15:20:35] Layer head: mean=0.000011324
[15:20:35] ✅ voc_pose updated (N=1).
[15:20:35] ✅ Results saved for milestone 1.
