/root/miniconda3/envs/reason/lib/python3.10/site-packages/transformers/utils/hub.py:111: FutureWarning: Using `TRANSFORMERS_CACHE` is deprecated and will be removed in v5 of Transformers. Use `HF_HOME` instead.
  warnings.warn(
[15:53:17] Using device: cuda, seed: 55
[15:53:17] Parsing model identifier. Schema: None, Identifier: EVA01-g-14
[15:53:17] Loaded built-in EVA01-g-14 model config.
[15:53:18] Instantiating model architecture: CustomTextCLIP
[15:53:27] Loading full pretrained weights from: /root/autodl-tmp/hf_cache/models--timm--eva_giant_patch14_clip_224.laion400m_s11b_b41k/snapshots/25fe82a41cc0cda08c93e15083324b807d6aa569/open_clip_model.safetensors
[15:53:27] Final image preprocessing configuration set: {'size': (224, 224), 'mode': 'RGB', 'mean': (0.48145466, 0.4578275, 0.40821073), 'std': (0.26862954, 0.26130258, 0.27577711), 'interpolation': 'bicubic', 'resize_mode': 'shortest', 'fill_color': 0}
[15:53:27] Model EVA01-g-14 creation process complete.
[15:53:29] Detected EVA backbone (Eva) with 41 layers.
[15:53:29] Model EVA01-g-14 loaded (41 layers detected).
[15:53:29] Using EVA forward_func for EVA01-g-14
[15:53:31] [FER2013] Column 'Usage' not found, using all rows.
[15:53:31] [FER2013] Loaded 28709 images from /root/autodl-tmp/modelselection/datasets/datasets/fer2013/train.csv
[15:53:31] [OxfordFlowers] Loaded split='test' with 6149 images from /root/autodl-tmp/modelselection/datasets/datasets/oxford_flowers
[15:53:31] [OxfordPet] Loaded split='test' with 3669 samples from /root/autodl-tmp/modelselection/datasets/datasets/oxford-pet/annotations/test.txt
[15:53:31] [RenderedSST2] Loaded 1821 images from /root/autodl-tmp/modelselection/datasets/datasets/renderedsst2/rendered-sst2/test
[15:53:31] [STL10] Loaded split='test' with 8000 images from /root/autodl-tmp/modelselection/datasets/datasets/stl10/stl10_binary/test_X.bin
[15:53:31] [SUN397] Loaded split='test' with 19850 images
[15:53:31] [SVHN] Loaded 26032 images from /root/autodl-tmp/modelselection/datasets/datasets/svhn/test.txt
[15:53:32] [VOC] Loaded 9963 images from annotations
[15:53:32] === Reaching milestone N=1 ===
[15:53:32] 
🔍 Processing task: car (delta=1)
[15:53:32] [Cars] Loaded 1 samples, tensor torch.Size([1, 3, 224, 224])
/root/autodl-tmp/modelselection/frame_v2/framework/conductance.py:20: FutureWarning: `torch.cuda.amp.autocast(args...)` is deprecated. Please use `torch.amp.autocast('cuda', args...)` instead.
  with torch.cuda.amp.autocast(enabled=use_amp):
[15:53:33] Layer block_0: mean=0.000005708
[15:53:34] Layer block_1: mean=0.000004630
[15:53:35] Layer block_2: mean=0.000005147
[15:53:36] Layer block_3: mean=0.000005837
[15:53:37] Layer block_4: mean=0.000006645
[15:53:38] Layer block_5: mean=0.000007329
[15:53:39] Layer block_6: mean=0.000007698
[15:53:39] Layer block_7: mean=0.000007899
[15:53:40] Layer block_8: mean=0.000007843
[15:53:41] Layer block_9: mean=0.000007841
[15:53:41] Layer block_10: mean=0.000007972
[15:53:42] Layer block_11: mean=0.000008137
[15:53:42] Layer block_12: mean=0.000007976
[15:53:43] Layer block_13: mean=0.000007636
[15:53:43] Layer block_14: mean=0.000007343
[15:53:44] Layer block_15: mean=0.000007097
[15:53:44] Layer block_16: mean=0.000007045
[15:53:45] Layer block_17: mean=0.000006969
[15:53:45] Layer block_18: mean=0.000006820
[15:53:46] Layer block_19: mean=0.000006539
[15:53:46] Layer block_20: mean=0.000006106
[15:53:47] Layer block_21: mean=0.000005417
[15:53:47] Layer block_22: mean=0.000004515
[15:53:48] Layer block_23: mean=0.000003587
[15:53:48] Layer block_24: mean=0.000002924
[15:53:48] Layer block_25: mean=0.000002230
[15:53:49] Layer block_26: mean=0.000002280
[15:53:49] Layer block_27: mean=0.000002902
[15:53:50] Layer block_28: mean=0.000003452
[15:53:50] Layer block_29: mean=0.000003887
[15:53:51] Layer block_30: mean=0.000004268
[15:53:51] Layer block_31: mean=0.000004498
[15:53:51] Layer block_32: mean=0.000004550
[15:53:52] Layer block_33: mean=0.000004464
[15:53:52] Layer block_34: mean=0.000004266
[15:53:53] Layer block_35: mean=0.000004040
[15:53:53] Layer block_36: mean=0.000003672
[15:53:53] Layer block_37: mean=0.000003095
[15:53:54] Layer block_38: mean=0.000002277
[15:53:54] Layer block_39: mean=0.000000887
[15:53:54] Layer head: mean=0.000427711
[15:53:54] ✅ car updated (N=1).
[15:53:54] 
🔍 Processing task: cifar (delta=1)
[15:53:54] [CIFAR] Loaded 1 samples, tensor torch.Size([1, 3, 224, 224])
[15:53:55] Layer block_0: mean=0.000001932
[15:53:56] Layer block_1: mean=0.000001682
[15:53:56] Layer block_2: mean=0.000001733
[15:53:57] Layer block_3: mean=0.000001786
[15:53:58] Layer block_4: mean=0.000001875
[15:53:58] Layer block_5: mean=0.000001962
[15:53:59] Layer block_6: mean=0.000001990
[15:54:00] Layer block_7: mean=0.000002022
[15:54:00] Layer block_8: mean=0.000002007
[15:54:01] Layer block_9: mean=0.000001997
[15:54:01] Layer block_10: mean=0.000002014
[15:54:02] Layer block_11: mean=0.000002086
[15:54:02] Layer block_12: mean=0.000002105
[15:54:03] Layer block_13: mean=0.000002111
[15:54:03] Layer block_14: mean=0.000002100
[15:54:04] Layer block_15: mean=0.000002112
[15:54:04] Layer block_16: mean=0.000002133
[15:54:05] Layer block_17: mean=0.000002111
[15:54:06] Layer block_18: mean=0.000002080
[15:54:06] Layer block_19: mean=0.000002055
[15:54:06] Layer block_20: mean=0.000002017
[15:54:07] Layer block_21: mean=0.000001925
[15:54:07] Layer block_22: mean=0.000001854
[15:54:08] Layer block_23: mean=0.000001777
[15:54:08] Layer block_24: mean=0.000001759
[15:54:09] Layer block_25: mean=0.000001804
[15:54:09] Layer block_26: mean=0.000001992
[15:54:10] Layer block_27: mean=0.000002401
[15:54:10] Layer block_28: mean=0.000002758
[15:54:11] Layer block_29: mean=0.000003064
[15:54:11] Layer block_30: mean=0.000003248
[15:54:12] Layer block_31: mean=0.000003374
[15:54:12] Layer block_32: mean=0.000003408
[15:54:12] Layer block_33: mean=0.000003386
[15:54:13] Layer block_34: mean=0.000003288
[15:54:13] Layer block_35: mean=0.000003158
[15:54:14] Layer block_36: mean=0.000002853
[15:54:14] Layer block_37: mean=0.000002412
[15:54:14] Layer block_38: mean=0.000001769
[15:54:15] Layer block_39: mean=0.000000759
[15:54:15] Layer head: mean=0.000359693
[15:54:15] ✅ cifar updated (N=1).
[15:54:15] 
🔍 Processing task: clevr (delta=1)
[15:54:15] [CLEVR] 15000 samples from /root/autodl-tmp/modelselection/datasets/datasets/clevr_count/test
[15:54:15] [CLEVR] Loaded 1 samples, tensor torch.Size([1, 3, 224, 224])
[15:54:16] Layer block_0: mean=0.000001850
[15:54:17] Layer block_1: mean=0.000001251
[15:54:17] Layer block_2: mean=0.000001267
[15:54:18] Layer block_3: mean=0.000001281
[15:54:18] Layer block_4: mean=0.000001268
[15:54:19] Layer block_5: mean=0.000001263
[15:54:19] Layer block_6: mean=0.000001275
[15:54:20] Layer block_7: mean=0.000001276
[15:54:21] Layer block_8: mean=0.000001245
[15:54:21] Layer block_9: mean=0.000001206
[15:54:21] Layer block_10: mean=0.000001195
[15:54:22] Layer block_11: mean=0.000001198
[15:54:23] Layer block_12: mean=0.000001190
[15:54:23] Layer block_13: mean=0.000001179
[15:54:24] Layer block_14: mean=0.000001160
[15:54:24] Layer block_15: mean=0.000001151
[15:54:25] Layer block_16: mean=0.000001143
[15:54:25] Layer block_17: mean=0.000001135
[15:54:26] Layer block_18: mean=0.000001125
[15:54:26] Layer block_19: mean=0.000001114
[15:54:27] Layer block_20: mean=0.000001103
[15:54:27] Layer block_21: mean=0.000001090
[15:54:28] Layer block_22: mean=0.000001084
[15:54:28] Layer block_23: mean=0.000001078
[15:54:29] Layer block_24: mean=0.000001106
[15:54:29] Layer block_25: mean=0.000001141
[15:54:30] Layer block_26: mean=0.000001264
[15:54:30] Layer block_27: mean=0.000001486
[15:54:31] Layer block_28: mean=0.000001701
[15:54:31] Layer block_29: mean=0.000001874
[15:54:32] Layer block_30: mean=0.000002040
[15:54:32] Layer block_31: mean=0.000002159
[15:54:32] Layer block_32: mean=0.000002221
[15:54:33] Layer block_33: mean=0.000002245
[15:54:33] Layer block_34: mean=0.000002223
[15:54:34] Layer block_35: mean=0.000002171
[15:54:34] Layer block_36: mean=0.000002077
[15:54:34] Layer block_37: mean=0.000001870
[15:54:35] Layer block_38: mean=0.000001489
[15:54:35] Layer block_39: mean=0.000000843
[15:54:36] Layer head: mean=0.000384410
[15:54:36] ✅ clevr updated (N=1).
[15:54:36] 
🔍 Processing task: country (delta=1)
[15:54:36] [Country211] Loaded 1 samples, tensor torch.Size([1, 3, 224, 224])
[15:54:37] Layer block_0: mean=0.000004006
[15:54:37] Layer block_1: mean=0.000002692
[15:54:38] Layer block_2: mean=0.000002610
[15:54:39] Layer block_3: mean=0.000002457
[15:54:39] Layer block_4: mean=0.000002417
[15:54:40] Layer block_5: mean=0.000002418
[15:54:40] Layer block_6: mean=0.000002396
[15:54:40] Layer block_7: mean=0.000002363
[15:54:41] Layer block_8: mean=0.000002292
[15:54:42] Layer block_9: mean=0.000002234
[15:54:42] Layer block_10: mean=0.000002210
[15:54:43] Layer block_11: mean=0.000002199
[15:54:43] Layer block_12: mean=0.000002140
[15:54:44] Layer block_13: mean=0.000002097
[15:54:45] Layer block_14: mean=0.000002021
[15:54:45] Layer block_15: mean=0.000001980
[15:54:46] Layer block_16: mean=0.000001941
[15:54:46] Layer block_17: mean=0.000001909
[15:54:47] Layer block_18: mean=0.000001881
[15:54:47] Layer block_19: mean=0.000001851
[15:54:48] Layer block_20: mean=0.000001798
[15:54:48] Layer block_21: mean=0.000001734
[15:54:49] Layer block_22: mean=0.000001704
[15:54:49] Layer block_23: mean=0.000001669
[15:54:50] Layer block_24: mean=0.000001711
[15:54:50] Layer block_25: mean=0.000001809
[15:54:51] Layer block_26: mean=0.000002018
[15:54:51] Layer block_27: mean=0.000002478
[15:54:52] Layer block_28: mean=0.000002884
[15:54:52] Layer block_29: mean=0.000003236
[15:54:53] Layer block_30: mean=0.000003553
[15:54:53] Layer block_31: mean=0.000003712
[15:54:54] Layer block_32: mean=0.000003756
[15:54:54] Layer block_33: mean=0.000003712
[15:54:54] Layer block_34: mean=0.000003559
[15:54:55] Layer block_35: mean=0.000003387
[15:54:55] Layer block_36: mean=0.000003096
[15:54:56] Layer block_37: mean=0.000002560
[15:54:56] Layer block_38: mean=0.000001819
[15:54:56] Layer block_39: mean=0.000000741
[15:54:57] Layer head: mean=0.000364987
[15:54:57] ✅ country updated (N=1).
[15:54:57] 
🔍 Processing task: dmlab (delta=1)
[15:54:57] [DMLab] Loaded 1 samples (skipped 0), tensor torch.Size([1, 3, 224, 224])
[15:54:57] Layer block_0: mean=0.000003037
[15:54:58] Layer block_1: mean=0.000002023
[15:54:59] Layer block_2: mean=0.000001957
[15:54:59] Layer block_3: mean=0.000001892
[15:55:00] Layer block_4: mean=0.000001899
[15:55:00] Layer block_5: mean=0.000001916
[15:55:01] Layer block_6: mean=0.000001911
[15:55:02] Layer block_7: mean=0.000001891
[15:55:02] Layer block_8: mean=0.000001834
[15:55:03] Layer block_9: mean=0.000001787
[15:55:04] Layer block_10: mean=0.000001773
[15:55:04] Layer block_11: mean=0.000001769
[15:55:05] Layer block_12: mean=0.000001747
[15:55:05] Layer block_13: mean=0.000001730
[15:55:06] Layer block_14: mean=0.000001687
[15:55:06] Layer block_15: mean=0.000001674
[15:55:07] Layer block_16: mean=0.000001672
[15:55:08] Layer block_17: mean=0.000001660
[15:55:08] Layer block_18: mean=0.000001635
[15:55:09] Layer block_19: mean=0.000001610
[15:55:09] Layer block_20: mean=0.000001572
[15:55:10] Layer block_21: mean=0.000001541
[15:55:10] Layer block_22: mean=0.000001537
[15:55:11] Layer block_23: mean=0.000001543
[15:55:11] Layer block_24: mean=0.000001591
[15:55:12] Layer block_25: mean=0.000001691
[15:55:12] Layer block_26: mean=0.000001924
[15:55:13] Layer block_27: mean=0.000002350
[15:55:13] Layer block_28: mean=0.000002786
[15:55:14] Layer block_29: mean=0.000003097
[15:55:14] Layer block_30: mean=0.000003374
[15:55:14] Layer block_31: mean=0.000003527
[15:55:15] Layer block_32: mean=0.000003593
[15:55:15] Layer block_33: mean=0.000003560
[15:55:16] Layer block_34: mean=0.000003450
[15:55:16] Layer block_35: mean=0.000003297
[15:55:17] Layer block_36: mean=0.000002997
[15:55:17] Layer block_37: mean=0.000002560
[15:55:17] Layer block_38: mean=0.000001857
[15:55:18] Layer block_39: mean=0.000000746
[15:55:18] Layer head: mean=0.000388272
[15:55:18] ✅ dmlab updated (N=1).
[15:55:18] 
🔍 Processing task: dr (delta=1)
[15:55:18] [DR] Loaded 42670 paths from /root/autodl-tmp/modelselection/datasets/datasets/diabetic_retinopathy/test.txt
[15:55:18] [DR] Loaded 1 samples (skipped 0), tensor torch.Size([1, 3, 224, 224])
[15:55:19] Layer block_0: mean=0.000002230
[15:55:20] Layer block_1: mean=0.000001650
[15:55:20] Layer block_2: mean=0.000001688
[15:55:21] Layer block_3: mean=0.000001657
[15:55:22] Layer block_4: mean=0.000001665
[15:55:22] Layer block_5: mean=0.000001690
[15:55:23] Layer block_6: mean=0.000001689
[15:55:23] Layer block_7: mean=0.000001659
[15:55:24] Layer block_8: mean=0.000001618
[15:55:25] Layer block_9: mean=0.000001556
[15:55:25] Layer block_10: mean=0.000001537
[15:55:26] Layer block_11: mean=0.000001529
[15:55:26] Layer block_12: mean=0.000001498
[15:55:27] Layer block_13: mean=0.000001475
[15:55:27] Layer block_14: mean=0.000001431
[15:55:28] Layer block_15: mean=0.000001391
[15:55:29] Layer block_16: mean=0.000001375
[15:55:29] Layer block_17: mean=0.000001334
[15:55:30] Layer block_18: mean=0.000001310
[15:55:30] Layer block_19: mean=0.000001275
[15:55:31] Layer block_20: mean=0.000001238
[15:55:31] Layer block_21: mean=0.000001194
[15:55:32] Layer block_22: mean=0.000001164
[15:55:32] Layer block_23: mean=0.000001138
[15:55:33] Layer block_24: mean=0.000001159
[15:55:33] Layer block_25: mean=0.000001204
[15:55:33] Layer block_26: mean=0.000001361
[15:55:34] Layer block_27: mean=0.000001648
[15:55:34] Layer block_28: mean=0.000001948
[15:55:35] Layer block_29: mean=0.000002222
[15:55:35] Layer block_30: mean=0.000002449
[15:55:36] Layer block_31: mean=0.000002596
[15:55:36] Layer block_32: mean=0.000002676
[15:55:37] Layer block_33: mean=0.000002688
[15:55:37] Layer block_34: mean=0.000002655
[15:55:37] Layer block_35: mean=0.000002582
[15:55:38] Layer block_36: mean=0.000002461
[15:55:38] Layer block_37: mean=0.000002188
[15:55:38] Layer block_38: mean=0.000001615
[15:55:39] Layer block_39: mean=0.000000801
[15:55:39] Layer head: mean=0.000389341
[15:55:39] ✅ dr updated (N=1).
[15:55:39] 
🔍 Processing task: dtd (delta=1)
[15:55:39] [DTD] Collected 5640 image paths from /root/autodl-tmp/modelselection/datasets/datasets/dtd/labels
[15:55:39] [DTD] Loaded 1 samples (skipped 0), tensor torch.Size([1, 3, 224, 224])
[15:55:40] Layer block_0: mean=0.000004248
[15:55:41] Layer block_1: mean=0.000002582
[15:55:41] Layer block_2: mean=0.000002112
[15:55:42] Layer block_3: mean=0.000001875
[15:55:42] Layer block_4: mean=0.000001785
[15:55:43] Layer block_5: mean=0.000001669
[15:55:44] Layer block_6: mean=0.000001579
[15:55:44] Layer block_7: mean=0.000001497
[15:55:45] Layer block_8: mean=0.000001410
[15:55:46] Layer block_9: mean=0.000001334
[15:55:46] Layer block_10: mean=0.000001291
[15:55:47] Layer block_11: mean=0.000001256
[15:55:47] Layer block_12: mean=0.000001195
[15:55:48] Layer block_13: mean=0.000001169
[15:55:48] Layer block_14: mean=0.000001129
[15:55:49] Layer block_15: mean=0.000001096
[15:55:50] Layer block_16: mean=0.000001068
[15:55:50] Layer block_17: mean=0.000001032
[15:55:51] Layer block_18: mean=0.000001004
[15:55:51] Layer block_19: mean=0.000000973
[15:55:52] Layer block_20: mean=0.000000948
[15:55:52] Layer block_21: mean=0.000000920
[15:55:53] Layer block_22: mean=0.000000914
[15:55:53] Layer block_23: mean=0.000000952
[15:55:54] Layer block_24: mean=0.000000979
[15:55:54] Layer block_25: mean=0.000000980
[15:55:55] Layer block_26: mean=0.000001147
[15:55:55] Layer block_27: mean=0.000001623
[15:55:56] Layer block_28: mean=0.000001986
[15:55:56] Layer block_29: mean=0.000002238
[15:55:57] Layer block_30: mean=0.000002468
[15:55:57] Layer block_31: mean=0.000002614
[15:55:57] Layer block_32: mean=0.000002743
[15:55:58] Layer block_33: mean=0.000002797
[15:55:58] Layer block_34: mean=0.000002792
[15:55:59] Layer block_35: mean=0.000002740
[15:55:59] Layer block_36: mean=0.000002570
[15:55:59] Layer block_37: mean=0.000002243
[15:56:00] Layer block_38: mean=0.000001625
[15:56:00] Layer block_39: mean=0.000000685
[15:56:01] Layer head: mean=0.000345124
[15:56:01] ✅ dtd updated (N=1).
[15:56:01] 
🔍 Processing task: eurosat (delta=1)
[15:56:01] [EuroSAT] Collected 27000 images from 10 classes under /root/autodl-tmp/modelselection/datasets/datasets/eurosat/2750
[15:56:01] [EuroSAT] Loaded 1 samples (skipped 0), tensor torch.Size([1, 3, 224, 224])
[15:56:02] Layer block_0: mean=0.000001117
[15:56:02] Layer block_1: mean=0.000001031
[15:56:03] Layer block_2: mean=0.000001131
[15:56:03] Layer block_3: mean=0.000001258
[15:56:04] Layer block_4: mean=0.000001398
[15:56:05] Layer block_5: mean=0.000001439
[15:56:05] Layer block_6: mean=0.000001423
[15:56:06] Layer block_7: mean=0.000001418
[15:56:07] Layer block_8: mean=0.000001375
[15:56:07] Layer block_9: mean=0.000001323
[15:56:08] Layer block_10: mean=0.000001293
[15:56:08] Layer block_11: mean=0.000001275
[15:56:09] Layer block_12: mean=0.000001239
[15:56:10] Layer block_13: mean=0.000001212
[15:56:10] Layer block_14: mean=0.000001167
[15:56:11] Layer block_15: mean=0.000001123
[15:56:11] Layer block_16: mean=0.000001087
[15:56:12] Layer block_17: mean=0.000001055
[15:56:12] Layer block_18: mean=0.000001019
[15:56:13] Layer block_19: mean=0.000000990
[15:56:13] Layer block_20: mean=0.000000964
[15:56:14] Layer block_21: mean=0.000000934
[15:56:14] Layer block_22: mean=0.000000920
[15:56:15] Layer block_23: mean=0.000000929
[15:56:15] Layer block_24: mean=0.000000982
[15:56:16] Layer block_25: mean=0.000001069
[15:56:16] Layer block_26: mean=0.000001245
[15:56:17] Layer block_27: mean=0.000001638
[15:56:17] Layer block_28: mean=0.000001992
[15:56:18] Layer block_29: mean=0.000002275
[15:56:18] Layer block_30: mean=0.000002508
[15:56:18] Layer block_31: mean=0.000002665
[15:56:19] Layer block_32: mean=0.000002755
[15:56:19] Layer block_33: mean=0.000002792
[15:56:20] Layer block_34: mean=0.000002744
[15:56:20] Layer block_35: mean=0.000002666
[15:56:21] Layer block_36: mean=0.000002502
[15:56:21] Layer block_37: mean=0.000002168
[15:56:21] Layer block_38: mean=0.000001628
[15:56:22] Layer block_39: mean=0.000000791
[15:56:22] Layer head: mean=0.000347271
[15:56:22] ✅ eurosat updated (N=1).
[15:56:22] 
🔍 Processing task: fer2013 (delta=1)
[15:56:22] [FER2013] Loaded 1 samples (skipped 0), tensor torch.Size([1, 3, 224, 224])
[15:56:23] Layer block_0: mean=0.000001558
[15:56:23] Layer block_1: mean=0.000001391
[15:56:24] Layer block_2: mean=0.000001436
[15:56:25] Layer block_3: mean=0.000001454
[15:56:26] Layer block_4: mean=0.000001487
[15:56:26] Layer block_5: mean=0.000001505
[15:56:27] Layer block_6: mean=0.000001508
[15:56:27] Layer block_7: mean=0.000001518
[15:56:28] Layer block_8: mean=0.000001498
[15:56:29] Layer block_9: mean=0.000001475
[15:56:29] Layer block_10: mean=0.000001476
[15:56:30] Layer block_11: mean=0.000001494
[15:56:30] Layer block_12: mean=0.000001481
[15:56:31] Layer block_13: mean=0.000001465
[15:56:31] Layer block_14: mean=0.000001438
[15:56:32] Layer block_15: mean=0.000001419
[15:56:33] Layer block_16: mean=0.000001417
[15:56:33] Layer block_17: mean=0.000001403
[15:56:34] Layer block_18: mean=0.000001394
[15:56:34] Layer block_19: mean=0.000001384
[15:56:35] Layer block_20: mean=0.000001341
[15:56:35] Layer block_21: mean=0.000001300
[15:56:36] Layer block_22: mean=0.000001272
[15:56:36] Layer block_23: mean=0.000001253
[15:56:37] Layer block_24: mean=0.000001275
[15:56:37] Layer block_25: mean=0.000001342
[15:56:37] Layer block_26: mean=0.000001571
[15:56:38] Layer block_27: mean=0.000002124
[15:56:38] Layer block_28: mean=0.000002576
[15:56:39] Layer block_29: mean=0.000002892
[15:56:39] Layer block_30: mean=0.000003173
[15:56:40] Layer block_31: mean=0.000003321
[15:56:40] Layer block_32: mean=0.000003414
[15:56:40] Layer block_33: mean=0.000003381
[15:56:41] Layer block_34: mean=0.000003301
[15:56:41] Layer block_35: mean=0.000003157
[15:56:41] Layer block_36: mean=0.000002891
[15:56:42] Layer block_37: mean=0.000002426
[15:56:42] Layer block_38: mean=0.000001814
[15:56:43] Layer block_39: mean=0.000000834
[15:56:43] Layer head: mean=0.000396128
[15:56:43] ✅ fer2013 updated (N=1).
[15:56:43] 
🔍 Processing task: gtsrb (delta=1)
[15:56:43] [GTSRB] Collected 12630 test images.
[15:56:43] [GTSRB] Loaded 1 samples (skipped 0), tensor torch.Size([1, 3, 224, 224])
[15:56:44] Layer block_0: mean=0.000004399
[15:56:44] Layer block_1: mean=0.000002640
[15:56:45] Layer block_2: mean=0.000002551
[15:56:46] Layer block_3: mean=0.000002572
[15:56:46] Layer block_4: mean=0.000002574
[15:56:47] Layer block_5: mean=0.000002549
[15:56:48] Layer block_6: mean=0.000002561
[15:56:48] Layer block_7: mean=0.000002540
[15:56:49] Layer block_8: mean=0.000002444
[15:56:50] Layer block_9: mean=0.000002367
[15:56:50] Layer block_10: mean=0.000002302
[15:56:51] Layer block_11: mean=0.000002281
[15:56:51] Layer block_12: mean=0.000002217
[15:56:52] Layer block_13: mean=0.000002158
[15:56:52] Layer block_14: mean=0.000002062
[15:56:53] Layer block_15: mean=0.000001985
[15:56:53] Layer block_16: mean=0.000001897
[15:56:54] Layer block_17: mean=0.000001785
[15:56:54] Layer block_18: mean=0.000001690
[15:56:55] Layer block_19: mean=0.000001643
[15:56:55] Layer block_20: mean=0.000001564
[15:56:56] Layer block_21: mean=0.000001508
[15:56:56] Layer block_22: mean=0.000001498
[15:56:57] Layer block_23: mean=0.000001457
[15:56:58] Layer block_24: mean=0.000001484
[15:56:58] Layer block_25: mean=0.000001558
[15:56:58] Layer block_26: mean=0.000001779
[15:56:59] Layer block_27: mean=0.000002260
[15:56:59] Layer block_28: mean=0.000002657
[15:57:00] Layer block_29: mean=0.000002891
[15:57:00] Layer block_30: mean=0.000003118
[15:57:01] Layer block_31: mean=0.000003172
[15:57:01] Layer block_32: mean=0.000003159
[15:57:01] Layer block_33: mean=0.000003110
[15:57:02] Layer block_34: mean=0.000002975
[15:57:02] Layer block_35: mean=0.000002849
[15:57:03] Layer block_36: mean=0.000002659
[15:57:03] Layer block_37: mean=0.000002258
[15:57:04] Layer block_38: mean=0.000001675
[15:57:04] Layer block_39: mean=0.000000801
[15:57:04] Layer head: mean=0.000349291
[15:57:04] ✅ gtsrb updated (N=1).
[15:57:04] 
🔍 Processing task: kitti (delta=1)
[15:57:04] [KITTI] Collected 711 images from /root/autodl-tmp/modelselection/datasets/datasets/kitti/test.txt
[15:57:04] [KITTI] Loaded 1 samples (skipped 0), tensor torch.Size([1, 3, 224, 224])
[15:57:05] Layer block_0: mean=0.000004116
[15:57:06] Layer block_1: mean=0.000002799
[15:57:07] Layer block_2: mean=0.000002664
[15:57:07] Layer block_3: mean=0.000002609
[15:57:08] Layer block_4: mean=0.000002649
[15:57:09] Layer block_5: mean=0.000002710
[15:57:09] Layer block_6: mean=0.000002703
[15:57:10] Layer block_7: mean=0.000002667
[15:57:10] Layer block_8: mean=0.000002600
[15:57:11] Layer block_9: mean=0.000002530
[15:57:11] Layer block_10: mean=0.000002490
[15:57:12] Layer block_11: mean=0.000002469
[15:57:12] Layer block_12: mean=0.000002407
[15:57:13] Layer block_13: mean=0.000002348
[15:57:14] Layer block_14: mean=0.000002268
[15:57:14] Layer block_15: mean=0.000002207
[15:57:15] Layer block_16: mean=0.000002153
[15:57:15] Layer block_17: mean=0.000002077
[15:57:16] Layer block_18: mean=0.000002013
[15:57:16] Layer block_19: mean=0.000001947
[15:57:17] Layer block_20: mean=0.000001841
[15:57:17] Layer block_21: mean=0.000001774
[15:57:18] Layer block_22: mean=0.000001733
[15:57:18] Layer block_23: mean=0.000001696
[15:57:19] Layer block_24: mean=0.000001695
[15:57:19] Layer block_25: mean=0.000001724
[15:57:19] Layer block_26: mean=0.000001919
[15:57:20] Layer block_27: mean=0.000002253
[15:57:20] Layer block_28: mean=0.000002616
[15:57:21] Layer block_29: mean=0.000002921
[15:57:21] Layer block_30: mean=0.000003153
[15:57:22] Layer block_31: mean=0.000003298
[15:57:22] Layer block_32: mean=0.000003288
[15:57:23] Layer block_33: mean=0.000003211
[15:57:23] Layer block_34: mean=0.000003061
[15:57:23] Layer block_35: mean=0.000002884
[15:57:24] Layer block_36: mean=0.000002632
[15:57:24] Layer block_37: mean=0.000002223
[15:57:25] Layer block_38: mean=0.000001645
[15:57:25] Layer block_39: mean=0.000000766
[15:57:25] Layer head: mean=0.000404224
[15:57:25] ✅ kitti updated (N=1).
[15:57:25] 
🔍 Processing task: mnist (delta=1)
[15:57:25] [MNIST] Loaded split='test' with 10000 samples from data/mnist
[15:57:25] [MNIST] Loaded 1 samples, tensor torch.Size([1, 3, 224, 224])
[15:57:26] Layer block_0: mean=0.000000790
[15:57:27] Layer block_1: mean=0.000000590
[15:57:27] Layer block_2: mean=0.000000587
[15:57:28] Layer block_3: mean=0.000000582
[15:57:28] Layer block_4: mean=0.000000590
[15:57:29] Layer block_5: mean=0.000000614
[15:57:29] Layer block_6: mean=0.000000628
[15:57:30] Layer block_7: mean=0.000000623
[15:57:30] Layer block_8: mean=0.000000611
[15:57:31] Layer block_9: mean=0.000000598
[15:57:32] Layer block_10: mean=0.000000591
[15:57:32] Layer block_11: mean=0.000000590
[15:57:33] Layer block_12: mean=0.000000584
[15:57:33] Layer block_13: mean=0.000000577
[15:57:34] Layer block_14: mean=0.000000560
[15:57:34] Layer block_15: mean=0.000000556
[15:57:35] Layer block_16: mean=0.000000560
[15:57:35] Layer block_17: mean=0.000000563
[15:57:36] Layer block_18: mean=0.000000560
[15:57:37] Layer block_19: mean=0.000000563
[15:57:37] Layer block_20: mean=0.000000563
[15:57:38] Layer block_21: mean=0.000000563
[15:57:38] Layer block_22: mean=0.000000573
[15:57:38] Layer block_23: mean=0.000000588
[15:57:39] Layer block_24: mean=0.000000623
[15:57:39] Layer block_25: mean=0.000000689
[15:57:40] Layer block_26: mean=0.000000801
[15:57:41] Layer block_27: mean=0.000001011
[15:57:41] Layer block_28: mean=0.000001207
[15:57:41] Layer block_29: mean=0.000001380
[15:57:42] Layer block_30: mean=0.000001538
[15:57:42] Layer block_31: mean=0.000001655
[15:57:43] Layer block_32: mean=0.000001750
[15:57:43] Layer block_33: mean=0.000001795
[15:57:44] Layer block_34: mean=0.000001794
[15:57:44] Layer block_35: mean=0.000001768
[15:57:44] Layer block_36: mean=0.000001694
[15:57:45] Layer block_37: mean=0.000001527
[15:57:45] Layer block_38: mean=0.000001238
[15:57:46] Layer block_39: mean=0.000000761
[15:57:46] Layer head: mean=0.000373310
[15:57:46] ✅ mnist updated (N=1).
[15:57:46] 
🔍 Processing task: oxford_flowers (delta=1)
[15:57:46] [OxfordFlowers] Loaded 1 samples (skipped 0), tensor torch.Size([1, 3, 224, 224])
[15:57:47] Layer block_0: mean=0.000002285
[15:57:47] Layer block_1: mean=0.000001582
[15:57:48] Layer block_2: mean=0.000001569
[15:57:48] Layer block_3: mean=0.000001490
[15:57:49] Layer block_4: mean=0.000001449
[15:57:50] Layer block_5: mean=0.000001433
[15:57:50] Layer block_6: mean=0.000001421
[15:57:51] Layer block_7: mean=0.000001383
[15:57:52] Layer block_8: mean=0.000001338
[15:57:52] Layer block_9: mean=0.000001276
[15:57:53] Layer block_10: mean=0.000001245
[15:57:53] Layer block_11: mean=0.000001226
[15:57:54] Layer block_12: mean=0.000001190
[15:57:54] Layer block_13: mean=0.000001163
[15:57:55] Layer block_14: mean=0.000001128
[15:57:56] Layer block_15: mean=0.000001106
[15:57:56] Layer block_16: mean=0.000001101
[15:57:57] Layer block_17: mean=0.000001091
[15:57:57] Layer block_18: mean=0.000001090
[15:57:58] Layer block_19: mean=0.000001091
[15:57:58] Layer block_20: mean=0.000001085
[15:57:59] Layer block_21: mean=0.000001086
[15:57:59] Layer block_22: mean=0.000001111
[15:58:00] Layer block_23: mean=0.000001152
[15:58:01] Layer block_24: mean=0.000001263
[15:58:01] Layer block_25: mean=0.000001424
[15:58:01] Layer block_26: mean=0.000001718
[15:58:02] Layer block_27: mean=0.000002226
[15:58:02] Layer block_28: mean=0.000002700
[15:58:03] Layer block_29: mean=0.000003080
[15:58:03] Layer block_30: mean=0.000003400
[15:58:04] Layer block_31: mean=0.000003593
[15:58:04] Layer block_32: mean=0.000003716
[15:58:05] Layer block_33: mean=0.000003734
[15:58:05] Layer block_34: mean=0.000003679
[15:58:05] Layer block_35: mean=0.000003499
[15:58:06] Layer block_36: mean=0.000003158
[15:58:06] Layer block_37: mean=0.000002627
[15:58:06] Layer block_38: mean=0.000001838
[15:58:07] Layer block_39: mean=0.000000777
[15:58:07] Layer head: mean=0.000395094
[15:58:07] ✅ oxford_flowers updated (N=1).
[15:58:07] 
🔍 Processing task: oxford_pet (delta=1)
[15:58:07] [OxfordPet] Loaded 1 samples (skipped 0), tensor torch.Size([1, 3, 224, 224])
[15:58:08] Layer block_0: mean=0.000002478
[15:58:09] Layer block_1: mean=0.000001786
[15:58:09] Layer block_2: mean=0.000001869
[15:58:10] Layer block_3: mean=0.000001899
[15:58:10] Layer block_4: mean=0.000001935
[15:58:11] Layer block_5: mean=0.000001990
[15:58:12] Layer block_6: mean=0.000002017
[15:58:12] Layer block_7: mean=0.000002026
[15:58:13] Layer block_8: mean=0.000002005
[15:58:14] Layer block_9: mean=0.000001970
[15:58:14] Layer block_10: mean=0.000001976
[15:58:15] Layer block_11: mean=0.000001985
[15:58:15] Layer block_12: mean=0.000001968
[15:58:16] Layer block_13: mean=0.000001959
[15:58:16] Layer block_14: mean=0.000001931
[15:58:17] Layer block_15: mean=0.000001940
[15:58:17] Layer block_16: mean=0.000001930
[15:58:18] Layer block_17: mean=0.000001909
[15:58:19] Layer block_18: mean=0.000001832
[15:58:19] Layer block_19: mean=0.000001724
[15:58:20] Layer block_20: mean=0.000001623
[15:58:20] Layer block_21: mean=0.000001534
[15:58:21] Layer block_22: mean=0.000001473
[15:58:21] Layer block_23: mean=0.000001428
[15:58:22] Layer block_24: mean=0.000001444
[15:58:22] Layer block_25: mean=0.000001518
[15:58:22] Layer block_26: mean=0.000001763
[15:58:23] Layer block_27: mean=0.000002361
[15:58:23] Layer block_28: mean=0.000002895
[15:58:24] Layer block_29: mean=0.000003336
[15:58:24] Layer block_30: mean=0.000003743
[15:58:25] Layer block_31: mean=0.000003949
[15:58:25] Layer block_32: mean=0.000004054
[15:58:26] Layer block_33: mean=0.000004105
[15:58:26] Layer block_34: mean=0.000003916
[15:58:26] Layer block_35: mean=0.000003660
[15:58:27] Layer block_36: mean=0.000003309
[15:58:27] Layer block_37: mean=0.000002754
[15:58:28] Layer block_38: mean=0.000001958
[15:58:28] Layer block_39: mean=0.000000862
[15:58:28] Layer head: mean=0.000417093
[15:58:28] ✅ oxford_pet updated (N=1).
[15:58:28] 
🔍 Processing task: patch_camelyon (delta=1)
[15:58:28] [PatchCamelyon] Collected 32768 image paths from /root/autodl-tmp/modelselection/datasets/datasets/patch_camelyon/test.txt
[15:58:28] [PatchCamelyon] Loaded 1 samples (skipped 0), tensor torch.Size([1, 3, 224, 224])
[15:58:29] Layer block_0: mean=0.000003870
[15:58:30] Layer block_1: mean=0.000003501
[15:58:30] Layer block_2: mean=0.000003847
[15:58:31] Layer block_3: mean=0.000003807
[15:58:32] Layer block_4: mean=0.000003672
[15:58:32] Layer block_5: mean=0.000003697
[15:58:33] Layer block_6: mean=0.000003685
[15:58:33] Layer block_7: mean=0.000003624
[15:58:34] Layer block_8: mean=0.000003482
[15:58:35] Layer block_9: mean=0.000003347
[15:58:35] Layer block_10: mean=0.000003290
[15:58:36] Layer block_11: mean=0.000003271
[15:58:37] Layer block_12: mean=0.000003162
[15:58:37] Layer block_13: mean=0.000003067
[15:58:38] Layer block_14: mean=0.000002902
[15:58:38] Layer block_15: mean=0.000002746
[15:58:39] Layer block_16: mean=0.000002641
[15:58:39] Layer block_17: mean=0.000002515
[15:58:40] Layer block_18: mean=0.000002377
[15:58:40] Layer block_19: mean=0.000002230
[15:58:41] Layer block_20: mean=0.000002087
[15:58:41] Layer block_21: mean=0.000001907
[15:58:42] Layer block_22: mean=0.000001720
[15:58:42] Layer block_23: mean=0.000001582
[15:58:43] Layer block_24: mean=0.000001567
[15:58:43] Layer block_25: mean=0.000001548
[15:58:44] Layer block_26: mean=0.000001753
[15:58:44] Layer block_27: mean=0.000002295
[15:58:45] Layer block_28: mean=0.000002725
[15:58:45] Layer block_29: mean=0.000003089
[15:58:46] Layer block_30: mean=0.000003363
[15:58:46] Layer block_31: mean=0.000003566
[15:58:47] Layer block_32: mean=0.000003621
[15:58:47] Layer block_33: mean=0.000003632
[15:58:47] Layer block_34: mean=0.000003559
[15:58:48] Layer block_35: mean=0.000003416
[15:58:48] Layer block_36: mean=0.000003120
[15:58:48] Layer block_37: mean=0.000002672
[15:58:49] Layer block_38: mean=0.000001893
[15:58:49] Layer block_39: mean=0.000000788
[15:58:50] Layer head: mean=0.000415654
[15:58:50] ✅ patch_camelyon updated (N=1).
[15:58:50] 
🔍 Processing task: renderedsst2 (delta=1)
[15:58:50] [RenderedSST2] Loaded 1 samples (skipped 0), tensor torch.Size([1, 3, 224, 224])
[15:58:50] Layer block_0: mean=0.000004067
[15:58:51] Layer block_1: mean=0.000002569
[15:58:52] Layer block_2: mean=0.000002517
[15:58:52] Layer block_3: mean=0.000002553
[15:58:53] Layer block_4: mean=0.000002575
[15:58:54] Layer block_5: mean=0.000002475
[15:58:54] Layer block_6: mean=0.000002351
[15:58:55] Layer block_7: mean=0.000002200
[15:58:56] Layer block_8: mean=0.000002042
[15:58:56] Layer block_9: mean=0.000001940
[15:58:57] Layer block_10: mean=0.000001872
[15:58:57] Layer block_11: mean=0.000001832
[15:58:58] Layer block_12: mean=0.000001788
[15:58:58] Layer block_13: mean=0.000001737
[15:58:59] Layer block_14: mean=0.000001671
[15:58:59] Layer block_15: mean=0.000001649
[15:59:00] Layer block_16: mean=0.000001614
[15:59:01] Layer block_17: mean=0.000001554
[15:59:01] Layer block_18: mean=0.000001522
[15:59:02] Layer block_19: mean=0.000001475
[15:59:02] Layer block_20: mean=0.000001442
[15:59:03] Layer block_21: mean=0.000001418
[15:59:03] Layer block_22: mean=0.000001403
[15:59:04] Layer block_23: mean=0.000001403
[15:59:04] Layer block_24: mean=0.000001406
[15:59:05] Layer block_25: mean=0.000001450
[15:59:05] Layer block_26: mean=0.000001540
[15:59:06] Layer block_27: mean=0.000001726
[15:59:06] Layer block_28: mean=0.000001918
[15:59:07] Layer block_29: mean=0.000002142
[15:59:07] Layer block_30: mean=0.000002360
[15:59:08] Layer block_31: mean=0.000002537
[15:59:08] Layer block_32: mean=0.000002633
[15:59:09] Layer block_33: mean=0.000002663
[15:59:09] Layer block_34: mean=0.000002641
[15:59:09] Layer block_35: mean=0.000002527
[15:59:10] Layer block_36: mean=0.000002323
[15:59:10] Layer block_37: mean=0.000001971
[15:59:11] Layer block_38: mean=0.000001477
[15:59:11] Layer block_39: mean=0.000000787
[15:59:12] Layer head: mean=0.000378393
[15:59:12] ✅ renderedsst2 updated (N=1).
[15:59:12] 
🔍 Processing task: resisc45 (delta=1)
[15:59:12] [RESISC45] Collected 6300 images from /root/autodl-tmp/modelselection/datasets/datasets/resisc45/test.txt
[15:59:12] [RESISC45] Loaded 1 samples (skipped 0), tensor torch.Size([1, 3, 224, 224])
[15:59:12] Layer block_0: mean=0.000002571
[15:59:13] Layer block_1: mean=0.000002039
[15:59:14] Layer block_2: mean=0.000002084
[15:59:14] Layer block_3: mean=0.000002003
[15:59:15] Layer block_4: mean=0.000001951
[15:59:15] Layer block_5: mean=0.000001914
[15:59:16] Layer block_6: mean=0.000001895
[15:59:17] Layer block_7: mean=0.000001840
[15:59:17] Layer block_8: mean=0.000001761
[15:59:18] Layer block_9: mean=0.000001686
[15:59:18] Layer block_10: mean=0.000001640
[15:59:19] Layer block_11: mean=0.000001602
[15:59:20] Layer block_12: mean=0.000001556
[15:59:20] Layer block_13: mean=0.000001514
[15:59:21] Layer block_14: mean=0.000001458
[15:59:22] Layer block_15: mean=0.000001418
[15:59:22] Layer block_16: mean=0.000001380
[15:59:23] Layer block_17: mean=0.000001330
[15:59:23] Layer block_18: mean=0.000001291
[15:59:24] Layer block_19: mean=0.000001251
[15:59:24] Layer block_20: mean=0.000001218
[15:59:25] Layer block_21: mean=0.000001184
[15:59:26] Layer block_22: mean=0.000001189
[15:59:26] Layer block_23: mean=0.000001224
[15:59:26] Layer block_24: mean=0.000001323
[15:59:27] Layer block_25: mean=0.000001454
[15:59:27] Layer block_26: mean=0.000001730
[15:59:28] Layer block_27: mean=0.000002276
[15:59:28] Layer block_28: mean=0.000002745
[15:59:29] Layer block_29: mean=0.000003100
[15:59:29] Layer block_30: mean=0.000003405
[15:59:29] Layer block_31: mean=0.000003587
[15:59:30] Layer block_32: mean=0.000003675
[15:59:30] Layer block_33: mean=0.000003724
[15:59:31] Layer block_34: mean=0.000003629
[15:59:31] Layer block_35: mean=0.000003480
[15:59:32] Layer block_36: mean=0.000003202
[15:59:32] Layer block_37: mean=0.000002691
[15:59:32] Layer block_38: mean=0.000001923
[15:59:33] Layer block_39: mean=0.000000806
[15:59:33] Layer head: mean=0.000383502
[15:59:33] ✅ resisc45 updated (N=1).
[15:59:33] 
🔍 Processing task: stl10 (delta=1)
[15:59:33] [STL10] Loaded 1 samples, tensor torch.Size([1, 3, 224, 224])
[15:59:34] Layer block_0: mean=0.000002504
[15:59:34] Layer block_1: mean=0.000001970
[15:59:35] Layer block_2: mean=0.000002023
[15:59:36] Layer block_3: mean=0.000001944
[15:59:36] Layer block_4: mean=0.000001882
[15:59:37] Layer block_5: mean=0.000001845
[15:59:38] Layer block_6: mean=0.000001827
[15:59:38] Layer block_7: mean=0.000001807
[15:59:39] Layer block_8: mean=0.000001766
[15:59:40] Layer block_9: mean=0.000001725
[15:59:40] Layer block_10: mean=0.000001703
[15:59:41] Layer block_11: mean=0.000001686
[15:59:41] Layer block_12: mean=0.000001667
[15:59:42] Layer block_13: mean=0.000001654
[15:59:42] Layer block_14: mean=0.000001626
[15:59:43] Layer block_15: mean=0.000001623
[15:59:43] Layer block_16: mean=0.000001622
[15:59:44] Layer block_17: mean=0.000001613
[15:59:44] Layer block_18: mean=0.000001596
[15:59:45] Layer block_19: mean=0.000001579
[15:59:45] Layer block_20: mean=0.000001554
[15:59:46] Layer block_21: mean=0.000001527
[15:59:46] Layer block_22: mean=0.000001534
[15:59:47] Layer block_23: mean=0.000001560
[15:59:47] Layer block_24: mean=0.000001664
[15:59:48] Layer block_25: mean=0.000001778
[15:59:48] Layer block_26: mean=0.000001989
[15:59:49] Layer block_27: mean=0.000002384
[15:59:49] Layer block_28: mean=0.000002732
[15:59:50] Layer block_29: mean=0.000003046
[15:59:50] Layer block_30: mean=0.000003305
[15:59:50] Layer block_31: mean=0.000003447
[15:59:51] Layer block_32: mean=0.000003490
[15:59:51] Layer block_33: mean=0.000003479
[15:59:52] Layer block_34: mean=0.000003396
[15:59:52] Layer block_35: mean=0.000003208
[15:59:53] Layer block_36: mean=0.000002950
[15:59:53] Layer block_37: mean=0.000002462
[15:59:53] Layer block_38: mean=0.000001757
[15:59:54] Layer block_39: mean=0.000000749
[15:59:54] Layer head: mean=0.000366441
[15:59:54] ✅ stl10 updated (N=1).
[15:59:54] 
🔍 Processing task: sun397 (delta=1)
[15:59:54] [SUN397] Loaded 1 samples (skipped 0), tensor torch.Size([1, 3, 224, 224])
[15:59:55] Layer block_0: mean=0.000004960
[15:59:55] Layer block_1: mean=0.000003135
[15:59:56] Layer block_2: mean=0.000002798
[15:59:56] Layer block_3: mean=0.000002611
[15:59:57] Layer block_4: mean=0.000002543
[15:59:58] Layer block_5: mean=0.000002466
[15:59:58] Layer block_6: mean=0.000002382
[15:59:59] Layer block_7: mean=0.000002271
[16:00:00] Layer block_8: mean=0.000002168
[16:00:00] Layer block_9: mean=0.000002070
[16:00:01] Layer block_10: mean=0.000002017
[16:00:01] Layer block_11: mean=0.000001967
[16:00:01] Layer block_12: mean=0.000001898
[16:00:02] Layer block_13: mean=0.000001849
[16:00:02] Layer block_14: mean=0.000001770
[16:00:02] Layer block_15: mean=0.000001726
[16:00:03] Layer block_16: mean=0.000001691
[16:00:03] Layer block_17: mean=0.000001638
[16:00:03] Layer block_18: mean=0.000001598
[16:00:04] Layer block_19: mean=0.000001559
[16:00:04] Layer block_20: mean=0.000001507
[16:00:04] Layer block_21: mean=0.000001469
[16:00:04] Layer block_22: mean=0.000001456
[16:00:05] Layer block_23: mean=0.000001436
[16:00:05] Layer block_24: mean=0.000001490
[16:00:05] Layer block_25: mean=0.000001581
[16:00:06] Layer block_26: mean=0.000001805
[16:00:06] Layer block_27: mean=0.000002164
[16:00:06] Layer block_28: mean=0.000002572
[16:00:06] Layer block_29: mean=0.000002948
[16:00:07] Layer block_30: mean=0.000003257
[16:00:07] Layer block_31: mean=0.000003465
[16:00:07] Layer block_32: mean=0.000003574
[16:00:07] Layer block_33: mean=0.000003622
[16:00:08] Layer block_34: mean=0.000003537
[16:00:08] Layer block_35: mean=0.000003420
[16:00:08] Layer block_36: mean=0.000003165
[16:00:08] Layer block_37: mean=0.000002695
[16:00:08] Layer block_38: mean=0.000001908
[16:00:09] Layer block_39: mean=0.000000820
[16:00:09] Layer head: mean=0.000417706
[16:00:09] ✅ sun397 updated (N=1).
[16:00:09] 
🔍 Processing task: svhn (delta=1)
[16:00:09] [SVHN] Loaded 1 samples (skipped 0), tensor torch.Size([1, 3, 224, 224])
[16:00:09] Layer block_0: mean=0.000000674
[16:00:10] Layer block_1: mean=0.000000530
[16:00:10] Layer block_2: mean=0.000000507
[16:00:10] Layer block_3: mean=0.000000526
[16:00:11] Layer block_4: mean=0.000000563
[16:00:11] Layer block_5: mean=0.000000604
[16:00:11] Layer block_6: mean=0.000000628
[16:00:12] Layer block_7: mean=0.000000637
[16:00:12] Layer block_8: mean=0.000000633
[16:00:12] Layer block_9: mean=0.000000624
[16:00:13] Layer block_10: mean=0.000000621
[16:00:13] Layer block_11: mean=0.000000629
[16:00:13] Layer block_12: mean=0.000000624
[16:00:14] Layer block_13: mean=0.000000619
[16:00:14] Layer block_14: mean=0.000000604
[16:00:14] Layer block_15: mean=0.000000601
[16:00:14] Layer block_16: mean=0.000000602
[16:00:15] Layer block_17: mean=0.000000601
[16:00:15] Layer block_18: mean=0.000000602
[16:00:15] Layer block_19: mean=0.000000603
[16:00:16] Layer block_20: mean=0.000000605
[16:00:16] Layer block_21: mean=0.000000601
[16:00:16] Layer block_22: mean=0.000000624
[16:00:17] Layer block_23: mean=0.000000651
[16:00:17] Layer block_24: mean=0.000000706
[16:00:17] Layer block_25: mean=0.000000767
[16:00:17] Layer block_26: mean=0.000000923
[16:00:18] Layer block_27: mean=0.000001322
[16:00:18] Layer block_28: mean=0.000001641
[16:00:18] Layer block_29: mean=0.000001883
[16:00:18] Layer block_30: mean=0.000002071
[16:00:19] Layer block_31: mean=0.000002207
[16:00:19] Layer block_32: mean=0.000002314
[16:00:19] Layer block_33: mean=0.000002385
[16:00:19] Layer block_34: mean=0.000002401
[16:00:19] Layer block_35: mean=0.000002389
[16:00:20] Layer block_36: mean=0.000002251
[16:00:20] Layer block_37: mean=0.000001965
[16:00:20] Layer block_38: mean=0.000001520
[16:00:20] Layer block_39: mean=0.000000763
[16:00:21] Layer head: mean=0.000335983
[16:00:21] ✅ svhn updated (N=1).
[16:00:21] 
🔍 Processing task: voc_pose (delta=1)
[16:00:21] [VOC] Loaded 1 samples (skipped 0), tensor torch.Size([1, 3, 224, 224])
[16:00:21] Layer block_0: mean=0.000002602
[16:00:21] Layer block_1: mean=0.000002189
[16:00:22] Layer block_2: mean=0.000002325
[16:00:22] Layer block_3: mean=0.000002368
[16:00:22] Layer block_4: mean=0.000002483
[16:00:23] Layer block_5: mean=0.000002693
[16:00:23] Layer block_6: mean=0.000002831
[16:00:23] Layer block_7: mean=0.000002905
[16:00:24] Layer block_8: mean=0.000002869
[16:00:24] Layer block_9: mean=0.000002823
[16:00:24] Layer block_10: mean=0.000002846
[16:00:25] Layer block_11: mean=0.000002898
[16:00:25] Layer block_12: mean=0.000002875
[16:00:25] Layer block_13: mean=0.000002875
[16:00:26] Layer block_14: mean=0.000002840
[16:00:26] Layer block_15: mean=0.000002852
[16:00:26] Layer block_16: mean=0.000002883
[16:00:27] Layer block_17: mean=0.000002872
[16:00:27] Layer block_18: mean=0.000002872
[16:00:27] Layer block_19: mean=0.000002829
[16:00:27] Layer block_20: mean=0.000002745
[16:00:28] Layer block_21: mean=0.000002644
[16:00:28] Layer block_22: mean=0.000002508
[16:00:28] Layer block_23: mean=0.000002365
[16:00:29] Layer block_24: mean=0.000002195
[16:00:29] Layer block_25: mean=0.000001940
[16:00:29] Layer block_26: mean=0.000001999
[16:00:29] Layer block_27: mean=0.000002375
[16:00:30] Layer block_28: mean=0.000002730
[16:00:30] Layer block_29: mean=0.000003049
[16:00:30] Layer block_30: mean=0.000003297
[16:00:30] Layer block_31: mean=0.000003443
[16:00:31] Layer block_32: mean=0.000003469
[16:00:31] Layer block_33: mean=0.000003419
[16:00:31] Layer block_34: mean=0.000003272
[16:00:31] Layer block_35: mean=0.000003119
[16:00:32] Layer block_36: mean=0.000002859
[16:00:32] Layer block_37: mean=0.000002412
[16:00:32] Layer block_38: mean=0.000001770
[16:00:32] Layer block_39: mean=0.000000840
[16:00:32] Layer head: mean=0.000395030
[16:00:32] ✅ voc_pose updated (N=1).
[16:00:32] ✅ Results saved for milestone 1.
