/root/miniconda3/envs/reason/lib/python3.10/site-packages/transformers/utils/hub.py:111: FutureWarning: Using `TRANSFORMERS_CACHE` is deprecated and will be removed in v5 of Transformers. Use `HF_HOME` instead.
  warnings.warn(
[15:19:25] Using device: cuda, seed: 55
[15:19:25] Parsing model identifier. Schema: None, Identifier: RN101-quickgelu
[15:19:25] Loaded built-in RN101-quickgelu model config.
[15:19:26] Instantiating model architecture: CLIP
[15:19:27] Loading full pretrained weights from: /root/autodl-tmp/hf_cache/models--timm--resnet101_clip.yfcc15m/snapshots/d671c8ed34350b653cb58bcba8c7f249146a0ede/open_clip_model.safetensors
[15:19:27] Final image preprocessing configuration set: {'size': 224, 'mode': 'RGB', 'mean': (0.48145466, 0.4578275, 0.40821073), 'std': (0.26862954, 0.26130258, 0.27577711), 'interpolation': 'bicubic', 'resize_mode': 'shortest', 'fill_color': 0}
[15:19:27] Model RN101-quickgelu creation process complete.
[15:19:27] Detected ModifiedResNet with 5 layers.
[15:19:27] Model RN101-quickgelu loaded (5 layers detected).
[15:19:27] Using simplified RN forward_func for RN101-quickgelu
[15:19:29] [FER2013] Column 'Usage' not found, using all rows.
[15:19:29] [FER2013] Loaded 28709 images from /root/autodl-tmp/modelselection/datasets/datasets/fer2013/train.csv
[15:19:29] [OxfordFlowers] Loaded split='test' with 6149 images from /root/autodl-tmp/modelselection/datasets/datasets/oxford_flowers
[15:19:29] [OxfordPet] Loaded split='test' with 3669 samples from /root/autodl-tmp/modelselection/datasets/datasets/oxford-pet/annotations/test.txt
[15:19:29] [RenderedSST2] Loaded 1821 images from /root/autodl-tmp/modelselection/datasets/datasets/renderedsst2/rendered-sst2/test
[15:19:29] [STL10] Loaded split='test' with 8000 images from /root/autodl-tmp/modelselection/datasets/datasets/stl10/stl10_binary/test_X.bin
[15:19:29] [SUN397] Loaded split='test' with 19850 images
[15:19:29] [SVHN] Loaded 26032 images from /root/autodl-tmp/modelselection/datasets/datasets/svhn/test.txt
[15:19:30] [VOC] Loaded 9963 images from annotations
[15:19:30] === Reaching milestone N=1 ===
[15:19:30] 
🔍 Processing task: car (delta=1)
[15:19:30] [Cars] Loaded 1 samples, tensor torch.Size([1, 3, 224, 224])
/root/autodl-tmp/modelselection/frame_v2/framework/conductance.py:20: FutureWarning: `torch.cuda.amp.autocast(args...)` is deprecated. Please use `torch.amp.autocast('cuda', args...)` instead.
  with torch.cuda.amp.autocast(enabled=use_amp):
[15:19:31] Layer layer1: mean=0.000002888
[15:19:31] Layer layer2: mean=0.000005056
[15:19:31] Layer layer3: mean=0.000009027
[15:19:31] Layer layer4: mean=0.000008623
[15:19:31] Layer attnpool: mean=0.000728975
[15:19:31] ✅ car updated (N=1).
[15:19:31] 
🔍 Processing task: cifar (delta=1)
[15:19:31] [CIFAR] Loaded 1 samples, tensor torch.Size([1, 3, 224, 224])
[15:19:32] Layer layer1: mean=0.000006172
[15:19:32] Layer layer2: mean=0.000009743
[15:19:32] Layer layer3: mean=0.000013811
[15:19:32] Layer layer4: mean=0.000009526
[15:19:32] Layer attnpool: mean=0.000715528
[15:19:32] ✅ cifar updated (N=1).
[15:19:32] 
🔍 Processing task: clevr (delta=1)
[15:19:32] [CLEVR] 15000 samples from /root/autodl-tmp/modelselection/datasets/datasets/clevr_count/test
[15:19:32] [CLEVR] Loaded 1 samples, tensor torch.Size([1, 3, 224, 224])
[15:19:32] Layer layer1: mean=0.000002855
[15:19:32] Layer layer2: mean=0.000004979
[15:19:33] Layer layer3: mean=0.000009051
[15:19:33] Layer layer4: mean=0.000006717
[15:19:33] Layer attnpool: mean=0.000644813
[15:19:33] ✅ clevr updated (N=1).
[15:19:33] 
🔍 Processing task: country (delta=1)
[15:19:33] [Country211] Loaded 1 samples, tensor torch.Size([1, 3, 224, 224])
[15:19:33] Layer layer1: mean=0.000004237
[15:19:33] Layer layer2: mean=0.000007146
[15:19:34] Layer layer3: mean=0.000010706
[15:19:34] Layer layer4: mean=0.000008818
[15:19:34] Layer attnpool: mean=0.000736602
[15:19:34] ✅ country updated (N=1).
[15:19:34] 
🔍 Processing task: dmlab (delta=1)
[15:19:34] [DMLab] Loaded 1 samples (skipped 0), tensor torch.Size([1, 3, 224, 224])
[15:19:34] Layer layer1: mean=0.000003769
[15:19:34] Layer layer2: mean=0.000006476
[15:19:35] Layer layer3: mean=0.000010540
[15:19:35] Layer layer4: mean=0.000008942
[15:19:35] Layer attnpool: mean=0.000717430
[15:19:35] ✅ dmlab updated (N=1).
[15:19:35] 
🔍 Processing task: dr (delta=1)
[15:19:35] [DR] Loaded 42670 paths from /root/autodl-tmp/modelselection/datasets/datasets/diabetic_retinopathy/test.txt
[15:19:35] [DR] Loaded 1 samples (skipped 0), tensor torch.Size([1, 3, 224, 224])
[15:19:36] Layer layer1: mean=0.000004937
[15:19:36] Layer layer2: mean=0.000008469
[15:19:36] Layer layer3: mean=0.000012072
[15:19:36] Layer layer4: mean=0.000008991
[15:19:36] Layer attnpool: mean=0.000726808
[15:19:36] ✅ dr updated (N=1).
[15:19:36] 
🔍 Processing task: dtd (delta=1)
[15:19:36] [DTD] Collected 5640 image paths from /root/autodl-tmp/modelselection/datasets/datasets/dtd/labels
[15:19:36] [DTD] Loaded 1 samples (skipped 0), tensor torch.Size([1, 3, 224, 224])
[15:19:36] Layer layer1: mean=0.000007550
[15:19:37] Layer layer2: mean=0.000012130
[15:19:37] Layer layer3: mean=0.000015050
[15:19:37] Layer layer4: mean=0.000010618
[15:19:37] Layer attnpool: mean=0.000830319
[15:19:37] ✅ dtd updated (N=1).
[15:19:37] 
🔍 Processing task: eurosat (delta=1)
[15:19:38] [EuroSAT] Collected 27000 images from 10 classes under /root/autodl-tmp/modelselection/datasets/datasets/eurosat/2750
[15:19:38] [EuroSAT] Loaded 1 samples (skipped 0), tensor torch.Size([1, 3, 224, 224])
[15:19:38] Layer layer1: mean=0.000005888
[15:19:38] Layer layer2: mean=0.000009402
[15:19:38] Layer layer3: mean=0.000013080
[15:19:39] Layer layer4: mean=0.000009249
[15:19:39] Layer attnpool: mean=0.000775689
[15:19:39] ✅ eurosat updated (N=1).
[15:19:39] 
🔍 Processing task: fer2013 (delta=1)
[15:19:39] [FER2013] Loaded 1 samples (skipped 0), tensor torch.Size([1, 3, 224, 224])
[15:19:39] Layer layer1: mean=0.000006512
[15:19:39] Layer layer2: mean=0.000009891
[15:19:39] Layer layer3: mean=0.000013978
[15:19:39] Layer layer4: mean=0.000009355
[15:19:40] Layer attnpool: mean=0.000742404
[15:19:40] ✅ fer2013 updated (N=1).
[15:19:40] 
🔍 Processing task: gtsrb (delta=1)
[15:19:40] [GTSRB] Collected 12630 test images.
[15:19:40] [GTSRB] Loaded 1 samples (skipped 0), tensor torch.Size([1, 3, 224, 224])
[15:19:40] Layer layer1: mean=0.000006281
[15:19:40] Layer layer2: mean=0.000009989
[15:19:41] Layer layer3: mean=0.000013522
[15:19:41] Layer layer4: mean=0.000009489
[15:19:41] Layer attnpool: mean=0.000740767
[15:19:41] ✅ gtsrb updated (N=1).
[15:19:41] 
🔍 Processing task: kitti (delta=1)
[15:19:41] [KITTI] Collected 711 images from /root/autodl-tmp/modelselection/datasets/datasets/kitti/test.txt
[15:19:41] [KITTI] Loaded 1 samples (skipped 0), tensor torch.Size([1, 3, 224, 224])
[15:19:41] Layer layer1: mean=0.000004470
[15:19:42] Layer layer2: mean=0.000007481
[15:19:42] Layer layer3: mean=0.000011210
[15:19:42] Layer layer4: mean=0.000008712
[15:19:42] Layer attnpool: mean=0.000735179
[15:19:42] ✅ kitti updated (N=1).
[15:19:42] 
🔍 Processing task: mnist (delta=1)
[15:19:42] [MNIST] Loaded split='test' with 10000 samples from data/mnist
[15:19:42] [MNIST] Loaded 1 samples, tensor torch.Size([1, 3, 224, 224])
[15:19:42] Layer layer1: mean=0.000005949
[15:19:43] Layer layer2: mean=0.000009623
[15:19:43] Layer layer3: mean=0.000015310
[15:19:43] Layer layer4: mean=0.000009649
[15:19:43] Layer attnpool: mean=0.000651544
[15:19:43] ✅ mnist updated (N=1).
[15:19:43] 
🔍 Processing task: oxford_flowers (delta=1)
[15:19:43] [OxfordFlowers] Loaded 1 samples (skipped 0), tensor torch.Size([1, 3, 224, 224])
[15:19:43] Layer layer1: mean=0.000004250
[15:19:44] Layer layer2: mean=0.000007464
[15:19:44] Layer layer3: mean=0.000011721
[15:19:44] Layer layer4: mean=0.000008758
[15:19:44] Layer attnpool: mean=0.000773087
[15:19:44] ✅ oxford_flowers updated (N=1).
[15:19:44] 
🔍 Processing task: oxford_pet (delta=1)
[15:19:44] [OxfordPet] Loaded 1 samples (skipped 0), tensor torch.Size([1, 3, 224, 224])
[15:19:45] Layer layer1: mean=0.000003738
[15:19:45] Layer layer2: mean=0.000006422
[15:19:45] Layer layer3: mean=0.000010264
[15:19:46] Layer layer4: mean=0.000008824
[15:19:46] Layer attnpool: mean=0.000846008
[15:19:46] ✅ oxford_pet updated (N=1).
[15:19:46] 
🔍 Processing task: patch_camelyon (delta=1)
[15:19:46] [PatchCamelyon] Collected 32768 image paths from /root/autodl-tmp/modelselection/datasets/datasets/patch_camelyon/test.txt
[15:19:46] [PatchCamelyon] Loaded 1 samples (skipped 0), tensor torch.Size([1, 3, 224, 224])
[15:19:46] Layer layer1: mean=0.000006482
[15:19:46] Layer layer2: mean=0.000010499
[15:19:46] Layer layer3: mean=0.000014656
[15:19:47] Layer layer4: mean=0.000010132
[15:19:47] Layer attnpool: mean=0.000823995
[15:19:47] ✅ patch_camelyon updated (N=1).
[15:19:47] 
🔍 Processing task: renderedsst2 (delta=1)
[15:19:47] [RenderedSST2] Loaded 1 samples (skipped 0), tensor torch.Size([1, 3, 224, 224])
[15:19:47] Layer layer1: mean=0.000005150
[15:19:47] Layer layer2: mean=0.000008781
[15:19:47] Layer layer3: mean=0.000014017
[15:19:48] Layer layer4: mean=0.000008379
[15:19:48] Layer attnpool: mean=0.000558780
[15:19:48] ✅ renderedsst2 updated (N=1).
[15:19:48] 
🔍 Processing task: resisc45 (delta=1)
[15:19:48] [RESISC45] Collected 6300 images from /root/autodl-tmp/modelselection/datasets/datasets/resisc45/test.txt
[15:19:48] [RESISC45] Loaded 1 samples (skipped 0), tensor torch.Size([1, 3, 224, 224])
[15:19:48] Layer layer1: mean=0.000005254
[15:19:48] Layer layer2: mean=0.000008790
[15:19:48] Layer layer3: mean=0.000012736
[15:19:49] Layer layer4: mean=0.000009513
[15:19:49] Layer attnpool: mean=0.000853554
[15:19:49] ✅ resisc45 updated (N=1).
[15:19:49] 
🔍 Processing task: stl10 (delta=1)
[15:19:49] [STL10] Loaded 1 samples, tensor torch.Size([1, 3, 224, 224])
[15:19:49] Layer layer1: mean=0.000004966
[15:19:49] Layer layer2: mean=0.000008187
[15:19:49] Layer layer3: mean=0.000012205
[15:19:50] Layer layer4: mean=0.000009362
[15:19:50] Layer attnpool: mean=0.000801949
[15:19:50] ✅ stl10 updated (N=1).
[15:19:50] 
🔍 Processing task: sun397 (delta=1)
[15:19:50] [SUN397] Loaded 1 samples (skipped 0), tensor torch.Size([1, 3, 224, 224])
[15:19:50] Layer layer1: mean=0.000004330
[15:19:51] Layer layer2: mean=0.000007530
[15:19:51] Layer layer3: mean=0.000011218
[15:19:51] Layer layer4: mean=0.000008540
[15:19:51] Layer attnpool: mean=0.000698244
[15:19:51] ✅ sun397 updated (N=1).
[15:19:51] 
🔍 Processing task: svhn (delta=1)
[15:19:51] [SVHN] Loaded 1 samples (skipped 0), tensor torch.Size([1, 3, 224, 224])
[15:19:51] Layer layer1: mean=0.000005237
[15:19:52] Layer layer2: mean=0.000008200
[15:19:52] Layer layer3: mean=0.000012062
[15:19:52] Layer layer4: mean=0.000008932
[15:19:52] Layer attnpool: mean=0.000694140
[15:19:52] ✅ svhn updated (N=1).
[15:19:52] 
🔍 Processing task: voc_pose (delta=1)
[15:19:52] [VOC] Loaded 1 samples (skipped 0), tensor torch.Size([1, 3, 224, 224])
[15:19:52] Layer layer1: mean=0.000004415
[15:19:53] Layer layer2: mean=0.000007353
[15:19:53] Layer layer3: mean=0.000011175
[15:19:53] Layer layer4: mean=0.000008642
[15:19:53] Layer attnpool: mean=0.000725566
[15:19:53] ✅ voc_pose updated (N=1).
[15:19:53] ✅ Results saved for milestone 1.
