/root/miniconda3/envs/reason/lib/python3.10/site-packages/transformers/utils/hub.py:111: FutureWarning: Using `TRANSFORMERS_CACHE` is deprecated and will be removed in v5 of Transformers. Use `HF_HOME` instead.
  warnings.warn(
[15:22:27] Using device: cuda, seed: 55
[15:22:27] Parsing model identifier. Schema: None, Identifier: RN50
[15:22:27] Loaded built-in RN50 model config.
/root/miniconda3/envs/reason/lib/python3.10/site-packages/open_clip/factory.py:450: UserWarning: QuickGELU mismatch between final model config (quick_gelu=False) and pretrained tag 'cc12m' (quick_gelu=True).
  warnings.warn(
[15:22:28] Instantiating model architecture: CLIP
[15:22:29] Loading full pretrained weights from: /root/autodl-tmp/hf_cache/models--timm--resnet50_clip.cc12m/snapshots/d72a2fdb0278498f216ca970010d730b95249beb/open_clip_model.safetensors
[15:22:29] Final image preprocessing configuration set: {'size': 224, 'mode': 'RGB', 'mean': (0.48145466, 0.4578275, 0.40821073), 'std': (0.26862954, 0.26130258, 0.27577711), 'interpolation': 'bicubic', 'resize_mode': 'shortest', 'fill_color': 0}
[15:22:29] Model RN50 creation process complete.
[15:22:29] Detected ModifiedResNet with 5 layers.
[15:22:29] Model RN50 loaded (5 layers detected).
[15:22:29] Using simplified RN forward_func for RN50
[15:22:31] [FER2013] Column 'Usage' not found, using all rows.
[15:22:31] [FER2013] Loaded 28709 images from /root/autodl-tmp/modelselection/datasets/datasets/fer2013/train.csv
[15:22:31] [OxfordFlowers] Loaded split='test' with 6149 images from /root/autodl-tmp/modelselection/datasets/datasets/oxford_flowers
[15:22:31] [OxfordPet] Loaded split='test' with 3669 samples from /root/autodl-tmp/modelselection/datasets/datasets/oxford-pet/annotations/test.txt
[15:22:31] [RenderedSST2] Loaded 1821 images from /root/autodl-tmp/modelselection/datasets/datasets/renderedsst2/rendered-sst2/test
[15:22:31] [STL10] Loaded split='test' with 8000 images from /root/autodl-tmp/modelselection/datasets/datasets/stl10/stl10_binary/test_X.bin
[15:22:31] [SUN397] Loaded split='test' with 19850 images
[15:22:31] [SVHN] Loaded 26032 images from /root/autodl-tmp/modelselection/datasets/datasets/svhn/test.txt
[15:22:32] [VOC] Loaded 9963 images from annotations
[15:22:32] === Reaching milestone N=1 ===
[15:22:32] 
🔍 Processing task: car (delta=1)
[15:22:32] [Cars] Loaded 1 samples, tensor torch.Size([1, 3, 224, 224])
/root/autodl-tmp/modelselection/frame_v2/framework/conductance.py:20: FutureWarning: `torch.cuda.amp.autocast(args...)` is deprecated. Please use `torch.amp.autocast('cuda', args...)` instead.
  with torch.cuda.amp.autocast(enabled=use_amp):
[15:22:33] Layer layer1: mean=0.000001083
[15:22:33] Layer layer2: mean=0.000001915
[15:22:33] Layer layer3: mean=0.000003283
[15:22:33] Layer layer4: mean=0.000003690
[15:22:33] Layer attnpool: mean=0.000253849
[15:22:33] ✅ car updated (N=1).
[15:22:33] 
🔍 Processing task: cifar (delta=1)
[15:22:33] [CIFAR] Loaded 1 samples, tensor torch.Size([1, 3, 224, 224])
[15:22:33] Layer layer1: mean=0.000002068
[15:22:33] Layer layer2: mean=0.000003158
[15:22:33] Layer layer3: mean=0.000004741
[15:22:33] Layer layer4: mean=0.000003642
[15:22:33] Layer attnpool: mean=0.000232337
[15:22:33] ✅ cifar updated (N=1).
[15:22:33] 
🔍 Processing task: clevr (delta=1)
[15:22:33] [CLEVR] 15000 samples from /root/autodl-tmp/modelselection/datasets/datasets/clevr_count/test
[15:22:33] [CLEVR] Loaded 1 samples, tensor torch.Size([1, 3, 224, 224])
[15:22:33] Layer layer1: mean=0.000000978
[15:22:33] Layer layer2: mean=0.000001622
[15:22:33] Layer layer3: mean=0.000002954
[15:22:33] Layer layer4: mean=0.000002757
[15:22:33] Layer attnpool: mean=0.000192117
[15:22:33] ✅ clevr updated (N=1).
[15:22:33] 
🔍 Processing task: country (delta=1)
[15:22:33] [Country211] Loaded 1 samples, tensor torch.Size([1, 3, 224, 224])
[15:22:34] Layer layer1: mean=0.000001554
[15:22:34] Layer layer2: mean=0.000002567
[15:22:34] Layer layer3: mean=0.000004051
[15:22:34] Layer layer4: mean=0.000003728
[15:22:34] Layer attnpool: mean=0.000254016
[15:22:34] ✅ country updated (N=1).
[15:22:34] 
🔍 Processing task: dmlab (delta=1)
[15:22:34] [DMLab] Loaded 1 samples (skipped 0), tensor torch.Size([1, 3, 224, 224])
[15:22:34] Layer layer1: mean=0.000001501
[15:22:34] Layer layer2: mean=0.000002371
[15:22:34] Layer layer3: mean=0.000003960
[15:22:34] Layer layer4: mean=0.000003796
[15:22:35] Layer attnpool: mean=0.000250421
[15:22:35] ✅ dmlab updated (N=1).
[15:22:35] 
🔍 Processing task: dr (delta=1)
[15:22:35] [DR] Loaded 42670 paths from /root/autodl-tmp/modelselection/datasets/datasets/diabetic_retinopathy/test.txt
[15:22:35] [DR] Loaded 1 samples (skipped 0), tensor torch.Size([1, 3, 224, 224])
[15:22:35] Layer layer1: mean=0.000002047
[15:22:35] Layer layer2: mean=0.000003190
[15:22:35] Layer layer3: mean=0.000004835
[15:22:35] Layer layer4: mean=0.000003797
[15:22:35] Layer attnpool: mean=0.000246727
[15:22:35] ✅ dr updated (N=1).
[15:22:35] 
🔍 Processing task: dtd (delta=1)
[15:22:35] [DTD] Collected 5640 image paths from /root/autodl-tmp/modelselection/datasets/datasets/dtd/labels
[15:22:35] [DTD] Loaded 1 samples (skipped 0), tensor torch.Size([1, 3, 224, 224])
[15:22:35] Layer layer1: mean=0.000003281
[15:22:36] Layer layer2: mean=0.000004859
[15:22:36] Layer layer3: mean=0.000006387
[15:22:36] Layer layer4: mean=0.000004345
[15:22:36] Layer attnpool: mean=0.000245828
[15:22:36] ✅ dtd updated (N=1).
[15:22:36] 
🔍 Processing task: eurosat (delta=1)
[15:22:36] [EuroSAT] Collected 27000 images from 10 classes under /root/autodl-tmp/modelselection/datasets/datasets/eurosat/2750
[15:22:36] [EuroSAT] Loaded 1 samples (skipped 0), tensor torch.Size([1, 3, 224, 224])
[15:22:36] Layer layer1: mean=0.000002536
[15:22:36] Layer layer2: mean=0.000003894
[15:22:37] Layer layer3: mean=0.000005487
[15:22:37] Layer layer4: mean=0.000003971
[15:22:37] Layer attnpool: mean=0.000254167
[15:22:37] ✅ eurosat updated (N=1).
[15:22:37] 
🔍 Processing task: fer2013 (delta=1)
[15:22:37] [FER2013] Loaded 1 samples (skipped 0), tensor torch.Size([1, 3, 224, 224])
[15:22:37] Layer layer1: mean=0.000002437
[15:22:37] Layer layer2: mean=0.000003425
[15:22:37] Layer layer3: mean=0.000004971
[15:22:37] Layer layer4: mean=0.000003713
[15:22:38] Layer attnpool: mean=0.000231242
[15:22:38] ✅ fer2013 updated (N=1).
[15:22:38] 
🔍 Processing task: gtsrb (delta=1)
[15:22:38] [GTSRB] Collected 12630 test images.
[15:22:38] [GTSRB] Loaded 1 samples (skipped 0), tensor torch.Size([1, 3, 224, 224])
[15:22:38] Layer layer1: mean=0.000002948
[15:22:38] Layer layer2: mean=0.000004223
[15:22:38] Layer layer3: mean=0.000005715
[15:22:38] Layer layer4: mean=0.000004316
[15:22:38] Layer attnpool: mean=0.000232673
[15:22:38] ✅ gtsrb updated (N=1).
[15:22:38] 
🔍 Processing task: kitti (delta=1)
[15:22:38] [KITTI] Collected 711 images from /root/autodl-tmp/modelselection/datasets/datasets/kitti/test.txt
[15:22:38] [KITTI] Loaded 1 samples (skipped 0), tensor torch.Size([1, 3, 224, 224])
[15:22:38] Layer layer1: mean=0.000001785
[15:22:39] Layer layer2: mean=0.000002685
[15:22:39] Layer layer3: mean=0.000004151
[15:22:39] Layer layer4: mean=0.000003898
[15:22:39] Layer attnpool: mean=0.000232659
[15:22:39] ✅ kitti updated (N=1).
[15:22:39] 
🔍 Processing task: mnist (delta=1)
[15:22:39] [MNIST] Loaded split='test' with 10000 samples from data/mnist
[15:22:39] [MNIST] Loaded 1 samples, tensor torch.Size([1, 3, 224, 224])
[15:22:39] Layer layer1: mean=0.000001653
[15:22:39] Layer layer2: mean=0.000002502
[15:22:39] Layer layer3: mean=0.000004243
[15:22:40] Layer layer4: mean=0.000003644
[15:22:40] Layer attnpool: mean=0.000197474
[15:22:40] ✅ mnist updated (N=1).
[15:22:40] 
🔍 Processing task: oxford_flowers (delta=1)
[15:22:40] [OxfordFlowers] Loaded 1 samples (skipped 0), tensor torch.Size([1, 3, 224, 224])
[15:22:40] Layer layer1: mean=0.000001644
[15:22:40] Layer layer2: mean=0.000002767
[15:22:40] Layer layer3: mean=0.000004277
[15:22:40] Layer layer4: mean=0.000003571
[15:22:41] Layer attnpool: mean=0.000241875
[15:22:41] ✅ oxford_flowers updated (N=1).
[15:22:41] 
🔍 Processing task: oxford_pet (delta=1)
[15:22:41] [OxfordPet] Loaded 1 samples (skipped 0), tensor torch.Size([1, 3, 224, 224])
[15:22:41] Layer layer1: mean=0.000001676
[15:22:41] Layer layer2: mean=0.000002810
[15:22:41] Layer layer3: mean=0.000004333
[15:22:41] Layer layer4: mean=0.000003810
[15:22:41] Layer attnpool: mean=0.000255770
[15:22:41] ✅ oxford_pet updated (N=1).
[15:22:41] 
🔍 Processing task: patch_camelyon (delta=1)
[15:22:41] [PatchCamelyon] Collected 32768 image paths from /root/autodl-tmp/modelselection/datasets/datasets/patch_camelyon/test.txt
[15:22:41] [PatchCamelyon] Loaded 1 samples (skipped 0), tensor torch.Size([1, 3, 224, 224])
[15:22:42] Layer layer1: mean=0.000002674
[15:22:42] Layer layer2: mean=0.000003998
[15:22:42] Layer layer3: mean=0.000005489
[15:22:42] Layer layer4: mean=0.000003834
[15:22:42] Layer attnpool: mean=0.000258291
[15:22:42] ✅ patch_camelyon updated (N=1).
[15:22:42] 
🔍 Processing task: renderedsst2 (delta=1)
[15:22:42] [RenderedSST2] Loaded 1 samples (skipped 0), tensor torch.Size([1, 3, 224, 224])
[15:22:42] Layer layer1: mean=0.000001505
[15:22:42] Layer layer2: mean=0.000002342
[15:22:43] Layer layer3: mean=0.000004335
[15:22:43] Layer layer4: mean=0.000003053
[15:22:43] Layer attnpool: mean=0.000153488
[15:22:43] ✅ renderedsst2 updated (N=1).
[15:22:43] 
🔍 Processing task: resisc45 (delta=1)
[15:22:43] [RESISC45] Collected 6300 images from /root/autodl-tmp/modelselection/datasets/datasets/resisc45/test.txt
[15:22:43] [RESISC45] Loaded 1 samples (skipped 0), tensor torch.Size([1, 3, 224, 224])
[15:22:43] Layer layer1: mean=0.000002275
[15:22:43] Layer layer2: mean=0.000003732
[15:22:43] Layer layer3: mean=0.000005184
[15:22:43] Layer layer4: mean=0.000003914
[15:22:44] Layer attnpool: mean=0.000263829
[15:22:44] ✅ resisc45 updated (N=1).
[15:22:44] 
🔍 Processing task: stl10 (delta=1)
[15:22:44] [STL10] Loaded 1 samples, tensor torch.Size([1, 3, 224, 224])
[15:22:44] Layer layer1: mean=0.000002144
[15:22:44] Layer layer2: mean=0.000003382
[15:22:44] Layer layer3: mean=0.000004998
[15:22:44] Layer layer4: mean=0.000003958
[15:22:44] Layer attnpool: mean=0.000253889
[15:22:44] ✅ stl10 updated (N=1).
[15:22:44] 
🔍 Processing task: sun397 (delta=1)
[15:22:44] [SUN397] Loaded 1 samples (skipped 0), tensor torch.Size([1, 3, 224, 224])
[15:22:44] Layer layer1: mean=0.000001752
[15:22:45] Layer layer2: mean=0.000002790
[15:22:45] Layer layer3: mean=0.000004516
[15:22:45] Layer layer4: mean=0.000003977
[15:22:45] Layer attnpool: mean=0.000224715
[15:22:45] ✅ sun397 updated (N=1).
[15:22:45] 
🔍 Processing task: svhn (delta=1)
[15:22:45] [SVHN] Loaded 1 samples (skipped 0), tensor torch.Size([1, 3, 224, 224])
[15:22:45] Layer layer1: mean=0.000002280
[15:22:46] Layer layer2: mean=0.000003347
[15:22:46] Layer layer3: mean=0.000004915
[15:22:46] Layer layer4: mean=0.000003701
[15:22:46] Layer attnpool: mean=0.000212075
[15:22:46] ✅ svhn updated (N=1).
[15:22:46] 
🔍 Processing task: voc_pose (delta=1)
[15:22:46] [VOC] Loaded 1 samples (skipped 0), tensor torch.Size([1, 3, 224, 224])
[15:22:46] Layer layer1: mean=0.000001909
[15:22:46] Layer layer2: mean=0.000003173
[15:22:46] Layer layer3: mean=0.000004801
[15:22:47] Layer layer4: mean=0.000003751
[15:22:47] Layer attnpool: mean=0.000237622
[15:22:47] ✅ voc_pose updated (N=1).
[15:22:47] ✅ Results saved for milestone 1.
