/root/miniconda3/envs/reason/lib/python3.10/site-packages/transformers/utils/hub.py:111: FutureWarning: Using `TRANSFORMERS_CACHE` is deprecated and will be removed in v5 of Transformers. Use `HF_HOME` instead.
  warnings.warn(
[15:33:41] Using device: cuda, seed: 55
[15:33:41] Parsing model identifier. Schema: None, Identifier: ViT-bigG-14
[15:33:41] Loaded built-in ViT-bigG-14 model config.
[15:33:41] Instantiating model architecture: CLIP
[15:33:54] Loading full pretrained weights from: /root/autodl-tmp/hf_cache/models--laion--CLIP-ViT-bigG-14-laion2B-39B-b160k/snapshots/743c27bd53dfe508a0ade0f50698f99b39d03bec/open_clip_model.safetensors
[15:33:54] Final image preprocessing configuration set: {'size': (224, 224), 'mode': 'RGB', 'mean': (0.48145466, 0.4578275, 0.40821073), 'std': (0.26862954, 0.26130258, 0.27577711), 'interpolation': 'bicubic', 'resize_mode': 'shortest', 'fill_color': 0}
[15:33:54] Model ViT-bigG-14 creation process complete.
[15:33:56] Detected VisionTransformer with 48 blocks.
[15:33:56] Model ViT-bigG-14 loaded (48 layers detected).
[15:33:56] Using ViT forward_func for ViT-bigG-14
[15:33:58] [FER2013] Column 'Usage' not found, using all rows.
[15:33:58] [FER2013] Loaded 28709 images from /root/autodl-tmp/modelselection/datasets/datasets/fer2013/train.csv
[15:33:58] [OxfordFlowers] Loaded split='test' with 6149 images from /root/autodl-tmp/modelselection/datasets/datasets/oxford_flowers
[15:33:58] [OxfordPet] Loaded split='test' with 3669 samples from /root/autodl-tmp/modelselection/datasets/datasets/oxford-pet/annotations/test.txt
[15:33:58] [RenderedSST2] Loaded 1821 images from /root/autodl-tmp/modelselection/datasets/datasets/renderedsst2/rendered-sst2/test
[15:33:58] [STL10] Loaded split='test' with 8000 images from /root/autodl-tmp/modelselection/datasets/datasets/stl10/stl10_binary/test_X.bin
[15:33:58] [SUN397] Loaded split='test' with 19850 images
[15:33:58] [SVHN] Loaded 26032 images from /root/autodl-tmp/modelselection/datasets/datasets/svhn/test.txt
[15:33:58] [VOC] Loaded 9963 images from annotations
[15:33:58] === Reaching milestone N=1 ===
[15:33:58] 
🔍 Processing task: car (delta=1)
[15:33:59] [Cars] Loaded 1 samples, tensor torch.Size([1, 3, 224, 224])
/root/autodl-tmp/modelselection/frame_v2/framework/conductance.py:20: FutureWarning: `torch.cuda.amp.autocast(args...)` is deprecated. Please use `torch.amp.autocast('cuda', args...)` instead.
  with torch.cuda.amp.autocast(enabled=use_amp):
[15:34:00] Layer resblock_0: mean=0.000003652
[15:34:00] Layer resblock_1: mean=0.000004460
[15:34:01] Layer resblock_2: mean=0.000004874
[15:34:02] Layer resblock_3: mean=0.000005191
[15:34:02] Layer resblock_4: mean=0.000006475
[15:34:03] Layer resblock_5: mean=0.000006903
[15:34:03] Layer resblock_6: mean=0.000007117
[15:34:04] Layer resblock_7: mean=0.000007414
[15:34:04] Layer resblock_8: mean=0.000007487
[15:34:05] Layer resblock_9: mean=0.000007662
[15:34:06] Layer resblock_10: mean=0.000007848
[15:34:06] Layer resblock_11: mean=0.000007936
[15:34:07] Layer resblock_12: mean=0.000008078
[15:34:07] Layer resblock_13: mean=0.000008139
[15:34:08] Layer resblock_14: mean=0.000007971
[15:34:08] Layer resblock_15: mean=0.000008083
[15:34:09] Layer resblock_16: mean=0.000008127
[15:34:10] Layer resblock_17: mean=0.000008168
[15:34:10] Layer resblock_18: mean=0.000008135
[15:34:11] Layer resblock_19: mean=0.000008078
[15:34:11] Layer resblock_20: mean=0.000008157
[15:34:12] Layer resblock_21: mean=0.000008131
[15:34:12] Layer resblock_22: mean=0.000008374
[15:34:13] Layer resblock_23: mean=0.000008442
[15:34:13] Layer resblock_24: mean=0.000008717
[15:34:14] Layer resblock_25: mean=0.000009141
[15:34:14] Layer resblock_26: mean=0.000009261
[15:34:15] Layer resblock_27: mean=0.000009357
[15:34:15] Layer resblock_28: mean=0.000009811
[15:34:16] Layer resblock_29: mean=0.000010051
[15:34:16] Layer resblock_30: mean=0.000010599
[15:34:16] Layer resblock_31: mean=0.000011180
[15:34:17] Layer resblock_32: mean=0.000011947
[15:34:17] Layer resblock_33: mean=0.000013046
[15:34:18] Layer resblock_34: mean=0.000013180
[15:34:18] Layer resblock_35: mean=0.000013241
[15:34:18] Layer resblock_36: mean=0.000014186
[15:34:19] Layer resblock_37: mean=0.000014389
[15:34:19] Layer resblock_38: mean=0.000014525
[15:34:20] Layer resblock_39: mean=0.000014374
[15:34:20] Layer resblock_40: mean=0.000014036
[15:34:21] Layer resblock_41: mean=0.000013610
[15:34:21] Layer resblock_42: mean=0.000013217
[15:34:21] Layer resblock_43: mean=0.000012919
[15:34:22] Layer resblock_44: mean=0.000012200
[15:34:22] Layer resblock_45: mean=0.000011201
[15:34:22] Layer resblock_46: mean=0.000007856
[15:34:23] Layer resblock_47: mean=0.000001785
[15:34:23] ✅ car updated (N=1).
[15:34:23] 
🔍 Processing task: cifar (delta=1)
[15:34:23] [CIFAR] Loaded 1 samples, tensor torch.Size([1, 3, 224, 224])
[15:34:23] Layer resblock_0: mean=0.000003939
[15:34:24] Layer resblock_1: mean=0.000004198
[15:34:25] Layer resblock_2: mean=0.000004303
[15:34:25] Layer resblock_3: mean=0.000004797
[15:34:26] Layer resblock_4: mean=0.000005886
[15:34:26] Layer resblock_5: mean=0.000006152
[15:34:27] Layer resblock_6: mean=0.000006397
[15:34:28] Layer resblock_7: mean=0.000006634
[15:34:28] Layer resblock_8: mean=0.000006601
[15:34:29] Layer resblock_9: mean=0.000006823
[15:34:29] Layer resblock_10: mean=0.000006833
[15:34:30] Layer resblock_11: mean=0.000007048
[15:34:31] Layer resblock_12: mean=0.000007192
[15:34:31] Layer resblock_13: mean=0.000007330
[15:34:32] Layer resblock_14: mean=0.000007118
[15:34:32] Layer resblock_15: mean=0.000007107
[15:34:33] Layer resblock_16: mean=0.000007143
[15:34:33] Layer resblock_17: mean=0.000007151
[15:34:34] Layer resblock_18: mean=0.000006994
[15:34:34] Layer resblock_19: mean=0.000006894
[15:34:35] Layer resblock_20: mean=0.000006899
[15:34:35] Layer resblock_21: mean=0.000006735
[15:34:36] Layer resblock_22: mean=0.000006854
[15:34:36] Layer resblock_23: mean=0.000007016
[15:34:37] Layer resblock_24: mean=0.000007232
[15:34:37] Layer resblock_25: mean=0.000007587
[15:34:38] Layer resblock_26: mean=0.000007992
[15:34:38] Layer resblock_27: mean=0.000008311
[15:34:39] Layer resblock_28: mean=0.000008543
[15:34:39] Layer resblock_29: mean=0.000008352
[15:34:39] Layer resblock_30: mean=0.000008668
[15:34:40] Layer resblock_31: mean=0.000008860
[15:34:40] Layer resblock_32: mean=0.000009298
[15:34:41] Layer resblock_33: mean=0.000010166
[15:34:41] Layer resblock_34: mean=0.000010249
[15:34:42] Layer resblock_35: mean=0.000010620
[15:34:42] Layer resblock_36: mean=0.000011540
[15:34:42] Layer resblock_37: mean=0.000011652
[15:34:43] Layer resblock_38: mean=0.000011538
[15:34:43] Layer resblock_39: mean=0.000011424
[15:34:44] Layer resblock_40: mean=0.000011076
[15:34:44] Layer resblock_41: mean=0.000010672
[15:34:44] Layer resblock_42: mean=0.000010366
[15:34:45] Layer resblock_43: mean=0.000009902
[15:34:45] Layer resblock_44: mean=0.000009298
[15:34:46] Layer resblock_45: mean=0.000008555
[15:34:46] Layer resblock_46: mean=0.000006518
[15:34:46] Layer resblock_47: mean=0.000001731
[15:34:46] ✅ cifar updated (N=1).
[15:34:46] 
🔍 Processing task: clevr (delta=1)
[15:34:46] [CLEVR] 15000 samples from /root/autodl-tmp/modelselection/datasets/datasets/clevr_count/test
[15:34:46] [CLEVR] Loaded 1 samples, tensor torch.Size([1, 3, 224, 224])
[15:34:47] Layer resblock_0: mean=0.000001679
[15:34:48] Layer resblock_1: mean=0.000001933
[15:34:48] Layer resblock_2: mean=0.000002004
[15:34:49] Layer resblock_3: mean=0.000002107
[15:34:49] Layer resblock_4: mean=0.000002574
[15:34:50] Layer resblock_5: mean=0.000002735
[15:34:51] Layer resblock_6: mean=0.000002798
[15:34:51] Layer resblock_7: mean=0.000002948
[15:34:52] Layer resblock_8: mean=0.000003001
[15:34:52] Layer resblock_9: mean=0.000003130
[15:34:53] Layer resblock_10: mean=0.000003211
[15:34:53] Layer resblock_11: mean=0.000003267
[15:34:54] Layer resblock_12: mean=0.000003346
[15:34:55] Layer resblock_13: mean=0.000003423
[15:34:55] Layer resblock_14: mean=0.000003450
[15:34:56] Layer resblock_15: mean=0.000003515
[15:34:56] Layer resblock_16: mean=0.000003557
[15:34:57] Layer resblock_17: mean=0.000003594
[15:34:57] Layer resblock_18: mean=0.000003597
[15:34:58] Layer resblock_19: mean=0.000003609
[15:34:58] Layer resblock_20: mean=0.000003682
[15:34:59] Layer resblock_21: mean=0.000003778
[15:34:59] Layer resblock_22: mean=0.000003967
[15:35:00] Layer resblock_23: mean=0.000004108
[15:35:00] Layer resblock_24: mean=0.000004303
[15:35:01] Layer resblock_25: mean=0.000004487
[15:35:01] Layer resblock_26: mean=0.000004703
[15:35:02] Layer resblock_27: mean=0.000005070
[15:35:02] Layer resblock_28: mean=0.000005435
[15:35:03] Layer resblock_29: mean=0.000005821
[15:35:03] Layer resblock_30: mean=0.000006114
[15:35:03] Layer resblock_31: mean=0.000006511
[15:35:04] Layer resblock_32: mean=0.000006947
[15:35:04] Layer resblock_33: mean=0.000007978
[15:35:05] Layer resblock_34: mean=0.000008101
[15:35:05] Layer resblock_35: mean=0.000008416
[15:35:06] Layer resblock_36: mean=0.000009289
[15:35:06] Layer resblock_37: mean=0.000009447
[15:35:07] Layer resblock_38: mean=0.000009555
[15:35:07] Layer resblock_39: mean=0.000009582
[15:35:07] Layer resblock_40: mean=0.000009407
[15:35:08] Layer resblock_41: mean=0.000009152
[15:35:08] Layer resblock_42: mean=0.000009052
[15:35:08] Layer resblock_43: mean=0.000008759
[15:35:09] Layer resblock_44: mean=0.000008515
[15:35:09] Layer resblock_45: mean=0.000008171
[15:35:09] Layer resblock_46: mean=0.000006109
[15:35:10] Layer resblock_47: mean=0.000001736
[15:35:10] ✅ clevr updated (N=1).
[15:35:10] 
🔍 Processing task: country (delta=1)
[15:35:10] [Country211] Loaded 1 samples, tensor torch.Size([1, 3, 224, 224])
[15:35:11] Layer resblock_0: mean=0.000003528
[15:35:12] Layer resblock_1: mean=0.000004277
[15:35:12] Layer resblock_2: mean=0.000004557
[15:35:13] Layer resblock_3: mean=0.000004812
[15:35:13] Layer resblock_4: mean=0.000005860
[15:35:14] Layer resblock_5: mean=0.000006181
[15:35:15] Layer resblock_6: mean=0.000006408
[15:35:15] Layer resblock_7: mean=0.000006660
[15:35:16] Layer resblock_8: mean=0.000006679
[15:35:16] Layer resblock_9: mean=0.000006912
[15:35:17] Layer resblock_10: mean=0.000007047
[15:35:17] Layer resblock_11: mean=0.000007107
[15:35:18] Layer resblock_12: mean=0.000007216
[15:35:18] Layer resblock_13: mean=0.000007256
[15:35:19] Layer resblock_14: mean=0.000007128
[15:35:20] Layer resblock_15: mean=0.000007171
[15:35:20] Layer resblock_16: mean=0.000007214
[15:35:21] Layer resblock_17: mean=0.000007214
[15:35:21] Layer resblock_18: mean=0.000007069
[15:35:22] Layer resblock_19: mean=0.000006953
[15:35:22] Layer resblock_20: mean=0.000006926
[15:35:23] Layer resblock_21: mean=0.000006816
[15:35:23] Layer resblock_22: mean=0.000006885
[15:35:24] Layer resblock_23: mean=0.000006920
[15:35:24] Layer resblock_24: mean=0.000007106
[15:35:25] Layer resblock_25: mean=0.000007378
[15:35:25] Layer resblock_26: mean=0.000007610
[15:35:26] Layer resblock_27: mean=0.000007915
[15:35:26] Layer resblock_28: mean=0.000008370
[15:35:27] Layer resblock_29: mean=0.000008649
[15:35:27] Layer resblock_30: mean=0.000009064
[15:35:27] Layer resblock_31: mean=0.000009481
[15:35:28] Layer resblock_32: mean=0.000009959
[15:35:28] Layer resblock_33: mean=0.000010892
[15:35:29] Layer resblock_34: mean=0.000010961
[15:35:29] Layer resblock_35: mean=0.000011319
[15:35:30] Layer resblock_36: mean=0.000012382
[15:35:30] Layer resblock_37: mean=0.000012537
[15:35:30] Layer resblock_38: mean=0.000012492
[15:35:31] Layer resblock_39: mean=0.000012432
[15:35:31] Layer resblock_40: mean=0.000012154
[15:35:32] Layer resblock_41: mean=0.000011695
[15:35:32] Layer resblock_42: mean=0.000011306
[15:35:32] Layer resblock_43: mean=0.000010778
[15:35:33] Layer resblock_44: mean=0.000010004
[15:35:33] Layer resblock_45: mean=0.000009190
[15:35:33] Layer resblock_46: mean=0.000006674
[15:35:34] Layer resblock_47: mean=0.000001737
[15:35:34] ✅ country updated (N=1).
[15:35:34] 
🔍 Processing task: dmlab (delta=1)
[15:35:34] [DMLab] Loaded 1 samples (skipped 0), tensor torch.Size([1, 3, 224, 224])
[15:35:34] Layer resblock_0: mean=0.000003039
[15:35:35] Layer resblock_1: mean=0.000003404
[15:35:36] Layer resblock_2: mean=0.000003612
[15:35:36] Layer resblock_3: mean=0.000003822
[15:35:37] Layer resblock_4: mean=0.000004670
[15:35:38] Layer resblock_5: mean=0.000004928
[15:35:38] Layer resblock_6: mean=0.000005123
[15:35:39] Layer resblock_7: mean=0.000005294
[15:35:39] Layer resblock_8: mean=0.000005278
[15:35:40] Layer resblock_9: mean=0.000005453
[15:35:41] Layer resblock_10: mean=0.000005556
[15:35:41] Layer resblock_11: mean=0.000005652
[15:35:42] Layer resblock_12: mean=0.000005770
[15:35:42] Layer resblock_13: mean=0.000005825
[15:35:43] Layer resblock_14: mean=0.000005670
[15:35:43] Layer resblock_15: mean=0.000005696
[15:35:44] Layer resblock_16: mean=0.000005743
[15:35:44] Layer resblock_17: mean=0.000005789
[15:35:45] Layer resblock_18: mean=0.000005705
[15:35:46] Layer resblock_19: mean=0.000005641
[15:35:46] Layer resblock_20: mean=0.000005650
[15:35:47] Layer resblock_21: mean=0.000005642
[15:35:47] Layer resblock_22: mean=0.000005728
[15:35:48] Layer resblock_23: mean=0.000005898
[15:35:48] Layer resblock_24: mean=0.000006128
[15:35:48] Layer resblock_25: mean=0.000006461
[15:35:49] Layer resblock_26: mean=0.000006735
[15:35:49] Layer resblock_27: mean=0.000006989
[15:35:50] Layer resblock_28: mean=0.000007281
[15:35:50] Layer resblock_29: mean=0.000007586
[15:35:51] Layer resblock_30: mean=0.000008004
[15:35:51] Layer resblock_31: mean=0.000008415
[15:35:52] Layer resblock_32: mean=0.000008774
[15:35:52] Layer resblock_33: mean=0.000009710
[15:35:53] Layer resblock_34: mean=0.000009854
[15:35:53] Layer resblock_35: mean=0.000009977
[15:35:53] Layer resblock_36: mean=0.000011059
[15:35:54] Layer resblock_37: mean=0.000011030
[15:35:54] Layer resblock_38: mean=0.000010883
[15:35:55] Layer resblock_39: mean=0.000010804
[15:35:55] Layer resblock_40: mean=0.000010502
[15:35:55] Layer resblock_41: mean=0.000010026
[15:35:56] Layer resblock_42: mean=0.000009641
[15:35:56] Layer resblock_43: mean=0.000009168
[15:35:57] Layer resblock_44: mean=0.000008594
[15:35:57] Layer resblock_45: mean=0.000008228
[15:35:57] Layer resblock_46: mean=0.000006099
[15:35:58] Layer resblock_47: mean=0.000001749
[15:35:58] ✅ dmlab updated (N=1).
[15:35:58] 
🔍 Processing task: dr (delta=1)
[15:35:58] [DR] Loaded 42670 paths from /root/autodl-tmp/modelselection/datasets/datasets/diabetic_retinopathy/test.txt
[15:35:58] [DR] Loaded 1 samples (skipped 0), tensor torch.Size([1, 3, 224, 224])
[15:35:58] Layer resblock_0: mean=0.000002842
[15:35:59] Layer resblock_1: mean=0.000003497
[15:36:00] Layer resblock_2: mean=0.000003836
[15:36:00] Layer resblock_3: mean=0.000004030
[15:36:01] Layer resblock_4: mean=0.000004883
[15:36:01] Layer resblock_5: mean=0.000005322
[15:36:02] Layer resblock_6: mean=0.000005433
[15:36:03] Layer resblock_7: mean=0.000005606
[15:36:03] Layer resblock_8: mean=0.000005702
[15:36:04] Layer resblock_9: mean=0.000005893
[15:36:04] Layer resblock_10: mean=0.000006029
[15:36:05] Layer resblock_11: mean=0.000006110
[15:36:06] Layer resblock_12: mean=0.000006218
[15:36:06] Layer resblock_13: mean=0.000006298
[15:36:07] Layer resblock_14: mean=0.000006245
[15:36:07] Layer resblock_15: mean=0.000006330
[15:36:08] Layer resblock_16: mean=0.000006415
[15:36:08] Layer resblock_17: mean=0.000006407
[15:36:09] Layer resblock_18: mean=0.000006381
[15:36:09] Layer resblock_19: mean=0.000006373
[15:36:10] Layer resblock_20: mean=0.000006436
[15:36:10] Layer resblock_21: mean=0.000006498
[15:36:11] Layer resblock_22: mean=0.000006589
[15:36:11] Layer resblock_23: mean=0.000006570
[15:36:12] Layer resblock_24: mean=0.000006696
[15:36:12] Layer resblock_25: mean=0.000006802
[15:36:13] Layer resblock_26: mean=0.000006989
[15:36:13] Layer resblock_27: mean=0.000007387
[15:36:14] Layer resblock_28: mean=0.000007614
[15:36:14] Layer resblock_29: mean=0.000007998
[15:36:15] Layer resblock_30: mean=0.000008329
[15:36:15] Layer resblock_31: mean=0.000008561
[15:36:16] Layer resblock_32: mean=0.000008746
[15:36:16] Layer resblock_33: mean=0.000009984
[15:36:17] Layer resblock_34: mean=0.000010136
[15:36:17] Layer resblock_35: mean=0.000010316
[15:36:17] Layer resblock_36: mean=0.000011309
[15:36:18] Layer resblock_37: mean=0.000011502
[15:36:18] Layer resblock_38: mean=0.000011444
[15:36:19] Layer resblock_39: mean=0.000011338
[15:36:19] Layer resblock_40: mean=0.000010874
[15:36:19] Layer resblock_41: mean=0.000010806
[15:36:20] Layer resblock_42: mean=0.000010899
[15:36:20] Layer resblock_43: mean=0.000010376
[15:36:21] Layer resblock_44: mean=0.000009838
[15:36:21] Layer resblock_45: mean=0.000009389
[15:36:21] Layer resblock_46: mean=0.000007192
[15:36:22] Layer resblock_47: mean=0.000001798
[15:36:22] ✅ dr updated (N=1).
[15:36:22] 
🔍 Processing task: dtd (delta=1)
[15:36:22] [DTD] Collected 5640 image paths from /root/autodl-tmp/modelselection/datasets/datasets/dtd/labels
[15:36:22] [DTD] Loaded 1 samples (skipped 0), tensor torch.Size([1, 3, 224, 224])
[15:36:22] Layer resblock_0: mean=0.000001896
[15:36:23] Layer resblock_1: mean=0.000002559
[15:36:23] Layer resblock_2: mean=0.000002666
[15:36:24] Layer resblock_3: mean=0.000002811
[15:36:25] Layer resblock_4: mean=0.000003414
[15:36:25] Layer resblock_5: mean=0.000003633
[15:36:26] Layer resblock_6: mean=0.000003752
[15:36:27] Layer resblock_7: mean=0.000003836
[15:36:27] Layer resblock_8: mean=0.000003837
[15:36:28] Layer resblock_9: mean=0.000003978
[15:36:28] Layer resblock_10: mean=0.000003984
[15:36:29] Layer resblock_11: mean=0.000004026
[15:36:29] Layer resblock_12: mean=0.000004071
[15:36:30] Layer resblock_13: mean=0.000004096
[15:36:31] Layer resblock_14: mean=0.000004038
[15:36:31] Layer resblock_15: mean=0.000004045
[15:36:32] Layer resblock_16: mean=0.000004072
[15:36:32] Layer resblock_17: mean=0.000004055
[15:36:33] Layer resblock_18: mean=0.000003983
[15:36:33] Layer resblock_19: mean=0.000003910
[15:36:34] Layer resblock_20: mean=0.000003900
[15:36:34] Layer resblock_21: mean=0.000003841
[15:36:35] Layer resblock_22: mean=0.000003927
[15:36:35] Layer resblock_23: mean=0.000004008
[15:36:36] Layer resblock_24: mean=0.000004093
[15:36:36] Layer resblock_25: mean=0.000004285
[15:36:37] Layer resblock_26: mean=0.000004395
[15:36:37] Layer resblock_27: mean=0.000004715
[15:36:38] Layer resblock_28: mean=0.000005125
[15:36:38] Layer resblock_29: mean=0.000005658
[15:36:39] Layer resblock_30: mean=0.000006267
[15:36:39] Layer resblock_31: mean=0.000007062
[15:36:39] Layer resblock_32: mean=0.000007352
[15:36:40] Layer resblock_33: mean=0.000007933
[15:36:40] Layer resblock_34: mean=0.000008180
[15:36:41] Layer resblock_35: mean=0.000008136
[15:36:41] Layer resblock_36: mean=0.000008893
[15:36:42] Layer resblock_37: mean=0.000008779
[15:36:42] Layer resblock_38: mean=0.000008739
[15:36:42] Layer resblock_39: mean=0.000008693
[15:36:43] Layer resblock_40: mean=0.000008398
[15:36:43] Layer resblock_41: mean=0.000008044
[15:36:44] Layer resblock_42: mean=0.000007895
[15:36:44] Layer resblock_43: mean=0.000007642
[15:36:44] Layer resblock_44: mean=0.000007240
[15:36:45] Layer resblock_45: mean=0.000006778
[15:36:45] Layer resblock_46: mean=0.000005221
[15:36:45] Layer resblock_47: mean=0.000001572
[15:36:45] ✅ dtd updated (N=1).
[15:36:45] 
🔍 Processing task: eurosat (delta=1)
[15:36:46] [EuroSAT] Collected 27000 images from 10 classes under /root/autodl-tmp/modelselection/datasets/datasets/eurosat/2750
[15:36:46] [EuroSAT] Loaded 1 samples (skipped 0), tensor torch.Size([1, 3, 224, 224])
[15:36:46] Layer resblock_0: mean=0.000002945
[15:36:47] Layer resblock_1: mean=0.000003209
[15:36:48] Layer resblock_2: mean=0.000003342
[15:36:48] Layer resblock_3: mean=0.000003926
[15:36:49] Layer resblock_4: mean=0.000004564
[15:36:49] Layer resblock_5: mean=0.000004725
[15:36:50] Layer resblock_6: mean=0.000004934
[15:36:51] Layer resblock_7: mean=0.000005173
[15:36:51] Layer resblock_8: mean=0.000005218
[15:36:52] Layer resblock_9: mean=0.000005416
[15:36:52] Layer resblock_10: mean=0.000005472
[15:36:53] Layer resblock_11: mean=0.000005682
[15:36:53] Layer resblock_12: mean=0.000005840
[15:36:54] Layer resblock_13: mean=0.000005922
[15:36:54] Layer resblock_14: mean=0.000005745
[15:36:55] Layer resblock_15: mean=0.000005728
[15:36:56] Layer resblock_16: mean=0.000005737
[15:36:56] Layer resblock_17: mean=0.000005736
[15:36:57] Layer resblock_18: mean=0.000005688
[15:36:57] Layer resblock_19: mean=0.000005655
[15:36:58] Layer resblock_20: mean=0.000005689
[15:36:58] Layer resblock_21: mean=0.000005698
[15:36:59] Layer resblock_22: mean=0.000005723
[15:36:59] Layer resblock_23: mean=0.000005757
[15:37:00] Layer resblock_24: mean=0.000005846
[15:37:00] Layer resblock_25: mean=0.000005991
[15:37:01] Layer resblock_26: mean=0.000006066
[15:37:01] Layer resblock_27: mean=0.000006195
[15:37:02] Layer resblock_28: mean=0.000006403
[15:37:02] Layer resblock_29: mean=0.000006742
[15:37:02] Layer resblock_30: mean=0.000007255
[15:37:03] Layer resblock_31: mean=0.000007548
[15:37:03] Layer resblock_32: mean=0.000008135
[15:37:04] Layer resblock_33: mean=0.000009330
[15:37:04] Layer resblock_34: mean=0.000009597
[15:37:05] Layer resblock_35: mean=0.000009808
[15:37:05] Layer resblock_36: mean=0.000010997
[15:37:05] Layer resblock_37: mean=0.000011094
[15:37:06] Layer resblock_38: mean=0.000010884
[15:37:06] Layer resblock_39: mean=0.000010638
[15:37:07] Layer resblock_40: mean=0.000010291
[15:37:07] Layer resblock_41: mean=0.000009901
[15:37:07] Layer resblock_42: mean=0.000009488
[15:37:08] Layer resblock_43: mean=0.000009002
[15:37:08] Layer resblock_44: mean=0.000008471
[15:37:09] Layer resblock_45: mean=0.000008014
[15:37:09] Layer resblock_46: mean=0.000006356
[15:37:09] Layer resblock_47: mean=0.000001611
[15:37:09] ✅ eurosat updated (N=1).
[15:37:09] 
🔍 Processing task: fer2013 (delta=1)
[15:37:09] [FER2013] Loaded 1 samples (skipped 0), tensor torch.Size([1, 3, 224, 224])
[15:37:10] Layer resblock_0: mean=0.000002768
[15:37:11] Layer resblock_1: mean=0.000002973
[15:37:11] Layer resblock_2: mean=0.000003091
[15:37:12] Layer resblock_3: mean=0.000003607
[15:37:12] Layer resblock_4: mean=0.000004397
[15:37:13] Layer resblock_5: mean=0.000004496
[15:37:14] Layer resblock_6: mean=0.000004524
[15:37:14] Layer resblock_7: mean=0.000004750
[15:37:15] Layer resblock_8: mean=0.000004805
[15:37:15] Layer resblock_9: mean=0.000004983
[15:37:16] Layer resblock_10: mean=0.000004997
[15:37:16] Layer resblock_11: mean=0.000005191
[15:37:17] Layer resblock_12: mean=0.000005294
[15:37:18] Layer resblock_13: mean=0.000005418
[15:37:18] Layer resblock_14: mean=0.000005299
[15:37:19] Layer resblock_15: mean=0.000005349
[15:37:19] Layer resblock_16: mean=0.000005340
[15:37:20] Layer resblock_17: mean=0.000005394
[15:37:20] Layer resblock_18: mean=0.000005330
[15:37:21] Layer resblock_19: mean=0.000005309
[15:37:21] Layer resblock_20: mean=0.000005396
[15:37:22] Layer resblock_21: mean=0.000005482
[15:37:22] Layer resblock_22: mean=0.000005772
[15:37:23] Layer resblock_23: mean=0.000006017
[15:37:23] Layer resblock_24: mean=0.000006318
[15:37:24] Layer resblock_25: mean=0.000006713
[15:37:24] Layer resblock_26: mean=0.000006923
[15:37:25] Layer resblock_27: mean=0.000007189
[15:37:25] Layer resblock_28: mean=0.000007566
[15:37:26] Layer resblock_29: mean=0.000007865
[15:37:26] Layer resblock_30: mean=0.000008362
[15:37:27] Layer resblock_31: mean=0.000008743
[15:37:27] Layer resblock_32: mean=0.000009098
[15:37:27] Layer resblock_33: mean=0.000009994
[15:37:28] Layer resblock_34: mean=0.000010031
[15:37:28] Layer resblock_35: mean=0.000010217
[15:37:29] Layer resblock_36: mean=0.000011077
[15:37:29] Layer resblock_37: mean=0.000011132
[15:37:30] Layer resblock_38: mean=0.000011013
[15:37:30] Layer resblock_39: mean=0.000010727
[15:37:30] Layer resblock_40: mean=0.000010475
[15:37:31] Layer resblock_41: mean=0.000010107
[15:37:31] Layer resblock_42: mean=0.000009935
[15:37:32] Layer resblock_43: mean=0.000009541
[15:37:32] Layer resblock_44: mean=0.000008956
[15:37:32] Layer resblock_45: mean=0.000008371
[15:37:33] Layer resblock_46: mean=0.000006148
[15:37:33] Layer resblock_47: mean=0.000001696
[15:37:33] ✅ fer2013 updated (N=1).
[15:37:33] 
🔍 Processing task: gtsrb (delta=1)
[15:37:33] [GTSRB] Collected 12630 test images.
[15:37:33] [GTSRB] Loaded 1 samples (skipped 0), tensor torch.Size([1, 3, 224, 224])
[15:37:34] Layer resblock_0: mean=0.000003842
[15:37:34] Layer resblock_1: mean=0.000003975
[15:37:35] Layer resblock_2: mean=0.000003977
[15:37:36] Layer resblock_3: mean=0.000004321
[15:37:36] Layer resblock_4: mean=0.000005081
[15:37:37] Layer resblock_5: mean=0.000005202
[15:37:37] Layer resblock_6: mean=0.000005410
[15:37:38] Layer resblock_7: mean=0.000005546
[15:37:39] Layer resblock_8: mean=0.000005644
[15:37:39] Layer resblock_9: mean=0.000006048
[15:37:40] Layer resblock_10: mean=0.000006059
[15:37:40] Layer resblock_11: mean=0.000006141
[15:37:41] Layer resblock_12: mean=0.000006262
[15:37:42] Layer resblock_13: mean=0.000006271
[15:37:42] Layer resblock_14: mean=0.000006444
[15:37:43] Layer resblock_15: mean=0.000006458
[15:37:43] Layer resblock_16: mean=0.000006464
[15:37:44] Layer resblock_17: mean=0.000006473
[15:37:44] Layer resblock_18: mean=0.000006392
[15:37:45] Layer resblock_19: mean=0.000006322
[15:37:45] Layer resblock_20: mean=0.000006368
[15:37:46] Layer resblock_21: mean=0.000006348
[15:37:46] Layer resblock_22: mean=0.000006468
[15:37:47] Layer resblock_23: mean=0.000006759
[15:37:47] Layer resblock_24: mean=0.000007048
[15:37:48] Layer resblock_25: mean=0.000007431
[15:37:48] Layer resblock_26: mean=0.000007758
[15:37:49] Layer resblock_27: mean=0.000008633
[15:37:49] Layer resblock_28: mean=0.000009272
[15:37:50] Layer resblock_29: mean=0.000010362
[15:37:50] Layer resblock_30: mean=0.000011130
[15:37:50] Layer resblock_31: mean=0.000012429
[15:37:51] Layer resblock_32: mean=0.000013081
[15:37:51] Layer resblock_33: mean=0.000015360
[15:37:52] Layer resblock_34: mean=0.000014496
[15:37:52] Layer resblock_35: mean=0.000012933
[15:37:53] Layer resblock_36: mean=0.000011782
[15:37:53] Layer resblock_37: mean=0.000011202
[15:37:53] Layer resblock_38: mean=0.000010937
[15:37:54] Layer resblock_39: mean=0.000011170
[15:37:54] Layer resblock_40: mean=0.000010829
[15:37:55] Layer resblock_41: mean=0.000010069
[15:37:55] Layer resblock_42: mean=0.000009766
[15:37:55] Layer resblock_43: mean=0.000009314
[15:37:56] Layer resblock_44: mean=0.000008682
[15:37:56] Layer resblock_45: mean=0.000007830
[15:37:56] Layer resblock_46: mean=0.000006343
[15:37:57] Layer resblock_47: mean=0.000001621
[15:37:57] ✅ gtsrb updated (N=1).
[15:37:57] 
🔍 Processing task: kitti (delta=1)
[15:37:57] [KITTI] Collected 711 images from /root/autodl-tmp/modelselection/datasets/datasets/kitti/test.txt
[15:37:57] [KITTI] Loaded 1 samples (skipped 0), tensor torch.Size([1, 3, 224, 224])
[15:37:57] Layer resblock_0: mean=0.000003118
[15:37:58] Layer resblock_1: mean=0.000003620
[15:37:59] Layer resblock_2: mean=0.000003788
[15:37:59] Layer resblock_3: mean=0.000003932
[15:38:00] Layer resblock_4: mean=0.000004792
[15:38:01] Layer resblock_5: mean=0.000005079
[15:38:01] Layer resblock_6: mean=0.000005228
[15:38:02] Layer resblock_7: mean=0.000005427
[15:38:02] Layer resblock_8: mean=0.000005331
[15:38:03] Layer resblock_9: mean=0.000005500
[15:38:03] Layer resblock_10: mean=0.000005550
[15:38:04] Layer resblock_11: mean=0.000005594
[15:38:05] Layer resblock_12: mean=0.000005661
[15:38:05] Layer resblock_13: mean=0.000005700
[15:38:06] Layer resblock_14: mean=0.000005522
[15:38:06] Layer resblock_15: mean=0.000005521
[15:38:07] Layer resblock_16: mean=0.000005542
[15:38:07] Layer resblock_17: mean=0.000005576
[15:38:08] Layer resblock_18: mean=0.000005494
[15:38:08] Layer resblock_19: mean=0.000005449
[15:38:09] Layer resblock_20: mean=0.000005456
[15:38:09] Layer resblock_21: mean=0.000005413
[15:38:10] Layer resblock_22: mean=0.000005447
[15:38:10] Layer resblock_23: mean=0.000005520
[15:38:11] Layer resblock_24: mean=0.000005684
[15:38:11] Layer resblock_25: mean=0.000005932
[15:38:12] Layer resblock_26: mean=0.000006212
[15:38:12] Layer resblock_27: mean=0.000006534
[15:38:13] Layer resblock_28: mean=0.000006811
[15:38:13] Layer resblock_29: mean=0.000006994
[15:38:14] Layer resblock_30: mean=0.000007325
[15:38:14] Layer resblock_31: mean=0.000007713
[15:38:15] Layer resblock_32: mean=0.000008109
[15:38:15] Layer resblock_33: mean=0.000009072
[15:38:15] Layer resblock_34: mean=0.000009257
[15:38:16] Layer resblock_35: mean=0.000009438
[15:38:16] Layer resblock_36: mean=0.000010327
[15:38:17] Layer resblock_37: mean=0.000010480
[15:38:17] Layer resblock_38: mean=0.000010524
[15:38:17] Layer resblock_39: mean=0.000010359
[15:38:18] Layer resblock_40: mean=0.000010136
[15:38:18] Layer resblock_41: mean=0.000009806
[15:38:19] Layer resblock_42: mean=0.000009556
[15:38:19] Layer resblock_43: mean=0.000009148
[15:38:19] Layer resblock_44: mean=0.000008805
[15:38:20] Layer resblock_45: mean=0.000008421
[15:38:20] Layer resblock_46: mean=0.000006228
[15:38:20] Layer resblock_47: mean=0.000001715
[15:38:20] ✅ kitti updated (N=1).
[15:38:20] 
🔍 Processing task: mnist (delta=1)
[15:38:20] [MNIST] Loaded split='test' with 10000 samples from data/mnist
[15:38:20] [MNIST] Loaded 1 samples, tensor torch.Size([1, 3, 224, 224])
[15:38:21] Layer resblock_0: mean=0.000002193
[15:38:22] Layer resblock_1: mean=0.000002328
[15:38:22] Layer resblock_2: mean=0.000002375
[15:38:23] Layer resblock_3: mean=0.000002625
[15:38:24] Layer resblock_4: mean=0.000003260
[15:38:24] Layer resblock_5: mean=0.000003419
[15:38:25] Layer resblock_6: mean=0.000003441
[15:38:25] Layer resblock_7: mean=0.000003616
[15:38:26] Layer resblock_8: mean=0.000003596
[15:38:27] Layer resblock_9: mean=0.000003781
[15:38:27] Layer resblock_10: mean=0.000003824
[15:38:28] Layer resblock_11: mean=0.000003925
[15:38:28] Layer resblock_12: mean=0.000004048
[15:38:29] Layer resblock_13: mean=0.000004164
[15:38:29] Layer resblock_14: mean=0.000004266
[15:38:30] Layer resblock_15: mean=0.000004318
[15:38:30] Layer resblock_16: mean=0.000004371
[15:38:31] Layer resblock_17: mean=0.000004425
[15:38:31] Layer resblock_18: mean=0.000004419
[15:38:32] Layer resblock_19: mean=0.000004420
[15:38:33] Layer resblock_20: mean=0.000004491
[15:38:33] Layer resblock_21: mean=0.000004549
[15:38:34] Layer resblock_22: mean=0.000004801
[15:38:34] Layer resblock_23: mean=0.000005098
[15:38:34] Layer resblock_24: mean=0.000005384
[15:38:35] Layer resblock_25: mean=0.000005753
[15:38:35] Layer resblock_26: mean=0.000006018
[15:38:36] Layer resblock_27: mean=0.000006450
[15:38:36] Layer resblock_28: mean=0.000006937
[15:38:37] Layer resblock_29: mean=0.000007371
[15:38:37] Layer resblock_30: mean=0.000007746
[15:38:38] Layer resblock_31: mean=0.000007937
[15:38:38] Layer resblock_32: mean=0.000008091
[15:38:39] Layer resblock_33: mean=0.000008889
[15:38:39] Layer resblock_34: mean=0.000008945
[15:38:39] Layer resblock_35: mean=0.000008974
[15:38:40] Layer resblock_36: mean=0.000009755
[15:38:40] Layer resblock_37: mean=0.000009905
[15:38:41] Layer resblock_38: mean=0.000009819
[15:38:41] Layer resblock_39: mean=0.000009525
[15:38:42] Layer resblock_40: mean=0.000009227
[15:38:42] Layer resblock_41: mean=0.000008791
[15:38:42] Layer resblock_42: mean=0.000008651
[15:38:43] Layer resblock_43: mean=0.000008337
[15:38:43] Layer resblock_44: mean=0.000007767
[15:38:43] Layer resblock_45: mean=0.000007168
[15:38:44] Layer resblock_46: mean=0.000005658
[15:38:44] Layer resblock_47: mean=0.000001579
[15:38:44] ✅ mnist updated (N=1).
[15:38:44] 
🔍 Processing task: oxford_flowers (delta=1)
[15:38:44] [OxfordFlowers] Loaded 1 samples (skipped 0), tensor torch.Size([1, 3, 224, 224])
[15:38:45] Layer resblock_0: mean=0.000003470
[15:38:46] Layer resblock_1: mean=0.000004027
[15:38:46] Layer resblock_2: mean=0.000004440
[15:38:47] Layer resblock_3: mean=0.000004701
[15:38:47] Layer resblock_4: mean=0.000005532
[15:38:48] Layer resblock_5: mean=0.000005793
[15:38:49] Layer resblock_6: mean=0.000006010
[15:38:49] Layer resblock_7: mean=0.000006189
[15:38:50] Layer resblock_8: mean=0.000006246
[15:38:50] Layer resblock_9: mean=0.000006435
[15:38:51] Layer resblock_10: mean=0.000006544
[15:38:52] Layer resblock_11: mean=0.000006586
[15:38:52] Layer resblock_12: mean=0.000006661
[15:38:53] Layer resblock_13: mean=0.000006743
[15:38:53] Layer resblock_14: mean=0.000006583
[15:38:54] Layer resblock_15: mean=0.000006596
[15:38:54] Layer resblock_16: mean=0.000006645
[15:38:55] Layer resblock_17: mean=0.000006639
[15:38:55] Layer resblock_18: mean=0.000006557
[15:38:56] Layer resblock_19: mean=0.000006502
[15:38:56] Layer resblock_20: mean=0.000006527
[15:38:57] Layer resblock_21: mean=0.000006510
[15:38:57] Layer resblock_22: mean=0.000006639
[15:38:58] Layer resblock_23: mean=0.000006719
[15:38:58] Layer resblock_24: mean=0.000006942
[15:38:59] Layer resblock_25: mean=0.000007189
[15:38:59] Layer resblock_26: mean=0.000007425
[15:39:00] Layer resblock_27: mean=0.000007733
[15:39:00] Layer resblock_28: mean=0.000008173
[15:39:01] Layer resblock_29: mean=0.000008713
[15:39:01] Layer resblock_30: mean=0.000009177
[15:39:02] Layer resblock_31: mean=0.000009799
[15:39:02] Layer resblock_32: mean=0.000010533
[15:39:03] Layer resblock_33: mean=0.000011765
[15:39:03] Layer resblock_34: mean=0.000011986
[15:39:03] Layer resblock_35: mean=0.000012201
[15:39:04] Layer resblock_36: mean=0.000013355
[15:39:04] Layer resblock_37: mean=0.000013399
[15:39:05] Layer resblock_38: mean=0.000013246
[15:39:05] Layer resblock_39: mean=0.000013161
[15:39:06] Layer resblock_40: mean=0.000012721
[15:39:06] Layer resblock_41: mean=0.000012220
[15:39:06] Layer resblock_42: mean=0.000011849
[15:39:07] Layer resblock_43: mean=0.000011690
[15:39:07] Layer resblock_44: mean=0.000010755
[15:39:07] Layer resblock_45: mean=0.000009720
[15:39:08] Layer resblock_46: mean=0.000006931
[15:39:08] Layer resblock_47: mean=0.000001698
[15:39:08] ✅ oxford_flowers updated (N=1).
[15:39:08] 
🔍 Processing task: oxford_pet (delta=1)
[15:39:08] [OxfordPet] Loaded 1 samples (skipped 0), tensor torch.Size([1, 3, 224, 224])
[15:39:09] Layer resblock_0: mean=0.000003230
[15:39:09] Layer resblock_1: mean=0.000003610
[15:39:10] Layer resblock_2: mean=0.000003784
[15:39:11] Layer resblock_3: mean=0.000003983
[15:39:11] Layer resblock_4: mean=0.000004849
[15:39:12] Layer resblock_5: mean=0.000005102
[15:39:12] Layer resblock_6: mean=0.000005206
[15:39:13] Layer resblock_7: mean=0.000005352
[15:39:14] Layer resblock_8: mean=0.000005353
[15:39:14] Layer resblock_9: mean=0.000005499
[15:39:15] Layer resblock_10: mean=0.000005608
[15:39:15] Layer resblock_11: mean=0.000005667
[15:39:16] Layer resblock_12: mean=0.000005757
[15:39:17] Layer resblock_13: mean=0.000005862
[15:39:17] Layer resblock_14: mean=0.000005696
[15:39:18] Layer resblock_15: mean=0.000005788
[15:39:18] Layer resblock_16: mean=0.000005814
[15:39:19] Layer resblock_17: mean=0.000005837
[15:39:19] Layer resblock_18: mean=0.000005767
[15:39:20] Layer resblock_19: mean=0.000005710
[15:39:20] Layer resblock_20: mean=0.000005758
[15:39:21] Layer resblock_21: mean=0.000005805
[15:39:21] Layer resblock_22: mean=0.000006016
[15:39:22] Layer resblock_23: mean=0.000006139
[15:39:22] Layer resblock_24: mean=0.000006386
[15:39:23] Layer resblock_25: mean=0.000006701
[15:39:23] Layer resblock_26: mean=0.000006989
[15:39:24] Layer resblock_27: mean=0.000007422
[15:39:24] Layer resblock_28: mean=0.000007821
[15:39:25] Layer resblock_29: mean=0.000008236
[15:39:25] Layer resblock_30: mean=0.000008744
[15:39:25] Layer resblock_31: mean=0.000009210
[15:39:26] Layer resblock_32: mean=0.000009626
[15:39:26] Layer resblock_33: mean=0.000010784
[15:39:27] Layer resblock_34: mean=0.000010929
[15:39:27] Layer resblock_35: mean=0.000011268
[15:39:28] Layer resblock_36: mean=0.000012532
[15:39:28] Layer resblock_37: mean=0.000012624
[15:39:28] Layer resblock_38: mean=0.000012527
[15:39:29] Layer resblock_39: mean=0.000012287
[15:39:29] Layer resblock_40: mean=0.000011872
[15:39:30] Layer resblock_41: mean=0.000011535
[15:39:30] Layer resblock_42: mean=0.000011618
[15:39:30] Layer resblock_43: mean=0.000011093
[15:39:31] Layer resblock_44: mean=0.000010578
[15:39:31] Layer resblock_45: mean=0.000009916
[15:39:32] Layer resblock_46: mean=0.000007296
[15:39:32] Layer resblock_47: mean=0.000001794
[15:39:32] ✅ oxford_pet updated (N=1).
[15:39:32] 
🔍 Processing task: patch_camelyon (delta=1)
[15:39:32] [PatchCamelyon] Collected 32768 image paths from /root/autodl-tmp/modelselection/datasets/datasets/patch_camelyon/test.txt
[15:39:32] [PatchCamelyon] Loaded 1 samples (skipped 0), tensor torch.Size([1, 3, 224, 224])
[15:39:33] Layer resblock_0: mean=0.000003724
[15:39:33] Layer resblock_1: mean=0.000004570
[15:39:34] Layer resblock_2: mean=0.000004932
[15:39:34] Layer resblock_3: mean=0.000005367
[15:39:35] Layer resblock_4: mean=0.000006181
[15:39:36] Layer resblock_5: mean=0.000006316
[15:39:36] Layer resblock_6: mean=0.000006481
[15:39:37] Layer resblock_7: mean=0.000006623
[15:39:37] Layer resblock_8: mean=0.000006594
[15:39:38] Layer resblock_9: mean=0.000006786
[15:39:39] Layer resblock_10: mean=0.000006813
[15:39:39] Layer resblock_11: mean=0.000006862
[15:39:40] Layer resblock_12: mean=0.000006990
[15:39:40] Layer resblock_13: mean=0.000006992
[15:39:41] Layer resblock_14: mean=0.000006832
[15:39:41] Layer resblock_15: mean=0.000006797
[15:39:42] Layer resblock_16: mean=0.000006837
[15:39:42] Layer resblock_17: mean=0.000006820
[15:39:43] Layer resblock_18: mean=0.000006735
[15:39:43] Layer resblock_19: mean=0.000006667
[15:39:44] Layer resblock_20: mean=0.000006643
[15:39:44] Layer resblock_21: mean=0.000006519
[15:39:45] Layer resblock_22: mean=0.000006426
[15:39:46] Layer resblock_23: mean=0.000006373
[15:39:46] Layer resblock_24: mean=0.000006442
[15:39:47] Layer resblock_25: mean=0.000006566
[15:39:47] Layer resblock_26: mean=0.000006608
[15:39:47] Layer resblock_27: mean=0.000006806
[15:39:48] Layer resblock_28: mean=0.000007104
[15:39:48] Layer resblock_29: mean=0.000007590
[15:39:49] Layer resblock_30: mean=0.000008264
[15:39:49] Layer resblock_31: mean=0.000008868
[15:39:50] Layer resblock_32: mean=0.000009285
[15:39:50] Layer resblock_33: mean=0.000010574
[15:39:51] Layer resblock_34: mean=0.000010656
[15:39:51] Layer resblock_35: mean=0.000010666
[15:39:51] Layer resblock_36: mean=0.000011526
[15:39:52] Layer resblock_37: mean=0.000011603
[15:39:52] Layer resblock_38: mean=0.000011487
[15:39:53] Layer resblock_39: mean=0.000011361
[15:39:53] Layer resblock_40: mean=0.000011013
[15:39:53] Layer resblock_41: mean=0.000011003
[15:39:54] Layer resblock_42: mean=0.000010736
[15:39:54] Layer resblock_43: mean=0.000010335
[15:39:55] Layer resblock_44: mean=0.000009842
[15:39:55] Layer resblock_45: mean=0.000009006
[15:39:55] Layer resblock_46: mean=0.000006940
[15:39:56] Layer resblock_47: mean=0.000001798
[15:39:56] ✅ patch_camelyon updated (N=1).
[15:39:56] 
🔍 Processing task: renderedsst2 (delta=1)
[15:39:56] [RenderedSST2] Loaded 1 samples (skipped 0), tensor torch.Size([1, 3, 224, 224])
[15:39:56] Layer resblock_0: mean=0.000002809
[15:39:57] Layer resblock_1: mean=0.000003162
[15:39:58] Layer resblock_2: mean=0.000003168
[15:39:58] Layer resblock_3: mean=0.000003284
[15:39:59] Layer resblock_4: mean=0.000003975
[15:39:59] Layer resblock_5: mean=0.000004216
[15:40:00] Layer resblock_6: mean=0.000004237
[15:40:01] Layer resblock_7: mean=0.000004459
[15:40:01] Layer resblock_8: mean=0.000004378
[15:40:02] Layer resblock_9: mean=0.000004596
[15:40:02] Layer resblock_10: mean=0.000004693
[15:40:03] Layer resblock_11: mean=0.000004730
[15:40:03] Layer resblock_12: mean=0.000004769
[15:40:04] Layer resblock_13: mean=0.000004819
[15:40:05] Layer resblock_14: mean=0.000004876
[15:40:05] Layer resblock_15: mean=0.000004926
[15:40:06] Layer resblock_16: mean=0.000004953
[15:40:06] Layer resblock_17: mean=0.000004990
[15:40:07] Layer resblock_18: mean=0.000004906
[15:40:07] Layer resblock_19: mean=0.000004939
[15:40:08] Layer resblock_20: mean=0.000005049
[15:40:08] Layer resblock_21: mean=0.000005046
[15:40:09] Layer resblock_22: mean=0.000005219
[15:40:09] Layer resblock_23: mean=0.000005366
[15:40:10] Layer resblock_24: mean=0.000005592
[15:40:10] Layer resblock_25: mean=0.000005926
[15:40:11] Layer resblock_26: mean=0.000006186
[15:40:11] Layer resblock_27: mean=0.000006751
[15:40:12] Layer resblock_28: mean=0.000007194
[15:40:12] Layer resblock_29: mean=0.000007871
[15:40:13] Layer resblock_30: mean=0.000008400
[15:40:13] Layer resblock_31: mean=0.000009189
[15:40:13] Layer resblock_32: mean=0.000009871
[15:40:14] Layer resblock_33: mean=0.000010807
[15:40:14] Layer resblock_34: mean=0.000010992
[15:40:15] Layer resblock_35: mean=0.000010592
[15:40:15] Layer resblock_36: mean=0.000011115
[15:40:16] Layer resblock_37: mean=0.000010780
[15:40:16] Layer resblock_38: mean=0.000010592
[15:40:16] Layer resblock_39: mean=0.000010700
[15:40:17] Layer resblock_40: mean=0.000010389
[15:40:17] Layer resblock_41: mean=0.000010034
[15:40:17] Layer resblock_42: mean=0.000010097
[15:40:18] Layer resblock_43: mean=0.000009706
[15:40:18] Layer resblock_44: mean=0.000009077
[15:40:19] Layer resblock_45: mean=0.000008187
[15:40:19] Layer resblock_46: mean=0.000005796
[15:40:19] Layer resblock_47: mean=0.000001549
[15:40:19] ✅ renderedsst2 updated (N=1).
[15:40:19] 
🔍 Processing task: resisc45 (delta=1)
[15:40:19] [RESISC45] Collected 6300 images from /root/autodl-tmp/modelselection/datasets/datasets/resisc45/test.txt
[15:40:19] [RESISC45] Loaded 1 samples (skipped 0), tensor torch.Size([1, 3, 224, 224])
[15:40:20] Layer resblock_0: mean=0.000002916
[15:40:21] Layer resblock_1: mean=0.000003529
[15:40:21] Layer resblock_2: mean=0.000003881
[15:40:22] Layer resblock_3: mean=0.000004191
[15:40:22] Layer resblock_4: mean=0.000005146
[15:40:23] Layer resblock_5: mean=0.000005258
[15:40:24] Layer resblock_6: mean=0.000005406
[15:40:24] Layer resblock_7: mean=0.000005516
[15:40:25] Layer resblock_8: mean=0.000005524
[15:40:25] Layer resblock_9: mean=0.000005772
[15:40:26] Layer resblock_10: mean=0.000005865
[15:40:27] Layer resblock_11: mean=0.000005857
[15:40:27] Layer resblock_12: mean=0.000005947
[15:40:28] Layer resblock_13: mean=0.000006049
[15:40:28] Layer resblock_14: mean=0.000006013
[15:40:29] Layer resblock_15: mean=0.000006060
[15:40:29] Layer resblock_16: mean=0.000006096
[15:40:30] Layer resblock_17: mean=0.000006080
[15:40:31] Layer resblock_18: mean=0.000006022
[15:40:31] Layer resblock_19: mean=0.000005962
[15:40:32] Layer resblock_20: mean=0.000005975
[15:40:32] Layer resblock_21: mean=0.000005951
[15:40:33] Layer resblock_22: mean=0.000005985
[15:40:33] Layer resblock_23: mean=0.000006029
[15:40:34] Layer resblock_24: mean=0.000006206
[15:40:34] Layer resblock_25: mean=0.000006383
[15:40:34] Layer resblock_26: mean=0.000006528
[15:40:35] Layer resblock_27: mean=0.000006866
[15:40:36] Layer resblock_28: mean=0.000007337
[15:40:36] Layer resblock_29: mean=0.000008103
[15:40:36] Layer resblock_30: mean=0.000008960
[15:40:37] Layer resblock_31: mean=0.000009801
[15:40:37] Layer resblock_32: mean=0.000010231
[15:40:38] Layer resblock_33: mean=0.000011230
[15:40:38] Layer resblock_34: mean=0.000011180
[15:40:39] Layer resblock_35: mean=0.000010981
[15:40:39] Layer resblock_36: mean=0.000011941
[15:40:39] Layer resblock_37: mean=0.000011895
[15:40:40] Layer resblock_38: mean=0.000011713
[15:40:40] Layer resblock_39: mean=0.000011634
[15:40:41] Layer resblock_40: mean=0.000011292
[15:40:41] Layer resblock_41: mean=0.000010834
[15:40:41] Layer resblock_42: mean=0.000010648
[15:40:42] Layer resblock_43: mean=0.000010170
[15:40:42] Layer resblock_44: mean=0.000009540
[15:40:42] Layer resblock_45: mean=0.000008709
[15:40:43] Layer resblock_46: mean=0.000006801
[15:40:43] Layer resblock_47: mean=0.000001770
[15:40:43] ✅ resisc45 updated (N=1).
[15:40:43] 
🔍 Processing task: stl10 (delta=1)
[15:40:43] [STL10] Loaded 1 samples, tensor torch.Size([1, 3, 224, 224])
[15:40:44] Layer resblock_0: mean=0.000003081
[15:40:44] Layer resblock_1: mean=0.000003742
[15:40:45] Layer resblock_2: mean=0.000003903
[15:40:46] Layer resblock_3: mean=0.000004353
[15:40:46] Layer resblock_4: mean=0.000005344
[15:40:47] Layer resblock_5: mean=0.000005657
[15:40:47] Layer resblock_6: mean=0.000005816
[15:40:48] Layer resblock_7: mean=0.000006023
[15:40:49] Layer resblock_8: mean=0.000006098
[15:40:49] Layer resblock_9: mean=0.000006226
[15:40:50] Layer resblock_10: mean=0.000006306
[15:40:50] Layer resblock_11: mean=0.000006450
[15:40:51] Layer resblock_12: mean=0.000006610
[15:40:52] Layer resblock_13: mean=0.000006721
[15:40:52] Layer resblock_14: mean=0.000006586
[15:40:53] Layer resblock_15: mean=0.000006620
[15:40:53] Layer resblock_16: mean=0.000006678
[15:40:54] Layer resblock_17: mean=0.000006695
[15:40:54] Layer resblock_18: mean=0.000006704
[15:40:55] Layer resblock_19: mean=0.000006700
[15:40:55] Layer resblock_20: mean=0.000006750
[15:40:56] Layer resblock_21: mean=0.000006864
[15:40:56] Layer resblock_22: mean=0.000006979
[15:40:57] Layer resblock_23: mean=0.000007076
[15:40:57] Layer resblock_24: mean=0.000007298
[15:40:58] Layer resblock_25: mean=0.000007606
[15:40:58] Layer resblock_26: mean=0.000007842
[15:40:59] Layer resblock_27: mean=0.000008173
[15:40:59] Layer resblock_28: mean=0.000008481
[15:41:00] Layer resblock_29: mean=0.000008831
[15:41:00] Layer resblock_30: mean=0.000009326
[15:41:00] Layer resblock_31: mean=0.000009499
[15:41:01] Layer resblock_32: mean=0.000010004
[15:41:01] Layer resblock_33: mean=0.000011213
[15:41:02] Layer resblock_34: mean=0.000011251
[15:41:02] Layer resblock_35: mean=0.000011343
[15:41:03] Layer resblock_36: mean=0.000012461
[15:41:03] Layer resblock_37: mean=0.000012523
[15:41:03] Layer resblock_38: mean=0.000012453
[15:41:04] Layer resblock_39: mean=0.000012371
[15:41:04] Layer resblock_40: mean=0.000012017
[15:41:05] Layer resblock_41: mean=0.000011626
[15:41:05] Layer resblock_42: mean=0.000011306
[15:41:05] Layer resblock_43: mean=0.000010870
[15:41:06] Layer resblock_44: mean=0.000010218
[15:41:06] Layer resblock_45: mean=0.000009335
[15:41:06] Layer resblock_46: mean=0.000007075
[15:41:07] Layer resblock_47: mean=0.000001794
[15:41:07] ✅ stl10 updated (N=1).
[15:41:07] 
🔍 Processing task: sun397 (delta=1)
[15:41:07] [SUN397] Loaded 1 samples (skipped 0), tensor torch.Size([1, 3, 224, 224])
[15:41:07] Layer resblock_0: mean=0.000004130
[15:41:08] Layer resblock_1: mean=0.000004610
[15:41:09] Layer resblock_2: mean=0.000004654
[15:41:09] Layer resblock_3: mean=0.000004785
[15:41:10] Layer resblock_4: mean=0.000005604
[15:41:11] Layer resblock_5: mean=0.000005915
[15:41:11] Layer resblock_6: mean=0.000006004
[15:41:12] Layer resblock_7: mean=0.000006203
[15:41:12] Layer resblock_8: mean=0.000006050
[15:41:13] Layer resblock_9: mean=0.000006271
[15:41:13] Layer resblock_10: mean=0.000006342
[15:41:14] Layer resblock_11: mean=0.000006416
[15:41:15] Layer resblock_12: mean=0.000006493
[15:41:15] Layer resblock_13: mean=0.000006510
[15:41:16] Layer resblock_14: mean=0.000006282
[15:41:16] Layer resblock_15: mean=0.000006358
[15:41:17] Layer resblock_16: mean=0.000006395
[15:41:17] Layer resblock_17: mean=0.000006371
[15:41:18] Layer resblock_18: mean=0.000006247
[15:41:18] Layer resblock_19: mean=0.000006163
[15:41:19] Layer resblock_20: mean=0.000006212
[15:41:19] Layer resblock_21: mean=0.000006224
[15:41:20] Layer resblock_22: mean=0.000006342
[15:41:20] Layer resblock_23: mean=0.000006422
[15:41:21] Layer resblock_24: mean=0.000006639
[15:41:21] Layer resblock_25: mean=0.000006859
[15:41:22] Layer resblock_26: mean=0.000007094
[15:41:22] Layer resblock_27: mean=0.000007396
[15:41:23] Layer resblock_28: mean=0.000007746
[15:41:23] Layer resblock_29: mean=0.000008154
[15:41:24] Layer resblock_30: mean=0.000008380
[15:41:24] Layer resblock_31: mean=0.000008889
[15:41:25] Layer resblock_32: mean=0.000009314
[15:41:25] Layer resblock_33: mean=0.000010376
[15:41:25] Layer resblock_34: mean=0.000010758
[15:41:26] Layer resblock_35: mean=0.000011056
[15:41:26] Layer resblock_36: mean=0.000012004
[15:41:27] Layer resblock_37: mean=0.000012216
[15:41:27] Layer resblock_38: mean=0.000012279
[15:41:27] Layer resblock_39: mean=0.000012290
[15:41:28] Layer resblock_40: mean=0.000011958
[15:41:28] Layer resblock_41: mean=0.000011649
[15:41:29] Layer resblock_42: mean=0.000011362
[15:41:29] Layer resblock_43: mean=0.000010911
[15:41:29] Layer resblock_44: mean=0.000010297
[15:41:30] Layer resblock_45: mean=0.000009560
[15:41:30] Layer resblock_46: mean=0.000007026
[15:41:30] Layer resblock_47: mean=0.000001785
[15:41:30] ✅ sun397 updated (N=1).
[15:41:30] 
🔍 Processing task: svhn (delta=1)
[15:41:30] [SVHN] Loaded 1 samples (skipped 0), tensor torch.Size([1, 3, 224, 224])
[15:41:31] Layer resblock_0: mean=0.000001866
[15:41:32] Layer resblock_1: mean=0.000001923
[15:41:32] Layer resblock_2: mean=0.000001922
[15:41:33] Layer resblock_3: mean=0.000002057
[15:41:34] Layer resblock_4: mean=0.000002484
[15:41:34] Layer resblock_5: mean=0.000002579
[15:41:35] Layer resblock_6: mean=0.000002692
[15:41:35] Layer resblock_7: mean=0.000002824
[15:41:36] Layer resblock_8: mean=0.000002820
[15:41:37] Layer resblock_9: mean=0.000002947
[15:41:37] Layer resblock_10: mean=0.000002936
[15:41:38] Layer resblock_11: mean=0.000002980
[15:41:38] Layer resblock_12: mean=0.000003024
[15:41:39] Layer resblock_13: mean=0.000003065
[15:41:39] Layer resblock_14: mean=0.000003059
[15:41:40] Layer resblock_15: mean=0.000003072
[15:41:41] Layer resblock_16: mean=0.000003077
[15:41:41] Layer resblock_17: mean=0.000003069
[15:41:42] Layer resblock_18: mean=0.000003016
[15:41:42] Layer resblock_19: mean=0.000002984
[15:41:43] Layer resblock_20: mean=0.000003014
[15:41:43] Layer resblock_21: mean=0.000002983
[15:41:44] Layer resblock_22: mean=0.000003052
[15:41:44] Layer resblock_23: mean=0.000003148
[15:41:45] Layer resblock_24: mean=0.000003231
[15:41:45] Layer resblock_25: mean=0.000003364
[15:41:46] Layer resblock_26: mean=0.000003522
[15:41:46] Layer resblock_27: mean=0.000003816
[15:41:47] Layer resblock_28: mean=0.000004127
[15:41:47] Layer resblock_29: mean=0.000004511
[15:41:47] Layer resblock_30: mean=0.000004925
[15:41:48] Layer resblock_31: mean=0.000005331
[15:41:48] Layer resblock_32: mean=0.000005821
[15:41:49] Layer resblock_33: mean=0.000006601
[15:41:49] Layer resblock_34: mean=0.000006628
[15:41:50] Layer resblock_35: mean=0.000007054
[15:41:50] Layer resblock_36: mean=0.000007808
[15:41:51] Layer resblock_37: mean=0.000007969
[15:41:51] Layer resblock_38: mean=0.000007822
[15:41:51] Layer resblock_39: mean=0.000007687
[15:41:52] Layer resblock_40: mean=0.000007583
[15:41:52] Layer resblock_41: mean=0.000007460
[15:41:52] Layer resblock_42: mean=0.000007445
[15:41:53] Layer resblock_43: mean=0.000007183
[15:41:53] Layer resblock_44: mean=0.000006880
[15:41:54] Layer resblock_45: mean=0.000006596
[15:41:54] Layer resblock_46: mean=0.000005571
[15:41:54] Layer resblock_47: mean=0.000001632
[15:41:54] ✅ svhn updated (N=1).
[15:41:54] 
🔍 Processing task: voc_pose (delta=1)
[15:41:54] [VOC] Loaded 1 samples (skipped 0), tensor torch.Size([1, 3, 224, 224])
[15:41:55] Layer resblock_0: mean=0.000002861
[15:41:56] Layer resblock_1: mean=0.000003488
[15:41:56] Layer resblock_2: mean=0.000003821
[15:41:57] Layer resblock_3: mean=0.000004086
[15:41:57] Layer resblock_4: mean=0.000004936
[15:41:58] Layer resblock_5: mean=0.000005218
[15:41:59] Layer resblock_6: mean=0.000005372
[15:41:59] Layer resblock_7: mean=0.000005571
[15:42:00] Layer resblock_8: mean=0.000005638
[15:42:01] Layer resblock_9: mean=0.000005880
[15:42:01] Layer resblock_10: mean=0.000005995
[15:42:02] Layer resblock_11: mean=0.000006084
[15:42:02] Layer resblock_12: mean=0.000006193
[15:42:03] Layer resblock_13: mean=0.000006259
[15:42:04] Layer resblock_14: mean=0.000006218
[15:42:04] Layer resblock_15: mean=0.000006293
[15:42:05] Layer resblock_16: mean=0.000006326
[15:42:05] Layer resblock_17: mean=0.000006344
[15:42:06] Layer resblock_18: mean=0.000006308
[15:42:06] Layer resblock_19: mean=0.000006278
[15:42:07] Layer resblock_20: mean=0.000006348
[15:42:07] Layer resblock_21: mean=0.000006347
[15:42:08] Layer resblock_22: mean=0.000006581
[15:42:08] Layer resblock_23: mean=0.000006621
[15:42:09] Layer resblock_24: mean=0.000006838
[15:42:09] Layer resblock_25: mean=0.000007133
[15:42:10] Layer resblock_26: mean=0.000007398
[15:42:10] Layer resblock_27: mean=0.000007734
[15:42:11] Layer resblock_28: mean=0.000008136
[15:42:11] Layer resblock_29: mean=0.000008639
[15:42:12] Layer resblock_30: mean=0.000008924
[15:42:12] Layer resblock_31: mean=0.000009246
[15:42:13] Layer resblock_32: mean=0.000009743
[15:42:13] Layer resblock_33: mean=0.000010754
[15:42:14] Layer resblock_34: mean=0.000010940
[15:42:14] Layer resblock_35: mean=0.000011223
[15:42:14] Layer resblock_36: mean=0.000012533
[15:42:15] Layer resblock_37: mean=0.000012637
[15:42:15] Layer resblock_38: mean=0.000012637
[15:42:16] Layer resblock_39: mean=0.000012577
[15:42:16] Layer resblock_40: mean=0.000012247
[15:42:17] Layer resblock_41: mean=0.000012223
[15:42:17] Layer resblock_42: mean=0.000011929
[15:42:17] Layer resblock_43: mean=0.000011795
[15:42:18] Layer resblock_44: mean=0.000011136
[15:42:18] Layer resblock_45: mean=0.000010296
[15:42:18] Layer resblock_46: mean=0.000006887
[15:42:19] Layer resblock_47: mean=0.000001914
[15:42:19] ✅ voc_pose updated (N=1).
[15:42:19] ✅ Results saved for milestone 1.
