/root/miniconda3/envs/reason/lib/python3.10/site-packages/transformers/utils/hub.py:111: FutureWarning: Using `TRANSFORMERS_CACHE` is deprecated and will be removed in v5 of Transformers. Use `HF_HOME` instead.
  warnings.warn(
[15:22:27] Using device: cuda, seed: 55
[15:22:27] Parsing model identifier. Schema: None, Identifier: ViT-L-14-quickgelu
[15:22:27] Loaded built-in ViT-L-14-quickgelu model config.
[15:22:28] Instantiating model architecture: CLIP
[15:22:31] Loading full pretrained weights from: /root/autodl-tmp/hf_cache/models--apple--DFN2B-CLIP-ViT-L-14/snapshots/13d68e40771108ec1812f566404e8c6f7de85f67/open_clip_pytorch_model.bin
[15:22:32] Final image preprocessing configuration set: {'size': (224, 224), 'mode': 'RGB', 'mean': (0.48145466, 0.4578275, 0.40821073), 'std': (0.26862954, 0.26130258, 0.27577711), 'interpolation': 'bicubic', 'resize_mode': 'shortest', 'fill_color': 0}
[15:22:32] Model ViT-L-14-quickgelu creation process complete.
[15:22:32] Detected VisionTransformer with 24 blocks.
[15:22:32] Model ViT-L-14-quickgelu loaded (24 layers detected).
[15:22:32] Using ViT forward_func for ViT-L-14-quickgelu
[15:22:34] [FER2013] Column 'Usage' not found, using all rows.
[15:22:34] [FER2013] Loaded 28709 images from /root/autodl-tmp/modelselection/datasets/datasets/fer2013/train.csv
[15:22:34] [OxfordFlowers] Loaded split='test' with 6149 images from /root/autodl-tmp/modelselection/datasets/datasets/oxford_flowers
[15:22:34] [OxfordPet] Loaded split='test' with 3669 samples from /root/autodl-tmp/modelselection/datasets/datasets/oxford-pet/annotations/test.txt
[15:22:34] [RenderedSST2] Loaded 1821 images from /root/autodl-tmp/modelselection/datasets/datasets/renderedsst2/rendered-sst2/test
[15:22:34] [STL10] Loaded split='test' with 8000 images from /root/autodl-tmp/modelselection/datasets/datasets/stl10/stl10_binary/test_X.bin
[15:22:34] [SUN397] Loaded split='test' with 19850 images
[15:22:34] [SVHN] Loaded 26032 images from /root/autodl-tmp/modelselection/datasets/datasets/svhn/test.txt
[15:22:35] [VOC] Loaded 9963 images from annotations
[15:22:35] === Reaching milestone N=1 ===
[15:22:35] 
🔍 Processing task: car (delta=1)
[15:22:35] [Cars] Loaded 1 samples, tensor torch.Size([1, 3, 224, 224])
/root/autodl-tmp/modelselection/frame_v2/framework/conductance.py:20: FutureWarning: `torch.cuda.amp.autocast(args...)` is deprecated. Please use `torch.amp.autocast('cuda', args...)` instead.
  with torch.cuda.amp.autocast(enabled=use_amp):
[15:22:36] Layer resblock_0: mean=0.000000854
[15:22:37] Layer resblock_1: mean=0.000000758
[15:22:38] Layer resblock_2: mean=0.000000776
[15:22:39] Layer resblock_3: mean=0.000000718
[15:22:40] Layer resblock_4: mean=0.000000636
[15:22:41] Layer resblock_5: mean=0.000000566
[15:22:41] Layer resblock_6: mean=0.000000484
[15:22:42] Layer resblock_7: mean=0.000000458
[15:22:43] Layer resblock_8: mean=0.000000462
[15:22:44] Layer resblock_9: mean=0.000000464
[15:22:44] Layer resblock_10: mean=0.000000485
[15:22:45] Layer resblock_11: mean=0.000000495
[15:22:46] Layer resblock_12: mean=0.000000511
[15:22:46] Layer resblock_13: mean=0.000000522
[15:22:47] Layer resblock_14: mean=0.000000520
[15:22:47] Layer resblock_15: mean=0.000000525
[15:22:48] Layer resblock_16: mean=0.000000518
[15:22:48] Layer resblock_17: mean=0.000000506
[15:22:49] Layer resblock_18: mean=0.000000492
[15:22:49] Layer resblock_19: mean=0.000000470
[15:22:50] Layer resblock_20: mean=0.000000425
[15:22:50] Layer resblock_21: mean=0.000000366
[15:22:50] Layer resblock_22: mean=0.000000299
[15:22:51] Layer resblock_23: mean=0.000000059
[15:22:51] ✅ car updated (N=1).
[15:22:51] 
🔍 Processing task: cifar (delta=1)
[15:22:51] [CIFAR] Loaded 1 samples, tensor torch.Size([1, 3, 224, 224])
[15:22:52] Layer resblock_0: mean=0.000000355
[15:22:53] Layer resblock_1: mean=0.000000306
[15:22:53] Layer resblock_2: mean=0.000000311
[15:22:54] Layer resblock_3: mean=0.000000315
[15:22:55] Layer resblock_4: mean=0.000000302
[15:22:55] Layer resblock_5: mean=0.000000287
[15:22:56] Layer resblock_6: mean=0.000000267
[15:22:56] Layer resblock_7: mean=0.000000269
[15:22:57] Layer resblock_8: mean=0.000000286
[15:22:58] Layer resblock_9: mean=0.000000287
[15:22:58] Layer resblock_10: mean=0.000000302
[15:22:59] Layer resblock_11: mean=0.000000309
[15:22:59] Layer resblock_12: mean=0.000000312
[15:23:00] Layer resblock_13: mean=0.000000306
[15:23:00] Layer resblock_14: mean=0.000000296
[15:23:01] Layer resblock_15: mean=0.000000285
[15:23:01] Layer resblock_16: mean=0.000000271
[15:23:02] Layer resblock_17: mean=0.000000257
[15:23:02] Layer resblock_18: mean=0.000000245
[15:23:02] Layer resblock_19: mean=0.000000231
[15:23:02] Layer resblock_20: mean=0.000000212
[15:23:03] Layer resblock_21: mean=0.000000188
[15:23:03] Layer resblock_22: mean=0.000000144
[15:23:03] Layer resblock_23: mean=0.000000048
[15:23:03] ✅ cifar updated (N=1).
[15:23:03] 
🔍 Processing task: clevr (delta=1)
[15:23:03] [CLEVR] 15000 samples from /root/autodl-tmp/modelselection/datasets/datasets/clevr_count/test
[15:23:03] [CLEVR] Loaded 1 samples, tensor torch.Size([1, 3, 224, 224])
[15:23:04] Layer resblock_0: mean=0.000000135
[15:23:04] Layer resblock_1: mean=0.000000117
[15:23:05] Layer resblock_2: mean=0.000000155
[15:23:05] Layer resblock_3: mean=0.000000193
[15:23:06] Layer resblock_4: mean=0.000000205
[15:23:06] Layer resblock_5: mean=0.000000212
[15:23:07] Layer resblock_6: mean=0.000000211
[15:23:07] Layer resblock_7: mean=0.000000219
[15:23:07] Layer resblock_8: mean=0.000000228
[15:23:08] Layer resblock_9: mean=0.000000233
[15:23:08] Layer resblock_10: mean=0.000000249
[15:23:09] Layer resblock_11: mean=0.000000265
[15:23:09] Layer resblock_12: mean=0.000000273
[15:23:09] Layer resblock_13: mean=0.000000274
[15:23:10] Layer resblock_14: mean=0.000000268
[15:23:10] Layer resblock_15: mean=0.000000265
[15:23:11] Layer resblock_16: mean=0.000000256
[15:23:11] Layer resblock_17: mean=0.000000243
[15:23:11] Layer resblock_18: mean=0.000000233
[15:23:11] Layer resblock_19: mean=0.000000218
[15:23:11] Layer resblock_20: mean=0.000000203
[15:23:12] Layer resblock_21: mean=0.000000186
[15:23:12] Layer resblock_22: mean=0.000000155
[15:23:12] Layer resblock_23: mean=0.000000058
[15:23:12] ✅ clevr updated (N=1).
[15:23:12] 
🔍 Processing task: country (delta=1)
[15:23:12] [Country211] Loaded 1 samples, tensor torch.Size([1, 3, 224, 224])
[15:23:13] Layer resblock_0: mean=0.000000492
[15:23:13] Layer resblock_1: mean=0.000000425
[15:23:13] Layer resblock_2: mean=0.000000459
[15:23:14] Layer resblock_3: mean=0.000000475
[15:23:14] Layer resblock_4: mean=0.000000452
[15:23:14] Layer resblock_5: mean=0.000000430
[15:23:15] Layer resblock_6: mean=0.000000399
[15:23:15] Layer resblock_7: mean=0.000000399
[15:23:15] Layer resblock_8: mean=0.000000409
[15:23:16] Layer resblock_9: mean=0.000000418
[15:23:16] Layer resblock_10: mean=0.000000444
[15:23:16] Layer resblock_11: mean=0.000000465
[15:23:17] Layer resblock_12: mean=0.000000480
[15:23:17] Layer resblock_13: mean=0.000000486
[15:23:17] Layer resblock_14: mean=0.000000482
[15:23:17] Layer resblock_15: mean=0.000000481
[15:23:18] Layer resblock_16: mean=0.000000466
[15:23:18] Layer resblock_17: mean=0.000000445
[15:23:18] Layer resblock_18: mean=0.000000420
[15:23:18] Layer resblock_19: mean=0.000000387
[15:23:19] Layer resblock_20: mean=0.000000347
[15:23:19] Layer resblock_21: mean=0.000000299
[15:23:19] Layer resblock_22: mean=0.000000228
[15:23:19] Layer resblock_23: mean=0.000000059
[15:23:19] ✅ country updated (N=1).
[15:23:19] 
🔍 Processing task: dmlab (delta=1)
[15:23:19] [DMLab] Loaded 1 samples (skipped 0), tensor torch.Size([1, 3, 224, 224])
[15:23:20] Layer resblock_0: mean=0.000000456
[15:23:20] Layer resblock_1: mean=0.000000336
[15:23:20] Layer resblock_2: mean=0.000000347
[15:23:21] Layer resblock_3: mean=0.000000348
[15:23:21] Layer resblock_4: mean=0.000000347
[15:23:22] Layer resblock_5: mean=0.000000342
[15:23:22] Layer resblock_6: mean=0.000000329
[15:23:22] Layer resblock_7: mean=0.000000325
[15:23:23] Layer resblock_8: mean=0.000000337
[15:23:23] Layer resblock_9: mean=0.000000338
[15:23:23] Layer resblock_10: mean=0.000000354
[15:23:24] Layer resblock_11: mean=0.000000355
[15:23:24] Layer resblock_12: mean=0.000000358
[15:23:24] Layer resblock_13: mean=0.000000354
[15:23:25] Layer resblock_14: mean=0.000000345
[15:23:25] Layer resblock_15: mean=0.000000338
[15:23:25] Layer resblock_16: mean=0.000000327
[15:23:26] Layer resblock_17: mean=0.000000313
[15:23:26] Layer resblock_18: mean=0.000000297
[15:23:26] Layer resblock_19: mean=0.000000278
[15:23:27] Layer resblock_20: mean=0.000000257
[15:23:27] Layer resblock_21: mean=0.000000231
[15:23:27] Layer resblock_22: mean=0.000000183
[15:23:27] Layer resblock_23: mean=0.000000058
[15:23:27] ✅ dmlab updated (N=1).
[15:23:27] 
🔍 Processing task: dr (delta=1)
[15:23:27] [DR] Loaded 42670 paths from /root/autodl-tmp/modelselection/datasets/datasets/diabetic_retinopathy/test.txt
[15:23:27] [DR] Loaded 1 samples (skipped 0), tensor torch.Size([1, 3, 224, 224])
[15:23:28] Layer resblock_0: mean=0.000000277
[15:23:28] Layer resblock_1: mean=0.000000247
[15:23:28] Layer resblock_2: mean=0.000000281
[15:23:29] Layer resblock_3: mean=0.000000288
[15:23:29] Layer resblock_4: mean=0.000000283
[15:23:30] Layer resblock_5: mean=0.000000273
[15:23:30] Layer resblock_6: mean=0.000000263
[15:23:30] Layer resblock_7: mean=0.000000268
[15:23:31] Layer resblock_8: mean=0.000000273
[15:23:31] Layer resblock_9: mean=0.000000274
[15:23:32] Layer resblock_10: mean=0.000000291
[15:23:32] Layer resblock_11: mean=0.000000308
[15:23:32] Layer resblock_12: mean=0.000000320
[15:23:32] Layer resblock_13: mean=0.000000325
[15:23:33] Layer resblock_14: mean=0.000000322
[15:23:33] Layer resblock_15: mean=0.000000320
[15:23:33] Layer resblock_16: mean=0.000000309
[15:23:34] Layer resblock_17: mean=0.000000299
[15:23:34] Layer resblock_18: mean=0.000000290
[15:23:34] Layer resblock_19: mean=0.000000276
[15:23:34] Layer resblock_20: mean=0.000000259
[15:23:34] Layer resblock_21: mean=0.000000240
[15:23:35] Layer resblock_22: mean=0.000000201
[15:23:35] Layer resblock_23: mean=0.000000055
[15:23:35] ✅ dr updated (N=1).
[15:23:35] 
🔍 Processing task: dtd (delta=1)
[15:23:35] [DTD] Collected 5640 image paths from /root/autodl-tmp/modelselection/datasets/datasets/dtd/labels
[15:23:35] [DTD] Loaded 1 samples (skipped 0), tensor torch.Size([1, 3, 224, 224])
[15:23:35] Layer resblock_0: mean=0.000000235
[15:23:36] Layer resblock_1: mean=0.000000171
[15:23:36] Layer resblock_2: mean=0.000000161
[15:23:36] Layer resblock_3: mean=0.000000149
[15:23:37] Layer resblock_4: mean=0.000000129
[15:23:37] Layer resblock_5: mean=0.000000114
[15:23:37] Layer resblock_6: mean=0.000000105
[15:23:38] Layer resblock_7: mean=0.000000105
[15:23:38] Layer resblock_8: mean=0.000000115
[15:23:39] Layer resblock_9: mean=0.000000120
[15:23:39] Layer resblock_10: mean=0.000000132
[15:23:39] Layer resblock_11: mean=0.000000145
[15:23:40] Layer resblock_12: mean=0.000000151
[15:23:40] Layer resblock_13: mean=0.000000155
[15:23:40] Layer resblock_14: mean=0.000000154
[15:23:41] Layer resblock_15: mean=0.000000156
[15:23:41] Layer resblock_16: mean=0.000000152
[15:23:41] Layer resblock_17: mean=0.000000150
[15:23:41] Layer resblock_18: mean=0.000000145
[15:23:42] Layer resblock_19: mean=0.000000140
[15:23:42] Layer resblock_20: mean=0.000000137
[15:23:42] Layer resblock_21: mean=0.000000131
[15:23:42] Layer resblock_22: mean=0.000000115
[15:23:43] Layer resblock_23: mean=0.000000043
[15:23:43] ✅ dtd updated (N=1).
[15:23:43] 
🔍 Processing task: eurosat (delta=1)
[15:23:43] [EuroSAT] Collected 27000 images from 10 classes under /root/autodl-tmp/modelselection/datasets/datasets/eurosat/2750
[15:23:43] [EuroSAT] Loaded 1 samples (skipped 0), tensor torch.Size([1, 3, 224, 224])
[15:23:43] Layer resblock_0: mean=0.000000252
[15:23:44] Layer resblock_1: mean=0.000000227
[15:23:44] Layer resblock_2: mean=0.000000226
[15:23:44] Layer resblock_3: mean=0.000000227
[15:23:45] Layer resblock_4: mean=0.000000211
[15:23:45] Layer resblock_5: mean=0.000000190
[15:23:46] Layer resblock_6: mean=0.000000175
[15:23:46] Layer resblock_7: mean=0.000000180
[15:23:46] Layer resblock_8: mean=0.000000195
[15:23:47] Layer resblock_9: mean=0.000000202
[15:23:47] Layer resblock_10: mean=0.000000223
[15:23:47] Layer resblock_11: mean=0.000000238
[15:23:48] Layer resblock_12: mean=0.000000250
[15:23:48] Layer resblock_13: mean=0.000000252
[15:23:48] Layer resblock_14: mean=0.000000252
[15:23:48] Layer resblock_15: mean=0.000000248
[15:23:49] Layer resblock_16: mean=0.000000237
[15:23:49] Layer resblock_17: mean=0.000000229
[15:23:49] Layer resblock_18: mean=0.000000221
[15:23:50] Layer resblock_19: mean=0.000000210
[15:23:50] Layer resblock_20: mean=0.000000197
[15:23:50] Layer resblock_21: mean=0.000000183
[15:23:50] Layer resblock_22: mean=0.000000150
[15:23:51] Layer resblock_23: mean=0.000000050
[15:23:51] ✅ eurosat updated (N=1).
[15:23:51] 
🔍 Processing task: fer2013 (delta=1)
[15:23:51] [FER2013] Loaded 1 samples (skipped 0), tensor torch.Size([1, 3, 224, 224])
[15:23:51] Layer resblock_0: mean=0.000000257
[15:23:51] Layer resblock_1: mean=0.000000230
[15:23:51] Layer resblock_2: mean=0.000000230
[15:23:52] Layer resblock_3: mean=0.000000230
[15:23:52] Layer resblock_4: mean=0.000000216
[15:23:52] Layer resblock_5: mean=0.000000199
[15:23:52] Layer resblock_6: mean=0.000000184
[15:23:53] Layer resblock_7: mean=0.000000188
[15:23:53] Layer resblock_8: mean=0.000000211
[15:23:53] Layer resblock_9: mean=0.000000226
[15:23:54] Layer resblock_10: mean=0.000000249
[15:23:54] Layer resblock_11: mean=0.000000264
[15:23:54] Layer resblock_12: mean=0.000000276
[15:23:55] Layer resblock_13: mean=0.000000283
[15:23:55] Layer resblock_14: mean=0.000000280
[15:23:55] Layer resblock_15: mean=0.000000271
[15:23:56] Layer resblock_16: mean=0.000000264
[15:23:56] Layer resblock_17: mean=0.000000255
[15:23:56] Layer resblock_18: mean=0.000000243
[15:23:56] Layer resblock_19: mean=0.000000232
[15:23:57] Layer resblock_20: mean=0.000000217
[15:23:57] Layer resblock_21: mean=0.000000199
[15:23:57] Layer resblock_22: mean=0.000000159
[15:23:57] Layer resblock_23: mean=0.000000056
[15:23:57] ✅ fer2013 updated (N=1).
[15:23:57] 
🔍 Processing task: gtsrb (delta=1)
[15:23:57] [GTSRB] Collected 12630 test images.
[15:23:57] [GTSRB] Loaded 1 samples (skipped 0), tensor torch.Size([1, 3, 224, 224])
[15:23:58] Layer resblock_0: mean=0.000000244
[15:23:58] Layer resblock_1: mean=0.000000166
[15:23:58] Layer resblock_2: mean=0.000000149
[15:23:59] Layer resblock_3: mean=0.000000157
[15:23:59] Layer resblock_4: mean=0.000000160
[15:23:59] Layer resblock_5: mean=0.000000157
[15:24:00] Layer resblock_6: mean=0.000000152
[15:24:00] Layer resblock_7: mean=0.000000162
[15:24:00] Layer resblock_8: mean=0.000000180
[15:24:01] Layer resblock_9: mean=0.000000189
[15:24:01] Layer resblock_10: mean=0.000000208
[15:24:01] Layer resblock_11: mean=0.000000220
[15:24:01] Layer resblock_12: mean=0.000000229
[15:24:02] Layer resblock_13: mean=0.000000229
[15:24:02] Layer resblock_14: mean=0.000000221
[15:24:02] Layer resblock_15: mean=0.000000214
[15:24:03] Layer resblock_16: mean=0.000000203
[15:24:03] Layer resblock_17: mean=0.000000192
[15:24:03] Layer resblock_18: mean=0.000000181
[15:24:04] Layer resblock_19: mean=0.000000170
[15:24:04] Layer resblock_20: mean=0.000000158
[15:24:04] Layer resblock_21: mean=0.000000147
[15:24:04] Layer resblock_22: mean=0.000000121
[15:24:05] Layer resblock_23: mean=0.000000052
[15:24:05] ✅ gtsrb updated (N=1).
[15:24:05] 
🔍 Processing task: kitti (delta=1)
[15:24:05] [KITTI] Collected 711 images from /root/autodl-tmp/modelselection/datasets/datasets/kitti/test.txt
[15:24:05] [KITTI] Loaded 1 samples (skipped 0), tensor torch.Size([1, 3, 224, 224])
[15:24:05] Layer resblock_0: mean=0.000000352
[15:24:05] Layer resblock_1: mean=0.000000263
[15:24:06] Layer resblock_2: mean=0.000000270
[15:24:06] Layer resblock_3: mean=0.000000286
[15:24:07] Layer resblock_4: mean=0.000000293
[15:24:07] Layer resblock_5: mean=0.000000287
[15:24:07] Layer resblock_6: mean=0.000000272
[15:24:08] Layer resblock_7: mean=0.000000271
[15:24:08] Layer resblock_8: mean=0.000000279
[15:24:08] Layer resblock_9: mean=0.000000279
[15:24:09] Layer resblock_10: mean=0.000000293
[15:24:09] Layer resblock_11: mean=0.000000302
[15:24:09] Layer resblock_12: mean=0.000000313
[15:24:10] Layer resblock_13: mean=0.000000312
[15:24:10] Layer resblock_14: mean=0.000000304
[15:24:10] Layer resblock_15: mean=0.000000296
[15:24:10] Layer resblock_16: mean=0.000000285
[15:24:11] Layer resblock_17: mean=0.000000272
[15:24:11] Layer resblock_18: mean=0.000000260
[15:24:11] Layer resblock_19: mean=0.000000244
[15:24:11] Layer resblock_20: mean=0.000000228
[15:24:12] Layer resblock_21: mean=0.000000204
[15:24:12] Layer resblock_22: mean=0.000000170
[15:24:12] Layer resblock_23: mean=0.000000057
[15:24:12] ✅ kitti updated (N=1).
[15:24:12] 
🔍 Processing task: mnist (delta=1)
[15:24:12] [MNIST] Loaded split='test' with 10000 samples from data/mnist
[15:24:12] [MNIST] Loaded 1 samples, tensor torch.Size([1, 3, 224, 224])
[15:24:12] Layer resblock_0: mean=0.000000212
[15:24:13] Layer resblock_1: mean=0.000000167
[15:24:13] Layer resblock_2: mean=0.000000176
[15:24:14] Layer resblock_3: mean=0.000000200
[15:24:14] Layer resblock_4: mean=0.000000215
[15:24:14] Layer resblock_5: mean=0.000000212
[15:24:15] Layer resblock_6: mean=0.000000206
[15:24:15] Layer resblock_7: mean=0.000000207
[15:24:16] Layer resblock_8: mean=0.000000213
[15:24:16] Layer resblock_9: mean=0.000000214
[15:24:16] Layer resblock_10: mean=0.000000223
[15:24:17] Layer resblock_11: mean=0.000000226
[15:24:17] Layer resblock_12: mean=0.000000226
[15:24:17] Layer resblock_13: mean=0.000000225
[15:24:18] Layer resblock_14: mean=0.000000216
[15:24:18] Layer resblock_15: mean=0.000000210
[15:24:18] Layer resblock_16: mean=0.000000201
[15:24:18] Layer resblock_17: mean=0.000000193
[15:24:19] Layer resblock_18: mean=0.000000183
[15:24:19] Layer resblock_19: mean=0.000000173
[15:24:19] Layer resblock_20: mean=0.000000160
[15:24:19] Layer resblock_21: mean=0.000000144
[15:24:20] Layer resblock_22: mean=0.000000121
[15:24:20] Layer resblock_23: mean=0.000000053
[15:24:20] ✅ mnist updated (N=1).
[15:24:20] 
🔍 Processing task: oxford_flowers (delta=1)
[15:24:20] [OxfordFlowers] Loaded 1 samples (skipped 0), tensor torch.Size([1, 3, 224, 224])
[15:24:20] Layer resblock_0: mean=0.000000279
[15:24:21] Layer resblock_1: mean=0.000000256
[15:24:21] Layer resblock_2: mean=0.000000303
[15:24:22] Layer resblock_3: mean=0.000000317
[15:24:22] Layer resblock_4: mean=0.000000311
[15:24:22] Layer resblock_5: mean=0.000000299
[15:24:23] Layer resblock_6: mean=0.000000285
[15:24:23] Layer resblock_7: mean=0.000000285
[15:24:24] Layer resblock_8: mean=0.000000294
[15:24:24] Layer resblock_9: mean=0.000000297
[15:24:24] Layer resblock_10: mean=0.000000314
[15:24:25] Layer resblock_11: mean=0.000000330
[15:24:25] Layer resblock_12: mean=0.000000341
[15:24:25] Layer resblock_13: mean=0.000000339
[15:24:26] Layer resblock_14: mean=0.000000334
[15:24:26] Layer resblock_15: mean=0.000000327
[15:24:26] Layer resblock_16: mean=0.000000318
[15:24:26] Layer resblock_17: mean=0.000000306
[15:24:27] Layer resblock_18: mean=0.000000292
[15:24:27] Layer resblock_19: mean=0.000000276
[15:24:27] Layer resblock_20: mean=0.000000260
[15:24:27] Layer resblock_21: mean=0.000000236
[15:24:28] Layer resblock_22: mean=0.000000187
[15:24:28] Layer resblock_23: mean=0.000000053
[15:24:28] ✅ oxford_flowers updated (N=1).
[15:24:28] 
🔍 Processing task: oxford_pet (delta=1)
[15:24:28] [OxfordPet] Loaded 1 samples (skipped 0), tensor torch.Size([1, 3, 224, 224])
[15:24:28] Layer resblock_0: mean=0.000000294
[15:24:29] Layer resblock_1: mean=0.000000259
[15:24:29] Layer resblock_2: mean=0.000000305
[15:24:30] Layer resblock_3: mean=0.000000330
[15:24:30] Layer resblock_4: mean=0.000000324
[15:24:30] Layer resblock_5: mean=0.000000314
[15:24:31] Layer resblock_6: mean=0.000000298
[15:24:31] Layer resblock_7: mean=0.000000297
[15:24:31] Layer resblock_8: mean=0.000000303
[15:24:32] Layer resblock_9: mean=0.000000311
[15:24:32] Layer resblock_10: mean=0.000000327
[15:24:32] Layer resblock_11: mean=0.000000343
[15:24:33] Layer resblock_12: mean=0.000000353
[15:24:33] Layer resblock_13: mean=0.000000358
[15:24:33] Layer resblock_14: mean=0.000000355
[15:24:34] Layer resblock_15: mean=0.000000350
[15:24:34] Layer resblock_16: mean=0.000000343
[15:24:34] Layer resblock_17: mean=0.000000334
[15:24:34] Layer resblock_18: mean=0.000000326
[15:24:35] Layer resblock_19: mean=0.000000310
[15:24:35] Layer resblock_20: mean=0.000000294
[15:24:35] Layer resblock_21: mean=0.000000264
[15:24:35] Layer resblock_22: mean=0.000000204
[15:24:36] Layer resblock_23: mean=0.000000063
[15:24:36] ✅ oxford_pet updated (N=1).
[15:24:36] 
🔍 Processing task: patch_camelyon (delta=1)
[15:24:36] [PatchCamelyon] Collected 32768 image paths from /root/autodl-tmp/modelselection/datasets/datasets/patch_camelyon/test.txt
[15:24:36] [PatchCamelyon] Loaded 1 samples (skipped 0), tensor torch.Size([1, 3, 224, 224])
[15:24:36] Layer resblock_0: mean=0.000000448
[15:24:36] Layer resblock_1: mean=0.000000370
[15:24:37] Layer resblock_2: mean=0.000000355
[15:24:37] Layer resblock_3: mean=0.000000340
[15:24:38] Layer resblock_4: mean=0.000000300
[15:24:38] Layer resblock_5: mean=0.000000267
[15:24:38] Layer resblock_6: mean=0.000000240
[15:24:39] Layer resblock_7: mean=0.000000235
[15:24:39] Layer resblock_8: mean=0.000000253
[15:24:39] Layer resblock_9: mean=0.000000258
[15:24:40] Layer resblock_10: mean=0.000000281
[15:24:40] Layer resblock_11: mean=0.000000300
[15:24:40] Layer resblock_12: mean=0.000000314
[15:24:41] Layer resblock_13: mean=0.000000323
[15:24:41] Layer resblock_14: mean=0.000000319
[15:24:41] Layer resblock_15: mean=0.000000314
[15:24:41] Layer resblock_16: mean=0.000000301
[15:24:42] Layer resblock_17: mean=0.000000293
[15:24:42] Layer resblock_18: mean=0.000000283
[15:24:42] Layer resblock_19: mean=0.000000269
[15:24:43] Layer resblock_20: mean=0.000000253
[15:24:43] Layer resblock_21: mean=0.000000227
[15:24:43] Layer resblock_22: mean=0.000000185
[15:24:43] Layer resblock_23: mean=0.000000056
[15:24:43] ✅ patch_camelyon updated (N=1).
[15:24:43] 
🔍 Processing task: renderedsst2 (delta=1)
[15:24:43] [RenderedSST2] Loaded 1 samples (skipped 0), tensor torch.Size([1, 3, 224, 224])
[15:24:44] Layer resblock_0: mean=0.000000403
[15:24:44] Layer resblock_1: mean=0.000000266
[15:24:44] Layer resblock_2: mean=0.000000281
[15:24:45] Layer resblock_3: mean=0.000000299
[15:24:45] Layer resblock_4: mean=0.000000279
[15:24:45] Layer resblock_5: mean=0.000000255
[15:24:46] Layer resblock_6: mean=0.000000232
[15:24:46] Layer resblock_7: mean=0.000000227
[15:24:47] Layer resblock_8: mean=0.000000227
[15:24:47] Layer resblock_9: mean=0.000000231
[15:24:47] Layer resblock_10: mean=0.000000243
[15:24:48] Layer resblock_11: mean=0.000000247
[15:24:48] Layer resblock_12: mean=0.000000249
[15:24:48] Layer resblock_13: mean=0.000000245
[15:24:49] Layer resblock_14: mean=0.000000242
[15:24:49] Layer resblock_15: mean=0.000000238
[15:24:49] Layer resblock_16: mean=0.000000231
[15:24:49] Layer resblock_17: mean=0.000000228
[15:24:49] Layer resblock_18: mean=0.000000221
[15:24:50] Layer resblock_19: mean=0.000000217
[15:24:50] Layer resblock_20: mean=0.000000206
[15:24:50] Layer resblock_21: mean=0.000000185
[15:24:51] Layer resblock_22: mean=0.000000149
[15:24:51] Layer resblock_23: mean=0.000000048
[15:24:51] ✅ renderedsst2 updated (N=1).
[15:24:51] 
🔍 Processing task: resisc45 (delta=1)
[15:24:51] [RESISC45] Collected 6300 images from /root/autodl-tmp/modelselection/datasets/datasets/resisc45/test.txt
[15:24:51] [RESISC45] Loaded 1 samples (skipped 0), tensor torch.Size([1, 3, 224, 224])
[15:24:51] Layer resblock_0: mean=0.000000339
[15:24:51] Layer resblock_1: mean=0.000000293
[15:24:52] Layer resblock_2: mean=0.000000298
[15:24:52] Layer resblock_3: mean=0.000000302
[15:24:53] Layer resblock_4: mean=0.000000284
[15:24:53] Layer resblock_5: mean=0.000000268
[15:24:54] Layer resblock_6: mean=0.000000250
[15:24:54] Layer resblock_7: mean=0.000000248
[15:24:54] Layer resblock_8: mean=0.000000258
[15:24:55] Layer resblock_9: mean=0.000000266
[15:24:55] Layer resblock_10: mean=0.000000288
[15:24:55] Layer resblock_11: mean=0.000000311
[15:24:56] Layer resblock_12: mean=0.000000327
[15:24:56] Layer resblock_13: mean=0.000000334
[15:24:56] Layer resblock_14: mean=0.000000331
[15:24:57] Layer resblock_15: mean=0.000000327
[15:24:57] Layer resblock_16: mean=0.000000316
[15:24:57] Layer resblock_17: mean=0.000000304
[15:24:57] Layer resblock_18: mean=0.000000293
[15:24:58] Layer resblock_19: mean=0.000000277
[15:24:58] Layer resblock_20: mean=0.000000254
[15:24:58] Layer resblock_21: mean=0.000000228
[15:24:58] Layer resblock_22: mean=0.000000186
[15:24:59] Layer resblock_23: mean=0.000000056
[15:24:59] ✅ resisc45 updated (N=1).
[15:24:59] 
🔍 Processing task: stl10 (delta=1)
[15:24:59] [STL10] Loaded 1 samples, tensor torch.Size([1, 3, 224, 224])
[15:24:59] Layer resblock_0: mean=0.000000350
[15:24:59] Layer resblock_1: mean=0.000000319
[15:25:00] Layer resblock_2: mean=0.000000329
[15:25:00] Layer resblock_3: mean=0.000000333
[15:25:01] Layer resblock_4: mean=0.000000311
[15:25:01] Layer resblock_5: mean=0.000000284
[15:25:02] Layer resblock_6: mean=0.000000261
[15:25:02] Layer resblock_7: mean=0.000000256
[15:25:02] Layer resblock_8: mean=0.000000271
[15:25:03] Layer resblock_9: mean=0.000000280
[15:25:03] Layer resblock_10: mean=0.000000299
[15:25:03] Layer resblock_11: mean=0.000000314
[15:25:04] Layer resblock_12: mean=0.000000322
[15:25:04] Layer resblock_13: mean=0.000000324
[15:25:04] Layer resblock_14: mean=0.000000323
[15:25:04] Layer resblock_15: mean=0.000000317
[15:25:05] Layer resblock_16: mean=0.000000308
[15:25:05] Layer resblock_17: mean=0.000000296
[15:25:05] Layer resblock_18: mean=0.000000283
[15:25:05] Layer resblock_19: mean=0.000000270
[15:25:05] Layer resblock_20: mean=0.000000249
[15:25:05] Layer resblock_21: mean=0.000000222
[15:25:06] Layer resblock_22: mean=0.000000175
[15:25:06] Layer resblock_23: mean=0.000000056
[15:25:06] ✅ stl10 updated (N=1).
[15:25:06] 
🔍 Processing task: sun397 (delta=1)
[15:25:06] [SUN397] Loaded 1 samples (skipped 0), tensor torch.Size([1, 3, 224, 224])
[15:25:06] Layer resblock_0: mean=0.000000367
[15:25:06] Layer resblock_1: mean=0.000000284
[15:25:06] Layer resblock_2: mean=0.000000290
[15:25:06] Layer resblock_3: mean=0.000000301
[15:25:07] Layer resblock_4: mean=0.000000293
[15:25:07] Layer resblock_5: mean=0.000000280
[15:25:07] Layer resblock_6: mean=0.000000270
[15:25:07] Layer resblock_7: mean=0.000000275
[15:25:07] Layer resblock_8: mean=0.000000288
[15:25:07] Layer resblock_9: mean=0.000000296
[15:25:07] Layer resblock_10: mean=0.000000313
[15:25:08] Layer resblock_11: mean=0.000000328
[15:25:08] Layer resblock_12: mean=0.000000337
[15:25:08] Layer resblock_13: mean=0.000000345
[15:25:08] Layer resblock_14: mean=0.000000344
[15:25:08] Layer resblock_15: mean=0.000000338
[15:25:08] Layer resblock_16: mean=0.000000327
[15:25:08] Layer resblock_17: mean=0.000000313
[15:25:09] Layer resblock_18: mean=0.000000302
[15:25:09] Layer resblock_19: mean=0.000000286
[15:25:09] Layer resblock_20: mean=0.000000264
[15:25:09] Layer resblock_21: mean=0.000000239
[15:25:09] Layer resblock_22: mean=0.000000195
[15:25:09] Layer resblock_23: mean=0.000000061
[15:25:09] ✅ sun397 updated (N=1).
[15:25:09] 
🔍 Processing task: svhn (delta=1)
[15:25:09] [SVHN] Loaded 1 samples (skipped 0), tensor torch.Size([1, 3, 224, 224])
[15:25:09] Layer resblock_0: mean=0.000000127
[15:25:09] Layer resblock_1: mean=0.000000085
[15:25:10] Layer resblock_2: mean=0.000000079
[15:25:10] Layer resblock_3: mean=0.000000080
[15:25:10] Layer resblock_4: mean=0.000000078
[15:25:10] Layer resblock_5: mean=0.000000079
[15:25:10] Layer resblock_6: mean=0.000000077
[15:25:11] Layer resblock_7: mean=0.000000083
[15:25:11] Layer resblock_8: mean=0.000000096
[15:25:11] Layer resblock_9: mean=0.000000102
[15:25:11] Layer resblock_10: mean=0.000000116
[15:25:11] Layer resblock_11: mean=0.000000127
[15:25:11] Layer resblock_12: mean=0.000000133
[15:25:11] Layer resblock_13: mean=0.000000134
[15:25:11] Layer resblock_14: mean=0.000000131
[15:25:12] Layer resblock_15: mean=0.000000128
[15:25:12] Layer resblock_16: mean=0.000000123
[15:25:12] Layer resblock_17: mean=0.000000118
[15:25:12] Layer resblock_18: mean=0.000000112
[15:25:12] Layer resblock_19: mean=0.000000107
[15:25:12] Layer resblock_20: mean=0.000000101
[15:25:12] Layer resblock_21: mean=0.000000098
[15:25:12] Layer resblock_22: mean=0.000000087
[15:25:12] Layer resblock_23: mean=0.000000045
[15:25:12] ✅ svhn updated (N=1).
[15:25:12] 
🔍 Processing task: voc_pose (delta=1)
[15:25:12] [VOC] Loaded 1 samples (skipped 0), tensor torch.Size([1, 3, 224, 224])
[15:25:13] Layer resblock_0: mean=0.000000333
[15:25:13] Layer resblock_1: mean=0.000000318
[15:25:13] Layer resblock_2: mean=0.000000333
[15:25:13] Layer resblock_3: mean=0.000000358
[15:25:13] Layer resblock_4: mean=0.000000352
[15:25:14] Layer resblock_5: mean=0.000000345
[15:25:14] Layer resblock_6: mean=0.000000335
[15:25:14] Layer resblock_7: mean=0.000000344
[15:25:14] Layer resblock_8: mean=0.000000350
[15:25:14] Layer resblock_9: mean=0.000000352
[15:25:14] Layer resblock_10: mean=0.000000366
[15:25:14] Layer resblock_11: mean=0.000000384
[15:25:15] Layer resblock_12: mean=0.000000398
[15:25:15] Layer resblock_13: mean=0.000000400
[15:25:15] Layer resblock_14: mean=0.000000393
[15:25:15] Layer resblock_15: mean=0.000000388
[15:25:15] Layer resblock_16: mean=0.000000379
[15:25:15] Layer resblock_17: mean=0.000000364
[15:25:15] Layer resblock_18: mean=0.000000351
[15:25:16] Layer resblock_19: mean=0.000000333
[15:25:16] Layer resblock_20: mean=0.000000304
[15:25:16] Layer resblock_21: mean=0.000000274
[15:25:16] Layer resblock_22: mean=0.000000223
[15:25:16] Layer resblock_23: mean=0.000000059
[15:25:16] ✅ voc_pose updated (N=1).
[15:25:16] ✅ Results saved for milestone 1.
