/root/miniconda3/envs/reason/lib/python3.10/site-packages/transformers/utils/hub.py:111: FutureWarning: Using `TRANSFORMERS_CACHE` is deprecated and will be removed in v5 of Transformers. Use `HF_HOME` instead.
  warnings.warn(
[16:00:37] Using device: cuda, seed: 55
[16:00:37] Parsing model identifier. Schema: None, Identifier: ViT-H-14
[16:00:37] Loaded built-in ViT-H-14 model config.
[16:00:38] Instantiating model architecture: CLIP
[16:00:43] Loading full pretrained weights from: /root/autodl-tmp/hf_cache/models--laion--CLIP-ViT-H-14-laion2B-s32B-b79K/snapshots/1c2b8495b28150b8a4922ee1c8edee224c284c0c/open_clip_model.safetensors
[16:00:44] Final image preprocessing configuration set: {'size': (224, 224), 'mode': 'RGB', 'mean': (0.48145466, 0.4578275, 0.40821073), 'std': (0.26862954, 0.26130258, 0.27577711), 'interpolation': 'bicubic', 'resize_mode': 'shortest', 'fill_color': 0}
[16:00:44] Model ViT-H-14 creation process complete.
[16:00:45] Detected VisionTransformer with 32 blocks.
[16:00:45] Model ViT-H-14 loaded (32 layers detected).
[16:00:45] Using ViT forward_func for ViT-H-14
[16:00:46] [FER2013] Column 'Usage' not found, using all rows.
[16:00:46] [FER2013] Loaded 28709 images from /root/autodl-tmp/modelselection/datasets/datasets/fer2013/train.csv
[16:00:46] [OxfordFlowers] Loaded split='test' with 6149 images from /root/autodl-tmp/modelselection/datasets/datasets/oxford_flowers
[16:00:46] [OxfordPet] Loaded split='test' with 3669 samples from /root/autodl-tmp/modelselection/datasets/datasets/oxford-pet/annotations/test.txt
[16:00:46] [RenderedSST2] Loaded 1821 images from /root/autodl-tmp/modelselection/datasets/datasets/renderedsst2/rendered-sst2/test
[16:00:46] [STL10] Loaded split='test' with 8000 images from /root/autodl-tmp/modelselection/datasets/datasets/stl10/stl10_binary/test_X.bin
[16:00:47] [SUN397] Loaded split='test' with 19850 images
[16:00:47] [SVHN] Loaded 26032 images from /root/autodl-tmp/modelselection/datasets/datasets/svhn/test.txt
[16:00:47] [VOC] Loaded 9963 images from annotations
[16:00:47] === Reaching milestone N=1 ===
[16:00:47] 
🔍 Processing task: car (delta=1)
[16:00:48] [Cars] Loaded 1 samples, tensor torch.Size([1, 3, 224, 224])
/root/autodl-tmp/modelselection/frame_v2/framework/conductance.py:20: FutureWarning: `torch.cuda.amp.autocast(args...)` is deprecated. Please use `torch.amp.autocast('cuda', args...)` instead.
  with torch.cuda.amp.autocast(enabled=use_amp):
[16:00:48] Layer resblock_0: mean=0.000006705
[16:00:49] Layer resblock_1: mean=0.000007823
[16:00:49] Layer resblock_2: mean=0.000009637
[16:00:50] Layer resblock_3: mean=0.000009917
[16:00:50] Layer resblock_4: mean=0.000009545
[16:00:51] Layer resblock_5: mean=0.000009101
[16:00:51] Layer resblock_6: mean=0.000008688
[16:00:51] Layer resblock_7: mean=0.000008494
[16:00:52] Layer resblock_8: mean=0.000007852
[16:00:52] Layer resblock_9: mean=0.000007412
[16:00:53] Layer resblock_10: mean=0.000007186
[16:00:53] Layer resblock_11: mean=0.000007253
[16:00:53] Layer resblock_12: mean=0.000007213
[16:00:54] Layer resblock_13: mean=0.000007528
[16:00:54] Layer resblock_14: mean=0.000007967
[16:00:55] Layer resblock_15: mean=0.000008302
[16:00:55] Layer resblock_16: mean=0.000008691
[16:00:56] Layer resblock_17: mean=0.000009304
[16:00:56] Layer resblock_18: mean=0.000009833
[16:00:56] Layer resblock_19: mean=0.000010405
[16:00:57] Layer resblock_20: mean=0.000010765
[16:00:57] Layer resblock_21: mean=0.000010942
[16:00:58] Layer resblock_22: mean=0.000011067
[16:00:58] Layer resblock_23: mean=0.000011116
[16:00:58] Layer resblock_24: mean=0.000011130
[16:00:59] Layer resblock_25: mean=0.000011006
[16:00:59] Layer resblock_26: mean=0.000010757
[16:00:59] Layer resblock_27: mean=0.000010336
[16:01:00] Layer resblock_28: mean=0.000009993
[16:01:00] Layer resblock_29: mean=0.000008876
[16:01:00] Layer resblock_30: mean=0.000005407
[16:01:01] Layer resblock_31: mean=0.000001409
[16:01:01] ✅ car updated (N=1).
[16:01:01] 
🔍 Processing task: cifar (delta=1)
[16:01:01] [CIFAR] Loaded 1 samples, tensor torch.Size([1, 3, 224, 224])
[16:01:01] Layer resblock_0: mean=0.000004886
[16:01:02] Layer resblock_1: mean=0.000005498
[16:01:03] Layer resblock_2: mean=0.000006537
[16:01:03] Layer resblock_3: mean=0.000006505
[16:01:04] Layer resblock_4: mean=0.000006290
[16:01:04] Layer resblock_5: mean=0.000006024
[16:01:05] Layer resblock_6: mean=0.000005973
[16:01:05] Layer resblock_7: mean=0.000005901
[16:01:06] Layer resblock_8: mean=0.000005584
[16:01:06] Layer resblock_9: mean=0.000005404
[16:01:07] Layer resblock_10: mean=0.000005366
[16:01:07] Layer resblock_11: mean=0.000005412
[16:01:08] Layer resblock_12: mean=0.000005515
[16:01:08] Layer resblock_13: mean=0.000005722
[16:01:09] Layer resblock_14: mean=0.000006078
[16:01:09] Layer resblock_15: mean=0.000006355
[16:01:10] Layer resblock_16: mean=0.000006631
[16:01:10] Layer resblock_17: mean=0.000007024
[16:01:11] Layer resblock_18: mean=0.000007260
[16:01:11] Layer resblock_19: mean=0.000007419
[16:01:11] Layer resblock_20: mean=0.000007439
[16:01:12] Layer resblock_21: mean=0.000007422
[16:01:12] Layer resblock_22: mean=0.000007457
[16:01:13] Layer resblock_23: mean=0.000007393
[16:01:13] Layer resblock_24: mean=0.000007259
[16:01:13] Layer resblock_25: mean=0.000007076
[16:01:14] Layer resblock_26: mean=0.000006746
[16:01:14] Layer resblock_27: mean=0.000006430
[16:01:14] Layer resblock_28: mean=0.000006047
[16:01:15] Layer resblock_29: mean=0.000005522
[16:01:15] Layer resblock_30: mean=0.000004083
[16:01:15] Layer resblock_31: mean=0.000001321
[16:01:15] ✅ cifar updated (N=1).
[16:01:15] 
🔍 Processing task: clevr (delta=1)
[16:01:15] [CLEVR] 15000 samples from /root/autodl-tmp/modelselection/datasets/datasets/clevr_count/test
[16:01:15] [CLEVR] Loaded 1 samples, tensor torch.Size([1, 3, 224, 224])
[16:01:16] Layer resblock_0: mean=0.000002610
[16:01:17] Layer resblock_1: mean=0.000003113
[16:01:17] Layer resblock_2: mean=0.000004114
[16:01:18] Layer resblock_3: mean=0.000004529
[16:01:18] Layer resblock_4: mean=0.000004534
[16:01:19] Layer resblock_5: mean=0.000004505
[16:01:19] Layer resblock_6: mean=0.000004445
[16:01:20] Layer resblock_7: mean=0.000004468
[16:01:20] Layer resblock_8: mean=0.000004387
[16:01:21] Layer resblock_9: mean=0.000004383
[16:01:22] Layer resblock_10: mean=0.000004501
[16:01:22] Layer resblock_11: mean=0.000004653
[16:01:23] Layer resblock_12: mean=0.000004763
[16:01:23] Layer resblock_13: mean=0.000005079
[16:01:24] Layer resblock_14: mean=0.000005452
[16:01:24] Layer resblock_15: mean=0.000005695
[16:01:25] Layer resblock_16: mean=0.000005874
[16:01:25] Layer resblock_17: mean=0.000006162
[16:01:25] Layer resblock_18: mean=0.000006413
[16:01:26] Layer resblock_19: mean=0.000006582
[16:01:26] Layer resblock_20: mean=0.000006707
[16:01:27] Layer resblock_21: mean=0.000006766
[16:01:27] Layer resblock_22: mean=0.000006821
[16:01:28] Layer resblock_23: mean=0.000006835
[16:01:28] Layer resblock_24: mean=0.000006820
[16:01:28] Layer resblock_25: mean=0.000006816
[16:01:29] Layer resblock_26: mean=0.000006688
[16:01:29] Layer resblock_27: mean=0.000006407
[16:01:29] Layer resblock_28: mean=0.000006119
[16:01:30] Layer resblock_29: mean=0.000005664
[16:01:30] Layer resblock_30: mean=0.000004151
[16:01:30] Layer resblock_31: mean=0.000001468
[16:01:30] ✅ clevr updated (N=1).
[16:01:30] 
🔍 Processing task: country (delta=1)
[16:01:30] [Country211] Loaded 1 samples, tensor torch.Size([1, 3, 224, 224])
[16:01:31] Layer resblock_0: mean=0.000005448
[16:01:31] Layer resblock_1: mean=0.000006267
[16:01:32] Layer resblock_2: mean=0.000007663
[16:01:33] Layer resblock_3: mean=0.000007821
[16:01:33] Layer resblock_4: mean=0.000007591
[16:01:34] Layer resblock_5: mean=0.000007299
[16:01:34] Layer resblock_6: mean=0.000007053
[16:01:35] Layer resblock_7: mean=0.000006932
[16:01:35] Layer resblock_8: mean=0.000006547
[16:01:36] Layer resblock_9: mean=0.000006304
[16:01:36] Layer resblock_10: mean=0.000006210
[16:01:37] Layer resblock_11: mean=0.000006274
[16:01:37] Layer resblock_12: mean=0.000006292
[16:01:38] Layer resblock_13: mean=0.000006552
[16:01:38] Layer resblock_14: mean=0.000007033
[16:01:39] Layer resblock_15: mean=0.000007318
[16:01:39] Layer resblock_16: mean=0.000007651
[16:01:40] Layer resblock_17: mean=0.000008197
[16:01:40] Layer resblock_18: mean=0.000008593
[16:01:41] Layer resblock_19: mean=0.000008938
[16:01:41] Layer resblock_20: mean=0.000009110
[16:01:41] Layer resblock_21: mean=0.000009259
[16:01:42] Layer resblock_22: mean=0.000009347
[16:01:42] Layer resblock_23: mean=0.000009371
[16:01:43] Layer resblock_24: mean=0.000009308
[16:01:43] Layer resblock_25: mean=0.000009217
[16:01:43] Layer resblock_26: mean=0.000008944
[16:01:44] Layer resblock_27: mean=0.000008611
[16:01:44] Layer resblock_28: mean=0.000007969
[16:01:44] Layer resblock_29: mean=0.000007310
[16:01:45] Layer resblock_30: mean=0.000005006
[16:01:45] Layer resblock_31: mean=0.000001434
[16:01:45] ✅ country updated (N=1).
[16:01:45] 
🔍 Processing task: dmlab (delta=1)
[16:01:45] [DMLab] Loaded 1 samples (skipped 0), tensor torch.Size([1, 3, 224, 224])
[16:01:46] Layer resblock_0: mean=0.000004346
[16:01:47] Layer resblock_1: mean=0.000005053
[16:01:47] Layer resblock_2: mean=0.000006226
[16:01:48] Layer resblock_3: mean=0.000006376
[16:01:49] Layer resblock_4: mean=0.000006218
[16:01:49] Layer resblock_5: mean=0.000006029
[16:01:50] Layer resblock_6: mean=0.000005931
[16:01:50] Layer resblock_7: mean=0.000005855
[16:01:51] Layer resblock_8: mean=0.000005688
[16:01:51] Layer resblock_9: mean=0.000005574
[16:01:52] Layer resblock_10: mean=0.000005532
[16:01:52] Layer resblock_11: mean=0.000005626
[16:01:53] Layer resblock_12: mean=0.000005729
[16:01:53] Layer resblock_13: mean=0.000005990
[16:01:53] Layer resblock_14: mean=0.000006274
[16:01:54] Layer resblock_15: mean=0.000006482
[16:01:54] Layer resblock_16: mean=0.000006685
[16:01:54] Layer resblock_17: mean=0.000007041
[16:01:55] Layer resblock_18: mean=0.000007264
[16:01:55] Layer resblock_19: mean=0.000007496
[16:01:55] Layer resblock_20: mean=0.000007518
[16:01:56] Layer resblock_21: mean=0.000007551
[16:01:56] Layer resblock_22: mean=0.000007593
[16:01:56] Layer resblock_23: mean=0.000007596
[16:01:56] Layer resblock_24: mean=0.000007550
[16:01:57] Layer resblock_25: mean=0.000007450
[16:01:57] Layer resblock_26: mean=0.000007188
[16:01:57] Layer resblock_27: mean=0.000006945
[16:01:57] Layer resblock_28: mean=0.000006536
[16:01:58] Layer resblock_29: mean=0.000005975
[16:01:58] Layer resblock_30: mean=0.000004571
[16:01:58] Layer resblock_31: mean=0.000001366
[16:01:58] ✅ dmlab updated (N=1).
[16:01:58] 
🔍 Processing task: dr (delta=1)
[16:01:58] [DR] Loaded 42670 paths from /root/autodl-tmp/modelselection/datasets/datasets/diabetic_retinopathy/test.txt
[16:01:58] [DR] Loaded 1 samples (skipped 0), tensor torch.Size([1, 3, 224, 224])
[16:01:58] Layer resblock_0: mean=0.000003127
[16:01:59] Layer resblock_1: mean=0.000004156
[16:01:59] Layer resblock_2: mean=0.000005455
[16:02:00] Layer resblock_3: mean=0.000005829
[16:02:00] Layer resblock_4: mean=0.000005888
[16:02:01] Layer resblock_5: mean=0.000005820
[16:02:01] Layer resblock_6: mean=0.000005715
[16:02:01] Layer resblock_7: mean=0.000005658
[16:02:02] Layer resblock_8: mean=0.000005471
[16:02:02] Layer resblock_9: mean=0.000005327
[16:02:02] Layer resblock_10: mean=0.000005275
[16:02:03] Layer resblock_11: mean=0.000005345
[16:02:03] Layer resblock_12: mean=0.000005373
[16:02:03] Layer resblock_13: mean=0.000005585
[16:02:03] Layer resblock_14: mean=0.000005883
[16:02:04] Layer resblock_15: mean=0.000005974
[16:02:04] Layer resblock_16: mean=0.000006168
[16:02:04] Layer resblock_17: mean=0.000006490
[16:02:04] Layer resblock_18: mean=0.000006786
[16:02:05] Layer resblock_19: mean=0.000006966
[16:02:05] Layer resblock_20: mean=0.000007076
[16:02:05] Layer resblock_21: mean=0.000007095
[16:02:06] Layer resblock_22: mean=0.000007223
[16:02:06] Layer resblock_23: mean=0.000007215
[16:02:06] Layer resblock_24: mean=0.000007202
[16:02:06] Layer resblock_25: mean=0.000007114
[16:02:07] Layer resblock_26: mean=0.000006900
[16:02:07] Layer resblock_27: mean=0.000006752
[16:02:07] Layer resblock_28: mean=0.000006666
[16:02:07] Layer resblock_29: mean=0.000006241
[16:02:08] Layer resblock_30: mean=0.000004564
[16:02:08] Layer resblock_31: mean=0.000001604
[16:02:08] ✅ dr updated (N=1).
[16:02:08] 
🔍 Processing task: dtd (delta=1)
[16:02:08] [DTD] Collected 5640 image paths from /root/autodl-tmp/modelselection/datasets/datasets/dtd/labels
[16:02:08] [DTD] Loaded 1 samples (skipped 0), tensor torch.Size([1, 3, 224, 224])
[16:02:08] Layer resblock_0: mean=0.000003695
[16:02:09] Layer resblock_1: mean=0.000004251
[16:02:09] Layer resblock_2: mean=0.000005154
[16:02:10] Layer resblock_3: mean=0.000005259
[16:02:10] Layer resblock_4: mean=0.000005166
[16:02:10] Layer resblock_5: mean=0.000004901
[16:02:11] Layer resblock_6: mean=0.000004658
[16:02:11] Layer resblock_7: mean=0.000004544
[16:02:11] Layer resblock_8: mean=0.000004291
[16:02:12] Layer resblock_9: mean=0.000004094
[16:02:12] Layer resblock_10: mean=0.000003954
[16:02:13] Layer resblock_11: mean=0.000003974
[16:02:13] Layer resblock_12: mean=0.000004093
[16:02:13] Layer resblock_13: mean=0.000004310
[16:02:14] Layer resblock_14: mean=0.000004629
[16:02:14] Layer resblock_15: mean=0.000004850
[16:02:14] Layer resblock_16: mean=0.000005027
[16:02:15] Layer resblock_17: mean=0.000005366
[16:02:15] Layer resblock_18: mean=0.000005607
[16:02:15] Layer resblock_19: mean=0.000005835
[16:02:15] Layer resblock_20: mean=0.000006033
[16:02:16] Layer resblock_21: mean=0.000006114
[16:02:16] Layer resblock_22: mean=0.000006167
[16:02:16] Layer resblock_23: mean=0.000006178
[16:02:17] Layer resblock_24: mean=0.000006205
[16:02:17] Layer resblock_25: mean=0.000006157
[16:02:17] Layer resblock_26: mean=0.000006092
[16:02:17] Layer resblock_27: mean=0.000006032
[16:02:18] Layer resblock_28: mean=0.000005897
[16:02:18] Layer resblock_29: mean=0.000005615
[16:02:18] Layer resblock_30: mean=0.000004509
[16:02:18] Layer resblock_31: mean=0.000001473
[16:02:18] ✅ dtd updated (N=1).
[16:02:18] 
🔍 Processing task: eurosat (delta=1)
[16:02:18] [EuroSAT] Collected 27000 images from 10 classes under /root/autodl-tmp/modelselection/datasets/datasets/eurosat/2750
[16:02:18] [EuroSAT] Loaded 1 samples (skipped 0), tensor torch.Size([1, 3, 224, 224])
[16:02:19] Layer resblock_0: mean=0.000003654
[16:02:19] Layer resblock_1: mean=0.000004237
[16:02:20] Layer resblock_2: mean=0.000005303
[16:02:20] Layer resblock_3: mean=0.000005514
[16:02:20] Layer resblock_4: mean=0.000005492
[16:02:21] Layer resblock_5: mean=0.000005405
[16:02:21] Layer resblock_6: mean=0.000005394
[16:02:22] Layer resblock_7: mean=0.000005317
[16:02:22] Layer resblock_8: mean=0.000005178
[16:02:22] Layer resblock_9: mean=0.000004996
[16:02:23] Layer resblock_10: mean=0.000004981
[16:02:23] Layer resblock_11: mean=0.000005025
[16:02:23] Layer resblock_12: mean=0.000005168
[16:02:24] Layer resblock_13: mean=0.000005407
[16:02:24] Layer resblock_14: mean=0.000005710
[16:02:24] Layer resblock_15: mean=0.000005976
[16:02:24] Layer resblock_16: mean=0.000006279
[16:02:25] Layer resblock_17: mean=0.000006663
[16:02:25] Layer resblock_18: mean=0.000006975
[16:02:25] Layer resblock_19: mean=0.000007165
[16:02:26] Layer resblock_20: mean=0.000007280
[16:02:26] Layer resblock_21: mean=0.000007207
[16:02:26] Layer resblock_22: mean=0.000007160
[16:02:26] Layer resblock_23: mean=0.000007098
[16:02:27] Layer resblock_24: mean=0.000006963
[16:02:27] Layer resblock_25: mean=0.000006858
[16:02:27] Layer resblock_26: mean=0.000006583
[16:02:27] Layer resblock_27: mean=0.000006357
[16:02:28] Layer resblock_28: mean=0.000006029
[16:02:28] Layer resblock_29: mean=0.000005482
[16:02:28] Layer resblock_30: mean=0.000004213
[16:02:28] Layer resblock_31: mean=0.000001375
[16:02:28] ✅ eurosat updated (N=1).
[16:02:28] 
🔍 Processing task: fer2013 (delta=1)
[16:02:28] [FER2013] Loaded 1 samples (skipped 0), tensor torch.Size([1, 3, 224, 224])
[16:02:29] Layer resblock_0: mean=0.000003781
[16:02:29] Layer resblock_1: mean=0.000004406
[16:02:30] Layer resblock_2: mean=0.000005436
[16:02:30] Layer resblock_3: mean=0.000005651
[16:02:30] Layer resblock_4: mean=0.000005558
[16:02:31] Layer resblock_5: mean=0.000005348
[16:02:31] Layer resblock_6: mean=0.000005198
[16:02:31] Layer resblock_7: mean=0.000005200
[16:02:32] Layer resblock_8: mean=0.000005053
[16:02:32] Layer resblock_9: mean=0.000004987
[16:02:33] Layer resblock_10: mean=0.000005021
[16:02:33] Layer resblock_11: mean=0.000005202
[16:02:33] Layer resblock_12: mean=0.000005360
[16:02:33] Layer resblock_13: mean=0.000005726
[16:02:34] Layer resblock_14: mean=0.000006172
[16:02:34] Layer resblock_15: mean=0.000006421
[16:02:34] Layer resblock_16: mean=0.000006698
[16:02:35] Layer resblock_17: mean=0.000007057
[16:02:35] Layer resblock_18: mean=0.000007255
[16:02:35] Layer resblock_19: mean=0.000007337
[16:02:36] Layer resblock_20: mean=0.000007402
[16:02:36] Layer resblock_21: mean=0.000007427
[16:02:36] Layer resblock_22: mean=0.000007415
[16:02:36] Layer resblock_23: mean=0.000007346
[16:02:37] Layer resblock_24: mean=0.000007317
[16:02:37] Layer resblock_25: mean=0.000007101
[16:02:37] Layer resblock_26: mean=0.000006930
[16:02:37] Layer resblock_27: mean=0.000006702
[16:02:38] Layer resblock_28: mean=0.000006450
[16:02:38] Layer resblock_29: mean=0.000006006
[16:02:38] Layer resblock_30: mean=0.000004327
[16:02:38] Layer resblock_31: mean=0.000001421
[16:02:38] ✅ fer2013 updated (N=1).
[16:02:38] 
🔍 Processing task: gtsrb (delta=1)
[16:02:38] [GTSRB] Collected 12630 test images.
[16:02:38] [GTSRB] Loaded 1 samples (skipped 0), tensor torch.Size([1, 3, 224, 224])
[16:02:39] Layer resblock_0: mean=0.000004207
[16:02:39] Layer resblock_1: mean=0.000004424
[16:02:40] Layer resblock_2: mean=0.000005096
[16:02:40] Layer resblock_3: mean=0.000005218
[16:02:40] Layer resblock_4: mean=0.000005037
[16:02:41] Layer resblock_5: mean=0.000004857
[16:02:41] Layer resblock_6: mean=0.000004819
[16:02:42] Layer resblock_7: mean=0.000004754
[16:02:42] Layer resblock_8: mean=0.000004578
[16:02:42] Layer resblock_9: mean=0.000004492
[16:02:43] Layer resblock_10: mean=0.000004505
[16:02:43] Layer resblock_11: mean=0.000004614
[16:02:43] Layer resblock_12: mean=0.000004784
[16:02:44] Layer resblock_13: mean=0.000005029
[16:02:44] Layer resblock_14: mean=0.000005474
[16:02:44] Layer resblock_15: mean=0.000005724
[16:02:45] Layer resblock_16: mean=0.000005934
[16:02:45] Layer resblock_17: mean=0.000006210
[16:02:45] Layer resblock_18: mean=0.000006452
[16:02:46] Layer resblock_19: mean=0.000006587
[16:02:46] Layer resblock_20: mean=0.000006634
[16:02:46] Layer resblock_21: mean=0.000006610
[16:02:46] Layer resblock_22: mean=0.000006683
[16:02:47] Layer resblock_23: mean=0.000006687
[16:02:47] Layer resblock_24: mean=0.000006653
[16:02:47] Layer resblock_25: mean=0.000006564
[16:02:47] Layer resblock_26: mean=0.000006373
[16:02:48] Layer resblock_27: mean=0.000006156
[16:02:48] Layer resblock_28: mean=0.000005919
[16:02:48] Layer resblock_29: mean=0.000005484
[16:02:48] Layer resblock_30: mean=0.000004438
[16:02:49] Layer resblock_31: mean=0.000001381
[16:02:49] ✅ gtsrb updated (N=1).
[16:02:49] 
🔍 Processing task: kitti (delta=1)
[16:02:49] [KITTI] Collected 711 images from /root/autodl-tmp/modelselection/datasets/datasets/kitti/test.txt
[16:02:49] [KITTI] Loaded 1 samples (skipped 0), tensor torch.Size([1, 3, 224, 224])
[16:02:49] Layer resblock_0: mean=0.000003573
[16:02:49] Layer resblock_1: mean=0.000004147
[16:02:50] Layer resblock_2: mean=0.000005169
[16:02:50] Layer resblock_3: mean=0.000005399
[16:02:51] Layer resblock_4: mean=0.000005265
[16:02:51] Layer resblock_5: mean=0.000005070
[16:02:51] Layer resblock_6: mean=0.000005001
[16:02:52] Layer resblock_7: mean=0.000005005
[16:02:52] Layer resblock_8: mean=0.000004864
[16:02:52] Layer resblock_9: mean=0.000004771
[16:02:53] Layer resblock_10: mean=0.000004862
[16:02:53] Layer resblock_11: mean=0.000004994
[16:02:54] Layer resblock_12: mean=0.000005101
[16:02:54] Layer resblock_13: mean=0.000005385
[16:02:54] Layer resblock_14: mean=0.000005738
[16:02:55] Layer resblock_15: mean=0.000005982
[16:02:55] Layer resblock_16: mean=0.000006213
[16:02:55] Layer resblock_17: mean=0.000006533
[16:02:56] Layer resblock_18: mean=0.000006675
[16:02:56] Layer resblock_19: mean=0.000006747
[16:02:56] Layer resblock_20: mean=0.000006798
[16:02:56] Layer resblock_21: mean=0.000006804
[16:02:57] Layer resblock_22: mean=0.000006824
[16:02:57] Layer resblock_23: mean=0.000006773
[16:02:57] Layer resblock_24: mean=0.000006704
[16:02:58] Layer resblock_25: mean=0.000006646
[16:02:58] Layer resblock_26: mean=0.000006442
[16:02:58] Layer resblock_27: mean=0.000006232
[16:02:58] Layer resblock_28: mean=0.000005899
[16:02:59] Layer resblock_29: mean=0.000005458
[16:02:59] Layer resblock_30: mean=0.000004068
[16:02:59] Layer resblock_31: mean=0.000001379
[16:02:59] ✅ kitti updated (N=1).
[16:02:59] 
🔍 Processing task: mnist (delta=1)
[16:02:59] [MNIST] Loaded split='test' with 10000 samples from data/mnist
[16:02:59] [MNIST] Loaded 1 samples, tensor torch.Size([1, 3, 224, 224])
[16:02:59] Layer resblock_0: mean=0.000003316
[16:03:00] Layer resblock_1: mean=0.000003679
[16:03:00] Layer resblock_2: mean=0.000004303
[16:03:01] Layer resblock_3: mean=0.000004483
[16:03:01] Layer resblock_4: mean=0.000004436
[16:03:01] Layer resblock_5: mean=0.000004300
[16:03:02] Layer resblock_6: mean=0.000004252
[16:03:02] Layer resblock_7: mean=0.000004313
[16:03:03] Layer resblock_8: mean=0.000004293
[16:03:03] Layer resblock_9: mean=0.000004298
[16:03:03] Layer resblock_10: mean=0.000004451
[16:03:04] Layer resblock_11: mean=0.000004687
[16:03:04] Layer resblock_12: mean=0.000004905
[16:03:04] Layer resblock_13: mean=0.000005336
[16:03:04] Layer resblock_14: mean=0.000005795
[16:03:05] Layer resblock_15: mean=0.000006005
[16:03:05] Layer resblock_16: mean=0.000006315
[16:03:06] Layer resblock_17: mean=0.000006642
[16:03:06] Layer resblock_18: mean=0.000006932
[16:03:06] Layer resblock_19: mean=0.000007017
[16:03:06] Layer resblock_20: mean=0.000007051
[16:03:07] Layer resblock_21: mean=0.000006969
[16:03:07] Layer resblock_22: mean=0.000006935
[16:03:07] Layer resblock_23: mean=0.000006837
[16:03:08] Layer resblock_24: mean=0.000006722
[16:03:08] Layer resblock_25: mean=0.000006611
[16:03:08] Layer resblock_26: mean=0.000006366
[16:03:08] Layer resblock_27: mean=0.000006088
[16:03:08] Layer resblock_28: mean=0.000005754
[16:03:09] Layer resblock_29: mean=0.000005276
[16:03:09] Layer resblock_30: mean=0.000004223
[16:03:09] Layer resblock_31: mean=0.000001324
[16:03:09] ✅ mnist updated (N=1).
[16:03:09] 
🔍 Processing task: oxford_flowers (delta=1)
[16:03:09] [OxfordFlowers] Loaded 1 samples (skipped 0), tensor torch.Size([1, 3, 224, 224])
[16:03:10] Layer resblock_0: mean=0.000003191
[16:03:10] Layer resblock_1: mean=0.000003807
[16:03:10] Layer resblock_2: mean=0.000004845
[16:03:11] Layer resblock_3: mean=0.000005060
[16:03:11] Layer resblock_4: mean=0.000005024
[16:03:11] Layer resblock_5: mean=0.000004922
[16:03:12] Layer resblock_6: mean=0.000004810
[16:03:12] Layer resblock_7: mean=0.000004794
[16:03:13] Layer resblock_8: mean=0.000004648
[16:03:13] Layer resblock_9: mean=0.000004539
[16:03:13] Layer resblock_10: mean=0.000004547
[16:03:14] Layer resblock_11: mean=0.000004663
[16:03:14] Layer resblock_12: mean=0.000004802
[16:03:14] Layer resblock_13: mean=0.000005133
[16:03:15] Layer resblock_14: mean=0.000005557
[16:03:15] Layer resblock_15: mean=0.000005872
[16:03:15] Layer resblock_16: mean=0.000006189
[16:03:16] Layer resblock_17: mean=0.000006578
[16:03:16] Layer resblock_18: mean=0.000006932
[16:03:16] Layer resblock_19: mean=0.000007264
[16:03:17] Layer resblock_20: mean=0.000007419
[16:03:17] Layer resblock_21: mean=0.000007548
[16:03:17] Layer resblock_22: mean=0.000007625
[16:03:17] Layer resblock_23: mean=0.000007638
[16:03:18] Layer resblock_24: mean=0.000007667
[16:03:18] Layer resblock_25: mean=0.000007656
[16:03:18] Layer resblock_26: mean=0.000007509
[16:03:18] Layer resblock_27: mean=0.000007233
[16:03:19] Layer resblock_28: mean=0.000006929
[16:03:19] Layer resblock_29: mean=0.000006438
[16:03:19] Layer resblock_30: mean=0.000004497
[16:03:19] Layer resblock_31: mean=0.000001387
[16:03:19] ✅ oxford_flowers updated (N=1).
[16:03:19] 
🔍 Processing task: oxford_pet (delta=1)
[16:03:19] [OxfordPet] Loaded 1 samples (skipped 0), tensor torch.Size([1, 3, 224, 224])
[16:03:20] Layer resblock_0: mean=0.000003627
[16:03:20] Layer resblock_1: mean=0.000004351
[16:03:20] Layer resblock_2: mean=0.000005337
[16:03:21] Layer resblock_3: mean=0.000005490
[16:03:21] Layer resblock_4: mean=0.000005392
[16:03:22] Layer resblock_5: mean=0.000005246
[16:03:22] Layer resblock_6: mean=0.000005153
[16:03:22] Layer resblock_7: mean=0.000005097
[16:03:23] Layer resblock_8: mean=0.000004945
[16:03:23] Layer resblock_9: mean=0.000004853
[16:03:23] Layer resblock_10: mean=0.000004878
[16:03:24] Layer resblock_11: mean=0.000005044
[16:03:24] Layer resblock_12: mean=0.000005205
[16:03:24] Layer resblock_13: mean=0.000005567
[16:03:24] Layer resblock_14: mean=0.000006005
[16:03:25] Layer resblock_15: mean=0.000006274
[16:03:25] Layer resblock_16: mean=0.000006643
[16:03:25] Layer resblock_17: mean=0.000007030
[16:03:25] Layer resblock_18: mean=0.000007295
[16:03:26] Layer resblock_19: mean=0.000007543
[16:03:26] Layer resblock_20: mean=0.000007617
[16:03:26] Layer resblock_21: mean=0.000007676
[16:03:26] Layer resblock_22: mean=0.000007743
[16:03:26] Layer resblock_23: mean=0.000007751
[16:03:26] Layer resblock_24: mean=0.000007712
[16:03:27] Layer resblock_25: mean=0.000007649
[16:03:27] Layer resblock_26: mean=0.000007529
[16:03:27] Layer resblock_27: mean=0.000007285
[16:03:27] Layer resblock_28: mean=0.000006984
[16:03:27] Layer resblock_29: mean=0.000006458
[16:03:27] Layer resblock_30: mean=0.000004658
[16:03:28] Layer resblock_31: mean=0.000001353
[16:03:28] ✅ oxford_pet updated (N=1).
[16:03:28] 
🔍 Processing task: patch_camelyon (delta=1)
[16:03:28] [PatchCamelyon] Collected 32768 image paths from /root/autodl-tmp/modelselection/datasets/datasets/patch_camelyon/test.txt
[16:03:28] [PatchCamelyon] Loaded 1 samples (skipped 0), tensor torch.Size([1, 3, 224, 224])
[16:03:28] Layer resblock_0: mean=0.000004562
[16:03:28] Layer resblock_1: mean=0.000005307
[16:03:28] Layer resblock_2: mean=0.000006772
[16:03:29] Layer resblock_3: mean=0.000006774
[16:03:29] Layer resblock_4: mean=0.000006571
[16:03:29] Layer resblock_5: mean=0.000006324
[16:03:29] Layer resblock_6: mean=0.000006160
[16:03:30] Layer resblock_7: mean=0.000005991
[16:03:30] Layer resblock_8: mean=0.000005709
[16:03:30] Layer resblock_9: mean=0.000005424
[16:03:30] Layer resblock_10: mean=0.000005251
[16:03:31] Layer resblock_11: mean=0.000005202
[16:03:31] Layer resblock_12: mean=0.000005303
[16:03:31] Layer resblock_13: mean=0.000005563
[16:03:31] Layer resblock_14: mean=0.000005933
[16:03:31] Layer resblock_15: mean=0.000006212
[16:03:32] Layer resblock_16: mean=0.000006601
[16:03:32] Layer resblock_17: mean=0.000007062
[16:03:32] Layer resblock_18: mean=0.000007432
[16:03:32] Layer resblock_19: mean=0.000007581
[16:03:32] Layer resblock_20: mean=0.000007679
[16:03:33] Layer resblock_21: mean=0.000007636
[16:03:33] Layer resblock_22: mean=0.000007652
[16:03:33] Layer resblock_23: mean=0.000007602
[16:03:33] Layer resblock_24: mean=0.000007481
[16:03:33] Layer resblock_25: mean=0.000007379
[16:03:33] Layer resblock_26: mean=0.000007223
[16:03:34] Layer resblock_27: mean=0.000007007
[16:03:34] Layer resblock_28: mean=0.000006657
[16:03:34] Layer resblock_29: mean=0.000005973
[16:03:34] Layer resblock_30: mean=0.000004548
[16:03:34] Layer resblock_31: mean=0.000001406
[16:03:34] ✅ patch_camelyon updated (N=1).
[16:03:34] 
🔍 Processing task: renderedsst2 (delta=1)
[16:03:34] [RenderedSST2] Loaded 1 samples (skipped 0), tensor torch.Size([1, 3, 224, 224])
[16:03:34] Layer resblock_0: mean=0.000005045
[16:03:35] Layer resblock_1: mean=0.000005582
[16:03:35] Layer resblock_2: mean=0.000006796
[16:03:35] Layer resblock_3: mean=0.000006865
[16:03:35] Layer resblock_4: mean=0.000006749
[16:03:36] Layer resblock_5: mean=0.000006393
[16:03:36] Layer resblock_6: mean=0.000006236
[16:03:36] Layer resblock_7: mean=0.000006083
[16:03:36] Layer resblock_8: mean=0.000005826
[16:03:37] Layer resblock_9: mean=0.000005690
[16:03:37] Layer resblock_10: mean=0.000005663
[16:03:37] Layer resblock_11: mean=0.000005752
[16:03:37] Layer resblock_12: mean=0.000005757
[16:03:37] Layer resblock_13: mean=0.000005980
[16:03:38] Layer resblock_14: mean=0.000006293
[16:03:38] Layer resblock_15: mean=0.000006404
[16:03:38] Layer resblock_16: mean=0.000006591
[16:03:38] Layer resblock_17: mean=0.000006914
[16:03:38] Layer resblock_18: mean=0.000007167
[16:03:39] Layer resblock_19: mean=0.000007337
[16:03:39] Layer resblock_20: mean=0.000007352
[16:03:39] Layer resblock_21: mean=0.000007430
[16:03:39] Layer resblock_22: mean=0.000007537
[16:03:39] Layer resblock_23: mean=0.000007627
[16:03:40] Layer resblock_24: mean=0.000007675
[16:03:40] Layer resblock_25: mean=0.000007706
[16:03:40] Layer resblock_26: mean=0.000007592
[16:03:40] Layer resblock_27: mean=0.000007256
[16:03:40] Layer resblock_28: mean=0.000006938
[16:03:40] Layer resblock_29: mean=0.000006320
[16:03:41] Layer resblock_30: mean=0.000004872
[16:03:41] Layer resblock_31: mean=0.000001318
[16:03:41] ✅ renderedsst2 updated (N=1).
[16:03:41] 
🔍 Processing task: resisc45 (delta=1)
[16:03:41] [RESISC45] Collected 6300 images from /root/autodl-tmp/modelselection/datasets/datasets/resisc45/test.txt
[16:03:41] [RESISC45] Loaded 1 samples (skipped 0), tensor torch.Size([1, 3, 224, 224])
[16:03:41] Layer resblock_0: mean=0.000003194
[16:03:41] Layer resblock_1: mean=0.000003833
[16:03:42] Layer resblock_2: mean=0.000004889
[16:03:42] Layer resblock_3: mean=0.000005106
[16:03:42] Layer resblock_4: mean=0.000005083
[16:03:42] Layer resblock_5: mean=0.000005005
[16:03:42] Layer resblock_6: mean=0.000004967
[16:03:43] Layer resblock_7: mean=0.000004963
[16:03:43] Layer resblock_8: mean=0.000004847
[16:03:43] Layer resblock_9: mean=0.000004732
[16:03:43] Layer resblock_10: mean=0.000004751
[16:03:44] Layer resblock_11: mean=0.000004922
[16:03:44] Layer resblock_12: mean=0.000005081
[16:03:44] Layer resblock_13: mean=0.000005447
[16:03:44] Layer resblock_14: mean=0.000005861
[16:03:44] Layer resblock_15: mean=0.000006075
[16:03:45] Layer resblock_16: mean=0.000006599
[16:03:45] Layer resblock_17: mean=0.000007030
[16:03:45] Layer resblock_18: mean=0.000007387
[16:03:45] Layer resblock_19: mean=0.000007723
[16:03:45] Layer resblock_20: mean=0.000007890
[16:03:46] Layer resblock_21: mean=0.000007867
[16:03:46] Layer resblock_22: mean=0.000007915
[16:03:46] Layer resblock_23: mean=0.000007844
[16:03:46] Layer resblock_24: mean=0.000007813
[16:03:46] Layer resblock_25: mean=0.000007680
[16:03:47] Layer resblock_26: mean=0.000007505
[16:03:47] Layer resblock_27: mean=0.000007241
[16:03:47] Layer resblock_28: mean=0.000006912
[16:03:47] Layer resblock_29: mean=0.000006371
[16:03:47] Layer resblock_30: mean=0.000004663
[16:03:47] Layer resblock_31: mean=0.000001378
[16:03:47] ✅ resisc45 updated (N=1).
[16:03:47] 
🔍 Processing task: stl10 (delta=1)
[16:03:47] [STL10] Loaded 1 samples, tensor torch.Size([1, 3, 224, 224])
[16:03:48] Layer resblock_0: mean=0.000004020
[16:03:48] Layer resblock_1: mean=0.000004771
[16:03:48] Layer resblock_2: mean=0.000006032
[16:03:48] Layer resblock_3: mean=0.000006205
[16:03:49] Layer resblock_4: mean=0.000006119
[16:03:49] Layer resblock_5: mean=0.000005996
[16:03:49] Layer resblock_6: mean=0.000005852
[16:03:49] Layer resblock_7: mean=0.000005777
[16:03:49] Layer resblock_8: mean=0.000005497
[16:03:50] Layer resblock_9: mean=0.000005329
[16:03:50] Layer resblock_10: mean=0.000005291
[16:03:50] Layer resblock_11: mean=0.000005314
[16:03:50] Layer resblock_12: mean=0.000005454
[16:03:51] Layer resblock_13: mean=0.000005697
[16:03:51] Layer resblock_14: mean=0.000006025
[16:03:51] Layer resblock_15: mean=0.000006237
[16:03:51] Layer resblock_16: mean=0.000006534
[16:03:51] Layer resblock_17: mean=0.000006932
[16:03:52] Layer resblock_18: mean=0.000007186
[16:03:52] Layer resblock_19: mean=0.000007360
[16:03:52] Layer resblock_20: mean=0.000007498
[16:03:52] Layer resblock_21: mean=0.000007546
[16:03:52] Layer resblock_22: mean=0.000007623
[16:03:52] Layer resblock_23: mean=0.000007516
[16:03:53] Layer resblock_24: mean=0.000007376
[16:03:53] Layer resblock_25: mean=0.000007278
[16:03:53] Layer resblock_26: mean=0.000007020
[16:03:53] Layer resblock_27: mean=0.000006736
[16:03:53] Layer resblock_28: mean=0.000006376
[16:03:53] Layer resblock_29: mean=0.000005876
[16:03:54] Layer resblock_30: mean=0.000004424
[16:03:54] Layer resblock_31: mean=0.000001387
[16:03:54] ✅ stl10 updated (N=1).
[16:03:54] 
🔍 Processing task: sun397 (delta=1)
[16:03:54] [SUN397] Loaded 1 samples (skipped 0), tensor torch.Size([1, 3, 224, 224])
[16:03:54] Layer resblock_0: mean=0.000004248
[16:03:54] Layer resblock_1: mean=0.000005016
[16:03:54] Layer resblock_2: mean=0.000006206
[16:03:55] Layer resblock_3: mean=0.000006438
[16:03:55] Layer resblock_4: mean=0.000006354
[16:03:55] Layer resblock_5: mean=0.000006222
[16:03:55] Layer resblock_6: mean=0.000006134
[16:03:56] Layer resblock_7: mean=0.000006119
[16:03:56] Layer resblock_8: mean=0.000005998
[16:03:56] Layer resblock_9: mean=0.000005921
[16:03:56] Layer resblock_10: mean=0.000005905
[16:03:57] Layer resblock_11: mean=0.000006047
[16:03:57] Layer resblock_12: mean=0.000006174
[16:03:57] Layer resblock_13: mean=0.000006472
[16:03:57] Layer resblock_14: mean=0.000006840
[16:03:57] Layer resblock_15: mean=0.000007048
[16:03:58] Layer resblock_16: mean=0.000007365
[16:03:58] Layer resblock_17: mean=0.000007723
[16:03:58] Layer resblock_18: mean=0.000007994
[16:03:58] Layer resblock_19: mean=0.000008197
[16:03:58] Layer resblock_20: mean=0.000008451
[16:03:59] Layer resblock_21: mean=0.000008708
[16:03:59] Layer resblock_22: mean=0.000008702
[16:03:59] Layer resblock_23: mean=0.000008689
[16:03:59] Layer resblock_24: mean=0.000008703
[16:03:59] Layer resblock_25: mean=0.000008670
[16:03:59] Layer resblock_26: mean=0.000008478
[16:04:00] Layer resblock_27: mean=0.000008212
[16:04:00] Layer resblock_28: mean=0.000007712
[16:04:00] Layer resblock_29: mean=0.000007097
[16:04:00] Layer resblock_30: mean=0.000005014
[16:04:00] Layer resblock_31: mean=0.000001528
[16:04:00] ✅ sun397 updated (N=1).
[16:04:00] 
🔍 Processing task: svhn (delta=1)
[16:04:00] [SVHN] Loaded 1 samples (skipped 0), tensor torch.Size([1, 3, 224, 224])
[16:04:01] Layer resblock_0: mean=0.000002420
[16:04:01] Layer resblock_1: mean=0.000002617
[16:04:01] Layer resblock_2: mean=0.000003166
[16:04:01] Layer resblock_3: mean=0.000003341
[16:04:02] Layer resblock_4: mean=0.000003300
[16:04:02] Layer resblock_5: mean=0.000003220
[16:04:02] Layer resblock_6: mean=0.000003213
[16:04:02] Layer resblock_7: mean=0.000003262
[16:04:02] Layer resblock_8: mean=0.000003231
[16:04:03] Layer resblock_9: mean=0.000003297
[16:04:03] Layer resblock_10: mean=0.000003408
[16:04:03] Layer resblock_11: mean=0.000003554
[16:04:03] Layer resblock_12: mean=0.000003735
[16:04:04] Layer resblock_13: mean=0.000004044
[16:04:04] Layer resblock_14: mean=0.000004430
[16:04:04] Layer resblock_15: mean=0.000004588
[16:04:04] Layer resblock_16: mean=0.000004807
[16:04:04] Layer resblock_17: mean=0.000005044
[16:04:05] Layer resblock_18: mean=0.000005203
[16:04:05] Layer resblock_19: mean=0.000005326
[16:04:05] Layer resblock_20: mean=0.000005391
[16:04:05] Layer resblock_21: mean=0.000005387
[16:04:05] Layer resblock_22: mean=0.000005404
[16:04:06] Layer resblock_23: mean=0.000005368
[16:04:06] Layer resblock_24: mean=0.000005328
[16:04:06] Layer resblock_25: mean=0.000005242
[16:04:06] Layer resblock_26: mean=0.000005083
[16:04:06] Layer resblock_27: mean=0.000005005
[16:04:06] Layer resblock_28: mean=0.000004815
[16:04:06] Layer resblock_29: mean=0.000004564
[16:04:07] Layer resblock_30: mean=0.000003765
[16:04:07] Layer resblock_31: mean=0.000001340
[16:04:07] ✅ svhn updated (N=1).
[16:04:07] 
🔍 Processing task: voc_pose (delta=1)
[16:04:07] [VOC] Loaded 1 samples (skipped 0), tensor torch.Size([1, 3, 224, 224])
[16:04:07] Layer resblock_0: mean=0.000003775
[16:04:07] Layer resblock_1: mean=0.000004745
[16:04:08] Layer resblock_2: mean=0.000006182
[16:04:08] Layer resblock_3: mean=0.000006587
[16:04:08] Layer resblock_4: mean=0.000006448
[16:04:08] Layer resblock_5: mean=0.000006301
[16:04:09] Layer resblock_6: mean=0.000006187
[16:04:09] Layer resblock_7: mean=0.000006164
[16:04:09] Layer resblock_8: mean=0.000005809
[16:04:09] Layer resblock_9: mean=0.000005615
[16:04:09] Layer resblock_10: mean=0.000005538
[16:04:10] Layer resblock_11: mean=0.000005575
[16:04:10] Layer resblock_12: mean=0.000005640
[16:04:10] Layer resblock_13: mean=0.000006077
[16:04:10] Layer resblock_14: mean=0.000006357
[16:04:11] Layer resblock_15: mean=0.000006440
[16:04:11] Layer resblock_16: mean=0.000006685
[16:04:11] Layer resblock_17: mean=0.000007019
[16:04:11] Layer resblock_18: mean=0.000007291
[16:04:11] Layer resblock_19: mean=0.000007530
[16:04:11] Layer resblock_20: mean=0.000007692
[16:04:12] Layer resblock_21: mean=0.000007837
[16:04:12] Layer resblock_22: mean=0.000007991
[16:04:12] Layer resblock_23: mean=0.000008038
[16:04:12] Layer resblock_24: mean=0.000008062
[16:04:12] Layer resblock_25: mean=0.000008076
[16:04:12] Layer resblock_26: mean=0.000007928
[16:04:13] Layer resblock_27: mean=0.000007693
[16:04:13] Layer resblock_28: mean=0.000007473
[16:04:13] Layer resblock_29: mean=0.000006837
[16:04:13] Layer resblock_30: mean=0.000004943
[16:04:13] Layer resblock_31: mean=0.000001636
[16:04:13] ✅ voc_pose updated (N=1).
[16:04:13] ✅ Results saved for milestone 1.
