/root/miniconda3/envs/reason/lib/python3.10/site-packages/transformers/utils/hub.py:111: FutureWarning: Using `TRANSFORMERS_CACHE` is deprecated and will be removed in v5 of Transformers. Use `HF_HOME` instead.
  warnings.warn(
[15:19:25] Using device: cuda, seed: 55
[15:19:25] Parsing model identifier. Schema: None, Identifier: ViT-B-32
[15:19:25] Loaded built-in ViT-B-32 model config.
[15:19:26] Instantiating model architecture: CLIP
[15:19:27] Loading full pretrained weights from: /root/autodl-tmp/hf_cache/models--timm--vit_base_patch32_clip_224.laion2b_e16/snapshots/825e019510c276bde39060d9bc8925d901acde74/open_clip_model.safetensors
[15:19:27] Final image preprocessing configuration set: {'size': (224, 224), 'mode': 'RGB', 'mean': (0.48145466, 0.4578275, 0.40821073), 'std': (0.26862954, 0.26130258, 0.27577711), 'interpolation': 'bicubic', 'resize_mode': 'shortest', 'fill_color': 0}
[15:19:27] Model ViT-B-32 creation process complete.
[15:19:28] Detected VisionTransformer with 12 blocks.
[15:19:28] Model ViT-B-32 loaded (12 layers detected).
[15:19:28] Using ViT forward_func for ViT-B-32
[15:19:29] [FER2013] Column 'Usage' not found, using all rows.
[15:19:29] [FER2013] Loaded 28709 images from /root/autodl-tmp/modelselection/datasets/datasets/fer2013/train.csv
[15:19:29] [OxfordFlowers] Loaded split='test' with 6149 images from /root/autodl-tmp/modelselection/datasets/datasets/oxford_flowers
[15:19:29] [OxfordPet] Loaded split='test' with 3669 samples from /root/autodl-tmp/modelselection/datasets/datasets/oxford-pet/annotations/test.txt
[15:19:29] [RenderedSST2] Loaded 1821 images from /root/autodl-tmp/modelselection/datasets/datasets/renderedsst2/rendered-sst2/test
[15:19:29] [STL10] Loaded split='test' with 8000 images from /root/autodl-tmp/modelselection/datasets/datasets/stl10/stl10_binary/test_X.bin
[15:19:30] [SUN397] Loaded split='test' with 19850 images
[15:19:30] [SVHN] Loaded 26032 images from /root/autodl-tmp/modelselection/datasets/datasets/svhn/test.txt
[15:19:30] [VOC] Loaded 9963 images from annotations
[15:19:30] === Reaching milestone N=1 ===
[15:19:30] 
🔍 Processing task: car (delta=1)
[15:19:30] [Cars] Loaded 1 samples, tensor torch.Size([1, 3, 224, 224])
/root/autodl-tmp/modelselection/frame_v2/framework/conductance.py:20: FutureWarning: `torch.cuda.amp.autocast(args...)` is deprecated. Please use `torch.amp.autocast('cuda', args...)` instead.
  with torch.cuda.amp.autocast(enabled=use_amp):
[15:19:31] Layer resblock_0: mean=0.000018185
[15:19:31] Layer resblock_1: mean=0.000023745
[15:19:31] Layer resblock_2: mean=0.000025360
[15:19:31] Layer resblock_3: mean=0.000026390
[15:19:31] Layer resblock_4: mean=0.000027189
[15:19:31] Layer resblock_5: mean=0.000029196
[15:19:31] Layer resblock_6: mean=0.000031031
[15:19:31] Layer resblock_7: mean=0.000031283
[15:19:31] Layer resblock_8: mean=0.000030548
[15:19:31] Layer resblock_9: mean=0.000027708
[15:19:31] Layer resblock_10: mean=0.000023398
[15:19:31] Layer resblock_11: mean=0.000008640
[15:19:31] ✅ car updated (N=1).
[15:19:31] 
🔍 Processing task: cifar (delta=1)
[15:19:31] [CIFAR] Loaded 1 samples, tensor torch.Size([1, 3, 224, 224])
[15:19:31] Layer resblock_0: mean=0.000020082
[15:19:32] Layer resblock_1: mean=0.000027190
[15:19:32] Layer resblock_2: mean=0.000025564
[15:19:32] Layer resblock_3: mean=0.000025827
[15:19:32] Layer resblock_4: mean=0.000027181
[15:19:32] Layer resblock_5: mean=0.000028912
[15:19:32] Layer resblock_6: mean=0.000030156
[15:19:32] Layer resblock_7: mean=0.000030386
[15:19:32] Layer resblock_8: mean=0.000027584
[15:19:32] Layer resblock_9: mean=0.000024693
[15:19:32] Layer resblock_10: mean=0.000020583
[15:19:32] Layer resblock_11: mean=0.000008914
[15:19:32] ✅ cifar updated (N=1).
[15:19:32] 
🔍 Processing task: clevr (delta=1)
[15:19:32] [CLEVR] 15000 samples from /root/autodl-tmp/modelselection/datasets/datasets/clevr_count/test
[15:19:32] [CLEVR] Loaded 1 samples, tensor torch.Size([1, 3, 224, 224])
[15:19:32] Layer resblock_0: mean=0.000012095
[15:19:32] Layer resblock_1: mean=0.000015869
[15:19:33] Layer resblock_2: mean=0.000017276
[15:19:33] Layer resblock_3: mean=0.000018497
[15:19:33] Layer resblock_4: mean=0.000019440
[15:19:33] Layer resblock_5: mean=0.000020715
[15:19:33] Layer resblock_6: mean=0.000020862
[15:19:33] Layer resblock_7: mean=0.000021281
[15:19:33] Layer resblock_8: mean=0.000019901
[15:19:33] Layer resblock_9: mean=0.000019620
[15:19:33] Layer resblock_10: mean=0.000019786
[15:19:33] Layer resblock_11: mean=0.000009951
[15:19:33] ✅ clevr updated (N=1).
[15:19:33] 
🔍 Processing task: country (delta=1)
[15:19:33] [Country211] Loaded 1 samples, tensor torch.Size([1, 3, 224, 224])
[15:19:33] Layer resblock_0: mean=0.000020940
[15:19:34] Layer resblock_1: mean=0.000027121
[15:19:34] Layer resblock_2: mean=0.000028121
[15:19:34] Layer resblock_3: mean=0.000027884
[15:19:34] Layer resblock_4: mean=0.000027706
[15:19:34] Layer resblock_5: mean=0.000029116
[15:19:34] Layer resblock_6: mean=0.000029675
[15:19:34] Layer resblock_7: mean=0.000028929
[15:19:34] Layer resblock_8: mean=0.000026696
[15:19:34] Layer resblock_9: mean=0.000024179
[15:19:34] Layer resblock_10: mean=0.000020716
[15:19:35] Layer resblock_11: mean=0.000009221
[15:19:35] ✅ country updated (N=1).
[15:19:35] 
🔍 Processing task: dmlab (delta=1)
[15:19:35] [DMLab] Loaded 1 samples (skipped 0), tensor torch.Size([1, 3, 224, 224])
[15:19:35] Layer resblock_0: mean=0.000013625
[15:19:35] Layer resblock_1: mean=0.000018144
[15:19:35] Layer resblock_2: mean=0.000018943
[15:19:35] Layer resblock_3: mean=0.000019406
[15:19:35] Layer resblock_4: mean=0.000020343
[15:19:36] Layer resblock_5: mean=0.000021925
[15:19:36] Layer resblock_6: mean=0.000022640
[15:19:36] Layer resblock_7: mean=0.000022878
[15:19:36] Layer resblock_8: mean=0.000021522
[15:19:36] Layer resblock_9: mean=0.000020583
[15:19:36] Layer resblock_10: mean=0.000019367
[15:19:36] Layer resblock_11: mean=0.000009212
[15:19:36] ✅ dmlab updated (N=1).
[15:19:36] 
🔍 Processing task: dr (delta=1)
[15:19:36] [DR] Loaded 42670 paths from /root/autodl-tmp/modelselection/datasets/datasets/diabetic_retinopathy/test.txt
[15:19:36] [DR] Loaded 1 samples (skipped 0), tensor torch.Size([1, 3, 224, 224])
[15:19:36] Layer resblock_0: mean=0.000014376
[15:19:36] Layer resblock_1: mean=0.000019467
[15:19:37] Layer resblock_2: mean=0.000022570
[15:19:37] Layer resblock_3: mean=0.000023428
[15:19:37] Layer resblock_4: mean=0.000023211
[15:19:37] Layer resblock_5: mean=0.000023753
[15:19:37] Layer resblock_6: mean=0.000023179
[15:19:37] Layer resblock_7: mean=0.000023573
[15:19:37] Layer resblock_8: mean=0.000022217
[15:19:37] Layer resblock_9: mean=0.000021385
[15:19:37] Layer resblock_10: mean=0.000020592
[15:19:37] Layer resblock_11: mean=0.000009678
[15:19:37] ✅ dr updated (N=1).
[15:19:37] 
🔍 Processing task: dtd (delta=1)
[15:19:37] [DTD] Collected 5640 image paths from /root/autodl-tmp/modelselection/datasets/datasets/dtd/labels
[15:19:37] [DTD] Loaded 1 samples (skipped 0), tensor torch.Size([1, 3, 224, 224])
[15:19:38] Layer resblock_0: mean=0.000009811
[15:19:38] Layer resblock_1: mean=0.000012022
[15:19:38] Layer resblock_2: mean=0.000012398
[15:19:38] Layer resblock_3: mean=0.000012947
[15:19:38] Layer resblock_4: mean=0.000013095
[15:19:38] Layer resblock_5: mean=0.000014070
[15:19:38] Layer resblock_6: mean=0.000014893
[15:19:38] Layer resblock_7: mean=0.000015992
[15:19:38] Layer resblock_8: mean=0.000016529
[15:19:38] Layer resblock_9: mean=0.000017081
[15:19:39] Layer resblock_10: mean=0.000016662
[15:19:39] Layer resblock_11: mean=0.000008919
[15:19:39] ✅ dtd updated (N=1).
[15:19:39] 
🔍 Processing task: eurosat (delta=1)
[15:19:39] [EuroSAT] Collected 27000 images from 10 classes under /root/autodl-tmp/modelselection/datasets/datasets/eurosat/2750
[15:19:39] [EuroSAT] Loaded 1 samples (skipped 0), tensor torch.Size([1, 3, 224, 224])
[15:19:39] Layer resblock_0: mean=0.000012812
[15:19:39] Layer resblock_1: mean=0.000016139
[15:19:39] Layer resblock_2: mean=0.000016628
[15:19:39] Layer resblock_3: mean=0.000016957
[15:19:39] Layer resblock_4: mean=0.000017883
[15:19:40] Layer resblock_5: mean=0.000019304
[15:19:40] Layer resblock_6: mean=0.000020672
[15:19:40] Layer resblock_7: mean=0.000021019
[15:19:40] Layer resblock_8: mean=0.000019951
[15:19:40] Layer resblock_9: mean=0.000019199
[15:19:40] Layer resblock_10: mean=0.000018189
[15:19:40] Layer resblock_11: mean=0.000009048
[15:19:40] ✅ eurosat updated (N=1).
[15:19:40] 
🔍 Processing task: fer2013 (delta=1)
[15:19:40] [FER2013] Loaded 1 samples (skipped 0), tensor torch.Size([1, 3, 224, 224])
[15:19:40] Layer resblock_0: mean=0.000016310
[15:19:41] Layer resblock_1: mean=0.000021205
[15:19:41] Layer resblock_2: mean=0.000020463
[15:19:41] Layer resblock_3: mean=0.000021430
[15:19:41] Layer resblock_4: mean=0.000022848
[15:19:41] Layer resblock_5: mean=0.000024613
[15:19:41] Layer resblock_6: mean=0.000025802
[15:19:41] Layer resblock_7: mean=0.000025436
[15:19:41] Layer resblock_8: mean=0.000023131
[15:19:41] Layer resblock_9: mean=0.000020419
[15:19:42] Layer resblock_10: mean=0.000018676
[15:19:42] Layer resblock_11: mean=0.000009085
[15:19:42] ✅ fer2013 updated (N=1).
[15:19:42] 
🔍 Processing task: gtsrb (delta=1)
[15:19:42] [GTSRB] Collected 12630 test images.
[15:19:42] [GTSRB] Loaded 1 samples (skipped 0), tensor torch.Size([1, 3, 224, 224])
[15:19:42] Layer resblock_0: mean=0.000017068
[15:19:42] Layer resblock_1: mean=0.000020406
[15:19:42] Layer resblock_2: mean=0.000018398
[15:19:42] Layer resblock_3: mean=0.000017937
[15:19:42] Layer resblock_4: mean=0.000018454
[15:19:42] Layer resblock_5: mean=0.000020448
[15:19:43] Layer resblock_6: mean=0.000021541
[15:19:43] Layer resblock_7: mean=0.000022590
[15:19:43] Layer resblock_8: mean=0.000021695
[15:19:43] Layer resblock_9: mean=0.000019890
[15:19:43] Layer resblock_10: mean=0.000017342
[15:19:43] Layer resblock_11: mean=0.000008193
[15:19:43] ✅ gtsrb updated (N=1).
[15:19:43] 
🔍 Processing task: kitti (delta=1)
[15:19:43] [KITTI] Collected 711 images from /root/autodl-tmp/modelselection/datasets/datasets/kitti/test.txt
[15:19:43] [KITTI] Loaded 1 samples (skipped 0), tensor torch.Size([1, 3, 224, 224])
[15:19:43] Layer resblock_0: mean=0.000015619
[15:19:43] Layer resblock_1: mean=0.000019171
[15:19:43] Layer resblock_2: mean=0.000019550
[15:19:44] Layer resblock_3: mean=0.000019956
[15:19:44] Layer resblock_4: mean=0.000020528
[15:19:44] Layer resblock_5: mean=0.000022035
[15:19:44] Layer resblock_6: mean=0.000022751
[15:19:44] Layer resblock_7: mean=0.000022163
[15:19:44] Layer resblock_8: mean=0.000021758
[15:19:44] Layer resblock_9: mean=0.000021145
[15:19:44] Layer resblock_10: mean=0.000020222
[15:19:45] Layer resblock_11: mean=0.000009719
[15:19:45] ✅ kitti updated (N=1).
[15:19:45] 
🔍 Processing task: mnist (delta=1)
[15:19:45] [MNIST] Loaded split='test' with 10000 samples from data/mnist
[15:19:45] [MNIST] Loaded 1 samples, tensor torch.Size([1, 3, 224, 224])
[15:19:45] Layer resblock_0: mean=0.000014313
[15:19:45] Layer resblock_1: mean=0.000018837
[15:19:45] Layer resblock_2: mean=0.000018853
[15:19:45] Layer resblock_3: mean=0.000019541
[15:19:45] Layer resblock_4: mean=0.000020655
[15:19:45] Layer resblock_5: mean=0.000022398
[15:19:46] Layer resblock_6: mean=0.000023756
[15:19:46] Layer resblock_7: mean=0.000023890
[15:19:46] Layer resblock_8: mean=0.000022306
[15:19:46] Layer resblock_9: mean=0.000020790
[15:19:46] Layer resblock_10: mean=0.000019134
[15:19:46] Layer resblock_11: mean=0.000009051
[15:19:46] ✅ mnist updated (N=1).
[15:19:46] 
🔍 Processing task: oxford_flowers (delta=1)
[15:19:46] [OxfordFlowers] Loaded 1 samples (skipped 0), tensor torch.Size([1, 3, 224, 224])
[15:19:46] Layer resblock_0: mean=0.000017368
[15:19:46] Layer resblock_1: mean=0.000022798
[15:19:46] Layer resblock_2: mean=0.000024424
[15:19:47] Layer resblock_3: mean=0.000024598
[15:19:47] Layer resblock_4: mean=0.000024080
[15:19:47] Layer resblock_5: mean=0.000024843
[15:19:47] Layer resblock_6: mean=0.000024472
[15:19:47] Layer resblock_7: mean=0.000024302
[15:19:47] Layer resblock_8: mean=0.000023628
[15:19:47] Layer resblock_9: mean=0.000022141
[15:19:47] Layer resblock_10: mean=0.000020773
[15:19:47] Layer resblock_11: mean=0.000009422
[15:19:47] ✅ oxford_flowers updated (N=1).
[15:19:47] 
🔍 Processing task: oxford_pet (delta=1)
[15:19:47] [OxfordPet] Loaded 1 samples (skipped 0), tensor torch.Size([1, 3, 224, 224])
[15:19:47] Layer resblock_0: mean=0.000015804
[15:19:47] Layer resblock_1: mean=0.000021303
[15:19:48] Layer resblock_2: mean=0.000022228
[15:19:48] Layer resblock_3: mean=0.000023434
[15:19:48] Layer resblock_4: mean=0.000024059
[15:19:48] Layer resblock_5: mean=0.000025451
[15:19:48] Layer resblock_6: mean=0.000027035
[15:19:48] Layer resblock_7: mean=0.000026790
[15:19:48] Layer resblock_8: mean=0.000024241
[15:19:48] Layer resblock_9: mean=0.000022587
[15:19:48] Layer resblock_10: mean=0.000021386
[15:19:48] Layer resblock_11: mean=0.000009250
[15:19:48] ✅ oxford_pet updated (N=1).
[15:19:48] 
🔍 Processing task: patch_camelyon (delta=1)
[15:19:48] [PatchCamelyon] Collected 32768 image paths from /root/autodl-tmp/modelselection/datasets/datasets/patch_camelyon/test.txt
[15:19:48] [PatchCamelyon] Loaded 1 samples (skipped 0), tensor torch.Size([1, 3, 224, 224])
[15:19:49] Layer resblock_0: mean=0.000016542
[15:19:49] Layer resblock_1: mean=0.000021763
[15:19:49] Layer resblock_2: mean=0.000021161
[15:19:49] Layer resblock_3: mean=0.000020969
[15:19:49] Layer resblock_4: mean=0.000020766
[15:19:49] Layer resblock_5: mean=0.000020659
[15:19:49] Layer resblock_6: mean=0.000021276
[15:19:49] Layer resblock_7: mean=0.000021580
[15:19:49] Layer resblock_8: mean=0.000021254
[15:19:49] Layer resblock_9: mean=0.000020502
[15:19:49] Layer resblock_10: mean=0.000018962
[15:19:50] Layer resblock_11: mean=0.000009188
[15:19:50] ✅ patch_camelyon updated (N=1).
[15:19:50] 
🔍 Processing task: renderedsst2 (delta=1)
[15:19:50] [RenderedSST2] Loaded 1 samples (skipped 0), tensor torch.Size([1, 3, 224, 224])
[15:19:50] Layer resblock_0: mean=0.000026988
[15:19:50] Layer resblock_1: mean=0.000032675
[15:19:50] Layer resblock_2: mean=0.000030678
[15:19:50] Layer resblock_3: mean=0.000028875
[15:19:50] Layer resblock_4: mean=0.000025964
[15:19:50] Layer resblock_5: mean=0.000025417
[15:19:50] Layer resblock_6: mean=0.000026317
[15:19:51] Layer resblock_7: mean=0.000027327
[15:19:51] Layer resblock_8: mean=0.000026653
[15:19:51] Layer resblock_9: mean=0.000027465
[15:19:51] Layer resblock_10: mean=0.000025876
[15:19:51] Layer resblock_11: mean=0.000008267
[15:19:51] ✅ renderedsst2 updated (N=1).
[15:19:51] 
🔍 Processing task: resisc45 (delta=1)
[15:19:51] [RESISC45] Collected 6300 images from /root/autodl-tmp/modelselection/datasets/datasets/resisc45/test.txt
[15:19:51] [RESISC45] Loaded 1 samples (skipped 0), tensor torch.Size([1, 3, 224, 224])
[15:19:51] Layer resblock_0: mean=0.000017135
[15:19:51] Layer resblock_1: mean=0.000021639
[15:19:51] Layer resblock_2: mean=0.000021520
[15:19:51] Layer resblock_3: mean=0.000021327
[15:19:52] Layer resblock_4: mean=0.000021462
[15:19:52] Layer resblock_5: mean=0.000021730
[15:19:52] Layer resblock_6: mean=0.000022407
[15:19:52] Layer resblock_7: mean=0.000022800
[15:19:52] Layer resblock_8: mean=0.000022620
[15:19:52] Layer resblock_9: mean=0.000022245
[15:19:52] Layer resblock_10: mean=0.000020379
[15:19:52] Layer resblock_11: mean=0.000009258
[15:19:52] ✅ resisc45 updated (N=1).
[15:19:52] 
🔍 Processing task: stl10 (delta=1)
[15:19:52] [STL10] Loaded 1 samples, tensor torch.Size([1, 3, 224, 224])
[15:19:52] Layer resblock_0: mean=0.000016577
[15:19:52] Layer resblock_1: mean=0.000021216
[15:19:53] Layer resblock_2: mean=0.000020733
[15:19:53] Layer resblock_3: mean=0.000021061
[15:19:53] Layer resblock_4: mean=0.000021696
[15:19:53] Layer resblock_5: mean=0.000022815
[15:19:53] Layer resblock_6: mean=0.000023457
[15:19:53] Layer resblock_7: mean=0.000023804
[15:19:53] Layer resblock_8: mean=0.000021714
[15:19:53] Layer resblock_9: mean=0.000020458
[15:19:53] Layer resblock_10: mean=0.000019697
[15:19:53] Layer resblock_11: mean=0.000009254
[15:19:53] ✅ stl10 updated (N=1).
[15:19:53] 
🔍 Processing task: sun397 (delta=1)
[15:19:53] [SUN397] Loaded 1 samples (skipped 0), tensor torch.Size([1, 3, 224, 224])
[15:19:54] Layer resblock_0: mean=0.000016152
[15:19:54] Layer resblock_1: mean=0.000019649
[15:19:54] Layer resblock_2: mean=0.000020694
[15:19:54] Layer resblock_3: mean=0.000020952
[15:19:54] Layer resblock_4: mean=0.000021795
[15:19:54] Layer resblock_5: mean=0.000023192
[15:19:54] Layer resblock_6: mean=0.000024076
[15:19:54] Layer resblock_7: mean=0.000024251
[15:19:54] Layer resblock_8: mean=0.000023857
[15:19:54] Layer resblock_9: mean=0.000022803
[15:19:54] Layer resblock_10: mean=0.000020967
[15:19:55] Layer resblock_11: mean=0.000009243
[15:19:55] ✅ sun397 updated (N=1).
[15:19:55] 
🔍 Processing task: svhn (delta=1)
[15:19:55] [SVHN] Loaded 1 samples (skipped 0), tensor torch.Size([1, 3, 224, 224])
[15:19:55] Layer resblock_0: mean=0.000012279
[15:19:55] Layer resblock_1: mean=0.000017189
[15:19:55] Layer resblock_2: mean=0.000016178
[15:19:55] Layer resblock_3: mean=0.000015244
[15:19:55] Layer resblock_4: mean=0.000015711
[15:19:56] Layer resblock_5: mean=0.000016918
[15:19:56] Layer resblock_6: mean=0.000018211
[15:19:56] Layer resblock_7: mean=0.000019411
[15:19:56] Layer resblock_8: mean=0.000018726
[15:19:56] Layer resblock_9: mean=0.000018506
[15:19:56] Layer resblock_10: mean=0.000016502
[15:19:56] Layer resblock_11: mean=0.000009118
[15:19:56] ✅ svhn updated (N=1).
[15:19:56] 
🔍 Processing task: voc_pose (delta=1)
[15:19:56] [VOC] Loaded 1 samples (skipped 0), tensor torch.Size([1, 3, 224, 224])
[15:19:56] Layer resblock_0: mean=0.000014870
[15:19:56] Layer resblock_1: mean=0.000019191
[15:19:56] Layer resblock_2: mean=0.000020984
[15:19:56] Layer resblock_3: mean=0.000021128
[15:19:57] Layer resblock_4: mean=0.000021440
[15:19:57] Layer resblock_5: mean=0.000022391
[15:19:57] Layer resblock_6: mean=0.000022978
[15:19:57] Layer resblock_7: mean=0.000023401
[15:19:57] Layer resblock_8: mean=0.000021805
[15:19:57] Layer resblock_9: mean=0.000021173
[15:19:57] Layer resblock_10: mean=0.000020697
[15:19:57] Layer resblock_11: mean=0.000009740
[15:19:57] ✅ voc_pose updated (N=1).
[15:19:57] ✅ Results saved for milestone 1.
