/root/miniconda3/envs/reason/lib/python3.10/site-packages/transformers/utils/hub.py:111: FutureWarning: Using `TRANSFORMERS_CACHE` is deprecated and will be removed in v5 of Transformers. Use `HF_HOME` instead.
  warnings.warn(
[15:25:21] Using device: cuda, seed: 55
[15:25:21] Parsing model identifier. Schema: None, Identifier: ViT-H-14-378-quickgelu
[15:25:21] Loaded built-in ViT-H-14-378-quickgelu model config.
[15:25:22] Instantiating model architecture: CLIP
[15:25:27] Loading full pretrained weights from: /root/autodl-tmp/hf_cache/models--apple--DFN5B-CLIP-ViT-H-14-378/snapshots/01b771ed0d1395ca5ffdd279897d665ebe00dfd2/open_clip_pytorch_model.bin
[15:25:29] Final image preprocessing configuration set: {'size': (378, 378), 'mode': 'RGB', 'mean': (0.48145466, 0.4578275, 0.40821073), 'std': (0.26862954, 0.26130258, 0.27577711), 'interpolation': 'bicubic', 'resize_mode': 'squash', 'fill_color': 0}
[15:25:29] Model ViT-H-14-378-quickgelu creation process complete.
[15:25:30] Detected VisionTransformer with 32 blocks.
[15:25:30] Model ViT-H-14-378-quickgelu loaded (32 layers detected).
[15:25:30] Using ViT forward_func for ViT-H-14-378-quickgelu
[15:25:32] [FER2013] Column 'Usage' not found, using all rows.
[15:25:32] [FER2013] Loaded 28709 images from /root/autodl-tmp/modelselection/datasets/datasets/fer2013/train.csv
[15:25:32] [OxfordFlowers] Loaded split='test' with 6149 images from /root/autodl-tmp/modelselection/datasets/datasets/oxford_flowers
[15:25:32] [OxfordPet] Loaded split='test' with 3669 samples from /root/autodl-tmp/modelselection/datasets/datasets/oxford-pet/annotations/test.txt
[15:25:32] [RenderedSST2] Loaded 1821 images from /root/autodl-tmp/modelselection/datasets/datasets/renderedsst2/rendered-sst2/test
[15:25:32] [STL10] Loaded split='test' with 8000 images from /root/autodl-tmp/modelselection/datasets/datasets/stl10/stl10_binary/test_X.bin
[15:25:33] [SUN397] Loaded split='test' with 19850 images
[15:25:33] [SVHN] Loaded 26032 images from /root/autodl-tmp/modelselection/datasets/datasets/svhn/test.txt
[15:25:33] [VOC] Loaded 9963 images from annotations
[15:25:33] === Reaching milestone N=1 ===
[15:25:33] 
🔍 Processing task: car (delta=1)
[15:25:33] [Cars] Loaded 1 samples, tensor torch.Size([1, 3, 378, 378])
/root/autodl-tmp/modelselection/frame_v2/framework/conductance.py:20: FutureWarning: `torch.cuda.amp.autocast(args...)` is deprecated. Please use `torch.amp.autocast('cuda', args...)` instead.
  with torch.cuda.amp.autocast(enabled=use_amp):
[15:25:35] Layer resblock_0: mean=0.000000089
[15:25:36] Layer resblock_1: mean=0.000000092
[15:25:37] Layer resblock_2: mean=0.000000100
[15:25:38] Layer resblock_3: mean=0.000000111
[15:25:38] Layer resblock_4: mean=0.000000110
[15:25:39] Layer resblock_5: mean=0.000000111
[15:25:40] Layer resblock_6: mean=0.000000108
[15:25:41] Layer resblock_7: mean=0.000000106
[15:25:42] Layer resblock_8: mean=0.000000103
[15:25:43] Layer resblock_9: mean=0.000000101
[15:25:43] Layer resblock_10: mean=0.000000103
[15:25:44] Layer resblock_11: mean=0.000000106
[15:25:45] Layer resblock_12: mean=0.000000116
[15:25:46] Layer resblock_13: mean=0.000000116
[15:25:46] Layer resblock_14: mean=0.000000121
[15:25:47] Layer resblock_15: mean=0.000000131
[15:25:48] Layer resblock_16: mean=0.000000137
[15:25:49] Layer resblock_17: mean=0.000000144
[15:25:49] Layer resblock_18: mean=0.000000150
[15:25:50] Layer resblock_19: mean=0.000000153
[15:25:51] Layer resblock_20: mean=0.000000155
[15:25:51] Layer resblock_21: mean=0.000000159
[15:25:52] Layer resblock_22: mean=0.000000161
[15:25:53] Layer resblock_23: mean=0.000000161
[15:25:53] Layer resblock_24: mean=0.000000163
[15:25:54] Layer resblock_25: mean=0.000000162
[15:25:54] Layer resblock_26: mean=0.000000162
[15:25:55] Layer resblock_27: mean=0.000000165
[15:25:55] Layer resblock_28: mean=0.000000164
[15:25:56] Layer resblock_29: mean=0.000000154
[15:25:56] Layer resblock_30: mean=0.000000116
[15:25:57] Layer resblock_31: mean=0.000000020
[15:25:57] ✅ car updated (N=1).
[15:25:57] 
🔍 Processing task: cifar (delta=1)
[15:25:57] [CIFAR] Loaded 1 samples, tensor torch.Size([1, 3, 378, 378])
[15:25:58] Layer resblock_0: mean=0.000000046
[15:25:59] Layer resblock_1: mean=0.000000043
[15:26:00] Layer resblock_2: mean=0.000000039
[15:26:01] Layer resblock_3: mean=0.000000037
[15:26:02] Layer resblock_4: mean=0.000000037
[15:26:02] Layer resblock_5: mean=0.000000035
[15:26:03] Layer resblock_6: mean=0.000000033
[15:26:04] Layer resblock_7: mean=0.000000033
[15:26:05] Layer resblock_8: mean=0.000000032
[15:26:06] Layer resblock_9: mean=0.000000032
[15:26:07] Layer resblock_10: mean=0.000000038
[15:26:07] Layer resblock_11: mean=0.000000046
[15:26:08] Layer resblock_12: mean=0.000000057
[15:26:09] Layer resblock_13: mean=0.000000063
[15:26:10] Layer resblock_14: mean=0.000000070
[15:26:10] Layer resblock_15: mean=0.000000083
[15:26:11] Layer resblock_16: mean=0.000000092
[15:26:12] Layer resblock_17: mean=0.000000102
[15:26:12] Layer resblock_18: mean=0.000000110
[15:26:13] Layer resblock_19: mean=0.000000114
[15:26:14] Layer resblock_20: mean=0.000000117
[15:26:14] Layer resblock_21: mean=0.000000120
[15:26:15] Layer resblock_22: mean=0.000000120
[15:26:16] Layer resblock_23: mean=0.000000120
[15:26:16] Layer resblock_24: mean=0.000000120
[15:26:17] Layer resblock_25: mean=0.000000117
[15:26:17] Layer resblock_26: mean=0.000000115
[15:26:18] Layer resblock_27: mean=0.000000111
[15:26:18] Layer resblock_28: mean=0.000000109
[15:26:19] Layer resblock_29: mean=0.000000098
[15:26:19] Layer resblock_30: mean=0.000000067
[15:26:20] Layer resblock_31: mean=0.000000016
[15:26:20] ✅ cifar updated (N=1).
[15:26:20] 
🔍 Processing task: clevr (delta=1)
[15:26:20] [CLEVR] 15000 samples from /root/autodl-tmp/modelselection/datasets/datasets/clevr_count/test
[15:26:20] [CLEVR] Loaded 1 samples, tensor torch.Size([1, 3, 378, 378])
[15:26:21] Layer resblock_0: mean=0.000000010
[15:26:22] Layer resblock_1: mean=0.000000011
[15:26:23] Layer resblock_2: mean=0.000000016
[15:26:24] Layer resblock_3: mean=0.000000023
[15:26:25] Layer resblock_4: mean=0.000000026
[15:26:26] Layer resblock_5: mean=0.000000028
[15:26:26] Layer resblock_6: mean=0.000000030
[15:26:27] Layer resblock_7: mean=0.000000031
[15:26:28] Layer resblock_8: mean=0.000000030
[15:26:29] Layer resblock_9: mean=0.000000030
[15:26:30] Layer resblock_10: mean=0.000000032
[15:26:31] Layer resblock_11: mean=0.000000033
[15:26:31] Layer resblock_12: mean=0.000000037
[15:26:32] Layer resblock_13: mean=0.000000039
[15:26:33] Layer resblock_14: mean=0.000000042
[15:26:34] Layer resblock_15: mean=0.000000046
[15:26:34] Layer resblock_16: mean=0.000000050
[15:26:35] Layer resblock_17: mean=0.000000054
[15:26:36] Layer resblock_18: mean=0.000000057
[15:26:36] Layer resblock_19: mean=0.000000059
[15:26:37] Layer resblock_20: mean=0.000000060
[15:26:38] Layer resblock_21: mean=0.000000063
[15:26:38] Layer resblock_22: mean=0.000000065
[15:26:39] Layer resblock_23: mean=0.000000066
[15:26:39] Layer resblock_24: mean=0.000000068
[15:26:40] Layer resblock_25: mean=0.000000069
[15:26:41] Layer resblock_26: mean=0.000000070
[15:26:41] Layer resblock_27: mean=0.000000072
[15:26:42] Layer resblock_28: mean=0.000000073
[15:26:42] Layer resblock_29: mean=0.000000073
[15:26:43] Layer resblock_30: mean=0.000000056
[15:26:43] Layer resblock_31: mean=0.000000020
[15:26:43] ✅ clevr updated (N=1).
[15:26:43] 
🔍 Processing task: country (delta=1)
[15:26:43] [Country211] Loaded 1 samples, tensor torch.Size([1, 3, 378, 378])
[15:26:44] Layer resblock_0: mean=0.000000051
[15:26:45] Layer resblock_1: mean=0.000000051
[15:26:46] Layer resblock_2: mean=0.000000052
[15:26:47] Layer resblock_3: mean=0.000000056
[15:26:48] Layer resblock_4: mean=0.000000059
[15:26:49] Layer resblock_5: mean=0.000000060
[15:26:49] Layer resblock_6: mean=0.000000059
[15:26:50] Layer resblock_7: mean=0.000000058
[15:26:51] Layer resblock_8: mean=0.000000057
[15:26:52] Layer resblock_9: mean=0.000000056
[15:26:53] Layer resblock_10: mean=0.000000061
[15:26:54] Layer resblock_11: mean=0.000000067
[15:26:54] Layer resblock_12: mean=0.000000077
[15:26:55] Layer resblock_13: mean=0.000000084
[15:26:56] Layer resblock_14: mean=0.000000089
[15:26:56] Layer resblock_15: mean=0.000000098
[15:26:57] Layer resblock_16: mean=0.000000105
[15:26:58] Layer resblock_17: mean=0.000000115
[15:26:59] Layer resblock_18: mean=0.000000122
[15:26:59] Layer resblock_19: mean=0.000000125
[15:27:00] Layer resblock_20: mean=0.000000128
[15:27:01] Layer resblock_21: mean=0.000000131
[15:27:01] Layer resblock_22: mean=0.000000134
[15:27:02] Layer resblock_23: mean=0.000000136
[15:27:02] Layer resblock_24: mean=0.000000139
[15:27:03] Layer resblock_25: mean=0.000000138
[15:27:03] Layer resblock_26: mean=0.000000138
[15:27:04] Layer resblock_27: mean=0.000000137
[15:27:05] Layer resblock_28: mean=0.000000139
[15:27:05] Layer resblock_29: mean=0.000000127
[15:27:06] Layer resblock_30: mean=0.000000093
[15:27:06] Layer resblock_31: mean=0.000000020
[15:27:06] ✅ country updated (N=1).
[15:27:06] 
🔍 Processing task: dmlab (delta=1)
[15:27:06] [DMLab] Loaded 1 samples (skipped 0), tensor torch.Size([1, 3, 378, 378])
[15:27:07] Layer resblock_0: mean=0.000000026
[15:27:08] Layer resblock_1: mean=0.000000026
[15:27:09] Layer resblock_2: mean=0.000000030
[15:27:10] Layer resblock_3: mean=0.000000036
[15:27:11] Layer resblock_4: mean=0.000000042
[15:27:12] Layer resblock_5: mean=0.000000045
[15:27:13] Layer resblock_6: mean=0.000000048
[15:27:14] Layer resblock_7: mean=0.000000050
[15:27:14] Layer resblock_8: mean=0.000000052
[15:27:15] Layer resblock_9: mean=0.000000054
[15:27:16] Layer resblock_10: mean=0.000000059
[15:27:17] Layer resblock_11: mean=0.000000065
[15:27:17] Layer resblock_12: mean=0.000000075
[15:27:18] Layer resblock_13: mean=0.000000080
[15:27:19] Layer resblock_14: mean=0.000000087
[15:27:20] Layer resblock_15: mean=0.000000096
[15:27:20] Layer resblock_16: mean=0.000000102
[15:27:21] Layer resblock_17: mean=0.000000110
[15:27:22] Layer resblock_18: mean=0.000000117
[15:27:22] Layer resblock_19: mean=0.000000118
[15:27:23] Layer resblock_20: mean=0.000000121
[15:27:24] Layer resblock_21: mean=0.000000124
[15:27:24] Layer resblock_22: mean=0.000000125
[15:27:25] Layer resblock_23: mean=0.000000125
[15:27:26] Layer resblock_24: mean=0.000000126
[15:27:26] Layer resblock_25: mean=0.000000127
[15:27:27] Layer resblock_26: mean=0.000000126
[15:27:27] Layer resblock_27: mean=0.000000128
[15:27:28] Layer resblock_28: mean=0.000000130
[15:27:28] Layer resblock_29: mean=0.000000121
[15:27:29] Layer resblock_30: mean=0.000000086
[15:27:29] Layer resblock_31: mean=0.000000018
[15:27:29] ✅ dmlab updated (N=1).
[15:27:29] 
🔍 Processing task: dr (delta=1)
[15:27:29] [DR] Loaded 42670 paths from /root/autodl-tmp/modelselection/datasets/datasets/diabetic_retinopathy/test.txt
[15:27:29] [DR] Loaded 1 samples (skipped 0), tensor torch.Size([1, 3, 378, 378])
[15:27:30] Layer resblock_0: mean=0.000000017
[15:27:31] Layer resblock_1: mean=0.000000018
[15:27:32] Layer resblock_2: mean=0.000000021
[15:27:33] Layer resblock_3: mean=0.000000025
[15:27:34] Layer resblock_4: mean=0.000000028
[15:27:35] Layer resblock_5: mean=0.000000030
[15:27:36] Layer resblock_6: mean=0.000000031
[15:27:37] Layer resblock_7: mean=0.000000033
[15:27:37] Layer resblock_8: mean=0.000000034
[15:27:38] Layer resblock_9: mean=0.000000035
[15:27:39] Layer resblock_10: mean=0.000000038
[15:27:40] Layer resblock_11: mean=0.000000044
[15:27:41] Layer resblock_12: mean=0.000000051
[15:27:41] Layer resblock_13: mean=0.000000056
[15:27:42] Layer resblock_14: mean=0.000000060
[15:27:43] Layer resblock_15: mean=0.000000069
[15:27:44] Layer resblock_16: mean=0.000000075
[15:27:44] Layer resblock_17: mean=0.000000084
[15:27:45] Layer resblock_18: mean=0.000000090
[15:27:46] Layer resblock_19: mean=0.000000094
[15:27:46] Layer resblock_20: mean=0.000000097
[15:27:47] Layer resblock_21: mean=0.000000100
[15:27:48] Layer resblock_22: mean=0.000000102
[15:27:48] Layer resblock_23: mean=0.000000104
[15:27:49] Layer resblock_24: mean=0.000000106
[15:27:49] Layer resblock_25: mean=0.000000109
[15:27:50] Layer resblock_26: mean=0.000000111
[15:27:51] Layer resblock_27: mean=0.000000113
[15:27:51] Layer resblock_28: mean=0.000000114
[15:27:52] Layer resblock_29: mean=0.000000105
[15:27:52] Layer resblock_30: mean=0.000000078
[15:27:53] Layer resblock_31: mean=0.000000018
[15:27:53] ✅ dr updated (N=1).
[15:27:53] 
🔍 Processing task: dtd (delta=1)
[15:27:53] [DTD] Collected 5640 image paths from /root/autodl-tmp/modelselection/datasets/datasets/dtd/labels
[15:27:53] [DTD] Loaded 1 samples (skipped 0), tensor torch.Size([1, 3, 378, 378])
[15:27:54] Layer resblock_0: mean=0.000000007
[15:27:54] Layer resblock_1: mean=0.000000006
[15:27:55] Layer resblock_2: mean=0.000000006
[15:27:56] Layer resblock_3: mean=0.000000007
[15:27:57] Layer resblock_4: mean=0.000000007
[15:27:58] Layer resblock_5: mean=0.000000008
[15:27:59] Layer resblock_6: mean=0.000000009
[15:28:00] Layer resblock_7: mean=0.000000009
[15:28:01] Layer resblock_8: mean=0.000000009
[15:28:01] Layer resblock_9: mean=0.000000010
[15:28:02] Layer resblock_10: mean=0.000000011
[15:28:03] Layer resblock_11: mean=0.000000013
[15:28:04] Layer resblock_12: mean=0.000000017
[15:28:05] Layer resblock_13: mean=0.000000019
[15:28:05] Layer resblock_14: mean=0.000000022
[15:28:06] Layer resblock_15: mean=0.000000026
[15:28:07] Layer resblock_16: mean=0.000000029
[15:28:07] Layer resblock_17: mean=0.000000033
[15:28:08] Layer resblock_18: mean=0.000000036
[15:28:09] Layer resblock_19: mean=0.000000038
[15:28:09] Layer resblock_20: mean=0.000000040
[15:28:10] Layer resblock_21: mean=0.000000042
[15:28:11] Layer resblock_22: mean=0.000000043
[15:28:11] Layer resblock_23: mean=0.000000045
[15:28:12] Layer resblock_24: mean=0.000000046
[15:28:12] Layer resblock_25: mean=0.000000047
[15:28:13] Layer resblock_26: mean=0.000000048
[15:28:13] Layer resblock_27: mean=0.000000050
[15:28:14] Layer resblock_28: mean=0.000000052
[15:28:14] Layer resblock_29: mean=0.000000050
[15:28:15] Layer resblock_30: mean=0.000000040
[15:28:15] Layer resblock_31: mean=0.000000016
[15:28:15] ✅ dtd updated (N=1).
[15:28:15] 
🔍 Processing task: eurosat (delta=1)
[15:28:16] [EuroSAT] Collected 27000 images from 10 classes under /root/autodl-tmp/modelselection/datasets/datasets/eurosat/2750
[15:28:16] [EuroSAT] Loaded 1 samples (skipped 0), tensor torch.Size([1, 3, 378, 378])
[15:28:17] Layer resblock_0: mean=0.000000032
[15:28:18] Layer resblock_1: mean=0.000000030
[15:28:19] Layer resblock_2: mean=0.000000031
[15:28:20] Layer resblock_3: mean=0.000000030
[15:28:21] Layer resblock_4: mean=0.000000025
[15:28:21] Layer resblock_5: mean=0.000000025
[15:28:22] Layer resblock_6: mean=0.000000024
[15:28:23] Layer resblock_7: mean=0.000000024
[15:28:24] Layer resblock_8: mean=0.000000024
[15:28:25] Layer resblock_9: mean=0.000000024
[15:28:26] Layer resblock_10: mean=0.000000026
[15:28:26] Layer resblock_11: mean=0.000000029
[15:28:27] Layer resblock_12: mean=0.000000035
[15:28:28] Layer resblock_13: mean=0.000000040
[15:28:29] Layer resblock_14: mean=0.000000043
[15:28:29] Layer resblock_15: mean=0.000000049
[15:28:30] Layer resblock_16: mean=0.000000055
[15:28:31] Layer resblock_17: mean=0.000000061
[15:28:31] Layer resblock_18: mean=0.000000066
[15:28:32] Layer resblock_19: mean=0.000000068
[15:28:33] Layer resblock_20: mean=0.000000069
[15:28:33] Layer resblock_21: mean=0.000000072
[15:28:34] Layer resblock_22: mean=0.000000072
[15:28:35] Layer resblock_23: mean=0.000000072
[15:28:35] Layer resblock_24: mean=0.000000072
[15:28:36] Layer resblock_25: mean=0.000000073
[15:28:36] Layer resblock_26: mean=0.000000073
[15:28:37] Layer resblock_27: mean=0.000000073
[15:28:37] Layer resblock_28: mean=0.000000075
[15:28:38] Layer resblock_29: mean=0.000000071
[15:28:38] Layer resblock_30: mean=0.000000053
[15:28:39] Layer resblock_31: mean=0.000000016
[15:28:39] ✅ eurosat updated (N=1).
[15:28:39] 
🔍 Processing task: fer2013 (delta=1)
[15:28:39] [FER2013] Loaded 1 samples (skipped 0), tensor torch.Size([1, 3, 378, 378])
[15:28:40] Layer resblock_0: mean=0.000000058
[15:28:41] Layer resblock_1: mean=0.000000058
[15:28:42] Layer resblock_2: mean=0.000000062
[15:28:43] Layer resblock_3: mean=0.000000059
[15:28:43] Layer resblock_4: mean=0.000000047
[15:28:44] Layer resblock_5: mean=0.000000039
[15:28:45] Layer resblock_6: mean=0.000000036
[15:28:46] Layer resblock_7: mean=0.000000034
[15:28:47] Layer resblock_8: mean=0.000000032
[15:28:48] Layer resblock_9: mean=0.000000031
[15:28:48] Layer resblock_10: mean=0.000000033
[15:28:49] Layer resblock_11: mean=0.000000038
[15:28:50] Layer resblock_12: mean=0.000000046
[15:28:51] Layer resblock_13: mean=0.000000052
[15:28:51] Layer resblock_14: mean=0.000000058
[15:28:52] Layer resblock_15: mean=0.000000065
[15:28:53] Layer resblock_16: mean=0.000000071
[15:28:54] Layer resblock_17: mean=0.000000078
[15:28:54] Layer resblock_18: mean=0.000000082
[15:28:55] Layer resblock_19: mean=0.000000085
[15:28:56] Layer resblock_20: mean=0.000000088
[15:28:56] Layer resblock_21: mean=0.000000091
[15:28:57] Layer resblock_22: mean=0.000000092
[15:28:57] Layer resblock_23: mean=0.000000093
[15:28:58] Layer resblock_24: mean=0.000000095
[15:28:59] Layer resblock_25: mean=0.000000096
[15:28:59] Layer resblock_26: mean=0.000000095
[15:29:00] Layer resblock_27: mean=0.000000094
[15:29:00] Layer resblock_28: mean=0.000000093
[15:29:01] Layer resblock_29: mean=0.000000087
[15:29:01] Layer resblock_30: mean=0.000000062
[15:29:02] Layer resblock_31: mean=0.000000019
[15:29:02] ✅ fer2013 updated (N=1).
[15:29:02] 
🔍 Processing task: gtsrb (delta=1)
[15:29:02] [GTSRB] Collected 12630 test images.
[15:29:02] [GTSRB] Loaded 1 samples (skipped 0), tensor torch.Size([1, 3, 378, 378])
[15:29:03] Layer resblock_0: mean=0.000000034
[15:29:04] Layer resblock_1: mean=0.000000027
[15:29:05] Layer resblock_2: mean=0.000000027
[15:29:06] Layer resblock_3: mean=0.000000027
[15:29:07] Layer resblock_4: mean=0.000000029
[15:29:07] Layer resblock_5: mean=0.000000031
[15:29:08] Layer resblock_6: mean=0.000000032
[15:29:09] Layer resblock_7: mean=0.000000032
[15:29:10] Layer resblock_8: mean=0.000000034
[15:29:11] Layer resblock_9: mean=0.000000036
[15:29:12] Layer resblock_10: mean=0.000000041
[15:29:12] Layer resblock_11: mean=0.000000047
[15:29:13] Layer resblock_12: mean=0.000000055
[15:29:14] Layer resblock_13: mean=0.000000059
[15:29:15] Layer resblock_14: mean=0.000000062
[15:29:15] Layer resblock_15: mean=0.000000070
[15:29:16] Layer resblock_16: mean=0.000000074
[15:29:17] Layer resblock_17: mean=0.000000080
[15:29:18] Layer resblock_18: mean=0.000000085
[15:29:18] Layer resblock_19: mean=0.000000088
[15:29:19] Layer resblock_20: mean=0.000000090
[15:29:19] Layer resblock_21: mean=0.000000092
[15:29:20] Layer resblock_22: mean=0.000000093
[15:29:21] Layer resblock_23: mean=0.000000094
[15:29:21] Layer resblock_24: mean=0.000000094
[15:29:22] Layer resblock_25: mean=0.000000094
[15:29:22] Layer resblock_26: mean=0.000000093
[15:29:23] Layer resblock_27: mean=0.000000091
[15:29:23] Layer resblock_28: mean=0.000000090
[15:29:24] Layer resblock_29: mean=0.000000083
[15:29:24] Layer resblock_30: mean=0.000000057
[15:29:25] Layer resblock_31: mean=0.000000016
[15:29:25] ✅ gtsrb updated (N=1).
[15:29:25] 
🔍 Processing task: kitti (delta=1)
[15:29:25] [KITTI] Collected 711 images from /root/autodl-tmp/modelselection/datasets/datasets/kitti/test.txt
[15:29:25] [KITTI] Loaded 1 samples (skipped 0), tensor torch.Size([1, 3, 378, 378])
[15:29:26] Layer resblock_0: mean=0.000000017
[15:29:27] Layer resblock_1: mean=0.000000017
[15:29:28] Layer resblock_2: mean=0.000000019
[15:29:29] Layer resblock_3: mean=0.000000022
[15:29:29] Layer resblock_4: mean=0.000000025
[15:29:30] Layer resblock_5: mean=0.000000027
[15:29:31] Layer resblock_6: mean=0.000000028
[15:29:32] Layer resblock_7: mean=0.000000029
[15:29:33] Layer resblock_8: mean=0.000000031
[15:29:34] Layer resblock_9: mean=0.000000032
[15:29:34] Layer resblock_10: mean=0.000000034
[15:29:35] Layer resblock_11: mean=0.000000039
[15:29:36] Layer resblock_12: mean=0.000000046
[15:29:37] Layer resblock_13: mean=0.000000051
[15:29:37] Layer resblock_14: mean=0.000000055
[15:29:38] Layer resblock_15: mean=0.000000062
[15:29:39] Layer resblock_16: mean=0.000000067
[15:29:40] Layer resblock_17: mean=0.000000073
[15:29:40] Layer resblock_18: mean=0.000000077
[15:29:41] Layer resblock_19: mean=0.000000080
[15:29:42] Layer resblock_20: mean=0.000000082
[15:29:42] Layer resblock_21: mean=0.000000085
[15:29:43] Layer resblock_22: mean=0.000000088
[15:29:43] Layer resblock_23: mean=0.000000089
[15:29:44] Layer resblock_24: mean=0.000000090
[15:29:45] Layer resblock_25: mean=0.000000091
[15:29:45] Layer resblock_26: mean=0.000000092
[15:29:46] Layer resblock_27: mean=0.000000092
[15:29:46] Layer resblock_28: mean=0.000000099
[15:29:47] Layer resblock_29: mean=0.000000091
[15:29:47] Layer resblock_30: mean=0.000000069
[15:29:48] Layer resblock_31: mean=0.000000018
[15:29:48] ✅ kitti updated (N=1).
[15:29:48] 
🔍 Processing task: mnist (delta=1)
[15:29:48] [MNIST] Loaded split='test' with 10000 samples from data/mnist
[15:29:48] [MNIST] Loaded 1 samples, tensor torch.Size([1, 3, 378, 378])
[15:29:49] Layer resblock_0: mean=0.000000006
[15:29:50] Layer resblock_1: mean=0.000000006
[15:29:51] Layer resblock_2: mean=0.000000007
[15:29:51] Layer resblock_3: mean=0.000000010
[15:29:52] Layer resblock_4: mean=0.000000014
[15:29:53] Layer resblock_5: mean=0.000000017
[15:29:54] Layer resblock_6: mean=0.000000019
[15:29:55] Layer resblock_7: mean=0.000000021
[15:29:56] Layer resblock_8: mean=0.000000023
[15:29:57] Layer resblock_9: mean=0.000000023
[15:29:57] Layer resblock_10: mean=0.000000024
[15:29:58] Layer resblock_11: mean=0.000000025
[15:29:59] Layer resblock_12: mean=0.000000028
[15:30:00] Layer resblock_13: mean=0.000000030
[15:30:00] Layer resblock_14: mean=0.000000032
[15:30:01] Layer resblock_15: mean=0.000000035
[15:30:02] Layer resblock_16: mean=0.000000038
[15:30:03] Layer resblock_17: mean=0.000000041
[15:30:03] Layer resblock_18: mean=0.000000043
[15:30:04] Layer resblock_19: mean=0.000000045
[15:30:04] Layer resblock_20: mean=0.000000046
[15:30:05] Layer resblock_21: mean=0.000000047
[15:30:06] Layer resblock_22: mean=0.000000048
[15:30:06] Layer resblock_23: mean=0.000000049
[15:30:07] Layer resblock_24: mean=0.000000051
[15:30:07] Layer resblock_25: mean=0.000000052
[15:30:08] Layer resblock_26: mean=0.000000053
[15:30:09] Layer resblock_27: mean=0.000000054
[15:30:09] Layer resblock_28: mean=0.000000055
[15:30:10] Layer resblock_29: mean=0.000000053
[15:30:10] Layer resblock_30: mean=0.000000041
[15:30:11] Layer resblock_31: mean=0.000000016
[15:30:11] ✅ mnist updated (N=1).
[15:30:11] 
🔍 Processing task: oxford_flowers (delta=1)
[15:30:11] [OxfordFlowers] Loaded 1 samples (skipped 0), tensor torch.Size([1, 3, 378, 378])
[15:30:12] Layer resblock_0: mean=0.000000031
[15:30:12] Layer resblock_1: mean=0.000000031
[15:30:13] Layer resblock_2: mean=0.000000033
[15:30:14] Layer resblock_3: mean=0.000000038
[15:30:15] Layer resblock_4: mean=0.000000040
[15:30:16] Layer resblock_5: mean=0.000000042
[15:30:17] Layer resblock_6: mean=0.000000043
[15:30:18] Layer resblock_7: mean=0.000000043
[15:30:19] Layer resblock_8: mean=0.000000044
[15:30:19] Layer resblock_9: mean=0.000000044
[15:30:20] Layer resblock_10: mean=0.000000049
[15:30:21] Layer resblock_11: mean=0.000000054
[15:30:22] Layer resblock_12: mean=0.000000063
[15:30:22] Layer resblock_13: mean=0.000000069
[15:30:23] Layer resblock_14: mean=0.000000075
[15:30:24] Layer resblock_15: mean=0.000000083
[15:30:25] Layer resblock_16: mean=0.000000089
[15:30:25] Layer resblock_17: mean=0.000000096
[15:30:26] Layer resblock_18: mean=0.000000102
[15:30:27] Layer resblock_19: mean=0.000000106
[15:30:27] Layer resblock_20: mean=0.000000110
[15:30:28] Layer resblock_21: mean=0.000000114
[15:30:28] Layer resblock_22: mean=0.000000116
[15:30:29] Layer resblock_23: mean=0.000000117
[15:30:30] Layer resblock_24: mean=0.000000119
[15:30:30] Layer resblock_25: mean=0.000000120
[15:30:31] Layer resblock_26: mean=0.000000122
[15:30:31] Layer resblock_27: mean=0.000000123
[15:30:32] Layer resblock_28: mean=0.000000123
[15:30:32] Layer resblock_29: mean=0.000000113
[15:30:33] Layer resblock_30: mean=0.000000084
[15:30:33] Layer resblock_31: mean=0.000000020
[15:30:33] ✅ oxford_flowers updated (N=1).
[15:30:33] 
🔍 Processing task: oxford_pet (delta=1)
[15:30:33] [OxfordPet] Loaded 1 samples (skipped 0), tensor torch.Size([1, 3, 378, 378])
[15:30:34] Layer resblock_0: mean=0.000000017
[15:30:35] Layer resblock_1: mean=0.000000017
[15:30:36] Layer resblock_2: mean=0.000000020
[15:30:37] Layer resblock_3: mean=0.000000025
[15:30:38] Layer resblock_4: mean=0.000000029
[15:30:39] Layer resblock_5: mean=0.000000031
[15:30:40] Layer resblock_6: mean=0.000000034
[15:30:41] Layer resblock_7: mean=0.000000035
[15:30:41] Layer resblock_8: mean=0.000000036
[15:30:42] Layer resblock_9: mean=0.000000037
[15:30:43] Layer resblock_10: mean=0.000000040
[15:30:44] Layer resblock_11: mean=0.000000045
[15:30:44] Layer resblock_12: mean=0.000000053
[15:30:45] Layer resblock_13: mean=0.000000059
[15:30:46] Layer resblock_14: mean=0.000000064
[15:30:47] Layer resblock_15: mean=0.000000073
[15:30:47] Layer resblock_16: mean=0.000000079
[15:30:48] Layer resblock_17: mean=0.000000086
[15:30:49] Layer resblock_18: mean=0.000000091
[15:30:49] Layer resblock_19: mean=0.000000095
[15:30:50] Layer resblock_20: mean=0.000000097
[15:30:51] Layer resblock_21: mean=0.000000100
[15:30:51] Layer resblock_22: mean=0.000000101
[15:30:52] Layer resblock_23: mean=0.000000104
[15:30:52] Layer resblock_24: mean=0.000000107
[15:30:53] Layer resblock_25: mean=0.000000107
[15:30:54] Layer resblock_26: mean=0.000000109
[15:30:54] Layer resblock_27: mean=0.000000111
[15:30:55] Layer resblock_28: mean=0.000000114
[15:30:55] Layer resblock_29: mean=0.000000111
[15:30:56] Layer resblock_30: mean=0.000000086
[15:30:56] Layer resblock_31: mean=0.000000021
[15:30:56] ✅ oxford_pet updated (N=1).
[15:30:56] 
🔍 Processing task: patch_camelyon (delta=1)
[15:30:56] [PatchCamelyon] Collected 32768 image paths from /root/autodl-tmp/modelselection/datasets/datasets/patch_camelyon/test.txt
[15:30:56] [PatchCamelyon] Loaded 1 samples (skipped 0), tensor torch.Size([1, 3, 378, 378])
[15:30:57] Layer resblock_0: mean=0.000000031
[15:30:58] Layer resblock_1: mean=0.000000031
[15:30:59] Layer resblock_2: mean=0.000000029
[15:31:00] Layer resblock_3: mean=0.000000030
[15:31:01] Layer resblock_4: mean=0.000000029
[15:31:02] Layer resblock_5: mean=0.000000029
[15:31:03] Layer resblock_6: mean=0.000000028
[15:31:03] Layer resblock_7: mean=0.000000028
[15:31:04] Layer resblock_8: mean=0.000000029
[15:31:05] Layer resblock_9: mean=0.000000030
[15:31:06] Layer resblock_10: mean=0.000000034
[15:31:07] Layer resblock_11: mean=0.000000041
[15:31:07] Layer resblock_12: mean=0.000000051
[15:31:08] Layer resblock_13: mean=0.000000058
[15:31:09] Layer resblock_14: mean=0.000000065
[15:31:10] Layer resblock_15: mean=0.000000076
[15:31:10] Layer resblock_16: mean=0.000000086
[15:31:11] Layer resblock_17: mean=0.000000097
[15:31:12] Layer resblock_18: mean=0.000000105
[15:31:12] Layer resblock_19: mean=0.000000109
[15:31:13] Layer resblock_20: mean=0.000000113
[15:31:14] Layer resblock_21: mean=0.000000117
[15:31:14] Layer resblock_22: mean=0.000000118
[15:31:15] Layer resblock_23: mean=0.000000120
[15:31:15] Layer resblock_24: mean=0.000000120
[15:31:16] Layer resblock_25: mean=0.000000120
[15:31:17] Layer resblock_26: mean=0.000000121
[15:31:17] Layer resblock_27: mean=0.000000119
[15:31:18] Layer resblock_28: mean=0.000000117
[15:31:18] Layer resblock_29: mean=0.000000105
[15:31:19] Layer resblock_30: mean=0.000000077
[15:31:19] Layer resblock_31: mean=0.000000018
[15:31:19] ✅ patch_camelyon updated (N=1).
[15:31:19] 
🔍 Processing task: renderedsst2 (delta=1)
[15:31:19] [RenderedSST2] Loaded 1 samples (skipped 0), tensor torch.Size([1, 3, 378, 378])
[15:31:20] Layer resblock_0: mean=0.000000031
[15:31:21] Layer resblock_1: mean=0.000000030
[15:31:22] Layer resblock_2: mean=0.000000033
[15:31:23] Layer resblock_3: mean=0.000000039
[15:31:24] Layer resblock_4: mean=0.000000044
[15:31:25] Layer resblock_5: mean=0.000000044
[15:31:25] Layer resblock_6: mean=0.000000043
[15:31:26] Layer resblock_7: mean=0.000000041
[15:31:27] Layer resblock_8: mean=0.000000041
[15:31:28] Layer resblock_9: mean=0.000000040
[15:31:29] Layer resblock_10: mean=0.000000041
[15:31:29] Layer resblock_11: mean=0.000000041
[15:31:30] Layer resblock_12: mean=0.000000044
[15:31:31] Layer resblock_13: mean=0.000000044
[15:31:32] Layer resblock_14: mean=0.000000045
[15:31:32] Layer resblock_15: mean=0.000000046
[15:31:33] Layer resblock_16: mean=0.000000047
[15:31:34] Layer resblock_17: mean=0.000000047
[15:31:34] Layer resblock_18: mean=0.000000048
[15:31:35] Layer resblock_19: mean=0.000000049
[15:31:36] Layer resblock_20: mean=0.000000048
[15:31:36] Layer resblock_21: mean=0.000000049
[15:31:37] Layer resblock_22: mean=0.000000050
[15:31:38] Layer resblock_23: mean=0.000000052
[15:31:38] Layer resblock_24: mean=0.000000054
[15:31:39] Layer resblock_25: mean=0.000000055
[15:31:39] Layer resblock_26: mean=0.000000056
[15:31:40] Layer resblock_27: mean=0.000000057
[15:31:40] Layer resblock_28: mean=0.000000058
[15:31:41] Layer resblock_29: mean=0.000000056
[15:31:41] Layer resblock_30: mean=0.000000044
[15:31:42] Layer resblock_31: mean=0.000000017
[15:31:42] ✅ renderedsst2 updated (N=1).
[15:31:42] 
🔍 Processing task: resisc45 (delta=1)
[15:31:42] [RESISC45] Collected 6300 images from /root/autodl-tmp/modelselection/datasets/datasets/resisc45/test.txt
[15:31:42] [RESISC45] Loaded 1 samples (skipped 0), tensor torch.Size([1, 3, 378, 378])
[15:31:43] Layer resblock_0: mean=0.000000025
[15:31:44] Layer resblock_1: mean=0.000000025
[15:31:45] Layer resblock_2: mean=0.000000030
[15:31:46] Layer resblock_3: mean=0.000000034
[15:31:46] Layer resblock_4: mean=0.000000038
[15:31:47] Layer resblock_5: mean=0.000000040
[15:31:48] Layer resblock_6: mean=0.000000042
[15:31:49] Layer resblock_7: mean=0.000000044
[15:31:50] Layer resblock_8: mean=0.000000045
[15:31:51] Layer resblock_9: mean=0.000000046
[15:31:51] Layer resblock_10: mean=0.000000050
[15:31:52] Layer resblock_11: mean=0.000000055
[15:31:53] Layer resblock_12: mean=0.000000063
[15:31:54] Layer resblock_13: mean=0.000000069
[15:31:55] Layer resblock_14: mean=0.000000074
[15:31:55] Layer resblock_15: mean=0.000000083
[15:31:56] Layer resblock_16: mean=0.000000092
[15:31:57] Layer resblock_17: mean=0.000000100
[15:31:57] Layer resblock_18: mean=0.000000105
[15:31:58] Layer resblock_19: mean=0.000000109
[15:31:59] Layer resblock_20: mean=0.000000112
[15:31:59] Layer resblock_21: mean=0.000000115
[15:32:00] Layer resblock_22: mean=0.000000117
[15:32:00] Layer resblock_23: mean=0.000000118
[15:32:01] Layer resblock_24: mean=0.000000121
[15:32:02] Layer resblock_25: mean=0.000000122
[15:32:02] Layer resblock_26: mean=0.000000123
[15:32:03] Layer resblock_27: mean=0.000000123
[15:32:03] Layer resblock_28: mean=0.000000126
[15:32:04] Layer resblock_29: mean=0.000000116
[15:32:04] Layer resblock_30: mean=0.000000084
[15:32:05] Layer resblock_31: mean=0.000000020
[15:32:05] ✅ resisc45 updated (N=1).
[15:32:05] 
🔍 Processing task: stl10 (delta=1)
[15:32:05] [STL10] Loaded 1 samples, tensor torch.Size([1, 3, 378, 378])
[15:32:06] Layer resblock_0: mean=0.000000058
[15:32:07] Layer resblock_1: mean=0.000000058
[15:32:08] Layer resblock_2: mean=0.000000060
[15:32:08] Layer resblock_3: mean=0.000000060
[15:32:09] Layer resblock_4: mean=0.000000056
[15:32:10] Layer resblock_5: mean=0.000000056
[15:32:11] Layer resblock_6: mean=0.000000054
[15:32:12] Layer resblock_7: mean=0.000000053
[15:32:13] Layer resblock_8: mean=0.000000053
[15:32:14] Layer resblock_9: mean=0.000000055
[15:32:14] Layer resblock_10: mean=0.000000061
[15:32:15] Layer resblock_11: mean=0.000000071
[15:32:16] Layer resblock_12: mean=0.000000083
[15:32:17] Layer resblock_13: mean=0.000000091
[15:32:17] Layer resblock_14: mean=0.000000099
[15:32:18] Layer resblock_15: mean=0.000000113
[15:32:19] Layer resblock_16: mean=0.000000121
[15:32:19] Layer resblock_17: mean=0.000000132
[15:32:20] Layer resblock_18: mean=0.000000142
[15:32:21] Layer resblock_19: mean=0.000000146
[15:32:21] Layer resblock_20: mean=0.000000147
[15:32:22] Layer resblock_21: mean=0.000000151
[15:32:23] Layer resblock_22: mean=0.000000152
[15:32:23] Layer resblock_23: mean=0.000000154
[15:32:24] Layer resblock_24: mean=0.000000153
[15:32:24] Layer resblock_25: mean=0.000000152
[15:32:25] Layer resblock_26: mean=0.000000149
[15:32:26] Layer resblock_27: mean=0.000000145
[15:32:26] Layer resblock_28: mean=0.000000139
[15:32:27] Layer resblock_29: mean=0.000000122
[15:32:27] Layer resblock_30: mean=0.000000085
[15:32:28] Layer resblock_31: mean=0.000000019
[15:32:28] ✅ stl10 updated (N=1).
[15:32:28] 
🔍 Processing task: sun397 (delta=1)
[15:32:28] [SUN397] Loaded 1 samples (skipped 0), tensor torch.Size([1, 3, 378, 378])
[15:32:29] Layer resblock_0: mean=0.000000020
[15:32:29] Layer resblock_1: mean=0.000000019
[15:32:30] Layer resblock_2: mean=0.000000021
[15:32:31] Layer resblock_3: mean=0.000000026
[15:32:32] Layer resblock_4: mean=0.000000029
[15:32:33] Layer resblock_5: mean=0.000000032
[15:32:34] Layer resblock_6: mean=0.000000034
[15:32:35] Layer resblock_7: mean=0.000000035
[15:32:36] Layer resblock_8: mean=0.000000036
[15:32:36] Layer resblock_9: mean=0.000000037
[15:32:37] Layer resblock_10: mean=0.000000040
[15:32:38] Layer resblock_11: mean=0.000000046
[15:32:39] Layer resblock_12: mean=0.000000054
[15:32:39] Layer resblock_13: mean=0.000000059
[15:32:40] Layer resblock_14: mean=0.000000064
[15:32:41] Layer resblock_15: mean=0.000000072
[15:32:42] Layer resblock_16: mean=0.000000078
[15:32:42] Layer resblock_17: mean=0.000000085
[15:32:43] Layer resblock_18: mean=0.000000090
[15:32:44] Layer resblock_19: mean=0.000000092
[15:32:44] Layer resblock_20: mean=0.000000094
[15:32:45] Layer resblock_21: mean=0.000000096
[15:32:46] Layer resblock_22: mean=0.000000097
[15:32:46] Layer resblock_23: mean=0.000000099
[15:32:47] Layer resblock_24: mean=0.000000101
[15:32:47] Layer resblock_25: mean=0.000000101
[15:32:48] Layer resblock_26: mean=0.000000100
[15:32:48] Layer resblock_27: mean=0.000000101
[15:32:49] Layer resblock_28: mean=0.000000102
[15:32:49] Layer resblock_29: mean=0.000000095
[15:32:50] Layer resblock_30: mean=0.000000072
[15:32:51] Layer resblock_31: mean=0.000000019
[15:32:51] ✅ sun397 updated (N=1).
[15:32:51] 
🔍 Processing task: svhn (delta=1)
[15:32:51] [SVHN] Loaded 1 samples (skipped 0), tensor torch.Size([1, 3, 378, 378])
[15:32:51] Layer resblock_0: mean=0.000000004
[15:32:52] Layer resblock_1: mean=0.000000003
[15:32:53] Layer resblock_2: mean=0.000000002
[15:32:54] Layer resblock_3: mean=0.000000003
[15:32:55] Layer resblock_4: mean=0.000000003
[15:32:56] Layer resblock_5: mean=0.000000004
[15:32:57] Layer resblock_6: mean=0.000000004
[15:32:58] Layer resblock_7: mean=0.000000005
[15:32:58] Layer resblock_8: mean=0.000000006
[15:32:59] Layer resblock_9: mean=0.000000007
[15:33:00] Layer resblock_10: mean=0.000000009
[15:33:01] Layer resblock_11: mean=0.000000011
[15:33:02] Layer resblock_12: mean=0.000000016
[15:33:02] Layer resblock_13: mean=0.000000019
[15:33:03] Layer resblock_14: mean=0.000000023
[15:33:04] Layer resblock_15: mean=0.000000027
[15:33:04] Layer resblock_16: mean=0.000000031
[15:33:05] Layer resblock_17: mean=0.000000037
[15:33:06] Layer resblock_18: mean=0.000000039
[15:33:06] Layer resblock_19: mean=0.000000040
[15:33:07] Layer resblock_20: mean=0.000000041
[15:33:08] Layer resblock_21: mean=0.000000044
[15:33:08] Layer resblock_22: mean=0.000000045
[15:33:09] Layer resblock_23: mean=0.000000046
[15:33:10] Layer resblock_24: mean=0.000000046
[15:33:10] Layer resblock_25: mean=0.000000047
[15:33:11] Layer resblock_26: mean=0.000000047
[15:33:11] Layer resblock_27: mean=0.000000048
[15:33:12] Layer resblock_28: mean=0.000000049
[15:33:12] Layer resblock_29: mean=0.000000047
[15:33:13] Layer resblock_30: mean=0.000000036
[15:33:13] Layer resblock_31: mean=0.000000014
[15:33:13] ✅ svhn updated (N=1).
[15:33:13] 
🔍 Processing task: voc_pose (delta=1)
[15:33:13] [VOC] Loaded 1 samples (skipped 0), tensor torch.Size([1, 3, 378, 378])
[15:33:14] Layer resblock_0: mean=0.000000017
[15:33:15] Layer resblock_1: mean=0.000000017
[15:33:16] Layer resblock_2: mean=0.000000020
[15:33:17] Layer resblock_3: mean=0.000000024
[15:33:18] Layer resblock_4: mean=0.000000028
[15:33:19] Layer resblock_5: mean=0.000000029
[15:33:20] Layer resblock_6: mean=0.000000030
[15:33:20] Layer resblock_7: mean=0.000000029
[15:33:21] Layer resblock_8: mean=0.000000030
[15:33:22] Layer resblock_9: mean=0.000000030
[15:33:23] Layer resblock_10: mean=0.000000033
[15:33:24] Layer resblock_11: mean=0.000000038
[15:33:24] Layer resblock_12: mean=0.000000045
[15:33:25] Layer resblock_13: mean=0.000000050
[15:33:26] Layer resblock_14: mean=0.000000056
[15:33:26] Layer resblock_15: mean=0.000000064
[15:33:27] Layer resblock_16: mean=0.000000069
[15:33:28] Layer resblock_17: mean=0.000000078
[15:33:29] Layer resblock_18: mean=0.000000083
[15:33:29] Layer resblock_19: mean=0.000000086
[15:33:30] Layer resblock_20: mean=0.000000089
[15:33:31] Layer resblock_21: mean=0.000000093
[15:33:31] Layer resblock_22: mean=0.000000095
[15:33:32] Layer resblock_23: mean=0.000000097
[15:33:32] Layer resblock_24: mean=0.000000100
[15:33:33] Layer resblock_25: mean=0.000000100
[15:33:33] Layer resblock_26: mean=0.000000102
[15:33:34] Layer resblock_27: mean=0.000000108
[15:33:35] Layer resblock_28: mean=0.000000112
[15:33:35] Layer resblock_29: mean=0.000000108
[15:33:36] Layer resblock_30: mean=0.000000082
[15:33:36] Layer resblock_31: mean=0.000000020
[15:33:36] ✅ voc_pose updated (N=1).
[15:33:36] ✅ Results saved for milestone 1.
