/root/miniconda3/envs/reason/lib/python3.10/site-packages/transformers/utils/hub.py:111: FutureWarning: Using `TRANSFORMERS_CACHE` is deprecated and will be removed in v5 of Transformers. Use `HF_HOME` instead.
  warnings.warn(
[15:19:25] Using device: cuda, seed: 55
[15:19:25] Parsing model identifier. Schema: None, Identifier: ViT-L-14
[15:19:25] Loaded built-in ViT-L-14 model config.
[15:19:26] Instantiating model architecture: CLIP
[15:19:29] Loading full pretrained weights from: /root/autodl-tmp/hf_cache/models--laion--CLIP-ViT-L-14-DataComp.XL-s13B-b90K/snapshots/84c9828e63dc9a9351d1fe637c346d4c1c4db341/open_clip_pytorch_model.bin
[15:19:30] Final image preprocessing configuration set: {'size': (224, 224), 'mode': 'RGB', 'mean': (0.48145466, 0.4578275, 0.40821073), 'std': (0.26862954, 0.26130258, 0.27577711), 'interpolation': 'bicubic', 'resize_mode': 'shortest', 'fill_color': 0}
[15:19:30] Model ViT-L-14 creation process complete.
[15:19:30] Detected VisionTransformer with 24 blocks.
[15:19:30] Model ViT-L-14 loaded (24 layers detected).
[15:19:30] Using ViT forward_func for ViT-L-14
[15:19:32] [FER2013] Column 'Usage' not found, using all rows.
[15:19:32] [FER2013] Loaded 28709 images from /root/autodl-tmp/modelselection/datasets/datasets/fer2013/train.csv
[15:19:32] [OxfordFlowers] Loaded split='test' with 6149 images from /root/autodl-tmp/modelselection/datasets/datasets/oxford_flowers
[15:19:32] [OxfordPet] Loaded split='test' with 3669 samples from /root/autodl-tmp/modelselection/datasets/datasets/oxford-pet/annotations/test.txt
[15:19:32] [RenderedSST2] Loaded 1821 images from /root/autodl-tmp/modelselection/datasets/datasets/renderedsst2/rendered-sst2/test
[15:19:32] [STL10] Loaded split='test' with 8000 images from /root/autodl-tmp/modelselection/datasets/datasets/stl10/stl10_binary/test_X.bin
[15:19:32] [SUN397] Loaded split='test' with 19850 images
[15:19:32] [SVHN] Loaded 26032 images from /root/autodl-tmp/modelselection/datasets/datasets/svhn/test.txt
[15:19:33] [VOC] Loaded 9963 images from annotations
[15:19:33] === Reaching milestone N=1 ===
[15:19:33] 
🔍 Processing task: car (delta=1)
[15:19:33] [Cars] Loaded 1 samples, tensor torch.Size([1, 3, 224, 224])
/root/autodl-tmp/modelselection/frame_v2/framework/conductance.py:20: FutureWarning: `torch.cuda.amp.autocast(args...)` is deprecated. Please use `torch.amp.autocast('cuda', args...)` instead.
  with torch.cuda.amp.autocast(enabled=use_amp):
[15:19:34] Layer resblock_0: mean=0.000018240
[15:19:35] Layer resblock_1: mean=0.000019365
[15:19:36] Layer resblock_2: mean=0.000020319
[15:19:36] Layer resblock_3: mean=0.000017968
[15:19:37] Layer resblock_4: mean=0.000017576
[15:19:38] Layer resblock_5: mean=0.000016272
[15:19:38] Layer resblock_6: mean=0.000015061
[15:19:39] Layer resblock_7: mean=0.000014440
[15:19:39] Layer resblock_8: mean=0.000014010
[15:19:40] Layer resblock_9: mean=0.000013652
[15:19:40] Layer resblock_10: mean=0.000013840
[15:19:41] Layer resblock_11: mean=0.000014637
[15:19:42] Layer resblock_12: mean=0.000015103
[15:19:42] Layer resblock_13: mean=0.000015575
[15:19:43] Layer resblock_14: mean=0.000015747
[15:19:43] Layer resblock_15: mean=0.000015962
[15:19:43] Layer resblock_16: mean=0.000015995
[15:19:44] Layer resblock_17: mean=0.000015686
[15:19:44] Layer resblock_18: mean=0.000015166
[15:19:45] Layer resblock_19: mean=0.000014423
[15:19:45] Layer resblock_20: mean=0.000012994
[15:19:46] Layer resblock_21: mean=0.000010515
[15:19:46] Layer resblock_22: mean=0.000007647
[15:19:46] Layer resblock_23: mean=0.000002165
[15:19:46] ✅ car updated (N=1).
[15:19:46] 
🔍 Processing task: cifar (delta=1)
[15:19:46] [CIFAR] Loaded 1 samples, tensor torch.Size([1, 3, 224, 224])
[15:19:47] Layer resblock_0: mean=0.000013513
[15:19:48] Layer resblock_1: mean=0.000013920
[15:19:48] Layer resblock_2: mean=0.000014185
[15:19:49] Layer resblock_3: mean=0.000012588
[15:19:50] Layer resblock_4: mean=0.000012175
[15:19:51] Layer resblock_5: mean=0.000011116
[15:19:51] Layer resblock_6: mean=0.000010492
[15:19:52] Layer resblock_7: mean=0.000010123
[15:19:52] Layer resblock_8: mean=0.000010076
[15:19:53] Layer resblock_9: mean=0.000010001
[15:19:54] Layer resblock_10: mean=0.000010368
[15:19:54] Layer resblock_11: mean=0.000010802
[15:19:55] Layer resblock_12: mean=0.000011135
[15:19:55] Layer resblock_13: mean=0.000011228
[15:19:56] Layer resblock_14: mean=0.000011343
[15:19:56] Layer resblock_15: mean=0.000011378
[15:19:56] Layer resblock_16: mean=0.000010967
[15:19:57] Layer resblock_17: mean=0.000010347
[15:19:57] Layer resblock_18: mean=0.000010021
[15:19:58] Layer resblock_19: mean=0.000009563
[15:19:58] Layer resblock_20: mean=0.000008552
[15:19:58] Layer resblock_21: mean=0.000007509
[15:19:59] Layer resblock_22: mean=0.000005900
[15:19:59] Layer resblock_23: mean=0.000001931
[15:19:59] ✅ cifar updated (N=1).
[15:19:59] 
🔍 Processing task: clevr (delta=1)
[15:19:59] [CLEVR] 15000 samples from /root/autodl-tmp/modelselection/datasets/datasets/clevr_count/test
[15:19:59] [CLEVR] Loaded 1 samples, tensor torch.Size([1, 3, 224, 224])
[15:20:00] Layer resblock_0: mean=0.000006346
[15:20:00] Layer resblock_1: mean=0.000006619
[15:20:01] Layer resblock_2: mean=0.000007063
[15:20:01] Layer resblock_3: mean=0.000006171
[15:20:02] Layer resblock_4: mean=0.000006074
[15:20:02] Layer resblock_5: mean=0.000005735
[15:20:03] Layer resblock_6: mean=0.000005569
[15:20:03] Layer resblock_7: mean=0.000005599
[15:20:04] Layer resblock_8: mean=0.000005829
[15:20:04] Layer resblock_9: mean=0.000006053
[15:20:05] Layer resblock_10: mean=0.000006459
[15:20:05] Layer resblock_11: mean=0.000006847
[15:20:05] Layer resblock_12: mean=0.000007183
[15:20:06] Layer resblock_13: mean=0.000007560
[15:20:06] Layer resblock_14: mean=0.000007859
[15:20:07] Layer resblock_15: mean=0.000007966
[15:20:07] Layer resblock_16: mean=0.000007843
[15:20:07] Layer resblock_17: mean=0.000007576
[15:20:08] Layer resblock_18: mean=0.000007449
[15:20:08] Layer resblock_19: mean=0.000007186
[15:20:08] Layer resblock_20: mean=0.000006699
[15:20:08] Layer resblock_21: mean=0.000006132
[15:20:09] Layer resblock_22: mean=0.000005125
[15:20:09] Layer resblock_23: mean=0.000001922
[15:20:09] ✅ clevr updated (N=1).
[15:20:09] 
🔍 Processing task: country (delta=1)
[15:20:09] [Country211] Loaded 1 samples, tensor torch.Size([1, 3, 224, 224])
[15:20:09] Layer resblock_0: mean=0.000013772
[15:20:10] Layer resblock_1: mean=0.000014148
[15:20:10] Layer resblock_2: mean=0.000014532
[15:20:11] Layer resblock_3: mean=0.000012891
[15:20:11] Layer resblock_4: mean=0.000012630
[15:20:12] Layer resblock_5: mean=0.000011648
[15:20:12] Layer resblock_6: mean=0.000010930
[15:20:12] Layer resblock_7: mean=0.000010646
[15:20:13] Layer resblock_8: mean=0.000010500
[15:20:13] Layer resblock_9: mean=0.000010502
[15:20:13] Layer resblock_10: mean=0.000010776
[15:20:14] Layer resblock_11: mean=0.000011307
[15:20:14] Layer resblock_12: mean=0.000012096
[15:20:14] Layer resblock_13: mean=0.000012626
[15:20:15] Layer resblock_14: mean=0.000013006
[15:20:15] Layer resblock_15: mean=0.000013470
[15:20:15] Layer resblock_16: mean=0.000013602
[15:20:16] Layer resblock_17: mean=0.000013479
[15:20:16] Layer resblock_18: mean=0.000013237
[15:20:16] Layer resblock_19: mean=0.000012559
[15:20:16] Layer resblock_20: mean=0.000011095
[15:20:16] Layer resblock_21: mean=0.000008846
[15:20:17] Layer resblock_22: mean=0.000006342
[15:20:17] Layer resblock_23: mean=0.000002043
[15:20:17] ✅ country updated (N=1).
[15:20:17] 
🔍 Processing task: dmlab (delta=1)
[15:20:17] [DMLab] Loaded 1 samples (skipped 0), tensor torch.Size([1, 3, 224, 224])
[15:20:18] Layer resblock_0: mean=0.000009192
[15:20:18] Layer resblock_1: mean=0.000009324
[15:20:18] Layer resblock_2: mean=0.000009432
[15:20:19] Layer resblock_3: mean=0.000008373
[15:20:19] Layer resblock_4: mean=0.000008183
[15:20:19] Layer resblock_5: mean=0.000007582
[15:20:20] Layer resblock_6: mean=0.000007293
[15:20:20] Layer resblock_7: mean=0.000007305
[15:20:21] Layer resblock_8: mean=0.000007407
[15:20:21] Layer resblock_9: mean=0.000007541
[15:20:21] Layer resblock_10: mean=0.000007935
[15:20:22] Layer resblock_11: mean=0.000008311
[15:20:22] Layer resblock_12: mean=0.000008632
[15:20:22] Layer resblock_13: mean=0.000008797
[15:20:22] Layer resblock_14: mean=0.000008795
[15:20:23] Layer resblock_15: mean=0.000008741
[15:20:23] Layer resblock_16: mean=0.000008493
[15:20:23] Layer resblock_17: mean=0.000008111
[15:20:23] Layer resblock_18: mean=0.000007894
[15:20:24] Layer resblock_19: mean=0.000007386
[15:20:24] Layer resblock_20: mean=0.000006918
[15:20:24] Layer resblock_21: mean=0.000006155
[15:20:24] Layer resblock_22: mean=0.000005170
[15:20:25] Layer resblock_23: mean=0.000002045
[15:20:25] ✅ dmlab updated (N=1).
[15:20:25] 
🔍 Processing task: dr (delta=1)
[15:20:25] [DR] Loaded 42670 paths from /root/autodl-tmp/modelselection/datasets/datasets/diabetic_retinopathy/test.txt
[15:20:25] [DR] Loaded 1 samples (skipped 0), tensor torch.Size([1, 3, 224, 224])
[15:20:25] Layer resblock_0: mean=0.000007574
[15:20:26] Layer resblock_1: mean=0.000008155
[15:20:26] Layer resblock_2: mean=0.000008785
[15:20:27] Layer resblock_3: mean=0.000008137
[15:20:27] Layer resblock_4: mean=0.000007951
[15:20:27] Layer resblock_5: mean=0.000007501
[15:20:28] Layer resblock_6: mean=0.000007198
[15:20:28] Layer resblock_7: mean=0.000007012
[15:20:29] Layer resblock_8: mean=0.000006996
[15:20:29] Layer resblock_9: mean=0.000007027
[15:20:29] Layer resblock_10: mean=0.000007264
[15:20:30] Layer resblock_11: mean=0.000007642
[15:20:30] Layer resblock_12: mean=0.000008144
[15:20:30] Layer resblock_13: mean=0.000008520
[15:20:31] Layer resblock_14: mean=0.000008939
[15:20:31] Layer resblock_15: mean=0.000009348
[15:20:31] Layer resblock_16: mean=0.000009460
[15:20:31] Layer resblock_17: mean=0.000009126
[15:20:32] Layer resblock_18: mean=0.000008925
[15:20:32] Layer resblock_19: mean=0.000008489
[15:20:32] Layer resblock_20: mean=0.000007926
[15:20:32] Layer resblock_21: mean=0.000007037
[15:20:33] Layer resblock_22: mean=0.000005870
[15:20:33] Layer resblock_23: mean=0.000001939
[15:20:33] ✅ dr updated (N=1).
[15:20:33] 
🔍 Processing task: dtd (delta=1)
[15:20:33] [DTD] Collected 5640 image paths from /root/autodl-tmp/modelselection/datasets/datasets/dtd/labels
[15:20:33] [DTD] Loaded 1 samples (skipped 0), tensor torch.Size([1, 3, 224, 224])
[15:20:33] Layer resblock_0: mean=0.000005737
[15:20:34] Layer resblock_1: mean=0.000005922
[15:20:34] Layer resblock_2: mean=0.000006142
[15:20:35] Layer resblock_3: mean=0.000005492
[15:20:35] Layer resblock_4: mean=0.000005256
[15:20:35] Layer resblock_5: mean=0.000004736
[15:20:36] Layer resblock_6: mean=0.000004425
[15:20:36] Layer resblock_7: mean=0.000004202
[15:20:36] Layer resblock_8: mean=0.000004150
[15:20:37] Layer resblock_9: mean=0.000004097
[15:20:37] Layer resblock_10: mean=0.000004420
[15:20:37] Layer resblock_11: mean=0.000004648
[15:20:38] Layer resblock_12: mean=0.000004862
[15:20:38] Layer resblock_13: mean=0.000004958
[15:20:38] Layer resblock_14: mean=0.000005194
[15:20:38] Layer resblock_15: mean=0.000005364
[15:20:38] Layer resblock_16: mean=0.000005423
[15:20:39] Layer resblock_17: mean=0.000005296
[15:20:39] Layer resblock_18: mean=0.000005276
[15:20:39] Layer resblock_19: mean=0.000005069
[15:20:39] Layer resblock_20: mean=0.000004800
[15:20:39] Layer resblock_21: mean=0.000004554
[15:20:40] Layer resblock_22: mean=0.000004078
[15:20:40] Layer resblock_23: mean=0.000001613
[15:20:40] ✅ dtd updated (N=1).
[15:20:40] 
🔍 Processing task: eurosat (delta=1)
[15:20:40] [EuroSAT] Collected 27000 images from 10 classes under /root/autodl-tmp/modelselection/datasets/datasets/eurosat/2750
[15:20:40] [EuroSAT] Loaded 1 samples (skipped 0), tensor torch.Size([1, 3, 224, 224])
[15:20:41] Layer resblock_0: mean=0.000011956
[15:20:41] Layer resblock_1: mean=0.000012141
[15:20:41] Layer resblock_2: mean=0.000012468
[15:20:42] Layer resblock_3: mean=0.000010890
[15:20:42] Layer resblock_4: mean=0.000010490
[15:20:42] Layer resblock_5: mean=0.000009492
[15:20:42] Layer resblock_6: mean=0.000008853
[15:20:43] Layer resblock_7: mean=0.000008431
[15:20:43] Layer resblock_8: mean=0.000008061
[15:20:43] Layer resblock_9: mean=0.000007734
[15:20:43] Layer resblock_10: mean=0.000007807
[15:20:44] Layer resblock_11: mean=0.000008066
[15:20:44] Layer resblock_12: mean=0.000008162
[15:20:44] Layer resblock_13: mean=0.000008158
[15:20:44] Layer resblock_14: mean=0.000008292
[15:20:45] Layer resblock_15: mean=0.000008335
[15:20:45] Layer resblock_16: mean=0.000008245
[15:20:45] Layer resblock_17: mean=0.000007946
[15:20:46] Layer resblock_18: mean=0.000007620
[15:20:46] Layer resblock_19: mean=0.000007223
[15:20:46] Layer resblock_20: mean=0.000006707
[15:20:46] Layer resblock_21: mean=0.000006203
[15:20:46] Layer resblock_22: mean=0.000004981
[15:20:47] Layer resblock_23: mean=0.000001888
[15:20:47] ✅ eurosat updated (N=1).
[15:20:47] 
🔍 Processing task: fer2013 (delta=1)
[15:20:47] [FER2013] Loaded 1 samples (skipped 0), tensor torch.Size([1, 3, 224, 224])
[15:20:47] Layer resblock_0: mean=0.000008710
[15:20:47] Layer resblock_1: mean=0.000008949
[15:20:48] Layer resblock_2: mean=0.000009450
[15:20:48] Layer resblock_3: mean=0.000008343
[15:20:48] Layer resblock_4: mean=0.000008089
[15:20:49] Layer resblock_5: mean=0.000007351
[15:20:49] Layer resblock_6: mean=0.000006904
[15:20:49] Layer resblock_7: mean=0.000006701
[15:20:49] Layer resblock_8: mean=0.000006736
[15:20:50] Layer resblock_9: mean=0.000006940
[15:20:50] Layer resblock_10: mean=0.000007553
[15:20:50] Layer resblock_11: mean=0.000008120
[15:20:51] Layer resblock_12: mean=0.000008561
[15:20:51] Layer resblock_13: mean=0.000008795
[15:20:51] Layer resblock_14: mean=0.000009002
[15:20:51] Layer resblock_15: mean=0.000009230
[15:20:51] Layer resblock_16: mean=0.000008979
[15:20:52] Layer resblock_17: mean=0.000008529
[15:20:52] Layer resblock_18: mean=0.000008091
[15:20:52] Layer resblock_19: mean=0.000007500
[15:20:52] Layer resblock_20: mean=0.000006753
[15:20:52] Layer resblock_21: mean=0.000006199
[15:20:53] Layer resblock_22: mean=0.000005201
[15:20:53] Layer resblock_23: mean=0.000001970
[15:20:53] ✅ fer2013 updated (N=1).
[15:20:53] 
🔍 Processing task: gtsrb (delta=1)
[15:20:53] [GTSRB] Collected 12630 test images.
[15:20:53] [GTSRB] Loaded 1 samples (skipped 0), tensor torch.Size([1, 3, 224, 224])
[15:20:53] Layer resblock_0: mean=0.000010534
[15:20:54] Layer resblock_1: mean=0.000009342
[15:20:54] Layer resblock_2: mean=0.000009129
[15:20:54] Layer resblock_3: mean=0.000007892
[15:20:55] Layer resblock_4: mean=0.000007915
[15:20:55] Layer resblock_5: mean=0.000007051
[15:20:56] Layer resblock_6: mean=0.000006582
[15:20:56] Layer resblock_7: mean=0.000006465
[15:20:56] Layer resblock_8: mean=0.000006520
[15:20:57] Layer resblock_9: mean=0.000006643
[15:20:57] Layer resblock_10: mean=0.000006994
[15:20:57] Layer resblock_11: mean=0.000007517
[15:20:57] Layer resblock_12: mean=0.000008018
[15:20:58] Layer resblock_13: mean=0.000008387
[15:20:58] Layer resblock_14: mean=0.000008710
[15:20:58] Layer resblock_15: mean=0.000008924
[15:20:58] Layer resblock_16: mean=0.000008454
[15:20:59] Layer resblock_17: mean=0.000007959
[15:20:59] Layer resblock_18: mean=0.000007510
[15:20:59] Layer resblock_19: mean=0.000007121
[15:20:59] Layer resblock_20: mean=0.000006414
[15:21:00] Layer resblock_21: mean=0.000005727
[15:21:00] Layer resblock_22: mean=0.000004949
[15:21:00] Layer resblock_23: mean=0.000001794
[15:21:00] ✅ gtsrb updated (N=1).
[15:21:00] 
🔍 Processing task: kitti (delta=1)
[15:21:00] [KITTI] Collected 711 images from /root/autodl-tmp/modelselection/datasets/datasets/kitti/test.txt
[15:21:00] [KITTI] Loaded 1 samples (skipped 0), tensor torch.Size([1, 3, 224, 224])
[15:21:00] Layer resblock_0: mean=0.000010842
[15:21:01] Layer resblock_1: mean=0.000010978
[15:21:01] Layer resblock_2: mean=0.000011269
[15:21:01] Layer resblock_3: mean=0.000010005
[15:21:02] Layer resblock_4: mean=0.000009686
[15:21:02] Layer resblock_5: mean=0.000008903
[15:21:02] Layer resblock_6: mean=0.000008613
[15:21:02] Layer resblock_7: mean=0.000008490
[15:21:03] Layer resblock_8: mean=0.000008612
[15:21:03] Layer resblock_9: mean=0.000008716
[15:21:03] Layer resblock_10: mean=0.000009157
[15:21:03] Layer resblock_11: mean=0.000009640
[15:21:04] Layer resblock_12: mean=0.000009924
[15:21:04] Layer resblock_13: mean=0.000010188
[15:21:04] Layer resblock_14: mean=0.000010449
[15:21:04] Layer resblock_15: mean=0.000010464
[15:21:04] Layer resblock_16: mean=0.000010187
[15:21:05] Layer resblock_17: mean=0.000009857
[15:21:05] Layer resblock_18: mean=0.000009521
[15:21:05] Layer resblock_19: mean=0.000008851
[15:21:05] Layer resblock_20: mean=0.000007931
[15:21:06] Layer resblock_21: mean=0.000006782
[15:21:06] Layer resblock_22: mean=0.000005485
[15:21:06] Layer resblock_23: mean=0.000002028
[15:21:06] ✅ kitti updated (N=1).
[15:21:06] 
🔍 Processing task: mnist (delta=1)
[15:21:06] [MNIST] Loaded split='test' with 10000 samples from data/mnist
[15:21:06] [MNIST] Loaded 1 samples, tensor torch.Size([1, 3, 224, 224])
[15:21:06] Layer resblock_0: mean=0.000007683
[15:21:07] Layer resblock_1: mean=0.000007451
[15:21:07] Layer resblock_2: mean=0.000007830
[15:21:07] Layer resblock_3: mean=0.000006874
[15:21:08] Layer resblock_4: mean=0.000006852
[15:21:08] Layer resblock_5: mean=0.000006216
[15:21:09] Layer resblock_6: mean=0.000006112
[15:21:09] Layer resblock_7: mean=0.000006134
[15:21:09] Layer resblock_8: mean=0.000006339
[15:21:09] Layer resblock_9: mean=0.000006623
[15:21:10] Layer resblock_10: mean=0.000006955
[15:21:10] Layer resblock_11: mean=0.000007386
[15:21:10] Layer resblock_12: mean=0.000007645
[15:21:10] Layer resblock_13: mean=0.000007866
[15:21:11] Layer resblock_14: mean=0.000007887
[15:21:11] Layer resblock_15: mean=0.000007963
[15:21:11] Layer resblock_16: mean=0.000007788
[15:21:12] Layer resblock_17: mean=0.000007197
[15:21:12] Layer resblock_18: mean=0.000007023
[15:21:12] Layer resblock_19: mean=0.000006481
[15:21:12] Layer resblock_20: mean=0.000005913
[15:21:12] Layer resblock_21: mean=0.000005342
[15:21:12] Layer resblock_22: mean=0.000004675
[15:21:13] Layer resblock_23: mean=0.000001957
[15:21:13] ✅ mnist updated (N=1).
[15:21:13] 
🔍 Processing task: oxford_flowers (delta=1)
[15:21:13] [OxfordFlowers] Loaded 1 samples (skipped 0), tensor torch.Size([1, 3, 224, 224])
[15:21:13] Layer resblock_0: mean=0.000008578
[15:21:13] Layer resblock_1: mean=0.000008972
[15:21:14] Layer resblock_2: mean=0.000009496
[15:21:14] Layer resblock_3: mean=0.000008541
[15:21:14] Layer resblock_4: mean=0.000008453
[15:21:15] Layer resblock_5: mean=0.000008013
[15:21:15] Layer resblock_6: mean=0.000007777
[15:21:15] Layer resblock_7: mean=0.000007683
[15:21:16] Layer resblock_8: mean=0.000007755
[15:21:16] Layer resblock_9: mean=0.000007876
[15:21:16] Layer resblock_10: mean=0.000008296
[15:21:16] Layer resblock_11: mean=0.000008752
[15:21:17] Layer resblock_12: mean=0.000009132
[15:21:17] Layer resblock_13: mean=0.000009317
[15:21:17] Layer resblock_14: mean=0.000009432
[15:21:17] Layer resblock_15: mean=0.000009527
[15:21:18] Layer resblock_16: mean=0.000009511
[15:21:18] Layer resblock_17: mean=0.000009223
[15:21:18] Layer resblock_18: mean=0.000008930
[15:21:18] Layer resblock_19: mean=0.000008518
[15:21:18] Layer resblock_20: mean=0.000007949
[15:21:19] Layer resblock_21: mean=0.000007202
[15:21:19] Layer resblock_22: mean=0.000006127
[15:21:19] Layer resblock_23: mean=0.000002190
[15:21:19] ✅ oxford_flowers updated (N=1).
[15:21:19] 
🔍 Processing task: oxford_pet (delta=1)
[15:21:19] [OxfordPet] Loaded 1 samples (skipped 0), tensor torch.Size([1, 3, 224, 224])
[15:21:19] Layer resblock_0: mean=0.000009123
[15:21:19] Layer resblock_1: mean=0.000009454
[15:21:20] Layer resblock_2: mean=0.000009884
[15:21:20] Layer resblock_3: mean=0.000008942
[15:21:20] Layer resblock_4: mean=0.000008853
[15:21:21] Layer resblock_5: mean=0.000008449
[15:21:21] Layer resblock_6: mean=0.000008138
[15:21:21] Layer resblock_7: mean=0.000008073
[15:21:22] Layer resblock_8: mean=0.000008160
[15:21:22] Layer resblock_9: mean=0.000008328
[15:21:22] Layer resblock_10: mean=0.000008896
[15:21:22] Layer resblock_11: mean=0.000009316
[15:21:23] Layer resblock_12: mean=0.000009898
[15:21:23] Layer resblock_13: mean=0.000010274
[15:21:23] Layer resblock_14: mean=0.000010526
[15:21:23] Layer resblock_15: mean=0.000010767
[15:21:24] Layer resblock_16: mean=0.000010472
[15:21:24] Layer resblock_17: mean=0.000009957
[15:21:24] Layer resblock_18: mean=0.000009450
[15:21:24] Layer resblock_19: mean=0.000008888
[15:21:25] Layer resblock_20: mean=0.000008204
[15:21:25] Layer resblock_21: mean=0.000007414
[15:21:25] Layer resblock_22: mean=0.000006379
[15:21:25] Layer resblock_23: mean=0.000002238
[15:21:25] ✅ oxford_pet updated (N=1).
[15:21:25] 
🔍 Processing task: patch_camelyon (delta=1)
[15:21:25] [PatchCamelyon] Collected 32768 image paths from /root/autodl-tmp/modelselection/datasets/datasets/patch_camelyon/test.txt
[15:21:25] [PatchCamelyon] Loaded 1 samples (skipped 0), tensor torch.Size([1, 3, 224, 224])
[15:21:26] Layer resblock_0: mean=0.000012410
[15:21:26] Layer resblock_1: mean=0.000012776
[15:21:26] Layer resblock_2: mean=0.000012893
[15:21:27] Layer resblock_3: mean=0.000011301
[15:21:27] Layer resblock_4: mean=0.000010785
[15:21:27] Layer resblock_5: mean=0.000009624
[15:21:28] Layer resblock_6: mean=0.000008625
[15:21:28] Layer resblock_7: mean=0.000008014
[15:21:28] Layer resblock_8: mean=0.000007468
[15:21:28] Layer resblock_9: mean=0.000007011
[15:21:29] Layer resblock_10: mean=0.000007153
[15:21:29] Layer resblock_11: mean=0.000007616
[15:21:29] Layer resblock_12: mean=0.000008169
[15:21:29] Layer resblock_13: mean=0.000008522
[15:21:30] Layer resblock_14: mean=0.000008969
[15:21:30] Layer resblock_15: mean=0.000009599
[15:21:30] Layer resblock_16: mean=0.000009956
[15:21:30] Layer resblock_17: mean=0.000009822
[15:21:31] Layer resblock_18: mean=0.000009606
[15:21:31] Layer resblock_19: mean=0.000009190
[15:21:31] Layer resblock_20: mean=0.000008541
[15:21:31] Layer resblock_21: mean=0.000007643
[15:21:31] Layer resblock_22: mean=0.000006024
[15:21:32] Layer resblock_23: mean=0.000002052
[15:21:32] ✅ patch_camelyon updated (N=1).
[15:21:32] 
🔍 Processing task: renderedsst2 (delta=1)
[15:21:32] [RenderedSST2] Loaded 1 samples (skipped 0), tensor torch.Size([1, 3, 224, 224])
[15:21:32] Layer resblock_0: mean=0.000011538
[15:21:32] Layer resblock_1: mean=0.000011326
[15:21:33] Layer resblock_2: mean=0.000011662
[15:21:33] Layer resblock_3: mean=0.000010003
[15:21:33] Layer resblock_4: mean=0.000009876
[15:21:33] Layer resblock_5: mean=0.000008756
[15:21:34] Layer resblock_6: mean=0.000008390
[15:21:34] Layer resblock_7: mean=0.000008084
[15:21:34] Layer resblock_8: mean=0.000008131
[15:21:35] Layer resblock_9: mean=0.000008005
[15:21:35] Layer resblock_10: mean=0.000008429
[15:21:35] Layer resblock_11: mean=0.000008639
[15:21:35] Layer resblock_12: mean=0.000009108
[15:21:36] Layer resblock_13: mean=0.000009666
[15:21:36] Layer resblock_14: mean=0.000010002
[15:21:36] Layer resblock_15: mean=0.000010226
[15:21:36] Layer resblock_16: mean=0.000010182
[15:21:37] Layer resblock_17: mean=0.000009833
[15:21:37] Layer resblock_18: mean=0.000009590
[15:21:37] Layer resblock_19: mean=0.000009395
[15:21:37] Layer resblock_20: mean=0.000008876
[15:21:38] Layer resblock_21: mean=0.000008049
[15:21:38] Layer resblock_22: mean=0.000006549
[15:21:38] Layer resblock_23: mean=0.000001961
[15:21:38] ✅ renderedsst2 updated (N=1).
[15:21:38] 
🔍 Processing task: resisc45 (delta=1)
[15:21:38] [RESISC45] Collected 6300 images from /root/autodl-tmp/modelselection/datasets/datasets/resisc45/test.txt
[15:21:38] [RESISC45] Loaded 1 samples (skipped 0), tensor torch.Size([1, 3, 224, 224])
[15:21:38] Layer resblock_0: mean=0.000012419
[15:21:39] Layer resblock_1: mean=0.000012879
[15:21:39] Layer resblock_2: mean=0.000013162
[15:21:39] Layer resblock_3: mean=0.000011805
[15:21:40] Layer resblock_4: mean=0.000011333
[15:21:40] Layer resblock_5: mean=0.000010038
[15:21:40] Layer resblock_6: mean=0.000008942
[15:21:40] Layer resblock_7: mean=0.000008315
[15:21:41] Layer resblock_8: mean=0.000007891
[15:21:41] Layer resblock_9: mean=0.000007674
[15:21:41] Layer resblock_10: mean=0.000007863
[15:21:42] Layer resblock_11: mean=0.000008108
[15:21:42] Layer resblock_12: mean=0.000008595
[15:21:42] Layer resblock_13: mean=0.000008891
[15:21:42] Layer resblock_14: mean=0.000009239
[15:21:42] Layer resblock_15: mean=0.000009587
[15:21:43] Layer resblock_16: mean=0.000009610
[15:21:43] Layer resblock_17: mean=0.000009444
[15:21:43] Layer resblock_18: mean=0.000009319
[15:21:43] Layer resblock_19: mean=0.000008991
[15:21:43] Layer resblock_20: mean=0.000008225
[15:21:44] Layer resblock_21: mean=0.000007235
[15:21:44] Layer resblock_22: mean=0.000005476
[15:21:44] Layer resblock_23: mean=0.000002061
[15:21:44] ✅ resisc45 updated (N=1).
[15:21:44] 
🔍 Processing task: stl10 (delta=1)
[15:21:44] [STL10] Loaded 1 samples, tensor torch.Size([1, 3, 224, 224])
[15:21:44] Layer resblock_0: mean=0.000010189
[15:21:45] Layer resblock_1: mean=0.000010711
[15:21:45] Layer resblock_2: mean=0.000011048
[15:21:46] Layer resblock_3: mean=0.000009849
[15:21:46] Layer resblock_4: mean=0.000009545
[15:21:46] Layer resblock_5: mean=0.000008895
[15:21:46] Layer resblock_6: mean=0.000008438
[15:21:47] Layer resblock_7: mean=0.000008188
[15:21:47] Layer resblock_8: mean=0.000008194
[15:21:47] Layer resblock_9: mean=0.000008267
[15:21:48] Layer resblock_10: mean=0.000008749
[15:21:48] Layer resblock_11: mean=0.000009225
[15:21:48] Layer resblock_12: mean=0.000009637
[15:21:48] Layer resblock_13: mean=0.000010002
[15:21:49] Layer resblock_14: mean=0.000010095
[15:21:49] Layer resblock_15: mean=0.000010155
[15:21:49] Layer resblock_16: mean=0.000009938
[15:21:49] Layer resblock_17: mean=0.000009466
[15:21:49] Layer resblock_18: mean=0.000009296
[15:21:50] Layer resblock_19: mean=0.000008936
[15:21:50] Layer resblock_20: mean=0.000008208
[15:21:50] Layer resblock_21: mean=0.000007359
[15:21:50] Layer resblock_22: mean=0.000005485
[15:21:50] Layer resblock_23: mean=0.000001954
[15:21:50] ✅ stl10 updated (N=1).
[15:21:50] 
🔍 Processing task: sun397 (delta=1)
[15:21:50] [SUN397] Loaded 1 samples (skipped 0), tensor torch.Size([1, 3, 224, 224])
[15:21:51] Layer resblock_0: mean=0.000009078
[15:21:51] Layer resblock_1: mean=0.000009124
[15:21:51] Layer resblock_2: mean=0.000009304
[15:21:52] Layer resblock_3: mean=0.000008301
[15:21:52] Layer resblock_4: mean=0.000008024
[15:21:52] Layer resblock_5: mean=0.000007469
[15:21:53] Layer resblock_6: mean=0.000007195
[15:21:53] Layer resblock_7: mean=0.000007115
[15:21:53] Layer resblock_8: mean=0.000007134
[15:21:54] Layer resblock_9: mean=0.000007302
[15:21:54] Layer resblock_10: mean=0.000007857
[15:21:54] Layer resblock_11: mean=0.000008280
[15:21:54] Layer resblock_12: mean=0.000008678
[15:21:54] Layer resblock_13: mean=0.000008984
[15:21:55] Layer resblock_14: mean=0.000009228
[15:21:55] Layer resblock_15: mean=0.000009468
[15:21:55] Layer resblock_16: mean=0.000009458
[15:21:56] Layer resblock_17: mean=0.000009325
[15:21:56] Layer resblock_18: mean=0.000009177
[15:21:56] Layer resblock_19: mean=0.000008871
[15:21:56] Layer resblock_20: mean=0.000008227
[15:21:56] Layer resblock_21: mean=0.000007264
[15:21:57] Layer resblock_22: mean=0.000006159
[15:21:57] Layer resblock_23: mean=0.000002329
[15:21:57] ✅ sun397 updated (N=1).
[15:21:57] 
🔍 Processing task: svhn (delta=1)
[15:21:57] [SVHN] Loaded 1 samples (skipped 0), tensor torch.Size([1, 3, 224, 224])
[15:21:57] Layer resblock_0: mean=0.000008928
[15:21:57] Layer resblock_1: mean=0.000008687
[15:21:58] Layer resblock_2: mean=0.000008844
[15:21:58] Layer resblock_3: mean=0.000007587
[15:21:58] Layer resblock_4: mean=0.000007440
[15:21:59] Layer resblock_5: mean=0.000006633
[15:21:59] Layer resblock_6: mean=0.000006024
[15:21:59] Layer resblock_7: mean=0.000005604
[15:21:59] Layer resblock_8: mean=0.000005666
[15:22:00] Layer resblock_9: mean=0.000005712
[15:22:00] Layer resblock_10: mean=0.000006044
[15:22:00] Layer resblock_11: mean=0.000006337
[15:22:01] Layer resblock_12: mean=0.000006572
[15:22:01] Layer resblock_13: mean=0.000006770
[15:22:01] Layer resblock_14: mean=0.000006885
[15:22:01] Layer resblock_15: mean=0.000006959
[15:22:02] Layer resblock_16: mean=0.000006828
[15:22:02] Layer resblock_17: mean=0.000006345
[15:22:02] Layer resblock_18: mean=0.000006005
[15:22:02] Layer resblock_19: mean=0.000005634
[15:22:03] Layer resblock_20: mean=0.000005164
[15:22:03] Layer resblock_21: mean=0.000004774
[15:22:03] Layer resblock_22: mean=0.000004175
[15:22:03] Layer resblock_23: mean=0.000001494
[15:22:03] ✅ svhn updated (N=1).
[15:22:03] 
🔍 Processing task: voc_pose (delta=1)
[15:22:03] [VOC] Loaded 1 samples (skipped 0), tensor torch.Size([1, 3, 224, 224])
[15:22:04] Layer resblock_0: mean=0.000010361
[15:22:04] Layer resblock_1: mean=0.000010827
[15:22:04] Layer resblock_2: mean=0.000011351
[15:22:04] Layer resblock_3: mean=0.000010466
[15:22:05] Layer resblock_4: mean=0.000010285
[15:22:05] Layer resblock_5: mean=0.000009529
[15:22:05] Layer resblock_6: mean=0.000009050
[15:22:06] Layer resblock_7: mean=0.000008973
[15:22:06] Layer resblock_8: mean=0.000009045
[15:22:06] Layer resblock_9: mean=0.000009257
[15:22:07] Layer resblock_10: mean=0.000009498
[15:22:07] Layer resblock_11: mean=0.000009929
[15:22:07] Layer resblock_12: mean=0.000010157
[15:22:07] Layer resblock_13: mean=0.000010443
[15:22:08] Layer resblock_14: mean=0.000010781
[15:22:08] Layer resblock_15: mean=0.000010912
[15:22:08] Layer resblock_16: mean=0.000010666
[15:22:08] Layer resblock_17: mean=0.000010415
[15:22:09] Layer resblock_18: mean=0.000010243
[15:22:09] Layer resblock_19: mean=0.000009781
[15:22:09] Layer resblock_20: mean=0.000008950
[15:22:09] Layer resblock_21: mean=0.000007525
[15:22:10] Layer resblock_22: mean=0.000005930
[15:22:10] Layer resblock_23: mean=0.000002170
[15:22:10] ✅ voc_pose updated (N=1).
[15:22:10] ✅ Results saved for milestone 1.
