/root/miniconda3/envs/reason/lib/python3.10/site-packages/transformers/utils/hub.py:111: FutureWarning: Using `TRANSFORMERS_CACHE` is deprecated and will be removed in v5 of Transformers. Use `HF_HOME` instead.
  warnings.warn(
[15:42:24] Using device: cuda, seed: 55
[15:42:24] Parsing model identifier. Schema: None, Identifier: ViT-g-14
[15:42:24] Loaded built-in ViT-g-14 model config.
[15:42:26] Instantiating model architecture: CLIP
[15:42:32] Loading full pretrained weights from: /root/autodl-tmp/hf_cache/models--laion--CLIP-ViT-g-14-laion2B-s12B-b42K/snapshots/4b0305adc6802b2632e11cbe6606a9bdd43d35c9/open_clip_pytorch_model.bin
[15:42:35] Final image preprocessing configuration set: {'size': (224, 224), 'mode': 'RGB', 'mean': (0.48145466, 0.4578275, 0.40821073), 'std': (0.26862954, 0.26130258, 0.27577711), 'interpolation': 'bicubic', 'resize_mode': 'shortest', 'fill_color': 0}
[15:42:35] Model ViT-g-14 creation process complete.
[15:42:37] Detected VisionTransformer with 40 blocks.
[15:42:37] Model ViT-g-14 loaded (40 layers detected).
[15:42:37] Using ViT forward_func for ViT-g-14
[15:42:39] [FER2013] Column 'Usage' not found, using all rows.
[15:42:39] [FER2013] Loaded 28709 images from /root/autodl-tmp/modelselection/datasets/datasets/fer2013/train.csv
[15:42:39] [OxfordFlowers] Loaded split='test' with 6149 images from /root/autodl-tmp/modelselection/datasets/datasets/oxford_flowers
[15:42:39] [OxfordPet] Loaded split='test' with 3669 samples from /root/autodl-tmp/modelselection/datasets/datasets/oxford-pet/annotations/test.txt
[15:42:39] [RenderedSST2] Loaded 1821 images from /root/autodl-tmp/modelselection/datasets/datasets/renderedsst2/rendered-sst2/test
[15:42:39] [STL10] Loaded split='test' with 8000 images from /root/autodl-tmp/modelselection/datasets/datasets/stl10/stl10_binary/test_X.bin
[15:42:39] [SUN397] Loaded split='test' with 19850 images
[15:42:39] [SVHN] Loaded 26032 images from /root/autodl-tmp/modelselection/datasets/datasets/svhn/test.txt
[15:42:39] [VOC] Loaded 9963 images from annotations
[15:42:39] === Reaching milestone N=1 ===
[15:42:39] 
🔍 Processing task: car (delta=1)
[15:42:40] [Cars] Loaded 1 samples, tensor torch.Size([1, 3, 224, 224])
/root/autodl-tmp/modelselection/frame_v2/framework/conductance.py:20: FutureWarning: `torch.cuda.amp.autocast(args...)` is deprecated. Please use `torch.amp.autocast('cuda', args...)` instead.
  with torch.cuda.amp.autocast(enabled=use_amp):
[15:42:41] Layer resblock_0: mean=0.000010874
[15:42:42] Layer resblock_1: mean=0.000012099
[15:42:42] Layer resblock_2: mean=0.000014251
[15:42:43] Layer resblock_3: mean=0.000015945
[15:42:44] Layer resblock_4: mean=0.000015747
[15:42:44] Layer resblock_5: mean=0.000014554
[15:42:45] Layer resblock_6: mean=0.000013695
[15:42:46] Layer resblock_7: mean=0.000012904
[15:42:46] Layer resblock_8: mean=0.000012011
[15:42:47] Layer resblock_9: mean=0.000011367
[15:42:47] Layer resblock_10: mean=0.000010646
[15:42:48] Layer resblock_11: mean=0.000010383
[15:42:49] Layer resblock_12: mean=0.000010395
[15:42:49] Layer resblock_13: mean=0.000010658
[15:42:50] Layer resblock_14: mean=0.000010766
[15:42:51] Layer resblock_15: mean=0.000011132
[15:42:51] Layer resblock_16: mean=0.000011192
[15:42:52] Layer resblock_17: mean=0.000011476
[15:42:52] Layer resblock_18: mean=0.000011617
[15:42:53] Layer resblock_19: mean=0.000011389
[15:42:53] Layer resblock_20: mean=0.000011090
[15:42:54] Layer resblock_21: mean=0.000011532
[15:42:54] Layer resblock_22: mean=0.000012274
[15:42:55] Layer resblock_23: mean=0.000013339
[15:42:55] Layer resblock_24: mean=0.000013537
[15:42:56] Layer resblock_25: mean=0.000013681
[15:42:56] Layer resblock_26: mean=0.000013725
[15:42:57] Layer resblock_27: mean=0.000013756
[15:42:57] Layer resblock_28: mean=0.000013819
[15:42:58] Layer resblock_29: mean=0.000013812
[15:42:58] Layer resblock_30: mean=0.000013726
[15:42:59] Layer resblock_31: mean=0.000013663
[15:42:59] Layer resblock_32: mean=0.000013455
[15:42:59] Layer resblock_33: mean=0.000013172
[15:43:00] Layer resblock_34: mean=0.000012747
[15:43:00] Layer resblock_35: mean=0.000012367
[15:43:01] Layer resblock_36: mean=0.000011661
[15:43:01] Layer resblock_37: mean=0.000009784
[15:43:02] Layer resblock_38: mean=0.000006585
[15:43:02] Layer resblock_39: mean=0.000001877
[15:43:02] ✅ car updated (N=1).
[15:43:02] 
🔍 Processing task: cifar (delta=1)
[15:43:02] [CIFAR] Loaded 1 samples, tensor torch.Size([1, 3, 224, 224])
[15:43:03] Layer resblock_0: mean=0.000009009
[15:43:03] Layer resblock_1: mean=0.000009794
[15:43:04] Layer resblock_2: mean=0.000011139
[15:43:05] Layer resblock_3: mean=0.000012046
[15:43:06] Layer resblock_4: mean=0.000012175
[15:43:06] Layer resblock_5: mean=0.000011387
[15:43:07] Layer resblock_6: mean=0.000011030
[15:43:07] Layer resblock_7: mean=0.000010714
[15:43:08] Layer resblock_8: mean=0.000010230
[15:43:09] Layer resblock_9: mean=0.000009870
[15:43:09] Layer resblock_10: mean=0.000009588
[15:43:10] Layer resblock_11: mean=0.000009639
[15:43:10] Layer resblock_12: mean=0.000009484
[15:43:11] Layer resblock_13: mean=0.000009467
[15:43:11] Layer resblock_14: mean=0.000009466
[15:43:12] Layer resblock_15: mean=0.000009552
[15:43:12] Layer resblock_16: mean=0.000009595
[15:43:13] Layer resblock_17: mean=0.000009772
[15:43:14] Layer resblock_18: mean=0.000009693
[15:43:14] Layer resblock_19: mean=0.000009388
[15:43:15] Layer resblock_20: mean=0.000009050
[15:43:15] Layer resblock_21: mean=0.000009027
[15:43:16] Layer resblock_22: mean=0.000009411
[15:43:16] Layer resblock_23: mean=0.000009998
[15:43:17] Layer resblock_24: mean=0.000009997
[15:43:17] Layer resblock_25: mean=0.000009979
[15:43:18] Layer resblock_26: mean=0.000009914
[15:43:18] Layer resblock_27: mean=0.000009845
[15:43:19] Layer resblock_28: mean=0.000009757
[15:43:19] Layer resblock_29: mean=0.000009591
[15:43:19] Layer resblock_30: mean=0.000009414
[15:43:20] Layer resblock_31: mean=0.000009238
[15:43:20] Layer resblock_32: mean=0.000008993
[15:43:21] Layer resblock_33: mean=0.000008758
[15:43:21] Layer resblock_34: mean=0.000008398
[15:43:21] Layer resblock_35: mean=0.000007911
[15:43:22] Layer resblock_36: mean=0.000007325
[15:43:22] Layer resblock_37: mean=0.000006118
[15:43:23] Layer resblock_38: mean=0.000004794
[15:43:23] Layer resblock_39: mean=0.000001822
[15:43:23] ✅ cifar updated (N=1).
[15:43:23] 
🔍 Processing task: clevr (delta=1)
[15:43:23] [CLEVR] 15000 samples from /root/autodl-tmp/modelselection/datasets/datasets/clevr_count/test
[15:43:23] [CLEVR] Loaded 1 samples, tensor torch.Size([1, 3, 224, 224])
[15:43:24] Layer resblock_0: mean=0.000004041
[15:43:24] Layer resblock_1: mean=0.000004618
[15:43:25] Layer resblock_2: mean=0.000005647
[15:43:26] Layer resblock_3: mean=0.000006665
[15:43:26] Layer resblock_4: mean=0.000006943
[15:43:27] Layer resblock_5: mean=0.000006818
[15:43:28] Layer resblock_6: mean=0.000006660
[15:43:28] Layer resblock_7: mean=0.000006639
[15:43:29] Layer resblock_8: mean=0.000006577
[15:43:29] Layer resblock_9: mean=0.000006577
[15:43:30] Layer resblock_10: mean=0.000006551
[15:43:31] Layer resblock_11: mean=0.000006667
[15:43:31] Layer resblock_12: mean=0.000006692
[15:43:32] Layer resblock_13: mean=0.000006902
[15:43:32] Layer resblock_14: mean=0.000007005
[15:43:33] Layer resblock_15: mean=0.000007232
[15:43:33] Layer resblock_16: mean=0.000007287
[15:43:34] Layer resblock_17: mean=0.000007507
[15:43:34] Layer resblock_18: mean=0.000007611
[15:43:35] Layer resblock_19: mean=0.000007553
[15:43:35] Layer resblock_20: mean=0.000007427
[15:43:36] Layer resblock_21: mean=0.000007543
[15:43:36] Layer resblock_22: mean=0.000008108
[15:43:37] Layer resblock_23: mean=0.000008827
[15:43:37] Layer resblock_24: mean=0.000008890
[15:43:38] Layer resblock_25: mean=0.000008960
[15:43:38] Layer resblock_26: mean=0.000008965
[15:43:39] Layer resblock_27: mean=0.000008988
[15:43:39] Layer resblock_28: mean=0.000009048
[15:43:39] Layer resblock_29: mean=0.000009039
[15:43:40] Layer resblock_30: mean=0.000008973
[15:43:40] Layer resblock_31: mean=0.000008929
[15:43:41] Layer resblock_32: mean=0.000008967
[15:43:41] Layer resblock_33: mean=0.000008894
[15:43:42] Layer resblock_34: mean=0.000008498
[15:43:42] Layer resblock_35: mean=0.000008125
[15:43:42] Layer resblock_36: mean=0.000007675
[15:43:43] Layer resblock_37: mean=0.000006474
[15:43:43] Layer resblock_38: mean=0.000004983
[15:43:43] Layer resblock_39: mean=0.000001850
[15:43:43] ✅ clevr updated (N=1).
[15:43:43] 
🔍 Processing task: country (delta=1)
[15:43:44] [Country211] Loaded 1 samples, tensor torch.Size([1, 3, 224, 224])
[15:43:44] Layer resblock_0: mean=0.000007191
[15:43:45] Layer resblock_1: mean=0.000008235
[15:43:46] Layer resblock_2: mean=0.000009693
[15:43:46] Layer resblock_3: mean=0.000010815
[15:43:47] Layer resblock_4: mean=0.000010999
[15:43:48] Layer resblock_5: mean=0.000010587
[15:43:48] Layer resblock_6: mean=0.000010324
[15:43:49] Layer resblock_7: mean=0.000010139
[15:43:50] Layer resblock_8: mean=0.000009919
[15:43:50] Layer resblock_9: mean=0.000009801
[15:43:51] Layer resblock_10: mean=0.000009612
[15:43:51] Layer resblock_11: mean=0.000009749
[15:43:52] Layer resblock_12: mean=0.000009791
[15:43:52] Layer resblock_13: mean=0.000010038
[15:43:53] Layer resblock_14: mean=0.000010094
[15:43:53] Layer resblock_15: mean=0.000010345
[15:43:54] Layer resblock_16: mean=0.000010338
[15:43:55] Layer resblock_17: mean=0.000010703
[15:43:55] Layer resblock_18: mean=0.000010825
[15:43:56] Layer resblock_19: mean=0.000010440
[15:43:56] Layer resblock_20: mean=0.000010000
[15:43:57] Layer resblock_21: mean=0.000009958
[15:43:57] Layer resblock_22: mean=0.000010422
[15:43:58] Layer resblock_23: mean=0.000011511
[15:43:58] Layer resblock_24: mean=0.000011707
[15:43:58] Layer resblock_25: mean=0.000011722
[15:43:59] Layer resblock_26: mean=0.000011736
[15:43:59] Layer resblock_27: mean=0.000011725
[15:44:00] Layer resblock_28: mean=0.000011798
[15:44:00] Layer resblock_29: mean=0.000011796
[15:44:01] Layer resblock_30: mean=0.000011615
[15:44:01] Layer resblock_31: mean=0.000011438
[15:44:02] Layer resblock_32: mean=0.000011245
[15:44:02] Layer resblock_33: mean=0.000010910
[15:44:02] Layer resblock_34: mean=0.000010219
[15:44:03] Layer resblock_35: mean=0.000009562
[15:44:03] Layer resblock_36: mean=0.000008837
[15:44:04] Layer resblock_37: mean=0.000007559
[15:44:04] Layer resblock_38: mean=0.000005606
[15:44:04] Layer resblock_39: mean=0.000001758
[15:44:04] ✅ country updated (N=1).
[15:44:04] 
🔍 Processing task: dmlab (delta=1)
[15:44:04] [DMLab] Loaded 1 samples (skipped 0), tensor torch.Size([1, 3, 224, 224])
[15:44:05] Layer resblock_0: mean=0.000004890
[15:44:06] Layer resblock_1: mean=0.000005549
[15:44:06] Layer resblock_2: mean=0.000006431
[15:44:07] Layer resblock_3: mean=0.000007192
[15:44:08] Layer resblock_4: mean=0.000007330
[15:44:08] Layer resblock_5: mean=0.000007086
[15:44:09] Layer resblock_6: mean=0.000006917
[15:44:10] Layer resblock_7: mean=0.000006767
[15:44:11] Layer resblock_8: mean=0.000006675
[15:44:11] Layer resblock_9: mean=0.000006657
[15:44:12] Layer resblock_10: mean=0.000006584
[15:44:12] Layer resblock_11: mean=0.000006684
[15:44:13] Layer resblock_12: mean=0.000006788
[15:44:13] Layer resblock_13: mean=0.000007046
[15:44:14] Layer resblock_14: mean=0.000007221
[15:44:15] Layer resblock_15: mean=0.000007550
[15:44:15] Layer resblock_16: mean=0.000007623
[15:44:16] Layer resblock_17: mean=0.000007846
[15:44:17] Layer resblock_18: mean=0.000007960
[15:44:17] Layer resblock_19: mean=0.000007912
[15:44:18] Layer resblock_20: mean=0.000007756
[15:44:18] Layer resblock_21: mean=0.000007864
[15:44:19] Layer resblock_22: mean=0.000008341
[15:44:20] Layer resblock_23: mean=0.000009464
[15:44:20] Layer resblock_24: mean=0.000009560
[15:44:21] Layer resblock_25: mean=0.000009537
[15:44:21] Layer resblock_26: mean=0.000009549
[15:44:21] Layer resblock_27: mean=0.000009539
[15:44:22] Layer resblock_28: mean=0.000009567
[15:44:22] Layer resblock_29: mean=0.000009549
[15:44:23] Layer resblock_30: mean=0.000009417
[15:44:23] Layer resblock_31: mean=0.000009296
[15:44:23] Layer resblock_32: mean=0.000009190
[15:44:24] Layer resblock_33: mean=0.000009064
[15:44:24] Layer resblock_34: mean=0.000008662
[15:44:25] Layer resblock_35: mean=0.000008278
[15:44:25] Layer resblock_36: mean=0.000007780
[15:44:26] Layer resblock_37: mean=0.000006666
[15:44:26] Layer resblock_38: mean=0.000005153
[15:44:26] Layer resblock_39: mean=0.000001794
[15:44:26] ✅ dmlab updated (N=1).
[15:44:26] 
🔍 Processing task: dr (delta=1)
[15:44:27] [DR] Loaded 42670 paths from /root/autodl-tmp/modelselection/datasets/datasets/diabetic_retinopathy/test.txt
[15:44:27] [DR] Loaded 1 samples (skipped 0), tensor torch.Size([1, 3, 224, 224])
[15:44:27] Layer resblock_0: mean=0.000003885
[15:44:28] Layer resblock_1: mean=0.000005129
[15:44:29] Layer resblock_2: mean=0.000006419
[15:44:29] Layer resblock_3: mean=0.000007434
[15:44:30] Layer resblock_4: mean=0.000007743
[15:44:31] Layer resblock_5: mean=0.000007580
[15:44:31] Layer resblock_6: mean=0.000007414
[15:44:32] Layer resblock_7: mean=0.000007281
[15:44:32] Layer resblock_8: mean=0.000007155
[15:44:33] Layer resblock_9: mean=0.000007053
[15:44:34] Layer resblock_10: mean=0.000006888
[15:44:34] Layer resblock_11: mean=0.000006936
[15:44:35] Layer resblock_12: mean=0.000006954
[15:44:36] Layer resblock_13: mean=0.000007115
[15:44:36] Layer resblock_14: mean=0.000007115
[15:44:37] Layer resblock_15: mean=0.000007347
[15:44:37] Layer resblock_16: mean=0.000007406
[15:44:38] Layer resblock_17: mean=0.000007651
[15:44:38] Layer resblock_18: mean=0.000007796
[15:44:39] Layer resblock_19: mean=0.000007667
[15:44:40] Layer resblock_20: mean=0.000007461
[15:44:40] Layer resblock_21: mean=0.000007558
[15:44:41] Layer resblock_22: mean=0.000008169
[15:44:41] Layer resblock_23: mean=0.000009012
[15:44:41] Layer resblock_24: mean=0.000009115
[15:44:42] Layer resblock_25: mean=0.000009165
[15:44:42] Layer resblock_26: mean=0.000009187
[15:44:43] Layer resblock_27: mean=0.000009223
[15:44:43] Layer resblock_28: mean=0.000009290
[15:44:44] Layer resblock_29: mean=0.000009331
[15:44:44] Layer resblock_30: mean=0.000009250
[15:44:44] Layer resblock_31: mean=0.000009190
[15:44:45] Layer resblock_32: mean=0.000009122
[15:44:45] Layer resblock_33: mean=0.000009077
[15:44:46] Layer resblock_34: mean=0.000008836
[15:44:46] Layer resblock_35: mean=0.000008499
[15:44:46] Layer resblock_36: mean=0.000008074
[15:44:47] Layer resblock_37: mean=0.000006876
[15:44:47] Layer resblock_38: mean=0.000005354
[15:44:48] Layer resblock_39: mean=0.000002058
[15:44:48] ✅ dr updated (N=1).
[15:44:48] 
🔍 Processing task: dtd (delta=1)
[15:44:48] [DTD] Collected 5640 image paths from /root/autodl-tmp/modelselection/datasets/datasets/dtd/labels
[15:44:48] [DTD] Loaded 1 samples (skipped 0), tensor torch.Size([1, 3, 224, 224])
[15:44:48] Layer resblock_0: mean=0.000004532
[15:44:49] Layer resblock_1: mean=0.000005417
[15:44:50] Layer resblock_2: mean=0.000006322
[15:44:50] Layer resblock_3: mean=0.000007004
[15:44:51] Layer resblock_4: mean=0.000007079
[15:44:52] Layer resblock_5: mean=0.000006748
[15:44:52] Layer resblock_6: mean=0.000006500
[15:44:53] Layer resblock_7: mean=0.000006274
[15:44:54] Layer resblock_8: mean=0.000006052
[15:44:54] Layer resblock_9: mean=0.000005871
[15:44:55] Layer resblock_10: mean=0.000005654
[15:44:56] Layer resblock_11: mean=0.000005666
[15:44:56] Layer resblock_12: mean=0.000005678
[15:44:57] Layer resblock_13: mean=0.000005841
[15:44:57] Layer resblock_14: mean=0.000005963
[15:44:58] Layer resblock_15: mean=0.000006275
[15:44:58] Layer resblock_16: mean=0.000006386
[15:44:59] Layer resblock_17: mean=0.000006556
[15:44:59] Layer resblock_18: mean=0.000006679
[15:45:00] Layer resblock_19: mean=0.000006573
[15:45:00] Layer resblock_20: mean=0.000006363
[15:45:01] Layer resblock_21: mean=0.000006379
[15:45:01] Layer resblock_22: mean=0.000006742
[15:45:02] Layer resblock_23: mean=0.000007653
[15:45:02] Layer resblock_24: mean=0.000007798
[15:45:03] Layer resblock_25: mean=0.000007813
[15:45:03] Layer resblock_26: mean=0.000007793
[15:45:03] Layer resblock_27: mean=0.000007730
[15:45:04] Layer resblock_28: mean=0.000007729
[15:45:04] Layer resblock_29: mean=0.000007727
[15:45:05] Layer resblock_30: mean=0.000007641
[15:45:05] Layer resblock_31: mean=0.000007535
[15:45:06] Layer resblock_32: mean=0.000007486
[15:45:06] Layer resblock_33: mean=0.000007368
[15:45:07] Layer resblock_34: mean=0.000007064
[15:45:07] Layer resblock_35: mean=0.000006809
[15:45:07] Layer resblock_36: mean=0.000006402
[15:45:08] Layer resblock_37: mean=0.000005597
[15:45:08] Layer resblock_38: mean=0.000004535
[15:45:09] Layer resblock_39: mean=0.000001692
[15:45:09] ✅ dtd updated (N=1).
[15:45:09] 
🔍 Processing task: eurosat (delta=1)
[15:45:09] [EuroSAT] Collected 27000 images from 10 classes under /root/autodl-tmp/modelselection/datasets/datasets/eurosat/2750
[15:45:09] [EuroSAT] Loaded 1 samples (skipped 0), tensor torch.Size([1, 3, 224, 224])
[15:45:09] Layer resblock_0: mean=0.000005032
[15:45:10] Layer resblock_1: mean=0.000005760
[15:45:11] Layer resblock_2: mean=0.000006753
[15:45:11] Layer resblock_3: mean=0.000007504
[15:45:12] Layer resblock_4: mean=0.000007693
[15:45:13] Layer resblock_5: mean=0.000007435
[15:45:13] Layer resblock_6: mean=0.000007268
[15:45:14] Layer resblock_7: mean=0.000007069
[15:45:15] Layer resblock_8: mean=0.000006882
[15:45:15] Layer resblock_9: mean=0.000006693
[15:45:16] Layer resblock_10: mean=0.000006491
[15:45:17] Layer resblock_11: mean=0.000006448
[15:45:17] Layer resblock_12: mean=0.000006375
[15:45:18] Layer resblock_13: mean=0.000006469
[15:45:18] Layer resblock_14: mean=0.000006517
[15:45:19] Layer resblock_15: mean=0.000006729
[15:45:19] Layer resblock_16: mean=0.000006819
[15:45:20] Layer resblock_17: mean=0.000006987
[15:45:21] Layer resblock_18: mean=0.000007117
[15:45:21] Layer resblock_19: mean=0.000007077
[15:45:22] Layer resblock_20: mean=0.000006949
[15:45:22] Layer resblock_21: mean=0.000007094
[15:45:23] Layer resblock_22: mean=0.000007729
[15:45:23] Layer resblock_23: mean=0.000008830
[15:45:24] Layer resblock_24: mean=0.000008954
[15:45:24] Layer resblock_25: mean=0.000008920
[15:45:25] Layer resblock_26: mean=0.000008852
[15:45:25] Layer resblock_27: mean=0.000008791
[15:45:25] Layer resblock_28: mean=0.000008782
[15:45:26] Layer resblock_29: mean=0.000008731
[15:45:26] Layer resblock_30: mean=0.000008642
[15:45:27] Layer resblock_31: mean=0.000008564
[15:45:27] Layer resblock_32: mean=0.000008482
[15:45:27] Layer resblock_33: mean=0.000008387
[15:45:28] Layer resblock_34: mean=0.000008058
[15:45:28] Layer resblock_35: mean=0.000007655
[15:45:29] Layer resblock_36: mean=0.000007146
[15:45:29] Layer resblock_37: mean=0.000006099
[15:45:29] Layer resblock_38: mean=0.000004882
[15:45:30] Layer resblock_39: mean=0.000001775
[15:45:30] ✅ eurosat updated (N=1).
[15:45:30] 
🔍 Processing task: fer2013 (delta=1)
[15:45:30] [FER2013] Loaded 1 samples (skipped 0), tensor torch.Size([1, 3, 224, 224])
[15:45:31] Layer resblock_0: mean=0.000005340
[15:45:31] Layer resblock_1: mean=0.000006117
[15:45:32] Layer resblock_2: mean=0.000007215
[15:45:33] Layer resblock_3: mean=0.000008243
[15:45:33] Layer resblock_4: mean=0.000008388
[15:45:34] Layer resblock_5: mean=0.000008114
[15:45:35] Layer resblock_6: mean=0.000007928
[15:45:35] Layer resblock_7: mean=0.000007856
[15:45:36] Layer resblock_8: mean=0.000007831
[15:45:37] Layer resblock_9: mean=0.000007804
[15:45:37] Layer resblock_10: mean=0.000007754
[15:45:38] Layer resblock_11: mean=0.000007918
[15:45:38] Layer resblock_12: mean=0.000008099
[15:45:39] Layer resblock_13: mean=0.000008435
[15:45:39] Layer resblock_14: mean=0.000008647
[15:45:40] Layer resblock_15: mean=0.000009023
[15:45:41] Layer resblock_16: mean=0.000009049
[15:45:41] Layer resblock_17: mean=0.000009273
[15:45:42] Layer resblock_18: mean=0.000009296
[15:45:42] Layer resblock_19: mean=0.000008925
[15:45:43] Layer resblock_20: mean=0.000008521
[15:45:43] Layer resblock_21: mean=0.000008525
[15:45:44] Layer resblock_22: mean=0.000008766
[15:45:44] Layer resblock_23: mean=0.000009464
[15:45:45] Layer resblock_24: mean=0.000009583
[15:45:45] Layer resblock_25: mean=0.000009467
[15:45:46] Layer resblock_26: mean=0.000009416
[15:45:46] Layer resblock_27: mean=0.000009377
[15:45:47] Layer resblock_28: mean=0.000009321
[15:45:47] Layer resblock_29: mean=0.000009195
[15:45:48] Layer resblock_30: mean=0.000009057
[15:45:48] Layer resblock_31: mean=0.000008955
[15:45:48] Layer resblock_32: mean=0.000008862
[15:45:49] Layer resblock_33: mean=0.000008693
[15:45:49] Layer resblock_34: mean=0.000008336
[15:45:49] Layer resblock_35: mean=0.000007920
[15:45:50] Layer resblock_36: mean=0.000007483
[15:45:50] Layer resblock_37: mean=0.000006336
[15:45:51] Layer resblock_38: mean=0.000004916
[15:45:51] Layer resblock_39: mean=0.000001838
[15:45:51] ✅ fer2013 updated (N=1).
[15:45:51] 
🔍 Processing task: gtsrb (delta=1)
[15:45:51] [GTSRB] Collected 12630 test images.
[15:45:51] [GTSRB] Loaded 1 samples (skipped 0), tensor torch.Size([1, 3, 224, 224])
[15:45:52] Layer resblock_0: mean=0.000006770
[15:45:53] Layer resblock_1: mean=0.000006877
[15:45:53] Layer resblock_2: mean=0.000007717
[15:45:54] Layer resblock_3: mean=0.000008459
[15:45:55] Layer resblock_4: mean=0.000008514
[15:45:56] Layer resblock_5: mean=0.000008221
[15:45:56] Layer resblock_6: mean=0.000007953
[15:45:57] Layer resblock_7: mean=0.000007778
[15:45:57] Layer resblock_8: mean=0.000007632
[15:45:58] Layer resblock_9: mean=0.000007519
[15:45:59] Layer resblock_10: mean=0.000007372
[15:45:59] Layer resblock_11: mean=0.000007492
[15:46:00] Layer resblock_12: mean=0.000007571
[15:46:01] Layer resblock_13: mean=0.000007776
[15:46:01] Layer resblock_14: mean=0.000008016
[15:46:02] Layer resblock_15: mean=0.000008418
[15:46:02] Layer resblock_16: mean=0.000008407
[15:46:03] Layer resblock_17: mean=0.000008595
[15:46:03] Layer resblock_18: mean=0.000008504
[15:46:04] Layer resblock_19: mean=0.000008295
[15:46:05] Layer resblock_20: mean=0.000008020
[15:46:05] Layer resblock_21: mean=0.000008007
[15:46:06] Layer resblock_22: mean=0.000008155
[15:46:06] Layer resblock_23: mean=0.000008983
[15:46:07] Layer resblock_24: mean=0.000009151
[15:46:07] Layer resblock_25: mean=0.000009110
[15:46:08] Layer resblock_26: mean=0.000009107
[15:46:08] Layer resblock_27: mean=0.000008996
[15:46:09] Layer resblock_28: mean=0.000008944
[15:46:09] Layer resblock_29: mean=0.000008819
[15:46:09] Layer resblock_30: mean=0.000008660
[15:46:10] Layer resblock_31: mean=0.000008468
[15:46:10] Layer resblock_32: mean=0.000008302
[15:46:11] Layer resblock_33: mean=0.000008064
[15:46:11] Layer resblock_34: mean=0.000007761
[15:46:12] Layer resblock_35: mean=0.000007390
[15:46:12] Layer resblock_36: mean=0.000006903
[15:46:12] Layer resblock_37: mean=0.000005935
[15:46:12] Layer resblock_38: mean=0.000004788
[15:46:13] Layer resblock_39: mean=0.000001814
[15:46:13] ✅ gtsrb updated (N=1).
[15:46:13] 
🔍 Processing task: kitti (delta=1)
[15:46:13] [KITTI] Collected 711 images from /root/autodl-tmp/modelselection/datasets/datasets/kitti/test.txt
[15:46:13] [KITTI] Loaded 1 samples (skipped 0), tensor torch.Size([1, 3, 224, 224])
[15:46:13] Layer resblock_0: mean=0.000006420
[15:46:13] Layer resblock_1: mean=0.000007154
[15:46:14] Layer resblock_2: mean=0.000008492
[15:46:14] Layer resblock_3: mean=0.000009633
[15:46:14] Layer resblock_4: mean=0.000009758
[15:46:15] Layer resblock_5: mean=0.000009303
[15:46:15] Layer resblock_6: mean=0.000008948
[15:46:16] Layer resblock_7: mean=0.000008679
[15:46:16] Layer resblock_8: mean=0.000008437
[15:46:16] Layer resblock_9: mean=0.000008318
[15:46:17] Layer resblock_10: mean=0.000008135
[15:46:17] Layer resblock_11: mean=0.000008304
[15:46:17] Layer resblock_12: mean=0.000008256
[15:46:18] Layer resblock_13: mean=0.000008421
[15:46:18] Layer resblock_14: mean=0.000008420
[15:46:18] Layer resblock_15: mean=0.000008662
[15:46:19] Layer resblock_16: mean=0.000008572
[15:46:19] Layer resblock_17: mean=0.000008836
[15:46:19] Layer resblock_18: mean=0.000008877
[15:46:19] Layer resblock_19: mean=0.000008555
[15:46:20] Layer resblock_20: mean=0.000008169
[15:46:20] Layer resblock_21: mean=0.000008154
[15:46:20] Layer resblock_22: mean=0.000008567
[15:46:21] Layer resblock_23: mean=0.000009447
[15:46:21] Layer resblock_24: mean=0.000009475
[15:46:21] Layer resblock_25: mean=0.000009474
[15:46:22] Layer resblock_26: mean=0.000009422
[15:46:22] Layer resblock_27: mean=0.000009414
[15:46:22] Layer resblock_28: mean=0.000009402
[15:46:22] Layer resblock_29: mean=0.000009407
[15:46:23] Layer resblock_30: mean=0.000009284
[15:46:23] Layer resblock_31: mean=0.000009161
[15:46:23] Layer resblock_32: mean=0.000009097
[15:46:23] Layer resblock_33: mean=0.000008916
[15:46:23] Layer resblock_34: mean=0.000008598
[15:46:24] Layer resblock_35: mean=0.000008136
[15:46:24] Layer resblock_36: mean=0.000007567
[15:46:24] Layer resblock_37: mean=0.000006543
[15:46:24] Layer resblock_38: mean=0.000005028
[15:46:25] Layer resblock_39: mean=0.000001780
[15:46:25] ✅ kitti updated (N=1).
[15:46:25] 
🔍 Processing task: mnist (delta=1)
[15:46:25] [MNIST] Loaded split='test' with 10000 samples from data/mnist
[15:46:25] [MNIST] Loaded 1 samples, tensor torch.Size([1, 3, 224, 224])
[15:46:25] Layer resblock_0: mean=0.000005299
[15:46:26] Layer resblock_1: mean=0.000005706
[15:46:26] Layer resblock_2: mean=0.000006467
[15:46:26] Layer resblock_3: mean=0.000007338
[15:46:27] Layer resblock_4: mean=0.000007414
[15:46:27] Layer resblock_5: mean=0.000007192
[15:46:27] Layer resblock_6: mean=0.000006999
[15:46:28] Layer resblock_7: mean=0.000007004
[15:46:28] Layer resblock_8: mean=0.000006992
[15:46:28] Layer resblock_9: mean=0.000006933
[15:46:29] Layer resblock_10: mean=0.000006918
[15:46:29] Layer resblock_11: mean=0.000007135
[15:46:29] Layer resblock_12: mean=0.000007318
[15:46:30] Layer resblock_13: mean=0.000007674
[15:46:30] Layer resblock_14: mean=0.000007866
[15:46:31] Layer resblock_15: mean=0.000008200
[15:46:31] Layer resblock_16: mean=0.000008252
[15:46:31] Layer resblock_17: mean=0.000008589
[15:46:32] Layer resblock_18: mean=0.000008737
[15:46:32] Layer resblock_19: mean=0.000008587
[15:46:32] Layer resblock_20: mean=0.000008285
[15:46:32] Layer resblock_21: mean=0.000008152
[15:46:33] Layer resblock_22: mean=0.000008352
[15:46:33] Layer resblock_23: mean=0.000009084
[15:46:33] Layer resblock_24: mean=0.000009113
[15:46:33] Layer resblock_25: mean=0.000009074
[15:46:34] Layer resblock_26: mean=0.000008989
[15:46:34] Layer resblock_27: mean=0.000008940
[15:46:34] Layer resblock_28: mean=0.000008829
[15:46:35] Layer resblock_29: mean=0.000008724
[15:46:35] Layer resblock_30: mean=0.000008559
[15:46:35] Layer resblock_31: mean=0.000008376
[15:46:35] Layer resblock_32: mean=0.000008182
[15:46:36] Layer resblock_33: mean=0.000007967
[15:46:36] Layer resblock_34: mean=0.000007703
[15:46:36] Layer resblock_35: mean=0.000007286
[15:46:36] Layer resblock_36: mean=0.000006830
[15:46:37] Layer resblock_37: mean=0.000005911
[15:46:37] Layer resblock_38: mean=0.000004821
[15:46:37] Layer resblock_39: mean=0.000001874
[15:46:37] ✅ mnist updated (N=1).
[15:46:37] 
🔍 Processing task: oxford_flowers (delta=1)
[15:46:37] [OxfordFlowers] Loaded 1 samples (skipped 0), tensor torch.Size([1, 3, 224, 224])
[15:46:37] Layer resblock_0: mean=0.000005084
[15:46:38] Layer resblock_1: mean=0.000005898
[15:46:38] Layer resblock_2: mean=0.000007083
[15:46:38] Layer resblock_3: mean=0.000007865
[15:46:39] Layer resblock_4: mean=0.000007982
[15:46:39] Layer resblock_5: mean=0.000007709
[15:46:40] Layer resblock_6: mean=0.000007480
[15:46:40] Layer resblock_7: mean=0.000007323
[15:46:40] Layer resblock_8: mean=0.000007162
[15:46:41] Layer resblock_9: mean=0.000007017
[15:46:41] Layer resblock_10: mean=0.000006806
[15:46:41] Layer resblock_11: mean=0.000006891
[15:46:42] Layer resblock_12: mean=0.000007013
[15:46:42] Layer resblock_13: mean=0.000007248
[15:46:42] Layer resblock_14: mean=0.000007396
[15:46:43] Layer resblock_15: mean=0.000007717
[15:46:43] Layer resblock_16: mean=0.000007870
[15:46:43] Layer resblock_17: mean=0.000008195
[15:46:44] Layer resblock_18: mean=0.000008402
[15:46:44] Layer resblock_19: mean=0.000008493
[15:46:44] Layer resblock_20: mean=0.000008421
[15:46:44] Layer resblock_21: mean=0.000008667
[15:46:45] Layer resblock_22: mean=0.000009289
[15:46:45] Layer resblock_23: mean=0.000010385
[15:46:45] Layer resblock_24: mean=0.000010574
[15:46:46] Layer resblock_25: mean=0.000010535
[15:46:46] Layer resblock_26: mean=0.000010529
[15:46:46] Layer resblock_27: mean=0.000010532
[15:46:46] Layer resblock_28: mean=0.000010554
[15:46:47] Layer resblock_29: mean=0.000010508
[15:46:47] Layer resblock_30: mean=0.000010440
[15:46:47] Layer resblock_31: mean=0.000010321
[15:46:47] Layer resblock_32: mean=0.000010191
[15:46:48] Layer resblock_33: mean=0.000009987
[15:46:48] Layer resblock_34: mean=0.000009550
[15:46:48] Layer resblock_35: mean=0.000009091
[15:46:48] Layer resblock_36: mean=0.000008491
[15:46:49] Layer resblock_37: mean=0.000007242
[15:46:49] Layer resblock_38: mean=0.000005363
[15:46:49] Layer resblock_39: mean=0.000001744
[15:46:49] ✅ oxford_flowers updated (N=1).
[15:46:49] 
🔍 Processing task: oxford_pet (delta=1)
[15:46:49] [OxfordPet] Loaded 1 samples (skipped 0), tensor torch.Size([1, 3, 224, 224])
[15:46:49] Layer resblock_0: mean=0.000006363
[15:46:50] Layer resblock_1: mean=0.000007308
[15:46:50] Layer resblock_2: mean=0.000008700
[15:46:51] Layer resblock_3: mean=0.000009781
[15:46:51] Layer resblock_4: mean=0.000009916
[15:46:51] Layer resblock_5: mean=0.000009518
[15:46:52] Layer resblock_6: mean=0.000009236
[15:46:52] Layer resblock_7: mean=0.000009097
[15:46:52] Layer resblock_8: mean=0.000008876
[15:46:53] Layer resblock_9: mean=0.000008760
[15:46:53] Layer resblock_10: mean=0.000008578
[15:46:53] Layer resblock_11: mean=0.000008638
[15:46:54] Layer resblock_12: mean=0.000008785
[15:46:54] Layer resblock_13: mean=0.000009055
[15:46:54] Layer resblock_14: mean=0.000009200
[15:46:55] Layer resblock_15: mean=0.000009532
[15:46:55] Layer resblock_16: mean=0.000009523
[15:46:55] Layer resblock_17: mean=0.000009851
[15:46:56] Layer resblock_18: mean=0.000009744
[15:46:56] Layer resblock_19: mean=0.000009415
[15:46:56] Layer resblock_20: mean=0.000009094
[15:46:57] Layer resblock_21: mean=0.000009202
[15:46:57] Layer resblock_22: mean=0.000009941
[15:46:57] Layer resblock_23: mean=0.000010753
[15:46:57] Layer resblock_24: mean=0.000010878
[15:46:58] Layer resblock_25: mean=0.000010838
[15:46:58] Layer resblock_26: mean=0.000010755
[15:46:58] Layer resblock_27: mean=0.000010765
[15:46:59] Layer resblock_28: mean=0.000010836
[15:46:59] Layer resblock_29: mean=0.000010850
[15:46:59] Layer resblock_30: mean=0.000010709
[15:46:59] Layer resblock_31: mean=0.000010591
[15:47:00] Layer resblock_32: mean=0.000010462
[15:47:00] Layer resblock_33: mean=0.000010279
[15:47:00] Layer resblock_34: mean=0.000009982
[15:47:00] Layer resblock_35: mean=0.000009517
[15:47:01] Layer resblock_36: mean=0.000009002
[15:47:01] Layer resblock_37: mean=0.000007648
[15:47:01] Layer resblock_38: mean=0.000005602
[15:47:01] Layer resblock_39: mean=0.000001856
[15:47:01] ✅ oxford_pet updated (N=1).
[15:47:01] 
🔍 Processing task: patch_camelyon (delta=1)
[15:47:01] [PatchCamelyon] Collected 32768 image paths from /root/autodl-tmp/modelselection/datasets/datasets/patch_camelyon/test.txt
[15:47:01] [PatchCamelyon] Loaded 1 samples (skipped 0), tensor torch.Size([1, 3, 224, 224])
[15:47:02] Layer resblock_0: mean=0.000006238
[15:47:02] Layer resblock_1: mean=0.000007322
[15:47:02] Layer resblock_2: mean=0.000008857
[15:47:03] Layer resblock_3: mean=0.000009766
[15:47:03] Layer resblock_4: mean=0.000009850
[15:47:03] Layer resblock_5: mean=0.000009415
[15:47:04] Layer resblock_6: mean=0.000009129
[15:47:04] Layer resblock_7: mean=0.000008846
[15:47:05] Layer resblock_8: mean=0.000008541
[15:47:05] Layer resblock_9: mean=0.000008311
[15:47:05] Layer resblock_10: mean=0.000008026
[15:47:06] Layer resblock_11: mean=0.000007994
[15:47:06] Layer resblock_12: mean=0.000007958
[15:47:06] Layer resblock_13: mean=0.000008182
[15:47:07] Layer resblock_14: mean=0.000008265
[15:47:07] Layer resblock_15: mean=0.000008577
[15:47:07] Layer resblock_16: mean=0.000008480
[15:47:07] Layer resblock_17: mean=0.000008780
[15:47:08] Layer resblock_18: mean=0.000008839
[15:47:08] Layer resblock_19: mean=0.000008540
[15:47:08] Layer resblock_20: mean=0.000008120
[15:47:09] Layer resblock_21: mean=0.000008111
[15:47:09] Layer resblock_22: mean=0.000008401
[15:47:09] Layer resblock_23: mean=0.000009588
[15:47:10] Layer resblock_24: mean=0.000009867
[15:47:10] Layer resblock_25: mean=0.000009876
[15:47:10] Layer resblock_26: mean=0.000009931
[15:47:10] Layer resblock_27: mean=0.000009927
[15:47:11] Layer resblock_28: mean=0.000009940
[15:47:11] Layer resblock_29: mean=0.000009988
[15:47:11] Layer resblock_30: mean=0.000009947
[15:47:11] Layer resblock_31: mean=0.000009816
[15:47:12] Layer resblock_32: mean=0.000009785
[15:47:12] Layer resblock_33: mean=0.000009650
[15:47:12] Layer resblock_34: mean=0.000009329
[15:47:12] Layer resblock_35: mean=0.000008851
[15:47:13] Layer resblock_36: mean=0.000008226
[15:47:13] Layer resblock_37: mean=0.000006856
[15:47:13] Layer resblock_38: mean=0.000005116
[15:47:13] Layer resblock_39: mean=0.000001807
[15:47:13] ✅ patch_camelyon updated (N=1).
[15:47:13] 
🔍 Processing task: renderedsst2 (delta=1)
[15:47:13] [RenderedSST2] Loaded 1 samples (skipped 0), tensor torch.Size([1, 3, 224, 224])
[15:47:14] Layer resblock_0: mean=0.000007494
[15:47:14] Layer resblock_1: mean=0.000008043
[15:47:14] Layer resblock_2: mean=0.000009365
[15:47:15] Layer resblock_3: mean=0.000010631
[15:47:15] Layer resblock_4: mean=0.000010423
[15:47:15] Layer resblock_5: mean=0.000009858
[15:47:16] Layer resblock_6: mean=0.000009476
[15:47:16] Layer resblock_7: mean=0.000009407
[15:47:16] Layer resblock_8: mean=0.000009233
[15:47:17] Layer resblock_9: mean=0.000009104
[15:47:17] Layer resblock_10: mean=0.000008962
[15:47:17] Layer resblock_11: mean=0.000008979
[15:47:18] Layer resblock_12: mean=0.000008886
[15:47:18] Layer resblock_13: mean=0.000009164
[15:47:18] Layer resblock_14: mean=0.000009348
[15:47:19] Layer resblock_15: mean=0.000009767
[15:47:19] Layer resblock_16: mean=0.000009760
[15:47:19] Layer resblock_17: mean=0.000009864
[15:47:20] Layer resblock_18: mean=0.000009900
[15:47:20] Layer resblock_19: mean=0.000009469
[15:47:20] Layer resblock_20: mean=0.000009108
[15:47:21] Layer resblock_21: mean=0.000008977
[15:47:21] Layer resblock_22: mean=0.000009126
[15:47:21] Layer resblock_23: mean=0.000010195
[15:47:21] Layer resblock_24: mean=0.000010420
[15:47:22] Layer resblock_25: mean=0.000010391
[15:47:22] Layer resblock_26: mean=0.000010358
[15:47:22] Layer resblock_27: mean=0.000010303
[15:47:22] Layer resblock_28: mean=0.000010419
[15:47:23] Layer resblock_29: mean=0.000010351
[15:47:23] Layer resblock_30: mean=0.000010242
[15:47:23] Layer resblock_31: mean=0.000010139
[15:47:23] Layer resblock_32: mean=0.000010063
[15:47:24] Layer resblock_33: mean=0.000009869
[15:47:24] Layer resblock_34: mean=0.000009420
[15:47:24] Layer resblock_35: mean=0.000008970
[15:47:24] Layer resblock_36: mean=0.000008382
[15:47:25] Layer resblock_37: mean=0.000007211
[15:47:25] Layer resblock_38: mean=0.000005472
[15:47:25] Layer resblock_39: mean=0.000001826
[15:47:25] ✅ renderedsst2 updated (N=1).
[15:47:25] 
🔍 Processing task: resisc45 (delta=1)
[15:47:25] [RESISC45] Collected 6300 images from /root/autodl-tmp/modelselection/datasets/datasets/resisc45/test.txt
[15:47:25] [RESISC45] Loaded 1 samples (skipped 0), tensor torch.Size([1, 3, 224, 224])
[15:47:26] Layer resblock_0: mean=0.000005945
[15:47:26] Layer resblock_1: mean=0.000006989
[15:47:26] Layer resblock_2: mean=0.000008378
[15:47:27] Layer resblock_3: mean=0.000009096
[15:47:27] Layer resblock_4: mean=0.000009111
[15:47:27] Layer resblock_5: mean=0.000008698
[15:47:28] Layer resblock_6: mean=0.000008405
[15:47:28] Layer resblock_7: mean=0.000008149
[15:47:28] Layer resblock_8: mean=0.000007915
[15:47:29] Layer resblock_9: mean=0.000007698
[15:47:29] Layer resblock_10: mean=0.000007495
[15:47:29] Layer resblock_11: mean=0.000007505
[15:47:30] Layer resblock_12: mean=0.000007484
[15:47:30] Layer resblock_13: mean=0.000007781
[15:47:30] Layer resblock_14: mean=0.000007926
[15:47:31] Layer resblock_15: mean=0.000008246
[15:47:31] Layer resblock_16: mean=0.000008331
[15:47:31] Layer resblock_17: mean=0.000008740
[15:47:32] Layer resblock_18: mean=0.000008938
[15:47:32] Layer resblock_19: mean=0.000008811
[15:47:32] Layer resblock_20: mean=0.000008466
[15:47:33] Layer resblock_21: mean=0.000008482
[15:47:33] Layer resblock_22: mean=0.000009099
[15:47:33] Layer resblock_23: mean=0.000010212
[15:47:33] Layer resblock_24: mean=0.000010447
[15:47:34] Layer resblock_25: mean=0.000010418
[15:47:34] Layer resblock_26: mean=0.000010451
[15:47:34] Layer resblock_27: mean=0.000010434
[15:47:34] Layer resblock_28: mean=0.000010452
[15:47:35] Layer resblock_29: mean=0.000010427
[15:47:35] Layer resblock_30: mean=0.000010398
[15:47:35] Layer resblock_31: mean=0.000010343
[15:47:35] Layer resblock_32: mean=0.000010240
[15:47:36] Layer resblock_33: mean=0.000010064
[15:47:36] Layer resblock_34: mean=0.000009626
[15:47:36] Layer resblock_35: mean=0.000009087
[15:47:36] Layer resblock_36: mean=0.000008374
[15:47:37] Layer resblock_37: mean=0.000007006
[15:47:37] Layer resblock_38: mean=0.000005256
[15:47:37] Layer resblock_39: mean=0.000001811
[15:47:37] ✅ resisc45 updated (N=1).
[15:47:37] 
🔍 Processing task: stl10 (delta=1)
[15:47:37] [STL10] Loaded 1 samples, tensor torch.Size([1, 3, 224, 224])
[15:47:37] Layer resblock_0: mean=0.000004798
[15:47:38] Layer resblock_1: mean=0.000005676
[15:47:38] Layer resblock_2: mean=0.000006817
[15:47:38] Layer resblock_3: mean=0.000007724
[15:47:39] Layer resblock_4: mean=0.000007954
[15:47:39] Layer resblock_5: mean=0.000007733
[15:47:40] Layer resblock_6: mean=0.000007624
[15:47:40] Layer resblock_7: mean=0.000007449
[15:47:40] Layer resblock_8: mean=0.000007269
[15:47:41] Layer resblock_9: mean=0.000007141
[15:47:41] Layer resblock_10: mean=0.000006983
[15:47:41] Layer resblock_11: mean=0.000007042
[15:47:42] Layer resblock_12: mean=0.000007046
[15:47:42] Layer resblock_13: mean=0.000007285
[15:47:42] Layer resblock_14: mean=0.000007379
[15:47:43] Layer resblock_15: mean=0.000007664
[15:47:43] Layer resblock_16: mean=0.000007770
[15:47:43] Layer resblock_17: mean=0.000008037
[15:47:43] Layer resblock_18: mean=0.000008207
[15:47:44] Layer resblock_19: mean=0.000008110
[15:47:44] Layer resblock_20: mean=0.000007826
[15:47:44] Layer resblock_21: mean=0.000007912
[15:47:45] Layer resblock_22: mean=0.000008286
[15:47:45] Layer resblock_23: mean=0.000009160
[15:47:45] Layer resblock_24: mean=0.000009277
[15:47:46] Layer resblock_25: mean=0.000009283
[15:47:46] Layer resblock_26: mean=0.000009325
[15:47:46] Layer resblock_27: mean=0.000009321
[15:47:46] Layer resblock_28: mean=0.000009321
[15:47:47] Layer resblock_29: mean=0.000009306
[15:47:47] Layer resblock_30: mean=0.000009202
[15:47:47] Layer resblock_31: mean=0.000009082
[15:47:47] Layer resblock_32: mean=0.000008959
[15:47:47] Layer resblock_33: mean=0.000008761
[15:47:48] Layer resblock_34: mean=0.000008387
[15:47:48] Layer resblock_35: mean=0.000007940
[15:47:48] Layer resblock_36: mean=0.000007429
[15:47:48] Layer resblock_37: mean=0.000006272
[15:47:49] Layer resblock_38: mean=0.000004874
[15:47:49] Layer resblock_39: mean=0.000001859
[15:47:49] ✅ stl10 updated (N=1).
[15:47:49] 
🔍 Processing task: sun397 (delta=1)
[15:47:49] [SUN397] Loaded 1 samples (skipped 0), tensor torch.Size([1, 3, 224, 224])
[15:47:49] Layer resblock_0: mean=0.000006548
[15:47:50] Layer resblock_1: mean=0.000007343
[15:47:50] Layer resblock_2: mean=0.000008615
[15:47:50] Layer resblock_3: mean=0.000009775
[15:47:51] Layer resblock_4: mean=0.000009884
[15:47:51] Layer resblock_5: mean=0.000009502
[15:47:51] Layer resblock_6: mean=0.000009170
[15:47:52] Layer resblock_7: mean=0.000009024
[15:47:52] Layer resblock_8: mean=0.000008775
[15:47:52] Layer resblock_9: mean=0.000008554
[15:47:53] Layer resblock_10: mean=0.000008271
[15:47:53] Layer resblock_11: mean=0.000008342
[15:47:53] Layer resblock_12: mean=0.000008428
[15:47:54] Layer resblock_13: mean=0.000008718
[15:47:54] Layer resblock_14: mean=0.000008795
[15:47:54] Layer resblock_15: mean=0.000009105
[15:47:55] Layer resblock_16: mean=0.000009158
[15:47:55] Layer resblock_17: mean=0.000009454
[15:47:55] Layer resblock_18: mean=0.000009588
[15:47:56] Layer resblock_19: mean=0.000009483
[15:47:56] Layer resblock_20: mean=0.000009309
[15:47:56] Layer resblock_21: mean=0.000009389
[15:47:57] Layer resblock_22: mean=0.000009713
[15:47:57] Layer resblock_23: mean=0.000010545
[15:47:57] Layer resblock_24: mean=0.000010648
[15:47:57] Layer resblock_25: mean=0.000010659
[15:47:58] Layer resblock_26: mean=0.000010630
[15:47:58] Layer resblock_27: mean=0.000010605
[15:47:58] Layer resblock_28: mean=0.000010635
[15:47:58] Layer resblock_29: mean=0.000010627
[15:47:59] Layer resblock_30: mean=0.000010459
[15:47:59] Layer resblock_31: mean=0.000010339
[15:47:59] Layer resblock_32: mean=0.000010247
[15:47:59] Layer resblock_33: mean=0.000009944
[15:48:00] Layer resblock_34: mean=0.000009422
[15:48:00] Layer resblock_35: mean=0.000008775
[15:48:00] Layer resblock_36: mean=0.000008136
[15:48:00] Layer resblock_37: mean=0.000006946
[15:48:01] Layer resblock_38: mean=0.000005243
[15:48:01] Layer resblock_39: mean=0.000001894
[15:48:01] ✅ sun397 updated (N=1).
[15:48:01] 
🔍 Processing task: svhn (delta=1)
[15:48:01] [SVHN] Loaded 1 samples (skipped 0), tensor torch.Size([1, 3, 224, 224])
[15:48:01] Layer resblock_0: mean=0.000003666
[15:48:02] Layer resblock_1: mean=0.000003982
[15:48:02] Layer resblock_2: mean=0.000004642
[15:48:02] Layer resblock_3: mean=0.000005334
[15:48:03] Layer resblock_4: mean=0.000005476
[15:48:03] Layer resblock_5: mean=0.000005296
[15:48:03] Layer resblock_6: mean=0.000005186
[15:48:04] Layer resblock_7: mean=0.000005056
[15:48:04] Layer resblock_8: mean=0.000005003
[15:48:04] Layer resblock_9: mean=0.000004998
[15:48:05] Layer resblock_10: mean=0.000005032
[15:48:05] Layer resblock_11: mean=0.000005217
[15:48:06] Layer resblock_12: mean=0.000005334
[15:48:06] Layer resblock_13: mean=0.000005599
[15:48:06] Layer resblock_14: mean=0.000005787
[15:48:06] Layer resblock_15: mean=0.000006033
[15:48:07] Layer resblock_16: mean=0.000006143
[15:48:07] Layer resblock_17: mean=0.000006294
[15:48:07] Layer resblock_18: mean=0.000006357
[15:48:08] Layer resblock_19: mean=0.000006330
[15:48:08] Layer resblock_20: mean=0.000006242
[15:48:08] Layer resblock_21: mean=0.000006374
[15:48:09] Layer resblock_22: mean=0.000006799
[15:48:09] Layer resblock_23: mean=0.000007403
[15:48:09] Layer resblock_24: mean=0.000007430
[15:48:09] Layer resblock_25: mean=0.000007421
[15:48:10] Layer resblock_26: mean=0.000007348
[15:48:10] Layer resblock_27: mean=0.000007255
[15:48:10] Layer resblock_28: mean=0.000007202
[15:48:10] Layer resblock_29: mean=0.000007144
[15:48:11] Layer resblock_30: mean=0.000006993
[15:48:11] Layer resblock_31: mean=0.000006892
[15:48:11] Layer resblock_32: mean=0.000006833
[15:48:11] Layer resblock_33: mean=0.000006703
[15:48:12] Layer resblock_34: mean=0.000006422
[15:48:12] Layer resblock_35: mean=0.000006228
[15:48:12] Layer resblock_36: mean=0.000005933
[15:48:12] Layer resblock_37: mean=0.000005247
[15:48:13] Layer resblock_38: mean=0.000004434
[15:48:13] Layer resblock_39: mean=0.000001865
[15:48:13] ✅ svhn updated (N=1).
[15:48:13] 
🔍 Processing task: voc_pose (delta=1)
[15:48:13] [VOC] Loaded 1 samples (skipped 0), tensor torch.Size([1, 3, 224, 224])
[15:48:13] Layer resblock_0: mean=0.000005006
[15:48:13] Layer resblock_1: mean=0.000006194
[15:48:14] Layer resblock_2: mean=0.000007618
[15:48:14] Layer resblock_3: mean=0.000008703
[15:48:15] Layer resblock_4: mean=0.000008982
[15:48:15] Layer resblock_5: mean=0.000008779
[15:48:15] Layer resblock_6: mean=0.000008594
[15:48:16] Layer resblock_7: mean=0.000008449
[15:48:16] Layer resblock_8: mean=0.000008308
[15:48:16] Layer resblock_9: mean=0.000008231
[15:48:17] Layer resblock_10: mean=0.000008031
[15:48:17] Layer resblock_11: mean=0.000008023
[15:48:17] Layer resblock_12: mean=0.000007973
[15:48:18] Layer resblock_13: mean=0.000008047
[15:48:18] Layer resblock_14: mean=0.000008050
[15:48:18] Layer resblock_15: mean=0.000008262
[15:48:19] Layer resblock_16: mean=0.000008311
[15:48:19] Layer resblock_17: mean=0.000008501
[15:48:19] Layer resblock_18: mean=0.000008663
[15:48:20] Layer resblock_19: mean=0.000008705
[15:48:20] Layer resblock_20: mean=0.000008630
[15:48:20] Layer resblock_21: mean=0.000008779
[15:48:20] Layer resblock_22: mean=0.000009154
[15:48:21] Layer resblock_23: mean=0.000009873
[15:48:21] Layer resblock_24: mean=0.000009866
[15:48:21] Layer resblock_25: mean=0.000009923
[15:48:22] Layer resblock_26: mean=0.000009950
[15:48:22] Layer resblock_27: mean=0.000010010
[15:48:22] Layer resblock_28: mean=0.000010083
[15:48:22] Layer resblock_29: mean=0.000010154
[15:48:23] Layer resblock_30: mean=0.000010064
[15:48:23] Layer resblock_31: mean=0.000009951
[15:48:23] Layer resblock_32: mean=0.000009891
[15:48:23] Layer resblock_33: mean=0.000009697
[15:48:24] Layer resblock_34: mean=0.000009175
[15:48:24] Layer resblock_35: mean=0.000008792
[15:48:24] Layer resblock_36: mean=0.000008310
[15:48:24] Layer resblock_37: mean=0.000007271
[15:48:24] Layer resblock_38: mean=0.000005487
[15:48:25] Layer resblock_39: mean=0.000002042
[15:48:25] ✅ voc_pose updated (N=1).
[15:48:25] ✅ Results saved for milestone 1.
