/root/miniconda3/envs/reason/lib/python3.10/site-packages/transformers/utils/hub.py:111: FutureWarning: Using `TRANSFORMERS_CACHE` is deprecated and will be removed in v5 of Transformers. Use `HF_HOME` instead.
  warnings.warn(
[15:22:27] Using device: cuda, seed: 55
[15:22:27] Parsing model identifier. Schema: None, Identifier: ViT-L-14
[15:22:27] Loaded built-in ViT-L-14 model config.
[15:22:28] Instantiating model architecture: CLIP
[15:22:30] Loading full pretrained weights from: /root/autodl-tmp/hf_cache/models--timm--vit_large_patch14_clip_224.laion400m_e31/snapshots/448b555ef026e887e8d160e3679f1d9c382245f5/open_clip_model.safetensors
[15:22:30] Final image preprocessing configuration set: {'size': (224, 224), 'mode': 'RGB', 'mean': (0.48145466, 0.4578275, 0.40821073), 'std': (0.26862954, 0.26130258, 0.27577711), 'interpolation': 'bicubic', 'resize_mode': 'shortest', 'fill_color': 0}
[15:22:30] Model ViT-L-14 creation process complete.
[15:22:31] Detected VisionTransformer with 24 blocks.
[15:22:31] Model ViT-L-14 loaded (24 layers detected).
[15:22:31] Using ViT forward_func for ViT-L-14
[15:22:33] [FER2013] Column 'Usage' not found, using all rows.
[15:22:33] [FER2013] Loaded 28709 images from /root/autodl-tmp/modelselection/datasets/datasets/fer2013/train.csv
[15:22:33] [OxfordFlowers] Loaded split='test' with 6149 images from /root/autodl-tmp/modelselection/datasets/datasets/oxford_flowers
[15:22:33] [OxfordPet] Loaded split='test' with 3669 samples from /root/autodl-tmp/modelselection/datasets/datasets/oxford-pet/annotations/test.txt
[15:22:33] [RenderedSST2] Loaded 1821 images from /root/autodl-tmp/modelselection/datasets/datasets/renderedsst2/rendered-sst2/test
[15:22:33] [STL10] Loaded split='test' with 8000 images from /root/autodl-tmp/modelselection/datasets/datasets/stl10/stl10_binary/test_X.bin
[15:22:33] [SUN397] Loaded split='test' with 19850 images
[15:22:33] [SVHN] Loaded 26032 images from /root/autodl-tmp/modelselection/datasets/datasets/svhn/test.txt
[15:22:33] [VOC] Loaded 9963 images from annotations
[15:22:33] === Reaching milestone N=1 ===
[15:22:33] 
🔍 Processing task: car (delta=1)
[15:22:34] [Cars] Loaded 1 samples, tensor torch.Size([1, 3, 224, 224])
/root/autodl-tmp/modelselection/frame_v2/framework/conductance.py:20: FutureWarning: `torch.cuda.amp.autocast(args...)` is deprecated. Please use `torch.amp.autocast('cuda', args...)` instead.
  with torch.cuda.amp.autocast(enabled=use_amp):
[15:22:35] Layer resblock_0: mean=0.000007294
[15:22:35] Layer resblock_1: mean=0.000008383
[15:22:35] Layer resblock_2: mean=0.000008989
[15:22:36] Layer resblock_3: mean=0.000008127
[15:22:37] Layer resblock_4: mean=0.000007515
[15:22:37] Layer resblock_5: mean=0.000007356
[15:22:38] Layer resblock_6: mean=0.000007457
[15:22:38] Layer resblock_7: mean=0.000007837
[15:22:39] Layer resblock_8: mean=0.000008233
[15:22:40] Layer resblock_9: mean=0.000008605
[15:22:40] Layer resblock_10: mean=0.000009080
[15:22:41] Layer resblock_11: mean=0.000009506
[15:22:41] Layer resblock_12: mean=0.000009808
[15:22:42] Layer resblock_13: mean=0.000010066
[15:22:42] Layer resblock_14: mean=0.000010230
[15:22:43] Layer resblock_15: mean=0.000010371
[15:22:43] Layer resblock_16: mean=0.000010246
[15:22:44] Layer resblock_17: mean=0.000010133
[15:22:44] Layer resblock_18: mean=0.000009920
[15:22:45] Layer resblock_19: mean=0.000009464
[15:22:45] Layer resblock_20: mean=0.000008964
[15:22:46] Layer resblock_21: mean=0.000008037
[15:22:46] Layer resblock_22: mean=0.000005483
[15:22:46] Layer resblock_23: mean=0.000001819
[15:22:46] ✅ car updated (N=1).
[15:22:46] 
🔍 Processing task: cifar (delta=1)
[15:22:46] [CIFAR] Loaded 1 samples, tensor torch.Size([1, 3, 224, 224])
[15:22:47] Layer resblock_0: mean=0.000007240
[15:22:47] Layer resblock_1: mean=0.000008316
[15:22:48] Layer resblock_2: mean=0.000008793
[15:22:49] Layer resblock_3: mean=0.000008322
[15:22:49] Layer resblock_4: mean=0.000008099
[15:22:50] Layer resblock_5: mean=0.000008076
[15:22:50] Layer resblock_6: mean=0.000008052
[15:22:51] Layer resblock_7: mean=0.000008362
[15:22:51] Layer resblock_8: mean=0.000008585
[15:22:52] Layer resblock_9: mean=0.000008668
[15:22:52] Layer resblock_10: mean=0.000008969
[15:22:53] Layer resblock_11: mean=0.000009151
[15:22:53] Layer resblock_12: mean=0.000009162
[15:22:54] Layer resblock_13: mean=0.000009142
[15:22:54] Layer resblock_14: mean=0.000008925
[15:22:55] Layer resblock_15: mean=0.000008940
[15:22:55] Layer resblock_16: mean=0.000008680
[15:22:55] Layer resblock_17: mean=0.000008365
[15:22:56] Layer resblock_18: mean=0.000008041
[15:22:56] Layer resblock_19: mean=0.000007545
[15:22:56] Layer resblock_20: mean=0.000007001
[15:22:57] Layer resblock_21: mean=0.000006276
[15:22:57] Layer resblock_22: mean=0.000004594
[15:22:57] Layer resblock_23: mean=0.000001653
[15:22:57] ✅ cifar updated (N=1).
[15:22:57] 
🔍 Processing task: clevr (delta=1)
[15:22:57] [CLEVR] 15000 samples from /root/autodl-tmp/modelselection/datasets/datasets/clevr_count/test
[15:22:57] [CLEVR] Loaded 1 samples, tensor torch.Size([1, 3, 224, 224])
[15:22:58] Layer resblock_0: mean=0.000003194
[15:22:58] Layer resblock_1: mean=0.000003999
[15:22:59] Layer resblock_2: mean=0.000004800
[15:23:00] Layer resblock_3: mean=0.000004778
[15:23:00] Layer resblock_4: mean=0.000004763
[15:23:01] Layer resblock_5: mean=0.000004835
[15:23:01] Layer resblock_6: mean=0.000005103
[15:23:02] Layer resblock_7: mean=0.000005481
[15:23:02] Layer resblock_8: mean=0.000005788
[15:23:02] Layer resblock_9: mean=0.000006165
[15:23:03] Layer resblock_10: mean=0.000006502
[15:23:03] Layer resblock_11: mean=0.000006774
[15:23:03] Layer resblock_12: mean=0.000006977
[15:23:03] Layer resblock_13: mean=0.000007225
[15:23:04] Layer resblock_14: mean=0.000007323
[15:23:04] Layer resblock_15: mean=0.000007471
[15:23:04] Layer resblock_16: mean=0.000007449
[15:23:05] Layer resblock_17: mean=0.000007384
[15:23:05] Layer resblock_18: mean=0.000007191
[15:23:05] Layer resblock_19: mean=0.000006901
[15:23:06] Layer resblock_20: mean=0.000006504
[15:23:06] Layer resblock_21: mean=0.000005969
[15:23:06] Layer resblock_22: mean=0.000004538
[15:23:06] Layer resblock_23: mean=0.000001702
[15:23:06] ✅ clevr updated (N=1).
[15:23:06] 
🔍 Processing task: country (delta=1)
[15:23:06] [Country211] Loaded 1 samples, tensor torch.Size([1, 3, 224, 224])
[15:23:07] Layer resblock_0: mean=0.000006332
[15:23:07] Layer resblock_1: mean=0.000007619
[15:23:08] Layer resblock_2: mean=0.000008359
[15:23:08] Layer resblock_3: mean=0.000007826
[15:23:08] Layer resblock_4: mean=0.000007422
[15:23:09] Layer resblock_5: mean=0.000007269
[15:23:09] Layer resblock_6: mean=0.000007395
[15:23:10] Layer resblock_7: mean=0.000007695
[15:23:10] Layer resblock_8: mean=0.000007992
[15:23:10] Layer resblock_9: mean=0.000008298
[15:23:11] Layer resblock_10: mean=0.000008704
[15:23:11] Layer resblock_11: mean=0.000009060
[15:23:11] Layer resblock_12: mean=0.000009356
[15:23:11] Layer resblock_13: mean=0.000009487
[15:23:12] Layer resblock_14: mean=0.000009605
[15:23:12] Layer resblock_15: mean=0.000009720
[15:23:12] Layer resblock_16: mean=0.000009685
[15:23:12] Layer resblock_17: mean=0.000009488
[15:23:13] Layer resblock_18: mean=0.000009253
[15:23:13] Layer resblock_19: mean=0.000008817
[15:23:13] Layer resblock_20: mean=0.000008147
[15:23:13] Layer resblock_21: mean=0.000007102
[15:23:13] Layer resblock_22: mean=0.000005256
[15:23:14] Layer resblock_23: mean=0.000001700
[15:23:14] ✅ country updated (N=1).
[15:23:14] 
🔍 Processing task: dmlab (delta=1)
[15:23:14] [DMLab] Loaded 1 samples (skipped 0), tensor torch.Size([1, 3, 224, 224])
[15:23:14] Layer resblock_0: mean=0.000005876
[15:23:15] Layer resblock_1: mean=0.000006971
[15:23:15] Layer resblock_2: mean=0.000007673
[15:23:15] Layer resblock_3: mean=0.000007157
[15:23:16] Layer resblock_4: mean=0.000006902
[15:23:16] Layer resblock_5: mean=0.000006835
[15:23:16] Layer resblock_6: mean=0.000006993
[15:23:17] Layer resblock_7: mean=0.000007337
[15:23:17] Layer resblock_8: mean=0.000007529
[15:23:17] Layer resblock_9: mean=0.000007648
[15:23:17] Layer resblock_10: mean=0.000007806
[15:23:18] Layer resblock_11: mean=0.000008071
[15:23:18] Layer resblock_12: mean=0.000008156
[15:23:18] Layer resblock_13: mean=0.000008057
[15:23:18] Layer resblock_14: mean=0.000007874
[15:23:19] Layer resblock_15: mean=0.000007975
[15:23:19] Layer resblock_16: mean=0.000007792
[15:23:19] Layer resblock_17: mean=0.000007658
[15:23:19] Layer resblock_18: mean=0.000007502
[15:23:19] Layer resblock_19: mean=0.000007209
[15:23:19] Layer resblock_20: mean=0.000006733
[15:23:20] Layer resblock_21: mean=0.000006151
[15:23:20] Layer resblock_22: mean=0.000004661
[15:23:20] Layer resblock_23: mean=0.000001642
[15:23:20] ✅ dmlab updated (N=1).
[15:23:20] 
🔍 Processing task: dr (delta=1)
[15:23:20] [DR] Loaded 42670 paths from /root/autodl-tmp/modelselection/datasets/datasets/diabetic_retinopathy/test.txt
[15:23:20] [DR] Loaded 1 samples (skipped 0), tensor torch.Size([1, 3, 224, 224])
[15:23:21] Layer resblock_0: mean=0.000003815
[15:23:21] Layer resblock_1: mean=0.000004849
[15:23:21] Layer resblock_2: mean=0.000005857
[15:23:22] Layer resblock_3: mean=0.000005791
[15:23:22] Layer resblock_4: mean=0.000005594
[15:23:22] Layer resblock_5: mean=0.000005511
[15:23:23] Layer resblock_6: mean=0.000005545
[15:23:23] Layer resblock_7: mean=0.000005708
[15:23:23] Layer resblock_8: mean=0.000005830
[15:23:23] Layer resblock_9: mean=0.000006073
[15:23:24] Layer resblock_10: mean=0.000006253
[15:23:24] Layer resblock_11: mean=0.000006570
[15:23:24] Layer resblock_12: mean=0.000006802
[15:23:25] Layer resblock_13: mean=0.000006989
[15:23:25] Layer resblock_14: mean=0.000007065
[15:23:25] Layer resblock_15: mean=0.000007328
[15:23:26] Layer resblock_16: mean=0.000007264
[15:23:26] Layer resblock_17: mean=0.000007253
[15:23:26] Layer resblock_18: mean=0.000007174
[15:23:26] Layer resblock_19: mean=0.000006982
[15:23:27] Layer resblock_20: mean=0.000006779
[15:23:27] Layer resblock_21: mean=0.000006316
[15:23:27] Layer resblock_22: mean=0.000005004
[15:23:27] Layer resblock_23: mean=0.000001880
[15:23:27] ✅ dr updated (N=1).
[15:23:27] 
🔍 Processing task: dtd (delta=1)
[15:23:27] [DTD] Collected 5640 image paths from /root/autodl-tmp/modelselection/datasets/datasets/dtd/labels
[15:23:27] [DTD] Loaded 1 samples (skipped 0), tensor torch.Size([1, 3, 224, 224])
[15:23:28] Layer resblock_0: mean=0.000003184
[15:23:28] Layer resblock_1: mean=0.000003850
[15:23:28] Layer resblock_2: mean=0.000004325
[15:23:29] Layer resblock_3: mean=0.000004048
[15:23:29] Layer resblock_4: mean=0.000003890
[15:23:29] Layer resblock_5: mean=0.000003857
[15:23:30] Layer resblock_6: mean=0.000003950
[15:23:30] Layer resblock_7: mean=0.000004179
[15:23:30] Layer resblock_8: mean=0.000004381
[15:23:31] Layer resblock_9: mean=0.000004563
[15:23:31] Layer resblock_10: mean=0.000004811
[15:23:31] Layer resblock_11: mean=0.000005052
[15:23:32] Layer resblock_12: mean=0.000005244
[15:23:32] Layer resblock_13: mean=0.000005445
[15:23:32] Layer resblock_14: mean=0.000005755
[15:23:32] Layer resblock_15: mean=0.000006168
[15:23:32] Layer resblock_16: mean=0.000006147
[15:23:33] Layer resblock_17: mean=0.000006123
[15:23:33] Layer resblock_18: mean=0.000006054
[15:23:33] Layer resblock_19: mean=0.000005863
[15:23:33] Layer resblock_20: mean=0.000005658
[15:23:33] Layer resblock_21: mean=0.000005378
[15:23:34] Layer resblock_22: mean=0.000004363
[15:23:34] Layer resblock_23: mean=0.000001692
[15:23:34] ✅ dtd updated (N=1).
[15:23:34] 
🔍 Processing task: eurosat (delta=1)
[15:23:34] [EuroSAT] Collected 27000 images from 10 classes under /root/autodl-tmp/modelselection/datasets/datasets/eurosat/2750
[15:23:34] [EuroSAT] Loaded 1 samples (skipped 0), tensor torch.Size([1, 3, 224, 224])
[15:23:34] Layer resblock_0: mean=0.000005443
[15:23:35] Layer resblock_1: mean=0.000006411
[15:23:35] Layer resblock_2: mean=0.000007200
[15:23:35] Layer resblock_3: mean=0.000006861
[15:23:36] Layer resblock_4: mean=0.000006726
[15:23:36] Layer resblock_5: mean=0.000006728
[15:23:36] Layer resblock_6: mean=0.000006744
[15:23:37] Layer resblock_7: mean=0.000006976
[15:23:37] Layer resblock_8: mean=0.000007026
[15:23:37] Layer resblock_9: mean=0.000007056
[15:23:38] Layer resblock_10: mean=0.000007142
[15:23:38] Layer resblock_11: mean=0.000007270
[15:23:38] Layer resblock_12: mean=0.000007322
[15:23:38] Layer resblock_13: mean=0.000007395
[15:23:39] Layer resblock_14: mean=0.000007406
[15:23:39] Layer resblock_15: mean=0.000007574
[15:23:39] Layer resblock_16: mean=0.000007444
[15:23:39] Layer resblock_17: mean=0.000007291
[15:23:40] Layer resblock_18: mean=0.000007115
[15:23:40] Layer resblock_19: mean=0.000006874
[15:23:40] Layer resblock_20: mean=0.000006418
[15:23:40] Layer resblock_21: mean=0.000005934
[15:23:40] Layer resblock_22: mean=0.000004598
[15:23:41] Layer resblock_23: mean=0.000001636
[15:23:41] ✅ eurosat updated (N=1).
[15:23:41] 
🔍 Processing task: fer2013 (delta=1)
[15:23:41] [FER2013] Loaded 1 samples (skipped 0), tensor torch.Size([1, 3, 224, 224])
[15:23:41] Layer resblock_0: mean=0.000006225
[15:23:41] Layer resblock_1: mean=0.000007375
[15:23:41] Layer resblock_2: mean=0.000008180
[15:23:42] Layer resblock_3: mean=0.000007572
[15:23:42] Layer resblock_4: mean=0.000007326
[15:23:42] Layer resblock_5: mean=0.000007301
[15:23:43] Layer resblock_6: mean=0.000007473
[15:23:43] Layer resblock_7: mean=0.000007922
[15:23:43] Layer resblock_8: mean=0.000008279
[15:23:43] Layer resblock_9: mean=0.000008547
[15:23:44] Layer resblock_10: mean=0.000008754
[15:23:44] Layer resblock_11: mean=0.000009093
[15:23:44] Layer resblock_12: mean=0.000008976
[15:23:44] Layer resblock_13: mean=0.000008824
[15:23:45] Layer resblock_14: mean=0.000008495
[15:23:45] Layer resblock_15: mean=0.000008426
[15:23:45] Layer resblock_16: mean=0.000008185
[15:23:46] Layer resblock_17: mean=0.000008002
[15:23:46] Layer resblock_18: mean=0.000007655
[15:23:46] Layer resblock_19: mean=0.000007254
[15:23:46] Layer resblock_20: mean=0.000006785
[15:23:46] Layer resblock_21: mean=0.000006116
[15:23:47] Layer resblock_22: mean=0.000004595
[15:23:47] Layer resblock_23: mean=0.000001703
[15:23:47] ✅ fer2013 updated (N=1).
[15:23:47] 
🔍 Processing task: gtsrb (delta=1)
[15:23:47] [GTSRB] Collected 12630 test images.
[15:23:47] [GTSRB] Loaded 1 samples (skipped 0), tensor torch.Size([1, 3, 224, 224])
[15:23:47] Layer resblock_0: mean=0.000005378
[15:23:47] Layer resblock_1: mean=0.000005791
[15:23:48] Layer resblock_2: mean=0.000005913
[15:23:48] Layer resblock_3: mean=0.000005332
[15:23:48] Layer resblock_4: mean=0.000005174
[15:23:49] Layer resblock_5: mean=0.000005288
[15:23:49] Layer resblock_6: mean=0.000005442
[15:23:49] Layer resblock_7: mean=0.000005913
[15:23:50] Layer resblock_8: mean=0.000006161
[15:23:50] Layer resblock_9: mean=0.000006357
[15:23:50] Layer resblock_10: mean=0.000006786
[15:23:51] Layer resblock_11: mean=0.000007149
[15:23:51] Layer resblock_12: mean=0.000007392
[15:23:51] Layer resblock_13: mean=0.000007538
[15:23:52] Layer resblock_14: mean=0.000007580
[15:23:52] Layer resblock_15: mean=0.000007951
[15:23:52] Layer resblock_16: mean=0.000007868
[15:23:52] Layer resblock_17: mean=0.000007748
[15:23:53] Layer resblock_18: mean=0.000007442
[15:23:53] Layer resblock_19: mean=0.000007051
[15:23:53] Layer resblock_20: mean=0.000006602
[15:23:53] Layer resblock_21: mean=0.000005983
[15:23:53] Layer resblock_22: mean=0.000004585
[15:23:54] Layer resblock_23: mean=0.000001547
[15:23:54] ✅ gtsrb updated (N=1).
[15:23:54] 
🔍 Processing task: kitti (delta=1)
[15:23:54] [KITTI] Collected 711 images from /root/autodl-tmp/modelselection/datasets/datasets/kitti/test.txt
[15:23:54] [KITTI] Loaded 1 samples (skipped 0), tensor torch.Size([1, 3, 224, 224])
[15:23:54] Layer resblock_0: mean=0.000004819
[15:23:54] Layer resblock_1: mean=0.000005794
[15:23:55] Layer resblock_2: mean=0.000006477
[15:23:55] Layer resblock_3: mean=0.000006296
[15:23:55] Layer resblock_4: mean=0.000006196
[15:23:55] Layer resblock_5: mean=0.000006234
[15:23:56] Layer resblock_6: mean=0.000006370
[15:23:56] Layer resblock_7: mean=0.000006724
[15:23:56] Layer resblock_8: mean=0.000007039
[15:23:57] Layer resblock_9: mean=0.000007249
[15:23:57] Layer resblock_10: mean=0.000007485
[15:23:57] Layer resblock_11: mean=0.000007708
[15:23:58] Layer resblock_12: mean=0.000007840
[15:23:58] Layer resblock_13: mean=0.000007899
[15:23:58] Layer resblock_14: mean=0.000007972
[15:23:58] Layer resblock_15: mean=0.000007998
[15:23:59] Layer resblock_16: mean=0.000007861
[15:23:59] Layer resblock_17: mean=0.000007744
[15:23:59] Layer resblock_18: mean=0.000007364
[15:23:59] Layer resblock_19: mean=0.000007014
[15:24:00] Layer resblock_20: mean=0.000006527
[15:24:00] Layer resblock_21: mean=0.000005825
[15:24:00] Layer resblock_22: mean=0.000004460
[15:24:00] Layer resblock_23: mean=0.000001655
[15:24:00] ✅ kitti updated (N=1).
[15:24:00] 
🔍 Processing task: mnist (delta=1)
[15:24:00] [MNIST] Loaded split='test' with 10000 samples from data/mnist
[15:24:00] [MNIST] Loaded 1 samples, tensor torch.Size([1, 3, 224, 224])
[15:24:01] Layer resblock_0: mean=0.000005186
[15:24:01] Layer resblock_1: mean=0.000006006
[15:24:01] Layer resblock_2: mean=0.000006389
[15:24:02] Layer resblock_3: mean=0.000005975
[15:24:02] Layer resblock_4: mean=0.000005817
[15:24:02] Layer resblock_5: mean=0.000005791
[15:24:03] Layer resblock_6: mean=0.000005901
[15:24:03] Layer resblock_7: mean=0.000006288
[15:24:03] Layer resblock_8: mean=0.000006599
[15:24:03] Layer resblock_9: mean=0.000006767
[15:24:04] Layer resblock_10: mean=0.000007035
[15:24:04] Layer resblock_11: mean=0.000007126
[15:24:04] Layer resblock_12: mean=0.000007208
[15:24:04] Layer resblock_13: mean=0.000007343
[15:24:05] Layer resblock_14: mean=0.000007346
[15:24:05] Layer resblock_15: mean=0.000007535
[15:24:05] Layer resblock_16: mean=0.000007445
[15:24:05] Layer resblock_17: mean=0.000007300
[15:24:05] Layer resblock_18: mean=0.000007132
[15:24:06] Layer resblock_19: mean=0.000006890
[15:24:06] Layer resblock_20: mean=0.000006536
[15:24:06] Layer resblock_21: mean=0.000006066
[15:24:06] Layer resblock_22: mean=0.000004858
[15:24:06] Layer resblock_23: mean=0.000001789
[15:24:06] ✅ mnist updated (N=1).
[15:24:06] 
🔍 Processing task: oxford_flowers (delta=1)
[15:24:06] [OxfordFlowers] Loaded 1 samples (skipped 0), tensor torch.Size([1, 3, 224, 224])
[15:24:07] Layer resblock_0: mean=0.000004644
[15:24:07] Layer resblock_1: mean=0.000005685
[15:24:07] Layer resblock_2: mean=0.000006409
[15:24:08] Layer resblock_3: mean=0.000006078
[15:24:08] Layer resblock_4: mean=0.000005881
[15:24:08] Layer resblock_5: mean=0.000005826
[15:24:09] Layer resblock_6: mean=0.000005961
[15:24:09] Layer resblock_7: mean=0.000006283
[15:24:09] Layer resblock_8: mean=0.000006447
[15:24:09] Layer resblock_9: mean=0.000006672
[15:24:10] Layer resblock_10: mean=0.000006895
[15:24:10] Layer resblock_11: mean=0.000007182
[15:24:10] Layer resblock_12: mean=0.000007403
[15:24:11] Layer resblock_13: mean=0.000007526
[15:24:11] Layer resblock_14: mean=0.000007610
[15:24:11] Layer resblock_15: mean=0.000007773
[15:24:11] Layer resblock_16: mean=0.000007634
[15:24:12] Layer resblock_17: mean=0.000007531
[15:24:12] Layer resblock_18: mean=0.000007446
[15:24:12] Layer resblock_19: mean=0.000007211
[15:24:12] Layer resblock_20: mean=0.000006915
[15:24:12] Layer resblock_21: mean=0.000006362
[15:24:12] Layer resblock_22: mean=0.000004725
[15:24:13] Layer resblock_23: mean=0.000001804
[15:24:13] ✅ oxford_flowers updated (N=1).
[15:24:13] 
🔍 Processing task: oxford_pet (delta=1)
[15:24:13] [OxfordPet] Loaded 1 samples (skipped 0), tensor torch.Size([1, 3, 224, 224])
[15:24:13] Layer resblock_0: mean=0.000005051
[15:24:13] Layer resblock_1: mean=0.000006108
[15:24:14] Layer resblock_2: mean=0.000006901
[15:24:14] Layer resblock_3: mean=0.000006572
[15:24:14] Layer resblock_4: mean=0.000006388
[15:24:15] Layer resblock_5: mean=0.000006389
[15:24:15] Layer resblock_6: mean=0.000006570
[15:24:15] Layer resblock_7: mean=0.000006956
[15:24:16] Layer resblock_8: mean=0.000007149
[15:24:16] Layer resblock_9: mean=0.000007401
[15:24:16] Layer resblock_10: mean=0.000007683
[15:24:17] Layer resblock_11: mean=0.000007989
[15:24:17] Layer resblock_12: mean=0.000008224
[15:24:17] Layer resblock_13: mean=0.000008290
[15:24:18] Layer resblock_14: mean=0.000008197
[15:24:18] Layer resblock_15: mean=0.000008324
[15:24:18] Layer resblock_16: mean=0.000008202
[15:24:18] Layer resblock_17: mean=0.000008012
[15:24:18] Layer resblock_18: mean=0.000007768
[15:24:19] Layer resblock_19: mean=0.000007504
[15:24:19] Layer resblock_20: mean=0.000007019
[15:24:19] Layer resblock_21: mean=0.000006341
[15:24:19] Layer resblock_22: mean=0.000004738
[15:24:19] Layer resblock_23: mean=0.000001834
[15:24:19] ✅ oxford_pet updated (N=1).
[15:24:19] 
🔍 Processing task: patch_camelyon (delta=1)
[15:24:20] [PatchCamelyon] Collected 32768 image paths from /root/autodl-tmp/modelselection/datasets/datasets/patch_camelyon/test.txt
[15:24:20] [PatchCamelyon] Loaded 1 samples (skipped 0), tensor torch.Size([1, 3, 224, 224])
[15:24:20] Layer resblock_0: mean=0.000006024
[15:24:20] Layer resblock_1: mean=0.000007464
[15:24:21] Layer resblock_2: mean=0.000008176
[15:24:21] Layer resblock_3: mean=0.000007456
[15:24:21] Layer resblock_4: mean=0.000007027
[15:24:22] Layer resblock_5: mean=0.000006837
[15:24:22] Layer resblock_6: mean=0.000006730
[15:24:22] Layer resblock_7: mean=0.000006863
[15:24:23] Layer resblock_8: mean=0.000006907
[15:24:23] Layer resblock_9: mean=0.000007131
[15:24:23] Layer resblock_10: mean=0.000007445
[15:24:23] Layer resblock_11: mean=0.000007749
[15:24:24] Layer resblock_12: mean=0.000008117
[15:24:24] Layer resblock_13: mean=0.000008236
[15:24:24] Layer resblock_14: mean=0.000008264
[15:24:25] Layer resblock_15: mean=0.000008486
[15:24:25] Layer resblock_16: mean=0.000008395
[15:24:25] Layer resblock_17: mean=0.000008319
[15:24:25] Layer resblock_18: mean=0.000008157
[15:24:25] Layer resblock_19: mean=0.000007835
[15:24:26] Layer resblock_20: mean=0.000007313
[15:24:26] Layer resblock_21: mean=0.000006572
[15:24:26] Layer resblock_22: mean=0.000004995
[15:24:26] Layer resblock_23: mean=0.000001790
[15:24:26] ✅ patch_camelyon updated (N=1).
[15:24:26] 
🔍 Processing task: renderedsst2 (delta=1)
[15:24:26] [RenderedSST2] Loaded 1 samples (skipped 0), tensor torch.Size([1, 3, 224, 224])
[15:24:26] Layer resblock_0: mean=0.000005393
[15:24:27] Layer resblock_1: mean=0.000006541
[15:24:27] Layer resblock_2: mean=0.000007406
[15:24:27] Layer resblock_3: mean=0.000006931
[15:24:28] Layer resblock_4: mean=0.000006685
[15:24:28] Layer resblock_5: mean=0.000006457
[15:24:28] Layer resblock_6: mean=0.000006453
[15:24:29] Layer resblock_7: mean=0.000006699
[15:24:29] Layer resblock_8: mean=0.000006880
[15:24:29] Layer resblock_9: mean=0.000007093
[15:24:29] Layer resblock_10: mean=0.000007397
[15:24:30] Layer resblock_11: mean=0.000007897
[15:24:30] Layer resblock_12: mean=0.000008011
[15:24:30] Layer resblock_13: mean=0.000008018
[15:24:30] Layer resblock_14: mean=0.000008200
[15:24:31] Layer resblock_15: mean=0.000008518
[15:24:31] Layer resblock_16: mean=0.000008343
[15:24:31] Layer resblock_17: mean=0.000008304
[15:24:31] Layer resblock_18: mean=0.000008250
[15:24:32] Layer resblock_19: mean=0.000008009
[15:24:32] Layer resblock_20: mean=0.000007561
[15:24:32] Layer resblock_21: mean=0.000006932
[15:24:32] Layer resblock_22: mean=0.000005322
[15:24:33] Layer resblock_23: mean=0.000001599
[15:24:33] ✅ renderedsst2 updated (N=1).
[15:24:33] 
🔍 Processing task: resisc45 (delta=1)
[15:24:33] [RESISC45] Collected 6300 images from /root/autodl-tmp/modelselection/datasets/datasets/resisc45/test.txt
[15:24:33] [RESISC45] Loaded 1 samples (skipped 0), tensor torch.Size([1, 3, 224, 224])
[15:24:33] Layer resblock_0: mean=0.000004911
[15:24:33] Layer resblock_1: mean=0.000006036
[15:24:33] Layer resblock_2: mean=0.000006818
[15:24:34] Layer resblock_3: mean=0.000006288
[15:24:34] Layer resblock_4: mean=0.000006055
[15:24:34] Layer resblock_5: mean=0.000006033
[15:24:35] Layer resblock_6: mean=0.000006099
[15:24:35] Layer resblock_7: mean=0.000006359
[15:24:35] Layer resblock_8: mean=0.000006469
[15:24:36] Layer resblock_9: mean=0.000006722
[15:24:36] Layer resblock_10: mean=0.000007017
[15:24:36] Layer resblock_11: mean=0.000007350
[15:24:36] Layer resblock_12: mean=0.000007739
[15:24:37] Layer resblock_13: mean=0.000008061
[15:24:37] Layer resblock_14: mean=0.000008266
[15:24:37] Layer resblock_15: mean=0.000008497
[15:24:38] Layer resblock_16: mean=0.000008487
[15:24:38] Layer resblock_17: mean=0.000008421
[15:24:38] Layer resblock_18: mean=0.000008213
[15:24:38] Layer resblock_19: mean=0.000007847
[15:24:38] Layer resblock_20: mean=0.000007381
[15:24:39] Layer resblock_21: mean=0.000006696
[15:24:39] Layer resblock_22: mean=0.000005024
[15:24:39] Layer resblock_23: mean=0.000001721
[15:24:39] ✅ resisc45 updated (N=1).
[15:24:39] 
🔍 Processing task: stl10 (delta=1)
[15:24:39] [STL10] Loaded 1 samples, tensor torch.Size([1, 3, 224, 224])
[15:24:39] Layer resblock_0: mean=0.000005791
[15:24:40] Layer resblock_1: mean=0.000006959
[15:24:40] Layer resblock_2: mean=0.000007805
[15:24:40] Layer resblock_3: mean=0.000007241
[15:24:41] Layer resblock_4: mean=0.000006914
[15:24:41] Layer resblock_5: mean=0.000006861
[15:24:41] Layer resblock_6: mean=0.000006926
[15:24:41] Layer resblock_7: mean=0.000007240
[15:24:42] Layer resblock_8: mean=0.000007513
[15:24:42] Layer resblock_9: mean=0.000007860
[15:24:42] Layer resblock_10: mean=0.000008114
[15:24:42] Layer resblock_11: mean=0.000008455
[15:24:43] Layer resblock_12: mean=0.000008614
[15:24:43] Layer resblock_13: mean=0.000008818
[15:24:43] Layer resblock_14: mean=0.000008923
[15:24:43] Layer resblock_15: mean=0.000008906
[15:24:44] Layer resblock_16: mean=0.000008740
[15:24:44] Layer resblock_17: mean=0.000008716
[15:24:44] Layer resblock_18: mean=0.000008484
[15:24:44] Layer resblock_19: mean=0.000008155
[15:24:44] Layer resblock_20: mean=0.000007589
[15:24:44] Layer resblock_21: mean=0.000006838
[15:24:45] Layer resblock_22: mean=0.000005061
[15:24:45] Layer resblock_23: mean=0.000001744
[15:24:45] ✅ stl10 updated (N=1).
[15:24:45] 
🔍 Processing task: sun397 (delta=1)
[15:24:45] [SUN397] Loaded 1 samples (skipped 0), tensor torch.Size([1, 3, 224, 224])
[15:24:45] Layer resblock_0: mean=0.000005021
[15:24:46] Layer resblock_1: mean=0.000005890
[15:24:46] Layer resblock_2: mean=0.000006462
[15:24:46] Layer resblock_3: mean=0.000006048
[15:24:47] Layer resblock_4: mean=0.000005891
[15:24:47] Layer resblock_5: mean=0.000005896
[15:24:47] Layer resblock_6: mean=0.000006045
[15:24:48] Layer resblock_7: mean=0.000006364
[15:24:48] Layer resblock_8: mean=0.000006628
[15:24:48] Layer resblock_9: mean=0.000006836
[15:24:48] Layer resblock_10: mean=0.000007103
[15:24:49] Layer resblock_11: mean=0.000007442
[15:24:49] Layer resblock_12: mean=0.000007648
[15:24:49] Layer resblock_13: mean=0.000007823
[15:24:49] Layer resblock_14: mean=0.000007883
[15:24:50] Layer resblock_15: mean=0.000008183
[15:24:50] Layer resblock_16: mean=0.000008156
[15:24:50] Layer resblock_17: mean=0.000007995
[15:24:50] Layer resblock_18: mean=0.000007752
[15:24:51] Layer resblock_19: mean=0.000007431
[15:24:51] Layer resblock_20: mean=0.000007008
[15:24:51] Layer resblock_21: mean=0.000006329
[15:24:51] Layer resblock_22: mean=0.000004682
[15:24:51] Layer resblock_23: mean=0.000001698
[15:24:51] ✅ sun397 updated (N=1).
[15:24:51] 
🔍 Processing task: svhn (delta=1)
[15:24:51] [SVHN] Loaded 1 samples (skipped 0), tensor torch.Size([1, 3, 224, 224])
[15:24:52] Layer resblock_0: mean=0.000003484
[15:24:52] Layer resblock_1: mean=0.000003957
[15:24:52] Layer resblock_2: mean=0.000004502
[15:24:53] Layer resblock_3: mean=0.000004319
[15:24:53] Layer resblock_4: mean=0.000004271
[15:24:54] Layer resblock_5: mean=0.000004346
[15:24:54] Layer resblock_6: mean=0.000004552
[15:24:54] Layer resblock_7: mean=0.000004984
[15:24:54] Layer resblock_8: mean=0.000005218
[15:24:55] Layer resblock_9: mean=0.000005453
[15:24:55] Layer resblock_10: mean=0.000005760
[15:24:55] Layer resblock_11: mean=0.000006034
[15:24:56] Layer resblock_12: mean=0.000006164
[15:24:56] Layer resblock_13: mean=0.000006345
[15:24:56] Layer resblock_14: mean=0.000006424
[15:24:56] Layer resblock_15: mean=0.000006711
[15:24:57] Layer resblock_16: mean=0.000006541
[15:24:57] Layer resblock_17: mean=0.000006455
[15:24:57] Layer resblock_18: mean=0.000006290
[15:24:57] Layer resblock_19: mean=0.000006007
[15:24:57] Layer resblock_20: mean=0.000005707
[15:24:58] Layer resblock_21: mean=0.000005259
[15:24:58] Layer resblock_22: mean=0.000004187
[15:24:58] Layer resblock_23: mean=0.000001746
[15:24:58] ✅ svhn updated (N=1).
[15:24:58] 
🔍 Processing task: voc_pose (delta=1)
[15:24:58] [VOC] Loaded 1 samples (skipped 0), tensor torch.Size([1, 3, 224, 224])
[15:24:58] Layer resblock_0: mean=0.000004745
[15:24:59] Layer resblock_1: mean=0.000005964
[15:24:59] Layer resblock_2: mean=0.000007321
[15:24:59] Layer resblock_3: mean=0.000006850
[15:25:00] Layer resblock_4: mean=0.000006624
[15:25:00] Layer resblock_5: mean=0.000006655
[15:25:00] Layer resblock_6: mean=0.000006876
[15:25:01] Layer resblock_7: mean=0.000007319
[15:25:01] Layer resblock_8: mean=0.000007661
[15:25:01] Layer resblock_9: mean=0.000008103
[15:25:02] Layer resblock_10: mean=0.000008461
[15:25:02] Layer resblock_11: mean=0.000008763
[15:25:02] Layer resblock_12: mean=0.000009002
[15:25:02] Layer resblock_13: mean=0.000009152
[15:25:03] Layer resblock_14: mean=0.000009043
[15:25:03] Layer resblock_15: mean=0.000009155
[15:25:03] Layer resblock_16: mean=0.000009045
[15:25:03] Layer resblock_17: mean=0.000009047
[15:25:04] Layer resblock_18: mean=0.000008818
[15:25:04] Layer resblock_19: mean=0.000008447
[15:25:04] Layer resblock_20: mean=0.000007837
[15:25:04] Layer resblock_21: mean=0.000007044
[15:25:04] Layer resblock_22: mean=0.000005110
[15:25:05] Layer resblock_23: mean=0.000001780
[15:25:05] ✅ voc_pose updated (N=1).
[15:25:05] ✅ Results saved for milestone 1.
