/root/miniconda3/envs/reason/lib/python3.10/site-packages/transformers/utils/hub.py:111: FutureWarning: Using `TRANSFORMERS_CACHE` is deprecated and will be removed in v5 of Transformers. Use `HF_HOME` instead.
  warnings.warn(
[15:22:27] Using device: cuda, seed: 55
[15:22:27] Parsing model identifier. Schema: None, Identifier: ViT-L-14
[15:22:27] Loaded built-in ViT-L-14 model config.
[15:22:28] Instantiating model architecture: CLIP
[15:22:30] Loading full pretrained weights from: /root/autodl-tmp/hf_cache/models--laion--CLIP-ViT-L-14-CommonPool.XL.clip-s13B-b90K/snapshots/de1c90b9159dde7d65cd0d89a572b786adce3819/open_clip_pytorch_model.bin
[15:22:32] Final image preprocessing configuration set: {'size': (224, 224), 'mode': 'RGB', 'mean': (0.48145466, 0.4578275, 0.40821073), 'std': (0.26862954, 0.26130258, 0.27577711), 'interpolation': 'bicubic', 'resize_mode': 'shortest', 'fill_color': 0}
[15:22:32] Model ViT-L-14 creation process complete.
[15:22:32] Detected VisionTransformer with 24 blocks.
[15:22:32] Model ViT-L-14 loaded (24 layers detected).
[15:22:32] Using ViT forward_func for ViT-L-14
[15:22:34] [FER2013] Column 'Usage' not found, using all rows.
[15:22:34] [FER2013] Loaded 28709 images from /root/autodl-tmp/modelselection/datasets/datasets/fer2013/train.csv
[15:22:34] [OxfordFlowers] Loaded split='test' with 6149 images from /root/autodl-tmp/modelselection/datasets/datasets/oxford_flowers
[15:22:34] [OxfordPet] Loaded split='test' with 3669 samples from /root/autodl-tmp/modelselection/datasets/datasets/oxford-pet/annotations/test.txt
[15:22:34] [RenderedSST2] Loaded 1821 images from /root/autodl-tmp/modelselection/datasets/datasets/renderedsst2/rendered-sst2/test
[15:22:34] [STL10] Loaded split='test' with 8000 images from /root/autodl-tmp/modelselection/datasets/datasets/stl10/stl10_binary/test_X.bin
[15:22:34] [SUN397] Loaded split='test' with 19850 images
[15:22:34] [SVHN] Loaded 26032 images from /root/autodl-tmp/modelselection/datasets/datasets/svhn/test.txt
[15:22:35] [VOC] Loaded 9963 images from annotations
[15:22:35] === Reaching milestone N=1 ===
[15:22:35] 
🔍 Processing task: car (delta=1)
[15:22:35] [Cars] Loaded 1 samples, tensor torch.Size([1, 3, 224, 224])
/root/autodl-tmp/modelselection/frame_v2/framework/conductance.py:20: FutureWarning: `torch.cuda.amp.autocast(args...)` is deprecated. Please use `torch.amp.autocast('cuda', args...)` instead.
  with torch.cuda.amp.autocast(enabled=use_amp):
[15:22:36] Layer resblock_0: mean=0.000014873
[15:22:37] Layer resblock_1: mean=0.000014900
[15:22:38] Layer resblock_2: mean=0.000015843
[15:22:38] Layer resblock_3: mean=0.000014704
[15:22:39] Layer resblock_4: mean=0.000013732
[15:22:39] Layer resblock_5: mean=0.000013084
[15:22:40] Layer resblock_6: mean=0.000012400
[15:22:40] Layer resblock_7: mean=0.000012081
[15:22:41] Layer resblock_8: mean=0.000011988
[15:22:41] Layer resblock_9: mean=0.000011771
[15:22:42] Layer resblock_10: mean=0.000012234
[15:22:43] Layer resblock_11: mean=0.000012504
[15:22:43] Layer resblock_12: mean=0.000012926
[15:22:44] Layer resblock_13: mean=0.000013399
[15:22:44] Layer resblock_14: mean=0.000013742
[15:22:44] Layer resblock_15: mean=0.000014208
[15:22:45] Layer resblock_16: mean=0.000014324
[15:22:45] Layer resblock_17: mean=0.000014264
[15:22:46] Layer resblock_18: mean=0.000014018
[15:22:46] Layer resblock_19: mean=0.000013715
[15:22:47] Layer resblock_20: mean=0.000012675
[15:22:47] Layer resblock_21: mean=0.000010430
[15:22:47] Layer resblock_22: mean=0.000007109
[15:22:48] Layer resblock_23: mean=0.000002314
[15:22:48] ✅ car updated (N=1).
[15:22:48] 
🔍 Processing task: cifar (delta=1)
[15:22:48] [CIFAR] Loaded 1 samples, tensor torch.Size([1, 3, 224, 224])
[15:22:48] Layer resblock_0: mean=0.000010365
[15:22:49] Layer resblock_1: mean=0.000010743
[15:22:49] Layer resblock_2: mean=0.000011693
[15:22:50] Layer resblock_3: mean=0.000010823
[15:22:51] Layer resblock_4: mean=0.000010156
[15:22:51] Layer resblock_5: mean=0.000009690
[15:22:52] Layer resblock_6: mean=0.000009090
[15:22:52] Layer resblock_7: mean=0.000008616
[15:22:53] Layer resblock_8: mean=0.000008368
[15:22:53] Layer resblock_9: mean=0.000008508
[15:22:53] Layer resblock_10: mean=0.000009113
[15:22:54] Layer resblock_11: mean=0.000009356
[15:22:54] Layer resblock_12: mean=0.000009925
[15:22:55] Layer resblock_13: mean=0.000010183
[15:22:55] Layer resblock_14: mean=0.000010255
[15:22:56] Layer resblock_15: mean=0.000010393
[15:22:56] Layer resblock_16: mean=0.000010032
[15:22:56] Layer resblock_17: mean=0.000009591
[15:22:57] Layer resblock_18: mean=0.000009234
[15:22:57] Layer resblock_19: mean=0.000008561
[15:22:57] Layer resblock_20: mean=0.000007849
[15:22:57] Layer resblock_21: mean=0.000006896
[15:22:58] Layer resblock_22: mean=0.000005440
[15:22:58] Layer resblock_23: mean=0.000001963
[15:22:58] ✅ cifar updated (N=1).
[15:22:58] 
🔍 Processing task: clevr (delta=1)
[15:22:58] [CLEVR] 15000 samples from /root/autodl-tmp/modelselection/datasets/datasets/clevr_count/test
[15:22:58] [CLEVR] Loaded 1 samples, tensor torch.Size([1, 3, 224, 224])
[15:22:59] Layer resblock_0: mean=0.000005905
[15:22:59] Layer resblock_1: mean=0.000006108
[15:23:00] Layer resblock_2: mean=0.000006832
[15:23:00] Layer resblock_3: mean=0.000006505
[15:23:01] Layer resblock_4: mean=0.000006312
[15:23:01] Layer resblock_5: mean=0.000006076
[15:23:02] Layer resblock_6: mean=0.000005862
[15:23:02] Layer resblock_7: mean=0.000005806
[15:23:02] Layer resblock_8: mean=0.000005928
[15:23:03] Layer resblock_9: mean=0.000006182
[15:23:03] Layer resblock_10: mean=0.000006767
[15:23:04] Layer resblock_11: mean=0.000007125
[15:23:04] Layer resblock_12: mean=0.000007348
[15:23:04] Layer resblock_13: mean=0.000007589
[15:23:05] Layer resblock_14: mean=0.000007676
[15:23:05] Layer resblock_15: mean=0.000007736
[15:23:05] Layer resblock_16: mean=0.000007656
[15:23:06] Layer resblock_17: mean=0.000007354
[15:23:06] Layer resblock_18: mean=0.000007062
[15:23:06] Layer resblock_19: mean=0.000006656
[15:23:06] Layer resblock_20: mean=0.000006215
[15:23:07] Layer resblock_21: mean=0.000005564
[15:23:07] Layer resblock_22: mean=0.000004642
[15:23:07] Layer resblock_23: mean=0.000001984
[15:23:07] ✅ clevr updated (N=1).
[15:23:07] 
🔍 Processing task: country (delta=1)
[15:23:07] [Country211] Loaded 1 samples, tensor torch.Size([1, 3, 224, 224])
[15:23:08] Layer resblock_0: mean=0.000011701
[15:23:08] Layer resblock_1: mean=0.000011821
[15:23:08] Layer resblock_2: mean=0.000012715
[15:23:09] Layer resblock_3: mean=0.000011808
[15:23:09] Layer resblock_4: mean=0.000011238
[15:23:10] Layer resblock_5: mean=0.000010893
[15:23:10] Layer resblock_6: mean=0.000010551
[15:23:10] Layer resblock_7: mean=0.000010504
[15:23:11] Layer resblock_8: mean=0.000010591
[15:23:11] Layer resblock_9: mean=0.000010845
[15:23:11] Layer resblock_10: mean=0.000011549
[15:23:11] Layer resblock_11: mean=0.000011649
[15:23:12] Layer resblock_12: mean=0.000011949
[15:23:12] Layer resblock_13: mean=0.000012144
[15:23:12] Layer resblock_14: mean=0.000012182
[15:23:12] Layer resblock_15: mean=0.000012305
[15:23:12] Layer resblock_16: mean=0.000012311
[15:23:13] Layer resblock_17: mean=0.000012023
[15:23:13] Layer resblock_18: mean=0.000011890
[15:23:13] Layer resblock_19: mean=0.000011309
[15:23:13] Layer resblock_20: mean=0.000009985
[15:23:14] Layer resblock_21: mean=0.000008014
[15:23:14] Layer resblock_22: mean=0.000005975
[15:23:14] Layer resblock_23: mean=0.000001908
[15:23:14] ✅ country updated (N=1).
[15:23:14] 
🔍 Processing task: dmlab (delta=1)
[15:23:14] [DMLab] Loaded 1 samples (skipped 0), tensor torch.Size([1, 3, 224, 224])
[15:23:15] Layer resblock_0: mean=0.000010285
[15:23:15] Layer resblock_1: mean=0.000010569
[15:23:15] Layer resblock_2: mean=0.000011720
[15:23:16] Layer resblock_3: mean=0.000010989
[15:23:16] Layer resblock_4: mean=0.000010529
[15:23:16] Layer resblock_5: mean=0.000010140
[15:23:16] Layer resblock_6: mean=0.000009811
[15:23:17] Layer resblock_7: mean=0.000009680
[15:23:17] Layer resblock_8: mean=0.000009701
[15:23:17] Layer resblock_9: mean=0.000009927
[15:23:18] Layer resblock_10: mean=0.000010467
[15:23:18] Layer resblock_11: mean=0.000010674
[15:23:18] Layer resblock_12: mean=0.000010714
[15:23:18] Layer resblock_13: mean=0.000010518
[15:23:18] Layer resblock_14: mean=0.000010083
[15:23:19] Layer resblock_15: mean=0.000009656
[15:23:19] Layer resblock_16: mean=0.000008952
[15:23:19] Layer resblock_17: mean=0.000008207
[15:23:19] Layer resblock_18: mean=0.000007824
[15:23:19] Layer resblock_19: mean=0.000007233
[15:23:20] Layer resblock_20: mean=0.000006642
[15:23:20] Layer resblock_21: mean=0.000005907
[15:23:20] Layer resblock_22: mean=0.000004697
[15:23:20] Layer resblock_23: mean=0.000001903
[15:23:20] ✅ dmlab updated (N=1).
[15:23:20] 
🔍 Processing task: dr (delta=1)
[15:23:20] [DR] Loaded 42670 paths from /root/autodl-tmp/modelselection/datasets/datasets/diabetic_retinopathy/test.txt
[15:23:20] [DR] Loaded 1 samples (skipped 0), tensor torch.Size([1, 3, 224, 224])
[15:23:21] Layer resblock_0: mean=0.000007770
[15:23:21] Layer resblock_1: mean=0.000008443
[15:23:21] Layer resblock_2: mean=0.000009622
[15:23:22] Layer resblock_3: mean=0.000009222
[15:23:22] Layer resblock_4: mean=0.000008935
[15:23:22] Layer resblock_5: mean=0.000008750
[15:23:23] Layer resblock_6: mean=0.000008429
[15:23:23] Layer resblock_7: mean=0.000008215
[15:23:23] Layer resblock_8: mean=0.000008112
[15:23:23] Layer resblock_9: mean=0.000008109
[15:23:24] Layer resblock_10: mean=0.000008448
[15:23:24] Layer resblock_11: mean=0.000008613
[15:23:24] Layer resblock_12: mean=0.000008778
[15:23:25] Layer resblock_13: mean=0.000008984
[15:23:25] Layer resblock_14: mean=0.000009230
[15:23:25] Layer resblock_15: mean=0.000009530
[15:23:26] Layer resblock_16: mean=0.000009426
[15:23:26] Layer resblock_17: mean=0.000008939
[15:23:26] Layer resblock_18: mean=0.000008554
[15:23:26] Layer resblock_19: mean=0.000008235
[15:23:27] Layer resblock_20: mean=0.000007524
[15:23:27] Layer resblock_21: mean=0.000006572
[15:23:27] Layer resblock_22: mean=0.000005268
[15:23:27] Layer resblock_23: mean=0.000002031
[15:23:27] ✅ dr updated (N=1).
[15:23:27] 
🔍 Processing task: dtd (delta=1)
[15:23:27] [DTD] Collected 5640 image paths from /root/autodl-tmp/modelselection/datasets/datasets/dtd/labels
[15:23:27] [DTD] Loaded 1 samples (skipped 0), tensor torch.Size([1, 3, 224, 224])
[15:23:28] Layer resblock_0: mean=0.000006114
[15:23:28] Layer resblock_1: mean=0.000006151
[15:23:28] Layer resblock_2: mean=0.000006622
[15:23:29] Layer resblock_3: mean=0.000006165
[15:23:29] Layer resblock_4: mean=0.000005555
[15:23:29] Layer resblock_5: mean=0.000005050
[15:23:30] Layer resblock_6: mean=0.000004411
[15:23:30] Layer resblock_7: mean=0.000004124
[15:23:30] Layer resblock_8: mean=0.000003863
[15:23:31] Layer resblock_9: mean=0.000003840
[15:23:31] Layer resblock_10: mean=0.000004115
[15:23:31] Layer resblock_11: mean=0.000004213
[15:23:31] Layer resblock_12: mean=0.000004456
[15:23:32] Layer resblock_13: mean=0.000004755
[15:23:32] Layer resblock_14: mean=0.000005061
[15:23:32] Layer resblock_15: mean=0.000005326
[15:23:32] Layer resblock_16: mean=0.000005343
[15:23:33] Layer resblock_17: mean=0.000005216
[15:23:33] Layer resblock_18: mean=0.000005102
[15:23:33] Layer resblock_19: mean=0.000004865
[15:23:33] Layer resblock_20: mean=0.000004552
[15:23:33] Layer resblock_21: mean=0.000004237
[15:23:34] Layer resblock_22: mean=0.000003684
[15:23:34] Layer resblock_23: mean=0.000001503
[15:23:34] ✅ dtd updated (N=1).
[15:23:34] 
🔍 Processing task: eurosat (delta=1)
[15:23:34] [EuroSAT] Collected 27000 images from 10 classes under /root/autodl-tmp/modelselection/datasets/datasets/eurosat/2750
[15:23:34] [EuroSAT] Loaded 1 samples (skipped 0), tensor torch.Size([1, 3, 224, 224])
[15:23:34] Layer resblock_0: mean=0.000007437
[15:23:35] Layer resblock_1: mean=0.000007590
[15:23:35] Layer resblock_2: mean=0.000008211
[15:23:36] Layer resblock_3: mean=0.000007739
[15:23:36] Layer resblock_4: mean=0.000007403
[15:23:36] Layer resblock_5: mean=0.000007023
[15:23:37] Layer resblock_6: mean=0.000006587
[15:23:37] Layer resblock_7: mean=0.000006291
[15:23:37] Layer resblock_8: mean=0.000006153
[15:23:37] Layer resblock_9: mean=0.000006268
[15:23:38] Layer resblock_10: mean=0.000006674
[15:23:38] Layer resblock_11: mean=0.000006837
[15:23:38] Layer resblock_12: mean=0.000007289
[15:23:39] Layer resblock_13: mean=0.000007727
[15:23:39] Layer resblock_14: mean=0.000007984
[15:23:39] Layer resblock_15: mean=0.000008217
[15:23:39] Layer resblock_16: mean=0.000008201
[15:23:39] Layer resblock_17: mean=0.000007883
[15:23:40] Layer resblock_18: mean=0.000007581
[15:23:40] Layer resblock_19: mean=0.000007087
[15:23:40] Layer resblock_20: mean=0.000006583
[15:23:40] Layer resblock_21: mean=0.000005861
[15:23:41] Layer resblock_22: mean=0.000004359
[15:23:41] Layer resblock_23: mean=0.000001681
[15:23:41] ✅ eurosat updated (N=1).
[15:23:41] 
🔍 Processing task: fer2013 (delta=1)
[15:23:41] [FER2013] Loaded 1 samples (skipped 0), tensor torch.Size([1, 3, 224, 224])
[15:23:41] Layer resblock_0: mean=0.000010064
[15:23:41] Layer resblock_1: mean=0.000010197
[15:23:42] Layer resblock_2: mean=0.000011028
[15:23:42] Layer resblock_3: mean=0.000010013
[15:23:42] Layer resblock_4: mean=0.000009083
[15:23:43] Layer resblock_5: mean=0.000008457
[15:23:43] Layer resblock_6: mean=0.000007925
[15:23:43] Layer resblock_7: mean=0.000007525
[15:23:43] Layer resblock_8: mean=0.000007452
[15:23:44] Layer resblock_9: mean=0.000007531
[15:23:44] Layer resblock_10: mean=0.000007992
[15:23:44] Layer resblock_11: mean=0.000008344
[15:23:44] Layer resblock_12: mean=0.000008896
[15:23:45] Layer resblock_13: mean=0.000009234
[15:23:45] Layer resblock_14: mean=0.000009281
[15:23:45] Layer resblock_15: mean=0.000009149
[15:23:46] Layer resblock_16: mean=0.000008924
[15:23:46] Layer resblock_17: mean=0.000008329
[15:23:46] Layer resblock_18: mean=0.000007942
[15:23:46] Layer resblock_19: mean=0.000007441
[15:23:46] Layer resblock_20: mean=0.000006955
[15:23:47] Layer resblock_21: mean=0.000006343
[15:23:47] Layer resblock_22: mean=0.000005569
[15:23:47] Layer resblock_23: mean=0.000002133
[15:23:47] ✅ fer2013 updated (N=1).
[15:23:47] 
🔍 Processing task: gtsrb (delta=1)
[15:23:47] [GTSRB] Collected 12630 test images.
[15:23:47] [GTSRB] Loaded 1 samples (skipped 0), tensor torch.Size([1, 3, 224, 224])
[15:23:47] Layer resblock_0: mean=0.000009191
[15:23:48] Layer resblock_1: mean=0.000008302
[15:23:48] Layer resblock_2: mean=0.000008605
[15:23:48] Layer resblock_3: mean=0.000008044
[15:23:49] Layer resblock_4: mean=0.000007847
[15:23:49] Layer resblock_5: mean=0.000007501
[15:23:49] Layer resblock_6: mean=0.000007297
[15:23:49] Layer resblock_7: mean=0.000007164
[15:23:50] Layer resblock_8: mean=0.000007045
[15:23:50] Layer resblock_9: mean=0.000007054
[15:23:50] Layer resblock_10: mean=0.000007294
[15:23:51] Layer resblock_11: mean=0.000007344
[15:23:51] Layer resblock_12: mean=0.000007631
[15:23:51] Layer resblock_13: mean=0.000007761
[15:23:52] Layer resblock_14: mean=0.000007841
[15:23:52] Layer resblock_15: mean=0.000007785
[15:23:52] Layer resblock_16: mean=0.000007539
[15:23:52] Layer resblock_17: mean=0.000007386
[15:23:53] Layer resblock_18: mean=0.000007106
[15:23:53] Layer resblock_19: mean=0.000006736
[15:23:53] Layer resblock_20: mean=0.000006237
[15:23:53] Layer resblock_21: mean=0.000005545
[15:23:53] Layer resblock_22: mean=0.000004613
[15:23:54] Layer resblock_23: mean=0.000001665
[15:23:54] ✅ gtsrb updated (N=1).
[15:23:54] 
🔍 Processing task: kitti (delta=1)
[15:23:54] [KITTI] Collected 711 images from /root/autodl-tmp/modelselection/datasets/datasets/kitti/test.txt
[15:23:54] [KITTI] Loaded 1 samples (skipped 0), tensor torch.Size([1, 3, 224, 224])
[15:23:54] Layer resblock_0: mean=0.000008020
[15:23:54] Layer resblock_1: mean=0.000008128
[15:23:55] Layer resblock_2: mean=0.000008967
[15:23:55] Layer resblock_3: mean=0.000008494
[15:23:55] Layer resblock_4: mean=0.000008132
[15:23:56] Layer resblock_5: mean=0.000007945
[15:23:56] Layer resblock_6: mean=0.000007825
[15:23:56] Layer resblock_7: mean=0.000007811
[15:23:56] Layer resblock_8: mean=0.000007944
[15:23:57] Layer resblock_9: mean=0.000008181
[15:23:57] Layer resblock_10: mean=0.000008818
[15:23:57] Layer resblock_11: mean=0.000009183
[15:23:58] Layer resblock_12: mean=0.000009572
[15:23:58] Layer resblock_13: mean=0.000009782
[15:23:58] Layer resblock_14: mean=0.000009900
[15:23:58] Layer resblock_15: mean=0.000010030
[15:23:59] Layer resblock_16: mean=0.000009910
[15:23:59] Layer resblock_17: mean=0.000009399
[15:23:59] Layer resblock_18: mean=0.000008990
[15:23:59] Layer resblock_19: mean=0.000008299
[15:24:00] Layer resblock_20: mean=0.000007473
[15:24:00] Layer resblock_21: mean=0.000006145
[15:24:00] Layer resblock_22: mean=0.000004847
[15:24:00] Layer resblock_23: mean=0.000001842
[15:24:00] ✅ kitti updated (N=1).
[15:24:00] 
🔍 Processing task: mnist (delta=1)
[15:24:00] [MNIST] Loaded split='test' with 10000 samples from data/mnist
[15:24:00] [MNIST] Loaded 1 samples, tensor torch.Size([1, 3, 224, 224])
[15:24:01] Layer resblock_0: mean=0.000006387
[15:24:01] Layer resblock_1: mean=0.000006252
[15:24:01] Layer resblock_2: mean=0.000006881
[15:24:02] Layer resblock_3: mean=0.000006353
[15:24:02] Layer resblock_4: mean=0.000006007
[15:24:02] Layer resblock_5: mean=0.000005754
[15:24:03] Layer resblock_6: mean=0.000005580
[15:24:03] Layer resblock_7: mean=0.000005549
[15:24:03] Layer resblock_8: mean=0.000005678
[15:24:03] Layer resblock_9: mean=0.000005819
[15:24:04] Layer resblock_10: mean=0.000006259
[15:24:04] Layer resblock_11: mean=0.000006548
[15:24:04] Layer resblock_12: mean=0.000007023
[15:24:04] Layer resblock_13: mean=0.000007056
[15:24:05] Layer resblock_14: mean=0.000007059
[15:24:05] Layer resblock_15: mean=0.000007063
[15:24:05] Layer resblock_16: mean=0.000006942
[15:24:05] Layer resblock_17: mean=0.000006671
[15:24:06] Layer resblock_18: mean=0.000006369
[15:24:06] Layer resblock_19: mean=0.000005971
[15:24:06] Layer resblock_20: mean=0.000005413
[15:24:06] Layer resblock_21: mean=0.000004811
[15:24:06] Layer resblock_22: mean=0.000004041
[15:24:07] Layer resblock_23: mean=0.000002034
[15:24:07] ✅ mnist updated (N=1).
[15:24:07] 
🔍 Processing task: oxford_flowers (delta=1)
[15:24:07] [OxfordFlowers] Loaded 1 samples (skipped 0), tensor torch.Size([1, 3, 224, 224])
[15:24:07] Layer resblock_0: mean=0.000007119
[15:24:07] Layer resblock_1: mean=0.000007251
[15:24:08] Layer resblock_2: mean=0.000007780
[15:24:08] Layer resblock_3: mean=0.000007357
[15:24:08] Layer resblock_4: mean=0.000007099
[15:24:08] Layer resblock_5: mean=0.000006914
[15:24:09] Layer resblock_6: mean=0.000006667
[15:24:09] Layer resblock_7: mean=0.000006462
[15:24:09] Layer resblock_8: mean=0.000006411
[15:24:10] Layer resblock_9: mean=0.000006485
[15:24:10] Layer resblock_10: mean=0.000006956
[15:24:10] Layer resblock_11: mean=0.000007102
[15:24:11] Layer resblock_12: mean=0.000007524
[15:24:11] Layer resblock_13: mean=0.000007902
[15:24:11] Layer resblock_14: mean=0.000008027
[15:24:11] Layer resblock_15: mean=0.000008330
[15:24:12] Layer resblock_16: mean=0.000008355
[15:24:12] Layer resblock_17: mean=0.000008186
[15:24:12] Layer resblock_18: mean=0.000007955
[15:24:12] Layer resblock_19: mean=0.000007548
[15:24:12] Layer resblock_20: mean=0.000007097
[15:24:12] Layer resblock_21: mean=0.000006450
[15:24:13] Layer resblock_22: mean=0.000005482
[15:24:13] Layer resblock_23: mean=0.000002085
[15:24:13] ✅ oxford_flowers updated (N=1).
[15:24:13] 
🔍 Processing task: oxford_pet (delta=1)
[15:24:13] [OxfordPet] Loaded 1 samples (skipped 0), tensor torch.Size([1, 3, 224, 224])
[15:24:13] Layer resblock_0: mean=0.000008373
[15:24:14] Layer resblock_1: mean=0.000008530
[15:24:14] Layer resblock_2: mean=0.000009186
[15:24:14] Layer resblock_3: mean=0.000008645
[15:24:15] Layer resblock_4: mean=0.000008273
[15:24:15] Layer resblock_5: mean=0.000007938
[15:24:15] Layer resblock_6: mean=0.000007687
[15:24:16] Layer resblock_7: mean=0.000007588
[15:24:16] Layer resblock_8: mean=0.000007546
[15:24:16] Layer resblock_9: mean=0.000007688
[15:24:17] Layer resblock_10: mean=0.000008147
[15:24:17] Layer resblock_11: mean=0.000008332
[15:24:17] Layer resblock_12: mean=0.000008678
[15:24:18] Layer resblock_13: mean=0.000008947
[15:24:18] Layer resblock_14: mean=0.000009243
[15:24:18] Layer resblock_15: mean=0.000009459
[15:24:18] Layer resblock_16: mean=0.000009519
[15:24:19] Layer resblock_17: mean=0.000009018
[15:24:19] Layer resblock_18: mean=0.000008577
[15:24:19] Layer resblock_19: mean=0.000008120
[15:24:19] Layer resblock_20: mean=0.000007434
[15:24:19] Layer resblock_21: mean=0.000006529
[15:24:20] Layer resblock_22: mean=0.000005224
[15:24:20] Layer resblock_23: mean=0.000002125
[15:24:20] ✅ oxford_pet updated (N=1).
[15:24:20] 
🔍 Processing task: patch_camelyon (delta=1)
[15:24:20] [PatchCamelyon] Collected 32768 image paths from /root/autodl-tmp/modelselection/datasets/datasets/patch_camelyon/test.txt
[15:24:20] [PatchCamelyon] Loaded 1 samples (skipped 0), tensor torch.Size([1, 3, 224, 224])
[15:24:20] Layer resblock_0: mean=0.000009668
[15:24:21] Layer resblock_1: mean=0.000010155
[15:24:21] Layer resblock_2: mean=0.000010976
[15:24:21] Layer resblock_3: mean=0.000009946
[15:24:22] Layer resblock_4: mean=0.000009224
[15:24:22] Layer resblock_5: mean=0.000008646
[15:24:22] Layer resblock_6: mean=0.000007989
[15:24:23] Layer resblock_7: mean=0.000007471
[15:24:23] Layer resblock_8: mean=0.000007294
[15:24:23] Layer resblock_9: mean=0.000007191
[15:24:23] Layer resblock_10: mean=0.000007461
[15:24:24] Layer resblock_11: mean=0.000007430
[15:24:24] Layer resblock_12: mean=0.000007842
[15:24:24] Layer resblock_13: mean=0.000008413
[15:24:24] Layer resblock_14: mean=0.000008902
[15:24:25] Layer resblock_15: mean=0.000009554
[15:24:25] Layer resblock_16: mean=0.000009859
[15:24:25] Layer resblock_17: mean=0.000009811
[15:24:25] Layer resblock_18: mean=0.000009663
[15:24:26] Layer resblock_19: mean=0.000009207
[15:24:26] Layer resblock_20: mean=0.000008456
[15:24:26] Layer resblock_21: mean=0.000007397
[15:24:26] Layer resblock_22: mean=0.000005568
[15:24:26] Layer resblock_23: mean=0.000002001
[15:24:26] ✅ patch_camelyon updated (N=1).
[15:24:26] 
🔍 Processing task: renderedsst2 (delta=1)
[15:24:26] [RenderedSST2] Loaded 1 samples (skipped 0), tensor torch.Size([1, 3, 224, 224])
[15:24:27] Layer resblock_0: mean=0.000015522
[15:24:27] Layer resblock_1: mean=0.000014518
[15:24:27] Layer resblock_2: mean=0.000015488
[15:24:28] Layer resblock_3: mean=0.000013682
[15:24:28] Layer resblock_4: mean=0.000012285
[15:24:28] Layer resblock_5: mean=0.000011334
[15:24:28] Layer resblock_6: mean=0.000010519
[15:24:29] Layer resblock_7: mean=0.000009978
[15:24:29] Layer resblock_8: mean=0.000009674
[15:24:29] Layer resblock_9: mean=0.000009177
[15:24:30] Layer resblock_10: mean=0.000009249
[15:24:30] Layer resblock_11: mean=0.000009130
[15:24:30] Layer resblock_12: mean=0.000009474
[15:24:30] Layer resblock_13: mean=0.000010059
[15:24:31] Layer resblock_14: mean=0.000010557
[15:24:31] Layer resblock_15: mean=0.000010796
[15:24:31] Layer resblock_16: mean=0.000010827
[15:24:31] Layer resblock_17: mean=0.000010508
[15:24:32] Layer resblock_18: mean=0.000010484
[15:24:32] Layer resblock_19: mean=0.000010128
[15:24:32] Layer resblock_20: mean=0.000009723
[15:24:32] Layer resblock_21: mean=0.000008711
[15:24:32] Layer resblock_22: mean=0.000007304
[15:24:33] Layer resblock_23: mean=0.000001924
[15:24:33] ✅ renderedsst2 updated (N=1).
[15:24:33] 
🔍 Processing task: resisc45 (delta=1)
[15:24:33] [RESISC45] Collected 6300 images from /root/autodl-tmp/modelselection/datasets/datasets/resisc45/test.txt
[15:24:33] [RESISC45] Loaded 1 samples (skipped 0), tensor torch.Size([1, 3, 224, 224])
[15:24:33] Layer resblock_0: mean=0.000008901
[15:24:33] Layer resblock_1: mean=0.000009010
[15:24:34] Layer resblock_2: mean=0.000009685
[15:24:34] Layer resblock_3: mean=0.000009130
[15:24:34] Layer resblock_4: mean=0.000008652
[15:24:34] Layer resblock_5: mean=0.000008271
[15:24:35] Layer resblock_6: mean=0.000007860
[15:24:35] Layer resblock_7: mean=0.000007607
[15:24:35] Layer resblock_8: mean=0.000007460
[15:24:36] Layer resblock_9: mean=0.000007480
[15:24:36] Layer resblock_10: mean=0.000007883
[15:24:36] Layer resblock_11: mean=0.000007784
[15:24:37] Layer resblock_12: mean=0.000008179
[15:24:37] Layer resblock_13: mean=0.000008630
[15:24:37] Layer resblock_14: mean=0.000009055
[15:24:37] Layer resblock_15: mean=0.000009405
[15:24:38] Layer resblock_16: mean=0.000009312
[15:24:38] Layer resblock_17: mean=0.000008995
[15:24:38] Layer resblock_18: mean=0.000008669
[15:24:38] Layer resblock_19: mean=0.000008057
[15:24:38] Layer resblock_20: mean=0.000007368
[15:24:39] Layer resblock_21: mean=0.000006471
[15:24:39] Layer resblock_22: mean=0.000005040
[15:24:39] Layer resblock_23: mean=0.000001955
[15:24:39] ✅ resisc45 updated (N=1).
[15:24:39] 
🔍 Processing task: stl10 (delta=1)
[15:24:39] [STL10] Loaded 1 samples, tensor torch.Size([1, 3, 224, 224])
[15:24:39] Layer resblock_0: mean=0.000008575
[15:24:40] Layer resblock_1: mean=0.000009034
[15:24:40] Layer resblock_2: mean=0.000009723
[15:24:40] Layer resblock_3: mean=0.000008909
[15:24:41] Layer resblock_4: mean=0.000008459
[15:24:41] Layer resblock_5: mean=0.000007956
[15:24:41] Layer resblock_6: mean=0.000007434
[15:24:42] Layer resblock_7: mean=0.000007157
[15:24:42] Layer resblock_8: mean=0.000007023
[15:24:42] Layer resblock_9: mean=0.000007053
[15:24:42] Layer resblock_10: mean=0.000007512
[15:24:43] Layer resblock_11: mean=0.000007785
[15:24:43] Layer resblock_12: mean=0.000008340
[15:24:43] Layer resblock_13: mean=0.000008592
[15:24:43] Layer resblock_14: mean=0.000008888
[15:24:43] Layer resblock_15: mean=0.000009030
[15:24:44] Layer resblock_16: mean=0.000008975
[15:24:44] Layer resblock_17: mean=0.000008600
[15:24:44] Layer resblock_18: mean=0.000008256
[15:24:44] Layer resblock_19: mean=0.000007739
[15:24:44] Layer resblock_20: mean=0.000007196
[15:24:45] Layer resblock_21: mean=0.000006504
[15:24:45] Layer resblock_22: mean=0.000005284
[15:24:45] Layer resblock_23: mean=0.000002051
[15:24:45] ✅ stl10 updated (N=1).
[15:24:45] 
🔍 Processing task: sun397 (delta=1)
[15:24:45] [SUN397] Loaded 1 samples (skipped 0), tensor torch.Size([1, 3, 224, 224])
[15:24:45] Layer resblock_0: mean=0.000007586
[15:24:46] Layer resblock_1: mean=0.000007615
[15:24:46] Layer resblock_2: mean=0.000008348
[15:24:47] Layer resblock_3: mean=0.000007844
[15:24:47] Layer resblock_4: mean=0.000007469
[15:24:47] Layer resblock_5: mean=0.000007271
[15:24:47] Layer resblock_6: mean=0.000007003
[15:24:48] Layer resblock_7: mean=0.000006957
[15:24:48] Layer resblock_8: mean=0.000006906
[15:24:48] Layer resblock_9: mean=0.000006971
[15:24:49] Layer resblock_10: mean=0.000007512
[15:24:49] Layer resblock_11: mean=0.000007676
[15:24:49] Layer resblock_12: mean=0.000008081
[15:24:49] Layer resblock_13: mean=0.000008420
[15:24:50] Layer resblock_14: mean=0.000008706
[15:24:50] Layer resblock_15: mean=0.000008995
[15:24:50] Layer resblock_16: mean=0.000008966
[15:24:50] Layer resblock_17: mean=0.000008721
[15:24:51] Layer resblock_18: mean=0.000008575
[15:24:51] Layer resblock_19: mean=0.000008238
[15:24:51] Layer resblock_20: mean=0.000007702
[15:24:51] Layer resblock_21: mean=0.000006565
[15:24:51] Layer resblock_22: mean=0.000005587
[15:24:52] Layer resblock_23: mean=0.000002204
[15:24:52] ✅ sun397 updated (N=1).
[15:24:52] 
🔍 Processing task: svhn (delta=1)
[15:24:52] [SVHN] Loaded 1 samples (skipped 0), tensor torch.Size([1, 3, 224, 224])
[15:24:52] Layer resblock_0: mean=0.000008602
[15:24:52] Layer resblock_1: mean=0.000008096
[15:24:53] Layer resblock_2: mean=0.000008550
[15:24:53] Layer resblock_3: mean=0.000007606
[15:24:54] Layer resblock_4: mean=0.000006986
[15:24:54] Layer resblock_5: mean=0.000006458
[15:24:54] Layer resblock_6: mean=0.000005798
[15:24:54] Layer resblock_7: mean=0.000005522
[15:24:55] Layer resblock_8: mean=0.000005103
[15:24:55] Layer resblock_9: mean=0.000005232
[15:24:55] Layer resblock_10: mean=0.000005614
[15:24:56] Layer resblock_11: mean=0.000005685
[15:24:56] Layer resblock_12: mean=0.000006004
[15:24:56] Layer resblock_13: mean=0.000006034
[15:24:56] Layer resblock_14: mean=0.000005972
[15:24:57] Layer resblock_15: mean=0.000005981
[15:24:57] Layer resblock_16: mean=0.000005707
[15:24:57] Layer resblock_17: mean=0.000005400
[15:24:57] Layer resblock_18: mean=0.000005094
[15:24:57] Layer resblock_19: mean=0.000004713
[15:24:58] Layer resblock_20: mean=0.000004356
[15:24:58] Layer resblock_21: mean=0.000003996
[15:24:58] Layer resblock_22: mean=0.000003441
[15:24:58] Layer resblock_23: mean=0.000001253
[15:24:58] ✅ svhn updated (N=1).
[15:24:58] 
🔍 Processing task: voc_pose (delta=1)
[15:24:58] [VOC] Loaded 1 samples (skipped 0), tensor torch.Size([1, 3, 224, 224])
[15:24:59] Layer resblock_0: mean=0.000007095
[15:24:59] Layer resblock_1: mean=0.000007284
[15:24:59] Layer resblock_2: mean=0.000008093
[15:25:00] Layer resblock_3: mean=0.000007931
[15:25:00] Layer resblock_4: mean=0.000007590
[15:25:00] Layer resblock_5: mean=0.000007280
[15:25:01] Layer resblock_6: mean=0.000006911
[15:25:01] Layer resblock_7: mean=0.000006851
[15:25:01] Layer resblock_8: mean=0.000006986
[15:25:01] Layer resblock_9: mean=0.000007249
[15:25:02] Layer resblock_10: mean=0.000007899
[15:25:02] Layer resblock_11: mean=0.000008412
[15:25:02] Layer resblock_12: mean=0.000009001
[15:25:03] Layer resblock_13: mean=0.000009307
[15:25:03] Layer resblock_14: mean=0.000009561
[15:25:03] Layer resblock_15: mean=0.000009668
[15:25:03] Layer resblock_16: mean=0.000009545
[15:25:04] Layer resblock_17: mean=0.000009120
[15:25:04] Layer resblock_18: mean=0.000008782
[15:25:04] Layer resblock_19: mean=0.000008332
[15:25:04] Layer resblock_20: mean=0.000007769
[15:25:04] Layer resblock_21: mean=0.000006847
[15:25:05] Layer resblock_22: mean=0.000005524
[15:25:05] Layer resblock_23: mean=0.000002126
[15:25:05] ✅ voc_pose updated (N=1).
[15:25:05] ✅ Results saved for milestone 1.
