/root/miniconda3/envs/reason/lib/python3.10/site-packages/transformers/utils/hub.py:111: FutureWarning: Using `TRANSFORMERS_CACHE` is deprecated and will be removed in v5 of Transformers. Use `HF_HOME` instead.
  warnings.warn(
[15:14:15] Using device: cuda, seed: 55
[15:14:15] Parsing model identifier. Schema: None, Identifier: ViT-H-14-quickgelu
[15:14:15] Loaded built-in ViT-H-14-quickgelu model config.
[15:14:16] Instantiating model architecture: CLIP
[15:14:22] Loading full pretrained weights from: /root/autodl-tmp/hf_cache/models--timm--vit_huge_patch14_clip_224.metaclip_2pt5b/snapshots/28cc5adb1d99fec4d4e1f60272187807942d333e/open_clip_model.safetensors
[15:14:22] Final image preprocessing configuration set: {'size': (224, 224), 'mode': 'RGB', 'mean': (0.48145466, 0.4578275, 0.40821073), 'std': (0.26862954, 0.26130258, 0.27577711), 'interpolation': 'bicubic', 'resize_mode': 'shortest', 'fill_color': 0}
[15:14:22] Model ViT-H-14-quickgelu creation process complete.
[15:14:24] Detected VisionTransformer with 32 blocks.
[15:14:24] Model ViT-H-14-quickgelu loaded (32 layers detected).
[15:14:24] Using ViT forward_func for ViT-H-14-quickgelu
[15:14:25] [FER2013] Column 'Usage' not found, using all rows.
[15:14:25] [FER2013] Loaded 28709 images from /root/autodl-tmp/modelselection/datasets/datasets/fer2013/train.csv
[15:14:25] [OxfordFlowers] Loaded split='test' with 6149 images from /root/autodl-tmp/modelselection/datasets/datasets/oxford_flowers
[15:14:25] [OxfordPet] Loaded split='test' with 3669 samples from /root/autodl-tmp/modelselection/datasets/datasets/oxford-pet/annotations/test.txt
[15:14:25] [RenderedSST2] Loaded 1821 images from /root/autodl-tmp/modelselection/datasets/datasets/renderedsst2/rendered-sst2/test
[15:14:25] [STL10] Loaded split='test' with 8000 images from /root/autodl-tmp/modelselection/datasets/datasets/stl10/stl10_binary/test_X.bin
[15:14:26] [SUN397] Loaded split='test' with 19850 images
[15:14:26] [SVHN] Loaded 26032 images from /root/autodl-tmp/modelselection/datasets/datasets/svhn/test.txt
[15:14:26] [VOC] Loaded 9963 images from annotations
[15:14:26] === Reaching milestone N=1 ===
[15:14:26] 
🔍 Processing task: car (delta=1)
[15:14:27] [Cars] Loaded 1 samples, tensor torch.Size([1, 3, 224, 224])
/root/autodl-tmp/modelselection/frame_v2/framework/conductance.py:20: FutureWarning: `torch.cuda.amp.autocast(args...)` is deprecated. Please use `torch.amp.autocast('cuda', args...)` instead.
  with torch.cuda.amp.autocast(enabled=use_amp):
[15:14:29] Layer resblock_0: mean=0.000088664
[15:14:30] Layer resblock_1: mean=0.000085197
[15:14:31] Layer resblock_2: mean=0.000081298
[15:14:33] Layer resblock_3: mean=0.000076378
[15:14:34] Layer resblock_4: mean=0.000071565
[15:14:35] Layer resblock_5: mean=0.000067732
[15:14:36] Layer resblock_6: mean=0.000066331
[15:14:38] Layer resblock_7: mean=0.000063671
[15:14:39] Layer resblock_8: mean=0.000061640
[15:14:40] Layer resblock_9: mean=0.000059375
[15:14:41] Layer resblock_10: mean=0.000056038
[15:14:42] Layer resblock_11: mean=0.000053231
[15:14:43] Layer resblock_12: mean=0.000047677
[15:14:44] Layer resblock_13: mean=0.000042723
[15:14:45] Layer resblock_14: mean=0.000040145
[15:14:46] Layer resblock_15: mean=0.000039690
[15:14:47] Layer resblock_16: mean=0.000037271
[15:14:48] Layer resblock_17: mean=0.000034782
[15:14:49] Layer resblock_18: mean=0.000034403
[15:14:49] Layer resblock_19: mean=0.000032274
[15:14:50] Layer resblock_20: mean=0.000030252
[15:14:51] Layer resblock_21: mean=0.000029040
[15:14:51] Layer resblock_22: mean=0.000028279
[15:14:52] Layer resblock_23: mean=0.000027439
[15:14:53] Layer resblock_24: mean=0.000028066
[15:14:54] Layer resblock_25: mean=0.000027608
[15:14:54] Layer resblock_26: mean=0.000027027
[15:14:55] Layer resblock_27: mean=0.000025927
[15:14:56] Layer resblock_28: mean=0.000024426
[15:14:56] Layer resblock_29: mean=0.000028089
[15:14:57] Layer resblock_30: mean=0.000014319
[15:14:57] Layer resblock_31: mean=0.000001245
[15:14:57] ✅ car updated (N=1).
[15:14:57] 
🔍 Processing task: cifar (delta=1)
[15:14:58] [CIFAR] Loaded 1 samples, tensor torch.Size([1, 3, 224, 224])
[15:14:59] Layer resblock_0: mean=0.000034890
[15:15:00] Layer resblock_1: mean=0.000038422
[15:15:01] Layer resblock_2: mean=0.000042188
[15:15:02] Layer resblock_3: mean=0.000042138
[15:15:03] Layer resblock_4: mean=0.000041760
[15:15:04] Layer resblock_5: mean=0.000041441
[15:15:04] Layer resblock_6: mean=0.000041205
[15:15:05] Layer resblock_7: mean=0.000040116
[15:15:06] Layer resblock_8: mean=0.000038919
[15:15:06] Layer resblock_9: mean=0.000038127
[15:15:07] Layer resblock_10: mean=0.000036207
[15:15:07] Layer resblock_11: mean=0.000035321
[15:15:08] Layer resblock_12: mean=0.000033631
[15:15:09] Layer resblock_13: mean=0.000032424
[15:15:09] Layer resblock_14: mean=0.000031590
[15:15:10] Layer resblock_15: mean=0.000031629
[15:15:10] Layer resblock_16: mean=0.000030603
[15:15:11] Layer resblock_17: mean=0.000029461
[15:15:11] Layer resblock_18: mean=0.000029009
[15:15:12] Layer resblock_19: mean=0.000029578
[15:15:12] Layer resblock_20: mean=0.000029697
[15:15:13] Layer resblock_21: mean=0.000029210
[15:15:13] Layer resblock_22: mean=0.000028462
[15:15:13] Layer resblock_23: mean=0.000027341
[15:15:14] Layer resblock_24: mean=0.000027449
[15:15:14] Layer resblock_25: mean=0.000026478
[15:15:15] Layer resblock_26: mean=0.000025649
[15:15:15] Layer resblock_27: mean=0.000022563
[15:15:16] Layer resblock_28: mean=0.000020487
[15:15:16] Layer resblock_29: mean=0.000015783
[15:15:16] Layer resblock_30: mean=0.000008025
[15:15:16] Layer resblock_31: mean=0.000001197
[15:15:16] ✅ cifar updated (N=1).
[15:15:16] 
🔍 Processing task: clevr (delta=1)
[15:15:17] [CLEVR] 15000 samples from /root/autodl-tmp/modelselection/datasets/datasets/clevr_count/test
[15:15:17] [CLEVR] Loaded 1 samples, tensor torch.Size([1, 3, 224, 224])
[15:15:17] Layer resblock_0: mean=0.000022819
[15:15:18] Layer resblock_1: mean=0.000024015
[15:15:19] Layer resblock_2: mean=0.000026353
[15:15:19] Layer resblock_3: mean=0.000025879
[15:15:20] Layer resblock_4: mean=0.000025396
[15:15:21] Layer resblock_5: mean=0.000024870
[15:15:21] Layer resblock_6: mean=0.000024598
[15:15:22] Layer resblock_7: mean=0.000024045
[15:15:23] Layer resblock_8: mean=0.000023848
[15:15:23] Layer resblock_9: mean=0.000023696
[15:15:24] Layer resblock_10: mean=0.000023222
[15:15:24] Layer resblock_11: mean=0.000023391
[15:15:25] Layer resblock_12: mean=0.000023197
[15:15:25] Layer resblock_13: mean=0.000022862
[15:15:26] Layer resblock_14: mean=0.000022824
[15:15:27] Layer resblock_15: mean=0.000022943
[15:15:27] Layer resblock_16: mean=0.000022035
[15:15:28] Layer resblock_17: mean=0.000021029
[15:15:28] Layer resblock_18: mean=0.000020386
[15:15:29] Layer resblock_19: mean=0.000020545
[15:15:29] Layer resblock_20: mean=0.000020520
[15:15:30] Layer resblock_21: mean=0.000020128
[15:15:30] Layer resblock_22: mean=0.000019961
[15:15:30] Layer resblock_23: mean=0.000019620
[15:15:31] Layer resblock_24: mean=0.000020121
[15:15:31] Layer resblock_25: mean=0.000019986
[15:15:32] Layer resblock_26: mean=0.000019960
[15:15:32] Layer resblock_27: mean=0.000019272
[15:15:32] Layer resblock_28: mean=0.000019334
[15:15:33] Layer resblock_29: mean=0.000019502
[15:15:33] Layer resblock_30: mean=0.000009286
[15:15:33] Layer resblock_31: mean=0.000001317
[15:15:33] ✅ clevr updated (N=1).
[15:15:33] 
🔍 Processing task: country (delta=1)
[15:15:33] [Country211] Loaded 1 samples, tensor torch.Size([1, 3, 224, 224])
[15:15:34] Layer resblock_0: mean=0.000054470
[15:15:35] Layer resblock_1: mean=0.000062055
[15:15:36] Layer resblock_2: mean=0.000069162
[15:15:36] Layer resblock_3: mean=0.000069253
[15:15:37] Layer resblock_4: mean=0.000068015
[15:15:38] Layer resblock_5: mean=0.000066400
[15:15:38] Layer resblock_6: mean=0.000065901
[15:15:39] Layer resblock_7: mean=0.000064020
[15:15:40] Layer resblock_8: mean=0.000063133
[15:15:40] Layer resblock_9: mean=0.000060698
[15:15:41] Layer resblock_10: mean=0.000058175
[15:15:41] Layer resblock_11: mean=0.000057100
[15:15:42] Layer resblock_12: mean=0.000053079
[15:15:42] Layer resblock_13: mean=0.000047678
[15:15:42] Layer resblock_14: mean=0.000043414
[15:15:43] Layer resblock_15: mean=0.000040277
[15:15:44] Layer resblock_16: mean=0.000036722
[15:15:44] Layer resblock_17: mean=0.000033467
[15:15:45] Layer resblock_18: mean=0.000032054
[15:15:45] Layer resblock_19: mean=0.000031597
[15:15:46] Layer resblock_20: mean=0.000031220
[15:15:46] Layer resblock_21: mean=0.000030175
[15:15:47] Layer resblock_22: mean=0.000029496
[15:15:47] Layer resblock_23: mean=0.000028365
[15:15:47] Layer resblock_24: mean=0.000028866
[15:15:48] Layer resblock_25: mean=0.000028295
[15:15:48] Layer resblock_26: mean=0.000027242
[15:15:49] Layer resblock_27: mean=0.000024707
[15:15:49] Layer resblock_28: mean=0.000022404
[15:15:50] Layer resblock_29: mean=0.000019649
[15:15:50] Layer resblock_30: mean=0.000010607
[15:15:50] Layer resblock_31: mean=0.000001240
[15:15:50] ✅ country updated (N=1).
[15:15:50] 
🔍 Processing task: dmlab (delta=1)
[15:15:50] [DMLab] Loaded 1 samples (skipped 0), tensor torch.Size([1, 3, 224, 224])
[15:15:51] Layer resblock_0: mean=0.000050258
[15:15:52] Layer resblock_1: mean=0.000051694
[15:15:52] Layer resblock_2: mean=0.000055797
[15:15:53] Layer resblock_3: mean=0.000052152
[15:15:54] Layer resblock_4: mean=0.000049020
[15:15:54] Layer resblock_5: mean=0.000045120
[15:15:55] Layer resblock_6: mean=0.000042981
[15:15:56] Layer resblock_7: mean=0.000040380
[15:15:56] Layer resblock_8: mean=0.000038374
[15:15:57] Layer resblock_9: mean=0.000037175
[15:15:57] Layer resblock_10: mean=0.000035050
[15:15:58] Layer resblock_11: mean=0.000034637
[15:15:59] Layer resblock_12: mean=0.000033270
[15:15:59] Layer resblock_13: mean=0.000031923
[15:16:00] Layer resblock_14: mean=0.000030734
[15:16:00] Layer resblock_15: mean=0.000030411
[15:16:01] Layer resblock_16: mean=0.000028071
[15:16:01] Layer resblock_17: mean=0.000025164
[15:16:02] Layer resblock_18: mean=0.000023430
[15:16:02] Layer resblock_19: mean=0.000022907
[15:16:03] Layer resblock_20: mean=0.000022292
[15:16:04] Layer resblock_21: mean=0.000021411
[15:16:04] Layer resblock_22: mean=0.000020639
[15:16:04] Layer resblock_23: mean=0.000019711
[15:16:05] Layer resblock_24: mean=0.000020051
[15:16:05] Layer resblock_25: mean=0.000019531
[15:16:06] Layer resblock_26: mean=0.000018947
[15:16:06] Layer resblock_27: mean=0.000016693
[15:16:06] Layer resblock_28: mean=0.000015175
[15:16:07] Layer resblock_29: mean=0.000014753
[15:16:07] Layer resblock_30: mean=0.000007862
[15:16:07] Layer resblock_31: mean=0.000001209
[15:16:07] ✅ dmlab updated (N=1).
[15:16:07] 
🔍 Processing task: dr (delta=1)
[15:16:07] [DR] Loaded 42670 paths from /root/autodl-tmp/modelselection/datasets/datasets/diabetic_retinopathy/test.txt
[15:16:07] [DR] Loaded 1 samples (skipped 0), tensor torch.Size([1, 3, 224, 224])
[15:16:08] Layer resblock_0: mean=0.000031854
[15:16:09] Layer resblock_1: mean=0.000035918
[15:16:10] Layer resblock_2: mean=0.000039636
[15:16:11] Layer resblock_3: mean=0.000039859
[15:16:11] Layer resblock_4: mean=0.000039331
[15:16:12] Layer resblock_5: mean=0.000038778
[15:16:13] Layer resblock_6: mean=0.000038521
[15:16:13] Layer resblock_7: mean=0.000037669
[15:16:14] Layer resblock_8: mean=0.000036812
[15:16:14] Layer resblock_9: mean=0.000036379
[15:16:15] Layer resblock_10: mean=0.000034568
[15:16:15] Layer resblock_11: mean=0.000033551
[15:16:16] Layer resblock_12: mean=0.000031907
[15:16:16] Layer resblock_13: mean=0.000030342
[15:16:17] Layer resblock_14: mean=0.000029477
[15:16:17] Layer resblock_15: mean=0.000029346
[15:16:18] Layer resblock_16: mean=0.000028420
[15:16:18] Layer resblock_17: mean=0.000027144
[15:16:19] Layer resblock_18: mean=0.000025983
[15:16:19] Layer resblock_19: mean=0.000026055
[15:16:20] Layer resblock_20: mean=0.000026013
[15:16:20] Layer resblock_21: mean=0.000025187
[15:16:21] Layer resblock_22: mean=0.000024248
[15:16:21] Layer resblock_23: mean=0.000023563
[15:16:22] Layer resblock_24: mean=0.000024387
[15:16:22] Layer resblock_25: mean=0.000023952
[15:16:23] Layer resblock_26: mean=0.000023336
[15:16:23] Layer resblock_27: mean=0.000019892
[15:16:23] Layer resblock_28: mean=0.000019377
[15:16:24] Layer resblock_29: mean=0.000022094
[15:16:24] Layer resblock_30: mean=0.000011935
[15:16:24] Layer resblock_31: mean=0.000001476
[15:16:24] ✅ dr updated (N=1).
[15:16:24] 
🔍 Processing task: dtd (delta=1)
[15:16:24] [DTD] Collected 5640 image paths from /root/autodl-tmp/modelselection/datasets/datasets/dtd/labels
[15:16:24] [DTD] Loaded 1 samples (skipped 0), tensor torch.Size([1, 3, 224, 224])
[15:16:25] Layer resblock_0: mean=0.000051986
[15:16:26] Layer resblock_1: mean=0.000056515
[15:16:26] Layer resblock_2: mean=0.000060292
[15:16:27] Layer resblock_3: mean=0.000057801
[15:16:27] Layer resblock_4: mean=0.000055320
[15:16:28] Layer resblock_5: mean=0.000051592
[15:16:28] Layer resblock_6: mean=0.000048502
[15:16:29] Layer resblock_7: mean=0.000044872
[15:16:30] Layer resblock_8: mean=0.000041736
[15:16:30] Layer resblock_9: mean=0.000038447
[15:16:31] Layer resblock_10: mean=0.000035293
[15:16:31] Layer resblock_11: mean=0.000033234
[15:16:32] Layer resblock_12: mean=0.000030799
[15:16:32] Layer resblock_13: mean=0.000028492
[15:16:33] Layer resblock_14: mean=0.000028266
[15:16:34] Layer resblock_15: mean=0.000028120
[15:16:34] Layer resblock_16: mean=0.000026490
[15:16:35] Layer resblock_17: mean=0.000025463
[15:16:35] Layer resblock_18: mean=0.000024803
[15:16:36] Layer resblock_19: mean=0.000024803
[15:16:36] Layer resblock_20: mean=0.000024707
[15:16:37] Layer resblock_21: mean=0.000023943
[15:16:37] Layer resblock_22: mean=0.000023099
[15:16:37] Layer resblock_23: mean=0.000022592
[15:16:38] Layer resblock_24: mean=0.000023061
[15:16:38] Layer resblock_25: mean=0.000022179
[15:16:39] Layer resblock_26: mean=0.000021777
[15:16:39] Layer resblock_27: mean=0.000020337
[15:16:40] Layer resblock_28: mean=0.000020406
[15:16:40] Layer resblock_29: mean=0.000012332
[15:16:40] Layer resblock_30: mean=0.000006753
[15:16:41] Layer resblock_31: mean=0.000001229
[15:16:41] ✅ dtd updated (N=1).
[15:16:41] 
🔍 Processing task: eurosat (delta=1)
[15:16:41] [EuroSAT] Collected 27000 images from 10 classes under /root/autodl-tmp/modelselection/datasets/datasets/eurosat/2750
[15:16:41] [EuroSAT] Loaded 1 samples (skipped 0), tensor torch.Size([1, 3, 224, 224])
[15:16:42] Layer resblock_0: mean=0.000034023
[15:16:42] Layer resblock_1: mean=0.000037286
[15:16:43] Layer resblock_2: mean=0.000040940
[15:16:44] Layer resblock_3: mean=0.000040402
[15:16:44] Layer resblock_4: mean=0.000040001
[15:16:45] Layer resblock_5: mean=0.000039335
[15:16:46] Layer resblock_6: mean=0.000039036
[15:16:46] Layer resblock_7: mean=0.000037917
[15:16:47] Layer resblock_8: mean=0.000036782
[15:16:47] Layer resblock_9: mean=0.000035604
[15:16:48] Layer resblock_10: mean=0.000033353
[15:16:49] Layer resblock_11: mean=0.000031862
[15:16:49] Layer resblock_12: mean=0.000030158
[15:16:50] Layer resblock_13: mean=0.000028673
[15:16:50] Layer resblock_14: mean=0.000028466
[15:16:51] Layer resblock_15: mean=0.000027968
[15:16:51] Layer resblock_16: mean=0.000027609
[15:16:52] Layer resblock_17: mean=0.000026042
[15:16:52] Layer resblock_18: mean=0.000025574
[15:16:53] Layer resblock_19: mean=0.000025331
[15:16:53] Layer resblock_20: mean=0.000025403
[15:16:54] Layer resblock_21: mean=0.000023865
[15:16:54] Layer resblock_22: mean=0.000022725
[15:16:55] Layer resblock_23: mean=0.000021473
[15:16:55] Layer resblock_24: mean=0.000021773
[15:16:56] Layer resblock_25: mean=0.000020947
[15:16:56] Layer resblock_26: mean=0.000020165
[15:16:57] Layer resblock_27: mean=0.000017875
[15:16:57] Layer resblock_28: mean=0.000016142
[15:16:57] Layer resblock_29: mean=0.000013438
[15:16:58] Layer resblock_30: mean=0.000007293
[15:16:58] Layer resblock_31: mean=0.000001132
[15:16:58] ✅ eurosat updated (N=1).
[15:16:58] 
🔍 Processing task: fer2013 (delta=1)
[15:16:58] [FER2013] Loaded 1 samples (skipped 0), tensor torch.Size([1, 3, 224, 224])
[15:16:59] Layer resblock_0: mean=0.000036148
[15:16:59] Layer resblock_1: mean=0.000039122
[15:17:00] Layer resblock_2: mean=0.000042276
[15:17:01] Layer resblock_3: mean=0.000041203
[15:17:01] Layer resblock_4: mean=0.000039935
[15:17:02] Layer resblock_5: mean=0.000038363
[15:17:03] Layer resblock_6: mean=0.000037437
[15:17:03] Layer resblock_7: mean=0.000036243
[15:17:04] Layer resblock_8: mean=0.000034923
[15:17:05] Layer resblock_9: mean=0.000033895
[15:17:05] Layer resblock_10: mean=0.000032521
[15:17:06] Layer resblock_11: mean=0.000032020
[15:17:06] Layer resblock_12: mean=0.000031230
[15:17:07] Layer resblock_13: mean=0.000030864
[15:17:07] Layer resblock_14: mean=0.000031268
[15:17:08] Layer resblock_15: mean=0.000031377
[15:17:08] Layer resblock_16: mean=0.000030316
[15:17:09] Layer resblock_17: mean=0.000029255
[15:17:09] Layer resblock_18: mean=0.000028511
[15:17:09] Layer resblock_19: mean=0.000029068
[15:17:10] Layer resblock_20: mean=0.000029159
[15:17:10] Layer resblock_21: mean=0.000028607
[15:17:11] Layer resblock_22: mean=0.000028223
[15:17:11] Layer resblock_23: mean=0.000027578
[15:17:11] Layer resblock_24: mean=0.000028078
[15:17:12] Layer resblock_25: mean=0.000026804
[15:17:12] Layer resblock_26: mean=0.000025535
[15:17:12] Layer resblock_27: mean=0.000022789
[15:17:13] Layer resblock_28: mean=0.000021283
[15:17:13] Layer resblock_29: mean=0.000014691
[15:17:13] Layer resblock_30: mean=0.000007906
[15:17:13] Layer resblock_31: mean=0.000001149
[15:17:13] ✅ fer2013 updated (N=1).
[15:17:13] 
🔍 Processing task: gtsrb (delta=1)
[15:17:14] [GTSRB] Collected 12630 test images.
[15:17:14] [GTSRB] Loaded 1 samples (skipped 0), tensor torch.Size([1, 3, 224, 224])
[15:17:14] Layer resblock_0: mean=0.000044643
[15:17:15] Layer resblock_1: mean=0.000042924
[15:17:15] Layer resblock_2: mean=0.000044184
[15:17:16] Layer resblock_3: mean=0.000041392
[15:17:16] Layer resblock_4: mean=0.000039180
[15:17:17] Layer resblock_5: mean=0.000037824
[15:17:17] Layer resblock_6: mean=0.000036738
[15:17:18] Layer resblock_7: mean=0.000035275
[15:17:18] Layer resblock_8: mean=0.000033690
[15:17:19] Layer resblock_9: mean=0.000032191
[15:17:19] Layer resblock_10: mean=0.000030459
[15:17:20] Layer resblock_11: mean=0.000029696
[15:17:20] Layer resblock_12: mean=0.000027974
[15:17:21] Layer resblock_13: mean=0.000027155
[15:17:21] Layer resblock_14: mean=0.000026708
[15:17:21] Layer resblock_15: mean=0.000027131
[15:17:22] Layer resblock_16: mean=0.000026858
[15:17:22] Layer resblock_17: mean=0.000025734
[15:17:23] Layer resblock_18: mean=0.000024977
[15:17:23] Layer resblock_19: mean=0.000025031
[15:17:23] Layer resblock_20: mean=0.000024892
[15:17:24] Layer resblock_21: mean=0.000023997
[15:17:24] Layer resblock_22: mean=0.000023403
[15:17:24] Layer resblock_23: mean=0.000022833
[15:17:25] Layer resblock_24: mean=0.000023484
[15:17:25] Layer resblock_25: mean=0.000023245
[15:17:25] Layer resblock_26: mean=0.000023188
[15:17:26] Layer resblock_27: mean=0.000020860
[15:17:26] Layer resblock_28: mean=0.000019793
[15:17:26] Layer resblock_29: mean=0.000013982
[15:17:27] Layer resblock_30: mean=0.000007525
[15:17:27] Layer resblock_31: mean=0.000001198
[15:17:27] ✅ gtsrb updated (N=1).
[15:17:27] 
🔍 Processing task: kitti (delta=1)
[15:17:27] [KITTI] Collected 711 images from /root/autodl-tmp/modelselection/datasets/datasets/kitti/test.txt
[15:17:27] [KITTI] Loaded 1 samples (skipped 0), tensor torch.Size([1, 3, 224, 224])
[15:17:28] Layer resblock_0: mean=0.000029840
[15:17:28] Layer resblock_1: mean=0.000031413
[15:17:29] Layer resblock_2: mean=0.000034326
[15:17:29] Layer resblock_3: mean=0.000032837
[15:17:30] Layer resblock_4: mean=0.000031926
[15:17:30] Layer resblock_5: mean=0.000030376
[15:17:31] Layer resblock_6: mean=0.000029751
[15:17:31] Layer resblock_7: mean=0.000029016
[15:17:31] Layer resblock_8: mean=0.000028240
[15:17:32] Layer resblock_9: mean=0.000027628
[15:17:32] Layer resblock_10: mean=0.000026713
[15:17:33] Layer resblock_11: mean=0.000026462
[15:17:33] Layer resblock_12: mean=0.000026101
[15:17:33] Layer resblock_13: mean=0.000024960
[15:17:34] Layer resblock_14: mean=0.000024546
[15:17:34] Layer resblock_15: mean=0.000024427
[15:17:34] Layer resblock_16: mean=0.000023659
[15:17:35] Layer resblock_17: mean=0.000022179
[15:17:35] Layer resblock_18: mean=0.000021527
[15:17:36] Layer resblock_19: mean=0.000021510
[15:17:36] Layer resblock_20: mean=0.000021200
[15:17:36] Layer resblock_21: mean=0.000020832
[15:17:37] Layer resblock_22: mean=0.000020351
[15:17:37] Layer resblock_23: mean=0.000019525
[15:17:38] Layer resblock_24: mean=0.000019937
[15:17:38] Layer resblock_25: mean=0.000019564
[15:17:38] Layer resblock_26: mean=0.000019024
[15:17:39] Layer resblock_27: mean=0.000016777
[15:17:39] Layer resblock_28: mean=0.000015928
[15:17:39] Layer resblock_29: mean=0.000015267
[15:17:39] Layer resblock_30: mean=0.000008492
[15:17:40] Layer resblock_31: mean=0.000001290
[15:17:40] ✅ kitti updated (N=1).
[15:17:40] 
🔍 Processing task: mnist (delta=1)
[15:17:40] [MNIST] Loaded split='test' with 10000 samples from data/mnist
[15:17:40] [MNIST] Loaded 1 samples, tensor torch.Size([1, 3, 224, 224])
[15:17:40] Layer resblock_0: mean=0.000052014
[15:17:41] Layer resblock_1: mean=0.000049115
[15:17:41] Layer resblock_2: mean=0.000050721
[15:17:42] Layer resblock_3: mean=0.000046387
[15:17:42] Layer resblock_4: mean=0.000041997
[15:17:43] Layer resblock_5: mean=0.000038892
[15:17:43] Layer resblock_6: mean=0.000037800
[15:17:44] Layer resblock_7: mean=0.000036269
[15:17:44] Layer resblock_8: mean=0.000035512
[15:17:45] Layer resblock_9: mean=0.000034762
[15:17:45] Layer resblock_10: mean=0.000033214
[15:17:46] Layer resblock_11: mean=0.000033056
[15:17:46] Layer resblock_12: mean=0.000031880
[15:17:47] Layer resblock_13: mean=0.000031005
[15:17:47] Layer resblock_14: mean=0.000030105
[15:17:47] Layer resblock_15: mean=0.000029686
[15:17:48] Layer resblock_16: mean=0.000028350
[15:17:48] Layer resblock_17: mean=0.000026770
[15:17:49] Layer resblock_18: mean=0.000025458
[15:17:49] Layer resblock_19: mean=0.000024986
[15:17:49] Layer resblock_20: mean=0.000024721
[15:17:50] Layer resblock_21: mean=0.000023847
[15:17:50] Layer resblock_22: mean=0.000023190
[15:17:50] Layer resblock_23: mean=0.000022384
[15:17:51] Layer resblock_24: mean=0.000022690
[15:17:51] Layer resblock_25: mean=0.000021969
[15:17:51] Layer resblock_26: mean=0.000021280
[15:17:52] Layer resblock_27: mean=0.000019149
[15:17:52] Layer resblock_28: mean=0.000017072
[15:17:52] Layer resblock_29: mean=0.000011600
[15:17:53] Layer resblock_30: mean=0.000006551
[15:17:53] Layer resblock_31: mean=0.000001197
[15:17:53] ✅ mnist updated (N=1).
[15:17:53] 
🔍 Processing task: oxford_flowers (delta=1)
[15:17:53] [OxfordFlowers] Loaded 1 samples (skipped 0), tensor torch.Size([1, 3, 224, 224])
[15:17:53] Layer resblock_0: mean=0.000135719
[15:17:54] Layer resblock_1: mean=0.000142180
[15:17:54] Layer resblock_2: mean=0.000151462
[15:17:55] Layer resblock_3: mean=0.000143296
[15:17:55] Layer resblock_4: mean=0.000135784
[15:17:56] Layer resblock_5: mean=0.000126123
[15:17:56] Layer resblock_6: mean=0.000120333
[15:17:57] Layer resblock_7: mean=0.000112757
[15:17:57] Layer resblock_8: mean=0.000102303
[15:17:58] Layer resblock_9: mean=0.000095890
[15:17:58] Layer resblock_10: mean=0.000085032
[15:17:59] Layer resblock_11: mean=0.000075998
[15:17:59] Layer resblock_12: mean=0.000066121
[15:17:59] Layer resblock_13: mean=0.000057712
[15:18:00] Layer resblock_14: mean=0.000052112
[15:18:00] Layer resblock_15: mean=0.000048254
[15:18:01] Layer resblock_16: mean=0.000041997
[15:18:01] Layer resblock_17: mean=0.000037442
[15:18:01] Layer resblock_18: mean=0.000034415
[15:18:02] Layer resblock_19: mean=0.000033199
[15:18:02] Layer resblock_20: mean=0.000032401
[15:18:02] Layer resblock_21: mean=0.000030805
[15:18:03] Layer resblock_22: mean=0.000029663
[15:18:03] Layer resblock_23: mean=0.000028900
[15:18:04] Layer resblock_24: mean=0.000029077
[15:18:04] Layer resblock_25: mean=0.000027792
[15:18:04] Layer resblock_26: mean=0.000026792
[15:18:05] Layer resblock_27: mean=0.000024072
[15:18:05] Layer resblock_28: mean=0.000023935
[15:18:05] Layer resblock_29: mean=0.000021883
[15:18:06] Layer resblock_30: mean=0.000012926
[15:18:06] Layer resblock_31: mean=0.000001260
[15:18:06] ✅ oxford_flowers updated (N=1).
[15:18:06] 
🔍 Processing task: oxford_pet (delta=1)
[15:18:06] [OxfordPet] Loaded 1 samples (skipped 0), tensor torch.Size([1, 3, 224, 224])
[15:18:06] Layer resblock_0: mean=0.000067950
[15:18:07] Layer resblock_1: mean=0.000070643
[15:18:07] Layer resblock_2: mean=0.000075754
[15:18:08] Layer resblock_3: mean=0.000074591
[15:18:08] Layer resblock_4: mean=0.000072677
[15:18:09] Layer resblock_5: mean=0.000070224
[15:18:09] Layer resblock_6: mean=0.000068482
[15:18:10] Layer resblock_7: mean=0.000065972
[15:18:10] Layer resblock_8: mean=0.000063344
[15:18:11] Layer resblock_9: mean=0.000061389
[15:18:11] Layer resblock_10: mean=0.000058333
[15:18:12] Layer resblock_11: mean=0.000056615
[15:18:12] Layer resblock_12: mean=0.000054534
[15:18:13] Layer resblock_13: mean=0.000052173
[15:18:13] Layer resblock_14: mean=0.000050992
[15:18:13] Layer resblock_15: mean=0.000049280
[15:18:14] Layer resblock_16: mean=0.000045148
[15:18:14] Layer resblock_17: mean=0.000041376
[15:18:15] Layer resblock_18: mean=0.000037927
[15:18:15] Layer resblock_19: mean=0.000035768
[15:18:15] Layer resblock_20: mean=0.000034627
[15:18:16] Layer resblock_21: mean=0.000032732
[15:18:16] Layer resblock_22: mean=0.000030572
[15:18:16] Layer resblock_23: mean=0.000029456
[15:18:17] Layer resblock_24: mean=0.000029842
[15:18:17] Layer resblock_25: mean=0.000029084
[15:18:17] Layer resblock_26: mean=0.000028619
[15:18:18] Layer resblock_27: mean=0.000023442
[15:18:18] Layer resblock_28: mean=0.000022937
[15:18:18] Layer resblock_29: mean=0.000021258
[15:18:19] Layer resblock_30: mean=0.000011582
[15:18:19] Layer resblock_31: mean=0.000001236
[15:18:19] ✅ oxford_pet updated (N=1).
[15:18:19] 
🔍 Processing task: patch_camelyon (delta=1)
[15:18:19] [PatchCamelyon] Collected 32768 image paths from /root/autodl-tmp/modelselection/datasets/datasets/patch_camelyon/test.txt
[15:18:19] [PatchCamelyon] Loaded 1 samples (skipped 0), tensor torch.Size([1, 3, 224, 224])
[15:18:19] Layer resblock_0: mean=0.000055547
[15:18:20] Layer resblock_1: mean=0.000061749
[15:18:20] Layer resblock_2: mean=0.000068506
[15:18:21] Layer resblock_3: mean=0.000067272
[15:18:22] Layer resblock_4: mean=0.000065556
[15:18:22] Layer resblock_5: mean=0.000063381
[15:18:23] Layer resblock_6: mean=0.000063318
[15:18:23] Layer resblock_7: mean=0.000061194
[15:18:23] Layer resblock_8: mean=0.000059740
[15:18:24] Layer resblock_9: mean=0.000057810
[15:18:24] Layer resblock_10: mean=0.000053117
[15:18:25] Layer resblock_11: mean=0.000050011
[15:18:25] Layer resblock_12: mean=0.000046132
[15:18:26] Layer resblock_13: mean=0.000042216
[15:18:26] Layer resblock_14: mean=0.000040857
[15:18:27] Layer resblock_15: mean=0.000039764
[15:18:27] Layer resblock_16: mean=0.000038955
[15:18:27] Layer resblock_17: mean=0.000037677
[15:18:28] Layer resblock_18: mean=0.000036778
[15:18:28] Layer resblock_19: mean=0.000036402
[15:18:29] Layer resblock_20: mean=0.000035608
[15:18:29] Layer resblock_21: mean=0.000033674
[15:18:29] Layer resblock_22: mean=0.000032360
[15:18:30] Layer resblock_23: mean=0.000031125
[15:18:30] Layer resblock_24: mean=0.000032024
[15:18:30] Layer resblock_25: mean=0.000031261
[15:18:30] Layer resblock_26: mean=0.000030641
[15:18:31] Layer resblock_27: mean=0.000026432
[15:18:31] Layer resblock_28: mean=0.000023319
[15:18:31] Layer resblock_29: mean=0.000017798
[15:18:31] Layer resblock_30: mean=0.000009876
[15:18:31] Layer resblock_31: mean=0.000001201
[15:18:31] ✅ patch_camelyon updated (N=1).
[15:18:31] 
🔍 Processing task: renderedsst2 (delta=1)
[15:18:31] [RenderedSST2] Loaded 1 samples (skipped 0), tensor torch.Size([1, 3, 224, 224])
[15:18:32] Layer resblock_0: mean=0.000036671
[15:18:32] Layer resblock_1: mean=0.000036174
[15:18:32] Layer resblock_2: mean=0.000038117
[15:18:33] Layer resblock_3: mean=0.000036147
[15:18:33] Layer resblock_4: mean=0.000034544
[15:18:33] Layer resblock_5: mean=0.000032913
[15:18:34] Layer resblock_6: mean=0.000032254
[15:18:34] Layer resblock_7: mean=0.000030944
[15:18:34] Layer resblock_8: mean=0.000029661
[15:18:34] Layer resblock_9: mean=0.000028608
[15:18:35] Layer resblock_10: mean=0.000027411
[15:18:35] Layer resblock_11: mean=0.000027072
[15:18:35] Layer resblock_12: mean=0.000025594
[15:18:35] Layer resblock_13: mean=0.000025100
[15:18:36] Layer resblock_14: mean=0.000024755
[15:18:36] Layer resblock_15: mean=0.000024975
[15:18:36] Layer resblock_16: mean=0.000023383
[15:18:36] Layer resblock_17: mean=0.000021971
[15:18:37] Layer resblock_18: mean=0.000020969
[15:18:37] Layer resblock_19: mean=0.000020608
[15:18:37] Layer resblock_20: mean=0.000019846
[15:18:37] Layer resblock_21: mean=0.000018900
[15:18:38] Layer resblock_22: mean=0.000018496
[15:18:38] Layer resblock_23: mean=0.000018086
[15:18:38] Layer resblock_24: mean=0.000018535
[15:18:38] Layer resblock_25: mean=0.000018810
[15:18:38] Layer resblock_26: mean=0.000019037
[15:18:39] Layer resblock_27: mean=0.000020557
[15:18:39] Layer resblock_28: mean=0.000019618
[15:18:39] Layer resblock_29: mean=0.000013524
[15:18:39] Layer resblock_30: mean=0.000007437
[15:18:39] Layer resblock_31: mean=0.000001238
[15:18:39] ✅ renderedsst2 updated (N=1).
[15:18:39] 
🔍 Processing task: resisc45 (delta=1)
[15:18:39] [RESISC45] Collected 6300 images from /root/autodl-tmp/modelselection/datasets/datasets/resisc45/test.txt
[15:18:39] [RESISC45] Loaded 1 samples (skipped 0), tensor torch.Size([1, 3, 224, 224])
[15:18:40] Layer resblock_0: mean=0.000054466
[15:18:40] Layer resblock_1: mean=0.000057978
[15:18:40] Layer resblock_2: mean=0.000064378
[15:18:41] Layer resblock_3: mean=0.000062810
[15:18:41] Layer resblock_4: mean=0.000060933
[15:18:41] Layer resblock_5: mean=0.000057884
[15:18:41] Layer resblock_6: mean=0.000056008
[15:18:42] Layer resblock_7: mean=0.000054093
[15:18:42] Layer resblock_8: mean=0.000051566
[15:18:42] Layer resblock_9: mean=0.000050340
[15:18:43] Layer resblock_10: mean=0.000046600
[15:18:43] Layer resblock_11: mean=0.000044098
[15:18:43] Layer resblock_12: mean=0.000041039
[15:18:43] Layer resblock_13: mean=0.000038273
[15:18:44] Layer resblock_14: mean=0.000037260
[15:18:44] Layer resblock_15: mean=0.000037132
[15:18:44] Layer resblock_16: mean=0.000036335
[15:18:44] Layer resblock_17: mean=0.000035222
[15:18:45] Layer resblock_18: mean=0.000035001
[15:18:45] Layer resblock_19: mean=0.000035170
[15:18:45] Layer resblock_20: mean=0.000035266
[15:18:45] Layer resblock_21: mean=0.000033944
[15:18:46] Layer resblock_22: mean=0.000032610
[15:18:46] Layer resblock_23: mean=0.000031323
[15:18:46] Layer resblock_24: mean=0.000031949
[15:18:46] Layer resblock_25: mean=0.000030428
[15:18:46] Layer resblock_26: mean=0.000028674
[15:18:47] Layer resblock_27: mean=0.000024497
[15:18:47] Layer resblock_28: mean=0.000021916
[15:18:47] Layer resblock_29: mean=0.000015921
[15:18:47] Layer resblock_30: mean=0.000009100
[15:18:47] Layer resblock_31: mean=0.000001302
[15:18:47] ✅ resisc45 updated (N=1).
[15:18:47] 
🔍 Processing task: stl10 (delta=1)
[15:18:47] [STL10] Loaded 1 samples, tensor torch.Size([1, 3, 224, 224])
[15:18:48] Layer resblock_0: mean=0.000023797
[15:18:48] Layer resblock_1: mean=0.000026215
[15:18:48] Layer resblock_2: mean=0.000028781
[15:18:49] Layer resblock_3: mean=0.000028772
[15:18:49] Layer resblock_4: mean=0.000028469
[15:18:49] Layer resblock_5: mean=0.000028217
[15:18:49] Layer resblock_6: mean=0.000028288
[15:18:50] Layer resblock_7: mean=0.000027937
[15:18:50] Layer resblock_8: mean=0.000027639
[15:18:50] Layer resblock_9: mean=0.000027644
[15:18:51] Layer resblock_10: mean=0.000027033
[15:18:51] Layer resblock_11: mean=0.000026897
[15:18:51] Layer resblock_12: mean=0.000026651
[15:18:51] Layer resblock_13: mean=0.000026469
[15:18:52] Layer resblock_14: mean=0.000026750
[15:18:52] Layer resblock_15: mean=0.000027186
[15:18:52] Layer resblock_16: mean=0.000026836
[15:18:52] Layer resblock_17: mean=0.000025831
[15:18:53] Layer resblock_18: mean=0.000025635
[15:18:53] Layer resblock_19: mean=0.000025555
[15:18:53] Layer resblock_20: mean=0.000025057
[15:18:53] Layer resblock_21: mean=0.000024245
[15:18:54] Layer resblock_22: mean=0.000023549
[15:18:54] Layer resblock_23: mean=0.000022879
[15:18:54] Layer resblock_24: mean=0.000023289
[15:18:54] Layer resblock_25: mean=0.000022820
[15:18:54] Layer resblock_26: mean=0.000022197
[15:18:55] Layer resblock_27: mean=0.000021029
[15:18:55] Layer resblock_28: mean=0.000020268
[15:18:55] Layer resblock_29: mean=0.000018165
[15:18:55] Layer resblock_30: mean=0.000009297
[15:18:55] Layer resblock_31: mean=0.000001251
[15:18:55] ✅ stl10 updated (N=1).
[15:18:55] 
🔍 Processing task: sun397 (delta=1)
[15:18:55] [SUN397] Loaded 1 samples (skipped 0), tensor torch.Size([1, 3, 224, 224])
[15:18:56] Layer resblock_0: mean=0.000063979
[15:18:56] Layer resblock_1: mean=0.000066534
[15:18:56] Layer resblock_2: mean=0.000069472
[15:18:57] Layer resblock_3: mean=0.000064937
[15:18:57] Layer resblock_4: mean=0.000059978
[15:18:57] Layer resblock_5: mean=0.000056241
[15:18:58] Layer resblock_6: mean=0.000052909
[15:18:58] Layer resblock_7: mean=0.000049562
[15:18:58] Layer resblock_8: mean=0.000047499
[15:18:58] Layer resblock_9: mean=0.000044905
[15:18:59] Layer resblock_10: mean=0.000041118
[15:18:59] Layer resblock_11: mean=0.000039262
[15:18:59] Layer resblock_12: mean=0.000036718
[15:18:59] Layer resblock_13: mean=0.000034302
[15:19:00] Layer resblock_14: mean=0.000033553
[15:19:00] Layer resblock_15: mean=0.000034003
[15:19:00] Layer resblock_16: mean=0.000032538
[15:19:00] Layer resblock_17: mean=0.000030496
[15:19:01] Layer resblock_18: mean=0.000029544
[15:19:01] Layer resblock_19: mean=0.000029219
[15:19:01] Layer resblock_20: mean=0.000028830
[15:19:01] Layer resblock_21: mean=0.000028395
[15:19:02] Layer resblock_22: mean=0.000027983
[15:19:02] Layer resblock_23: mean=0.000027392
[15:19:02] Layer resblock_24: mean=0.000027895
[15:19:02] Layer resblock_25: mean=0.000027352
[15:19:02] Layer resblock_26: mean=0.000026730
[15:19:03] Layer resblock_27: mean=0.000023214
[15:19:03] Layer resblock_28: mean=0.000021299
[15:19:03] Layer resblock_29: mean=0.000018999
[15:19:03] Layer resblock_30: mean=0.000011088
[15:19:03] Layer resblock_31: mean=0.000001211
[15:19:03] ✅ sun397 updated (N=1).
[15:19:03] 
🔍 Processing task: svhn (delta=1)
[15:19:03] [SVHN] Loaded 1 samples (skipped 0), tensor torch.Size([1, 3, 224, 224])
[15:19:04] Layer resblock_0: mean=0.000046335
[15:19:04] Layer resblock_1: mean=0.000049719
[15:19:04] Layer resblock_2: mean=0.000056179
[15:19:05] Layer resblock_3: mean=0.000054962
[15:19:05] Layer resblock_4: mean=0.000053886
[15:19:05] Layer resblock_5: mean=0.000052469
[15:19:06] Layer resblock_6: mean=0.000052275
[15:19:06] Layer resblock_7: mean=0.000051186
[15:19:06] Layer resblock_8: mean=0.000049604
[15:19:06] Layer resblock_9: mean=0.000047704
[15:19:07] Layer resblock_10: mean=0.000044570
[15:19:07] Layer resblock_11: mean=0.000042927
[15:19:07] Layer resblock_12: mean=0.000039283
[15:19:07] Layer resblock_13: mean=0.000035655
[15:19:08] Layer resblock_14: mean=0.000033284
[15:19:08] Layer resblock_15: mean=0.000032251
[15:19:08] Layer resblock_16: mean=0.000030723
[15:19:08] Layer resblock_17: mean=0.000028977
[15:19:09] Layer resblock_18: mean=0.000028238
[15:19:09] Layer resblock_19: mean=0.000027929
[15:19:09] Layer resblock_20: mean=0.000027498
[15:19:09] Layer resblock_21: mean=0.000026814
[15:19:10] Layer resblock_22: mean=0.000025717
[15:19:10] Layer resblock_23: mean=0.000024883
[15:19:10] Layer resblock_24: mean=0.000025441
[15:19:10] Layer resblock_25: mean=0.000024445
[15:19:11] Layer resblock_26: mean=0.000024247
[15:19:11] Layer resblock_27: mean=0.000018535
[15:19:11] Layer resblock_28: mean=0.000016783
[15:19:11] Layer resblock_29: mean=0.000012250
[15:19:11] Layer resblock_30: mean=0.000006319
[15:19:12] Layer resblock_31: mean=0.000001153
[15:19:12] ✅ svhn updated (N=1).
[15:19:12] 
🔍 Processing task: voc_pose (delta=1)
[15:19:12] [VOC] Loaded 1 samples (skipped 0), tensor torch.Size([1, 3, 224, 224])
[15:19:12] Layer resblock_0: mean=0.000024405
[15:19:12] Layer resblock_1: mean=0.000027558
[15:19:12] Layer resblock_2: mean=0.000030853
[15:19:13] Layer resblock_3: mean=0.000030555
[15:19:13] Layer resblock_4: mean=0.000030174
[15:19:13] Layer resblock_5: mean=0.000029407
[15:19:14] Layer resblock_6: mean=0.000029308
[15:19:14] Layer resblock_7: mean=0.000028346
[15:19:14] Layer resblock_8: mean=0.000027570
[15:19:14] Layer resblock_9: mean=0.000026943
[15:19:15] Layer resblock_10: mean=0.000025827
[15:19:15] Layer resblock_11: mean=0.000025407
[15:19:15] Layer resblock_12: mean=0.000024474
[15:19:16] Layer resblock_13: mean=0.000023735
[15:19:16] Layer resblock_14: mean=0.000023718
[15:19:16] Layer resblock_15: mean=0.000024384
[15:19:16] Layer resblock_16: mean=0.000024197
[15:19:17] Layer resblock_17: mean=0.000023580
[15:19:17] Layer resblock_18: mean=0.000023272
[15:19:17] Layer resblock_19: mean=0.000023636
[15:19:17] Layer resblock_20: mean=0.000023569
[15:19:17] Layer resblock_21: mean=0.000023258
[15:19:18] Layer resblock_22: mean=0.000022576
[15:19:18] Layer resblock_23: mean=0.000021573
[15:19:18] Layer resblock_24: mean=0.000022134
[15:19:18] Layer resblock_25: mean=0.000021519
[15:19:19] Layer resblock_26: mean=0.000020756
[15:19:19] Layer resblock_27: mean=0.000018704
[15:19:19] Layer resblock_28: mean=0.000018561
[15:19:19] Layer resblock_29: mean=0.000020817
[15:19:19] Layer resblock_30: mean=0.000010896
[15:19:19] Layer resblock_31: mean=0.000001384
[15:19:19] ✅ voc_pose updated (N=1).
[15:19:19] ✅ Results saved for milestone 1.
