/root/miniconda3/envs/reason/lib/python3.10/site-packages/transformers/utils/hub.py:111: FutureWarning: Using `TRANSFORMERS_CACHE` is deprecated and will be removed in v5 of Transformers. Use `HF_HOME` instead.
  warnings.warn(
[16:04:19] Using device: cuda, seed: 55
[16:04:19] Parsing model identifier. Schema: None, Identifier: ViT-B-16-plus-240
[16:04:19] Loaded built-in ViT-B-16-plus-240 model config.
[16:04:21] Instantiating model architecture: CLIP
[16:04:22] Loading full pretrained weights from: /root/autodl-tmp/hf_cache/models--timm--vit_base_patch16_plus_clip_240.laion400m_e31/snapshots/6dbe024bee4f13f90ad3676d92957e68868a616d/open_clip_model.safetensors
[16:04:22] Final image preprocessing configuration set: {'size': (240, 240), 'mode': 'RGB', 'mean': (0.48145466, 0.4578275, 0.40821073), 'std': (0.26862954, 0.26130258, 0.27577711), 'interpolation': 'bicubic', 'resize_mode': 'shortest', 'fill_color': 0}
[16:04:22] Model ViT-B-16-plus-240 creation process complete.
[16:04:22] Detected VisionTransformer with 12 blocks.
[16:04:22] Model ViT-B-16-plus-240 loaded (12 layers detected).
[16:04:22] Using ViT forward_func for ViT-B-16-plus-240
[16:04:24] [FER2013] Column 'Usage' not found, using all rows.
[16:04:24] [FER2013] Loaded 28709 images from /root/autodl-tmp/modelselection/datasets/datasets/fer2013/train.csv
[16:04:24] [OxfordFlowers] Loaded split='test' with 6149 images from /root/autodl-tmp/modelselection/datasets/datasets/oxford_flowers
[16:04:24] [OxfordPet] Loaded split='test' with 3669 samples from /root/autodl-tmp/modelselection/datasets/datasets/oxford-pet/annotations/test.txt
[16:04:24] [RenderedSST2] Loaded 1821 images from /root/autodl-tmp/modelselection/datasets/datasets/renderedsst2/rendered-sst2/test
[16:04:24] [STL10] Loaded split='test' with 8000 images from /root/autodl-tmp/modelselection/datasets/datasets/stl10/stl10_binary/test_X.bin
[16:04:25] [SUN397] Loaded split='test' with 19850 images
[16:04:25] [SVHN] Loaded 26032 images from /root/autodl-tmp/modelselection/datasets/datasets/svhn/test.txt
[16:04:25] [VOC] Loaded 9963 images from annotations
[16:04:25] === Reaching milestone N=1 ===
[16:04:25] 
🔍 Processing task: car (delta=1)
[16:04:25] [Cars] Loaded 1 samples, tensor torch.Size([1, 3, 240, 240])
/root/autodl-tmp/modelselection/frame_v2/framework/conductance.py:20: FutureWarning: `torch.cuda.amp.autocast(args...)` is deprecated. Please use `torch.amp.autocast('cuda', args...)` instead.
  with torch.cuda.amp.autocast(enabled=use_amp):
[16:04:26] Layer resblock_0: mean=0.000006552
[16:04:26] Layer resblock_1: mean=0.000008176
[16:04:26] Layer resblock_2: mean=0.000007850
[16:04:26] Layer resblock_3: mean=0.000008125
[16:04:26] Layer resblock_4: mean=0.000008570
[16:04:27] Layer resblock_5: mean=0.000009119
[16:04:27] Layer resblock_6: mean=0.000009585
[16:04:27] Layer resblock_7: mean=0.000009589
[16:04:27] Layer resblock_8: mean=0.000009087
[16:04:27] Layer resblock_9: mean=0.000008068
[16:04:27] Layer resblock_10: mean=0.000006562
[16:04:27] Layer resblock_11: mean=0.000002243
[16:04:27] ✅ car updated (N=1).
[16:04:27] 
🔍 Processing task: cifar (delta=1)
[16:04:27] [CIFAR] Loaded 1 samples, tensor torch.Size([1, 3, 240, 240])
[16:04:27] Layer resblock_0: mean=0.000007125
[16:04:27] Layer resblock_1: mean=0.000008211
[16:04:28] Layer resblock_2: mean=0.000007676
[16:04:28] Layer resblock_3: mean=0.000007762
[16:04:28] Layer resblock_4: mean=0.000008299
[16:04:28] Layer resblock_5: mean=0.000008555
[16:04:28] Layer resblock_6: mean=0.000008791
[16:04:28] Layer resblock_7: mean=0.000008470
[16:04:28] Layer resblock_8: mean=0.000007813
[16:04:28] Layer resblock_9: mean=0.000006473
[16:04:28] Layer resblock_10: mean=0.000005003
[16:04:29] Layer resblock_11: mean=0.000002025
[16:04:29] ✅ cifar updated (N=1).
[16:04:29] 
🔍 Processing task: clevr (delta=1)
[16:04:29] [CLEVR] 15000 samples from /root/autodl-tmp/modelselection/datasets/datasets/clevr_count/test
[16:04:29] [CLEVR] Loaded 1 samples, tensor torch.Size([1, 3, 240, 240])
[16:04:29] Layer resblock_0: mean=0.000004367
[16:04:29] Layer resblock_1: mean=0.000005722
[16:04:29] Layer resblock_2: mean=0.000005587
[16:04:29] Layer resblock_3: mean=0.000005888
[16:04:29] Layer resblock_4: mean=0.000006395
[16:04:30] Layer resblock_5: mean=0.000006888
[16:04:30] Layer resblock_6: mean=0.000007141
[16:04:30] Layer resblock_7: mean=0.000007237
[16:04:30] Layer resblock_8: mean=0.000006878
[16:04:30] Layer resblock_9: mean=0.000006090
[16:04:31] Layer resblock_10: mean=0.000005207
[16:04:31] Layer resblock_11: mean=0.000002247
[16:04:31] ✅ clevr updated (N=1).
[16:04:31] 
🔍 Processing task: country (delta=1)
[16:04:31] [Country211] Loaded 1 samples, tensor torch.Size([1, 3, 240, 240])
[16:04:31] Layer resblock_0: mean=0.000007290
[16:04:31] Layer resblock_1: mean=0.000009062
[16:04:31] Layer resblock_2: mean=0.000008626
[16:04:31] Layer resblock_3: mean=0.000008880
[16:04:32] Layer resblock_4: mean=0.000009406
[16:04:32] Layer resblock_5: mean=0.000009880
[16:04:32] Layer resblock_6: mean=0.000010158
[16:04:32] Layer resblock_7: mean=0.000010144
[16:04:32] Layer resblock_8: mean=0.000009436
[16:04:33] Layer resblock_9: mean=0.000007906
[16:04:33] Layer resblock_10: mean=0.000006130
[16:04:33] Layer resblock_11: mean=0.000002119
[16:04:33] ✅ country updated (N=1).
[16:04:33] 
🔍 Processing task: dmlab (delta=1)
[16:04:33] [DMLab] Loaded 1 samples (skipped 0), tensor torch.Size([1, 3, 240, 240])
[16:04:33] Layer resblock_0: mean=0.000006934
[16:04:34] Layer resblock_1: mean=0.000008290
[16:04:34] Layer resblock_2: mean=0.000007593
[16:04:34] Layer resblock_3: mean=0.000007608
[16:04:34] Layer resblock_4: mean=0.000008038
[16:04:34] Layer resblock_5: mean=0.000008039
[16:04:35] Layer resblock_6: mean=0.000008206
[16:04:35] Layer resblock_7: mean=0.000007795
[16:04:35] Layer resblock_8: mean=0.000007136
[16:04:35] Layer resblock_9: mean=0.000006381
[16:04:35] Layer resblock_10: mean=0.000005366
[16:04:35] Layer resblock_11: mean=0.000002166
[16:04:35] ✅ dmlab updated (N=1).
[16:04:35] 
🔍 Processing task: dr (delta=1)
[16:04:36] [DR] Loaded 42670 paths from /root/autodl-tmp/modelselection/datasets/datasets/diabetic_retinopathy/test.txt
[16:04:36] [DR] Loaded 1 samples (skipped 0), tensor torch.Size([1, 3, 240, 240])
[16:04:36] Layer resblock_0: mean=0.000004997
[16:04:36] Layer resblock_1: mean=0.000006674
[16:04:36] Layer resblock_2: mean=0.000006729
[16:04:36] Layer resblock_3: mean=0.000006818
[16:04:37] Layer resblock_4: mean=0.000007009
[16:04:37] Layer resblock_5: mean=0.000007050
[16:04:37] Layer resblock_6: mean=0.000007201
[16:04:37] Layer resblock_7: mean=0.000007125
[16:04:37] Layer resblock_8: mean=0.000006755
[16:04:37] Layer resblock_9: mean=0.000006024
[16:04:38] Layer resblock_10: mean=0.000005004
[16:04:38] Layer resblock_11: mean=0.000002115
[16:04:38] ✅ dr updated (N=1).
[16:04:38] 
🔍 Processing task: dtd (delta=1)
[16:04:38] [DTD] Collected 5640 image paths from /root/autodl-tmp/modelselection/datasets/datasets/dtd/labels
[16:04:38] [DTD] Loaded 1 samples (skipped 0), tensor torch.Size([1, 3, 240, 240])
[16:04:38] Layer resblock_0: mean=0.000003507
[16:04:38] Layer resblock_1: mean=0.000004239
[16:04:38] Layer resblock_2: mean=0.000003943
[16:04:39] Layer resblock_3: mean=0.000004050
[16:04:39] Layer resblock_4: mean=0.000004299
[16:04:39] Layer resblock_5: mean=0.000004555
[16:04:39] Layer resblock_6: mean=0.000004897
[16:04:39] Layer resblock_7: mean=0.000005177
[16:04:40] Layer resblock_8: mean=0.000005141
[16:04:40] Layer resblock_9: mean=0.000004811
[16:04:40] Layer resblock_10: mean=0.000004248
[16:04:40] Layer resblock_11: mean=0.000001867
[16:04:40] ✅ dtd updated (N=1).
[16:04:40] 
🔍 Processing task: eurosat (delta=1)
[16:04:41] [EuroSAT] Collected 27000 images from 10 classes under /root/autodl-tmp/modelselection/datasets/datasets/eurosat/2750
[16:04:41] [EuroSAT] Loaded 1 samples (skipped 0), tensor torch.Size([1, 3, 240, 240])
[16:04:41] Layer resblock_0: mean=0.000004822
[16:04:41] Layer resblock_1: mean=0.000005680
[16:04:41] Layer resblock_2: mean=0.000005603
[16:04:42] Layer resblock_3: mean=0.000005851
[16:04:42] Layer resblock_4: mean=0.000006290
[16:04:42] Layer resblock_5: mean=0.000006498
[16:04:42] Layer resblock_6: mean=0.000006800
[16:04:42] Layer resblock_7: mean=0.000006900
[16:04:43] Layer resblock_8: mean=0.000006438
[16:04:43] Layer resblock_9: mean=0.000005933
[16:04:43] Layer resblock_10: mean=0.000004893
[16:04:43] Layer resblock_11: mean=0.000002141
[16:04:43] ✅ eurosat updated (N=1).
[16:04:43] 
🔍 Processing task: fer2013 (delta=1)
[16:04:43] [FER2013] Loaded 1 samples (skipped 0), tensor torch.Size([1, 3, 240, 240])
[16:04:43] Layer resblock_0: mean=0.000005631
[16:04:43] Layer resblock_1: mean=0.000006796
[16:04:44] Layer resblock_2: mean=0.000006571
[16:04:44] Layer resblock_3: mean=0.000006941
[16:04:44] Layer resblock_4: mean=0.000007650
[16:04:44] Layer resblock_5: mean=0.000008226
[16:04:45] Layer resblock_6: mean=0.000008768
[16:04:45] Layer resblock_7: mean=0.000008318
[16:04:45] Layer resblock_8: mean=0.000007342
[16:04:45] Layer resblock_9: mean=0.000005908
[16:04:45] Layer resblock_10: mean=0.000004863
[16:04:46] Layer resblock_11: mean=0.000002160
[16:04:46] ✅ fer2013 updated (N=1).
[16:04:46] 
🔍 Processing task: gtsrb (delta=1)
[16:04:46] [GTSRB] Collected 12630 test images.
[16:04:46] [GTSRB] Loaded 1 samples (skipped 0), tensor torch.Size([1, 3, 240, 240])
[16:04:46] Layer resblock_0: mean=0.000005581
[16:04:46] Layer resblock_1: mean=0.000005895
[16:04:46] Layer resblock_2: mean=0.000005007
[16:04:47] Layer resblock_3: mean=0.000005210
[16:04:47] Layer resblock_4: mean=0.000005578
[16:04:47] Layer resblock_5: mean=0.000005848
[16:04:47] Layer resblock_6: mean=0.000006271
[16:04:47] Layer resblock_7: mean=0.000006548
[16:04:48] Layer resblock_8: mean=0.000006187
[16:04:48] Layer resblock_9: mean=0.000005583
[16:04:48] Layer resblock_10: mean=0.000004545
[16:04:48] Layer resblock_11: mean=0.000001863
[16:04:48] ✅ gtsrb updated (N=1).
[16:04:48] 
🔍 Processing task: kitti (delta=1)
[16:04:48] [KITTI] Collected 711 images from /root/autodl-tmp/modelselection/datasets/datasets/kitti/test.txt
[16:04:48] [KITTI] Loaded 1 samples (skipped 0), tensor torch.Size([1, 3, 240, 240])
[16:04:48] Layer resblock_0: mean=0.000005818
[16:04:49] Layer resblock_1: mean=0.000006977
[16:04:49] Layer resblock_2: mean=0.000006514
[16:04:49] Layer resblock_3: mean=0.000006459
[16:04:49] Layer resblock_4: mean=0.000006826
[16:04:50] Layer resblock_5: mean=0.000007230
[16:04:50] Layer resblock_6: mean=0.000007575
[16:04:50] Layer resblock_7: mean=0.000007622
[16:04:50] Layer resblock_8: mean=0.000007189
[16:04:50] Layer resblock_9: mean=0.000006426
[16:04:51] Layer resblock_10: mean=0.000005199
[16:04:51] Layer resblock_11: mean=0.000002103
[16:04:51] ✅ kitti updated (N=1).
[16:04:51] 
🔍 Processing task: mnist (delta=1)
[16:04:51] [MNIST] Loaded split='test' with 10000 samples from data/mnist
[16:04:51] [MNIST] Loaded 1 samples, tensor torch.Size([1, 3, 240, 240])
[16:04:51] Layer resblock_0: mean=0.000005059
[16:04:51] Layer resblock_1: mean=0.000005824
[16:04:51] Layer resblock_2: mean=0.000005516
[16:04:52] Layer resblock_3: mean=0.000005784
[16:04:52] Layer resblock_4: mean=0.000006265
[16:04:52] Layer resblock_5: mean=0.000006508
[16:04:52] Layer resblock_6: mean=0.000006884
[16:04:52] Layer resblock_7: mean=0.000006898
[16:04:53] Layer resblock_8: mean=0.000006540
[16:04:53] Layer resblock_9: mean=0.000005912
[16:04:53] Layer resblock_10: mean=0.000004862
[16:04:53] Layer resblock_11: mean=0.000002132
[16:04:53] ✅ mnist updated (N=1).
[16:04:53] 
🔍 Processing task: oxford_flowers (delta=1)
[16:04:53] [OxfordFlowers] Loaded 1 samples (skipped 0), tensor torch.Size([1, 3, 240, 240])
[16:04:53] Layer resblock_0: mean=0.000005558
[16:04:54] Layer resblock_1: mean=0.000006947
[16:04:54] Layer resblock_2: mean=0.000006526
[16:04:54] Layer resblock_3: mean=0.000006743
[16:04:54] Layer resblock_4: mean=0.000007131
[16:04:54] Layer resblock_5: mean=0.000007339
[16:04:55] Layer resblock_6: mean=0.000007572
[16:04:55] Layer resblock_7: mean=0.000007507
[16:04:55] Layer resblock_8: mean=0.000007426
[16:04:55] Layer resblock_9: mean=0.000006510
[16:04:56] Layer resblock_10: mean=0.000005414
[16:04:56] Layer resblock_11: mean=0.000002210
[16:04:56] ✅ oxford_flowers updated (N=1).
[16:04:56] 
🔍 Processing task: oxford_pet (delta=1)
[16:04:56] [OxfordPet] Loaded 1 samples (skipped 0), tensor torch.Size([1, 3, 240, 240])
[16:04:56] Layer resblock_0: mean=0.000005723
[16:04:56] Layer resblock_1: mean=0.000007069
[16:04:56] Layer resblock_2: mean=0.000006721
[16:04:56] Layer resblock_3: mean=0.000006870
[16:04:57] Layer resblock_4: mean=0.000007358
[16:04:57] Layer resblock_5: mean=0.000007661
[16:04:57] Layer resblock_6: mean=0.000007936
[16:04:57] Layer resblock_7: mean=0.000007943
[16:04:57] Layer resblock_8: mean=0.000007346
[16:04:57] Layer resblock_9: mean=0.000006396
[16:04:57] Layer resblock_10: mean=0.000005349
[16:04:58] Layer resblock_11: mean=0.000002194
[16:04:58] ✅ oxford_pet updated (N=1).
[16:04:58] 
🔍 Processing task: patch_camelyon (delta=1)
[16:04:58] [PatchCamelyon] Collected 32768 image paths from /root/autodl-tmp/modelselection/datasets/datasets/patch_camelyon/test.txt
[16:04:58] [PatchCamelyon] Loaded 1 samples (skipped 0), tensor torch.Size([1, 3, 240, 240])
[16:04:58] Layer resblock_0: mean=0.000007121
[16:04:58] Layer resblock_1: mean=0.000008340
[16:04:58] Layer resblock_2: mean=0.000007346
[16:04:58] Layer resblock_3: mean=0.000006982
[16:04:58] Layer resblock_4: mean=0.000006985
[16:04:58] Layer resblock_5: mean=0.000006957
[16:04:59] Layer resblock_6: mean=0.000007208
[16:04:59] Layer resblock_7: mean=0.000007295
[16:04:59] Layer resblock_8: mean=0.000007010
[16:04:59] Layer resblock_9: mean=0.000006504
[16:04:59] Layer resblock_10: mean=0.000005477
[16:04:59] Layer resblock_11: mean=0.000002241
[16:04:59] ✅ patch_camelyon updated (N=1).
[16:04:59] 
🔍 Processing task: renderedsst2 (delta=1)
[16:04:59] [RenderedSST2] Loaded 1 samples (skipped 0), tensor torch.Size([1, 3, 240, 240])
[16:04:59] Layer resblock_0: mean=0.000004873
[16:05:00] Layer resblock_1: mean=0.000005922
[16:05:00] Layer resblock_2: mean=0.000005721
[16:05:00] Layer resblock_3: mean=0.000005748
[16:05:00] Layer resblock_4: mean=0.000006104
[16:05:00] Layer resblock_5: mean=0.000006447
[16:05:01] Layer resblock_6: mean=0.000006969
[16:05:01] Layer resblock_7: mean=0.000007347
[16:05:01] Layer resblock_8: mean=0.000007192
[16:05:01] Layer resblock_9: mean=0.000006659
[16:05:01] Layer resblock_10: mean=0.000005740
[16:05:01] Layer resblock_11: mean=0.000002122
[16:05:01] ✅ renderedsst2 updated (N=1).
[16:05:01] 
🔍 Processing task: resisc45 (delta=1)
[16:05:01] [RESISC45] Collected 6300 images from /root/autodl-tmp/modelselection/datasets/datasets/resisc45/test.txt
[16:05:01] [RESISC45] Loaded 1 samples (skipped 0), tensor torch.Size([1, 3, 240, 240])
[16:05:01] Layer resblock_0: mean=0.000006280
[16:05:02] Layer resblock_1: mean=0.000007743
[16:05:02] Layer resblock_2: mean=0.000007106
[16:05:02] Layer resblock_3: mean=0.000007102
[16:05:02] Layer resblock_4: mean=0.000007329
[16:05:02] Layer resblock_5: mean=0.000007383
[16:05:02] Layer resblock_6: mean=0.000007786
[16:05:02] Layer resblock_7: mean=0.000008092
[16:05:03] Layer resblock_8: mean=0.000007934
[16:05:03] Layer resblock_9: mean=0.000007010
[16:05:03] Layer resblock_10: mean=0.000005658
[16:05:03] Layer resblock_11: mean=0.000002166
[16:05:03] ✅ resisc45 updated (N=1).
[16:05:03] 
🔍 Processing task: stl10 (delta=1)
[16:05:03] [STL10] Loaded 1 samples, tensor torch.Size([1, 3, 240, 240])
[16:05:03] Layer resblock_0: mean=0.000006555
[16:05:03] Layer resblock_1: mean=0.000007723
[16:05:03] Layer resblock_2: mean=0.000007304
[16:05:03] Layer resblock_3: mean=0.000007310
[16:05:04] Layer resblock_4: mean=0.000007522
[16:05:04] Layer resblock_5: mean=0.000007651
[16:05:04] Layer resblock_6: mean=0.000007868
[16:05:04] Layer resblock_7: mean=0.000007974
[16:05:04] Layer resblock_8: mean=0.000007596
[16:05:04] Layer resblock_9: mean=0.000006616
[16:05:04] Layer resblock_10: mean=0.000005313
[16:05:05] Layer resblock_11: mean=0.000001980
[16:05:05] ✅ stl10 updated (N=1).
[16:05:05] 
🔍 Processing task: sun397 (delta=1)
[16:05:05] [SUN397] Loaded 1 samples (skipped 0), tensor torch.Size([1, 3, 240, 240])
[16:05:05] Layer resblock_0: mean=0.000004643
[16:05:05] Layer resblock_1: mean=0.000005741
[16:05:05] Layer resblock_2: mean=0.000005559
[16:05:05] Layer resblock_3: mean=0.000005830
[16:05:05] Layer resblock_4: mean=0.000006382
[16:05:05] Layer resblock_5: mean=0.000006995
[16:05:05] Layer resblock_6: mean=0.000007381
[16:05:06] Layer resblock_7: mean=0.000007529
[16:05:06] Layer resblock_8: mean=0.000007297
[16:05:06] Layer resblock_9: mean=0.000006675
[16:05:06] Layer resblock_10: mean=0.000005514
[16:05:06] Layer resblock_11: mean=0.000002251
[16:05:06] ✅ sun397 updated (N=1).
[16:05:06] 
🔍 Processing task: svhn (delta=1)
[16:05:06] [SVHN] Loaded 1 samples (skipped 0), tensor torch.Size([1, 3, 240, 240])
[16:05:06] Layer resblock_0: mean=0.000003508
[16:05:06] Layer resblock_1: mean=0.000004051
[16:05:06] Layer resblock_2: mean=0.000003778
[16:05:06] Layer resblock_3: mean=0.000004041
[16:05:07] Layer resblock_4: mean=0.000004477
[16:05:07] Layer resblock_5: mean=0.000004877
[16:05:07] Layer resblock_6: mean=0.000005311
[16:05:07] Layer resblock_7: mean=0.000005529
[16:05:07] Layer resblock_8: mean=0.000005428
[16:05:07] Layer resblock_9: mean=0.000004895
[16:05:07] Layer resblock_10: mean=0.000004185
[16:05:07] Layer resblock_11: mean=0.000001967
[16:05:07] ✅ svhn updated (N=1).
[16:05:07] 
🔍 Processing task: voc_pose (delta=1)
[16:05:07] [VOC] Loaded 1 samples (skipped 0), tensor torch.Size([1, 3, 240, 240])
[16:05:07] Layer resblock_0: mean=0.000005788
[16:05:08] Layer resblock_1: mean=0.000007553
[16:05:08] Layer resblock_2: mean=0.000007520
[16:05:08] Layer resblock_3: mean=0.000007768
[16:05:08] Layer resblock_4: mean=0.000008128
[16:05:08] Layer resblock_5: mean=0.000008439
[16:05:08] Layer resblock_6: mean=0.000008720
[16:05:08] Layer resblock_7: mean=0.000008734
[16:05:08] Layer resblock_8: mean=0.000008020
[16:05:08] Layer resblock_9: mean=0.000006946
[16:05:08] Layer resblock_10: mean=0.000005588
[16:05:09] Layer resblock_11: mean=0.000002189
[16:05:09] ✅ voc_pose updated (N=1).
[16:05:09] ✅ Results saved for milestone 1.
